[0.015s] Invoking command in '/workspace/build/my_vehicle_interface': CMAKE_PREFIX_PATH=${CMAKE_PREFIX_PATH}:/opt/ros/humble /usr/bin/cmake --build /workspace/build/my_vehicle_interface -- -j8 -l8
[0.064s] [35m[1mConsolidate compiler generated dependencies of target my_vehicle_interface_lib[0m
[0.074s] [ 28%] Built target vehicle_interface_node
[0.144s] [ 71%] Built target my_vehicle_interface_lib
[0.156s] [35m[1mConsolidate compiler generated dependencies of target my_vehicle_interface_node[0m
[0.227s] [100%] Built target my_vehicle_interface_node
[0.237s] Invoked command in '/workspace/build/my_vehicle_interface' returned '0': CMAKE_PREFIX_PATH=${CMAKE_PREFIX_PATH}:/opt/ros/humble /usr/bin/cmake --build /workspace/build/my_vehicle_interface -- -j8 -l8
[0.247s] Invoking command in '/workspace/build/my_vehicle_interface': CMAKE_PREFIX_PATH=${CMAKE_PREFIX_PATH}:/opt/ros/humble /usr/bin/cmake --install /workspace/build/my_vehicle_interface
[0.253s] -- Install configuration: ""
[0.254s] -- Execute custom install script
[0.255s] -- Up-to-date symlink: /workspace/install/my_vehicle_interface/lib/my_vehicle_interface/vehicle_interface_node
[0.256s] -- Up-to-date symlink: /workspace/install/my_vehicle_interface/share/my_vehicle_interface/launch/vehicle_interface.launch.xml
[0.256s] -- Up-to-date symlink: /workspace/install/my_vehicle_interface/share/my_vehicle_interface/config/vehicle_interface.param.yaml
[0.257s] -- Up-to-date symlink: /workspace/install/my_vehicle_interface/include/my_vehicle_interface/can_utils.hpp
[0.257s] -- Up-to-date symlink: /workspace/install/my_vehicle_interface/include/my_vehicle_interface/vehicle_interface_node.hpp
[0.258s] -- Up-to-date symlink: /workspace/install/my_vehicle_interface/share/my_vehicle_interface/environment/library_path.sh
[0.258s] -- Up-to-date symlink: /workspace/install/my_vehicle_interface/share/my_vehicle_interface/environment/library_path.dsv
[0.259s] -- Up-to-date symlink: /workspace/install/my_vehicle_interface/lib/libmy_vehicle_interface_lib.so
[0.259s] -- Up-to-date symlink: /workspace/install/my_vehicle_interface/lib/my_vehicle_interface/my_vehicle_interface_node
[0.260s] -- Up-to-date symlink: /workspace/install/my_vehicle_interface/share/ament_index/resource_index/package_run_dependencies/my_vehicle_interface
[0.260s] -- Up-to-date symlink: /workspace/install/my_vehicle_interface/share/ament_index/resource_index/parent_prefix_path/my_vehicle_interface
[0.260s] -- Up-to-date symlink: /workspace/install/my_vehicle_interface/share/my_vehicle_interface/environment/ament_prefix_path.sh
[0.261s] -- Up-to-date symlink: /workspace/install/my_vehicle_interface/share/my_vehicle_interface/environment/ament_prefix_path.dsv
[0.261s] -- Up-to-date symlink: /workspace/install/my_vehicle_interface/share/my_vehicle_interface/environment/path.sh
[0.261s] -- Up-to-date symlink: /workspace/install/my_vehicle_interface/share/my_vehicle_interface/environment/path.dsv
[0.262s] -- Up-to-date symlink: /workspace/install/my_vehicle_interface/share/my_vehicle_interface/local_setup.bash
[0.262s] -- Up-to-date symlink: /workspace/install/my_vehicle_interface/share/my_vehicle_interface/local_setup.sh
[0.262s] -- Up-to-date symlink: /workspace/install/my_vehicle_interface/share/my_vehicle_interface/local_setup.zsh
[0.262s] -- Up-to-date symlink: /workspace/install/my_vehicle_interface/share/my_vehicle_interface/local_setup.dsv
[0.263s] -- Symlinking: /workspace/install/my_vehicle_interface/share/my_vehicle_interface/package.dsv
[0.269s] -- Up-to-date symlink: /workspace/install/my_vehicle_interface/share/ament_index/resource_index/packages/my_vehicle_interface
[0.270s] -- Up-to-date symlink: /workspace/install/my_vehicle_interface/share/ament_index/resource_index/rclcpp_components/my_vehicle_interface
[0.270s] -- Up-to-date symlink: /workspace/install/my_vehicle_interface/share/my_vehicle_interface/cmake/ament_cmake_export_dependencies-extras.cmake
[0.270s] -- Up-to-date symlink: /workspace/install/my_vehicle_interface/share/my_vehicle_interface/cmake/ament_cmake_export_include_directories-extras.cmake
[0.270s] -- Up-to-date symlink: /workspace/install/my_vehicle_interface/share/my_vehicle_interface/cmake/ament_cmake_export_libraries-extras.cmake
[0.271s] -- Up-to-date symlink: /workspace/install/my_vehicle_interface/share/my_vehicle_interface/cmake/my_vehicle_interfaceConfig.cmake
[0.271s] -- Up-to-date symlink: /workspace/install/my_vehicle_interface/share/my_vehicle_interface/cmake/my_vehicle_interfaceConfig-version.cmake
[0.271s] -- Up-to-date symlink: /workspace/install/my_vehicle_interface/share/my_vehicle_interface/package.xml
[0.272s] Invoked command in '/workspace/build/my_vehicle_interface' returned '0': CMAKE_PREFIX_PATH=${CMAKE_PREFIX_PATH}:/opt/ros/humble /usr/bin/cmake --install /workspace/build/my_vehicle_interface
