[1.098s] Invoking command in '/workspace/modules/detection/detection_ws/build/autoware_traffic_light_classifier': PYTHONPATH=/workspace/modules/detection/detection_ws/build/autoware_traffic_light_classifier/prefix_override:/usr/lib/python3/dist-packages/colcon_core/task/python/colcon_distutils_commands:/workspace/modules/detection/detection_ws/install/autoware_traffic_light_classifier/lib/python3.10/site-packages:${PYTHONPATH} /usr/bin/python3 -W ignore:setup.py install is deprecated -W ignore:easy_install command is deprecated setup.py develop --editable --build-directory /workspace/modules/detection/detection_ws/build/autoware_traffic_light_classifier/build --no-deps symlink_data
[1.434s] running develop
[1.624s] running egg_info
[1.625s] creating autoware_traffic_light_classifier.egg-info
[1.627s] writing autoware_traffic_light_classifier.egg-info/PKG-INFO
[1.629s] writing dependency_links to autoware_traffic_light_classifier.egg-info/dependency_links.txt
[1.633s] writing entry points to autoware_traffic_light_classifier.egg-info/entry_points.txt
[1.639s] writing requirements to autoware_traffic_light_classifier.egg-info/requires.txt
[1.639s] writing top-level names to autoware_traffic_light_classifier.egg-info/top_level.txt
[1.643s] writing manifest file 'autoware_traffic_light_classifier.egg-info/SOURCES.txt'
[1.646s] reading manifest file 'autoware_traffic_light_classifier.egg-info/SOURCES.txt'
[1.647s] writing manifest file 'autoware_traffic_light_classifier.egg-info/SOURCES.txt'
[1.651s] running build_ext
[1.651s] Creating /workspace/modules/detection/detection_ws/install/autoware_traffic_light_classifier/lib/python3.10/site-packages/autoware-traffic-light-classifier.egg-link (link to .)
[1.652s] Installing traffic_light_classifier_node script to /workspace/modules/detection/detection_ws/install/autoware_traffic_light_classifier/lib/autoware_traffic_light_classifier
[1.653s] 
[1.653s] Installed /workspace/modules/detection/detection_ws/build/autoware_traffic_light_classifier
[1.654s] running symlink_data
[1.655s] creating /workspace/modules/detection/detection_ws/install/autoware_traffic_light_classifier/share/ament_index
[1.655s] creating /workspace/modules/detection/detection_ws/install/autoware_traffic_light_classifier/share/ament_index/resource_index
[1.655s] creating /workspace/modules/detection/detection_ws/install/autoware_traffic_light_classifier/share/ament_index/resource_index/packages
[1.656s] symbolically linking /workspace/modules/detection/detection_ws/build/autoware_traffic_light_classifier/resource/autoware_traffic_light_classifier -> /workspace/modules/detection/detection_ws/install/autoware_traffic_light_classifier/share/ament_index/resource_index/packages
[1.656s] symbolically linking /workspace/modules/detection/detection_ws/build/autoware_traffic_light_classifier/package.xml -> /workspace/modules/detection/detection_ws/install/autoware_traffic_light_classifier/share/autoware_traffic_light_classifier
[1.657s] creating /workspace/modules/detection/detection_ws/install/autoware_traffic_light_classifier/share/autoware_traffic_light_classifier/launch
[1.657s] symbolically linking /workspace/modules/detection/detection_ws/build/autoware_traffic_light_classifier/launch/pedestrian_traffic_light_classifier.launch.xml -> /workspace/modules/detection/detection_ws/install/autoware_traffic_light_classifier/share/autoware_traffic_light_classifier/launch
[1.657s] creating /workspace/modules/detection/detection_ws/install/autoware_traffic_light_classifier/share/autoware_traffic_light_classifier/config
[1.658s] symbolically linking /workspace/modules/detection/detection_ws/build/autoware_traffic_light_classifier/config/pedestrian_traffic_light_classifier.param.yaml -> /workspace/modules/detection/detection_ws/install/autoware_traffic_light_classifier/share/autoware_traffic_light_classifier/config
[1.739s] Invoked command in '/workspace/modules/detection/detection_ws/build/autoware_traffic_light_classifier' returned '0': PYTHONPATH=/workspace/modules/detection/detection_ws/build/autoware_traffic_light_classifier/prefix_override:/usr/lib/python3/dist-packages/colcon_core/task/python/colcon_distutils_commands:/workspace/modules/detection/detection_ws/install/autoware_traffic_light_classifier/lib/python3.10/site-packages:${PYTHONPATH} /usr/bin/python3 -W ignore:setup.py install is deprecated -W ignore:easy_install command is deprecated setup.py develop --editable --build-directory /workspace/modules/detection/detection_ws/build/autoware_traffic_light_classifier/build --no-deps symlink_data
