[0.019s] Invoking command in '/workspace/build/my_vehicle_interface': /usr/bin/cmake /workspace/src/vehicle/external/my_vehicle_interface -DCMAKE_INSTALL_PREFIX=/workspace/install/my_vehicle_interface
[0.169s] -- The C compiler identification is GNU 11.4.0
[0.245s] -- The CXX compiler identification is GNU 11.4.0
[0.252s] -- Detecting C compiler ABI info
[0.312s] -- Detecting C compiler ABI info - done
[0.316s] -- Check for working C compiler: /usr/bin/cc - skipped
[0.317s] -- Detecting C compile features
[0.318s] -- Detecting C compile features - done
[0.321s] -- Detecting CXX compiler ABI info
[0.376s] -- Detecting CXX compiler ABI info - done
[0.382s] -- Check for working CXX compiler: /usr/bin/c++ - skipped
[0.382s] -- Detecting CXX compile features
[0.382s] -- Detecting CXX compile features - done
[0.388s] -- Found ament_cmake_auto: 1.3.12 (/opt/ros/humble/share/ament_cmake_auto/cmake)
[0.473s] -- Found Python3: /usr/bin/python3 (found version "3.10.12") found components: Interpreter 
[0.582s] Error parsing '/workspace/src/vehicle/external/my_vehicle_interface/package.xml':
[0.586s] Traceback (most recent call last):
[0.586s]   File "/opt/ros/humble/share/ament_cmake_core/cmake/core/package_xml_2_cmake.py", line 150, in <module>
[0.586s]     main()
[0.586s]   File "/opt/ros/humble/share/ament_cmake_core/cmake/core/package_xml_2_cmake.py", line 53, in main
[0.586s]     raise e
[0.587s]   File "/opt/ros/humble/share/ament_cmake_core/cmake/core/package_xml_2_cmake.py", line 49, in main
[0.587s]     package = parse_package_string(
[0.587s]   File "/usr/lib/python3/dist-packages/catkin_pkg/package.py", line 788, in parse_package_string
[0.587s]     pkg.validate(warnings=warnings)
[0.589s]   File "/usr/lib/python3/dist-packages/catkin_pkg/package.py", line 330, in validate
[0.589s]     raise InvalidPackage('\n'.join(errors), self.filename)
[0.589s] catkin_pkg.package.InvalidPackage: Error(s) in package '/workspace/src/vehicle/external/my_vehicle_interface/package.xml':
[0.590s] Package 'my_vehicle_interface' must declare at least one maintainer
[0.590s] [31mCMake Error at /opt/ros/humble/share/ament_cmake_core/cmake/core/ament_package_xml.cmake:95 (message):
[0.590s]   execute_process(/usr/bin/python3
[0.590s]   /opt/ros/humble/share/ament_cmake_core/cmake/core/package_xml_2_cmake.py
[0.590s]   /workspace/src/vehicle/external/my_vehicle_interface/package.xml
[0.590s]   /workspace/build/my_vehicle_interface/ament_cmake_core/package.cmake)
[0.590s]   returned error code 1
[0.590s] Call Stack (most recent call first):
[0.591s]   /opt/ros/humble/share/ament_cmake_core/cmake/core/ament_package_xml.cmake:49 (_ament_package_xml)
[0.591s]   /opt/ros/humble/share/ament_cmake_auto/cmake/ament_auto_find_build_dependencies.cmake:42 (ament_package_xml)
[0.591s]   CMakeLists.txt:6 (ament_auto_find_build_dependencies)
[0.591s] 
[0.591s] [0m
[0.591s] -- Configuring incomplete, errors occurred!
[0.591s] See also "/workspace/build/my_vehicle_interface/CMakeFiles/CMakeOutput.log".
[0.591s] Invoked command in '/workspace/build/my_vehicle_interface' returned '1': /usr/bin/cmake /workspace/src/vehicle/external/my_vehicle_interface -DCMAKE_INSTALL_PREFIX=/workspace/install/my_vehicle_interface
