+ set -e
+ RED='\033[0;31m'
+ GREEN='\033[0;32m'
+ BLUE='\033[0;34m'
+ NC='\033[0m'
+++ dirname /Users/zuhalkoksal/autoware/docker/run.sh
++ readlink -f /Users/zuhalkoksal/autoware/docker
+ SCRIPT_DIR=/Users/zuhalkoksal/autoware/docker
+ WORKSPACE_ROOT=/Users/zuhalkoksal/autoware/docker/..
+ ros_distro=humble
+ '[' humble = humble ']'
+ source /Users/zuhalkoksal/autoware/docker/../amd64.env
++ rosdistro=humble
++ rmw_implementation=rmw_cyclonedds_cpp
++ base_image=ros:humble-ros-base-jammy
++ autoware_base_image=ghcr.io/autowarefoundation/autoware-base:latest
++ autoware_base_cuda_image=ghcr.io/autowarefoundation/autoware-base:cuda-latest
++ cuda_version=12.8
++ cudnn_version=8.9.7.29-1+cuda12.2
++ tensorrt_version=10.8.0.43-1+cuda12.8
++ pre_commit_clang_format_version=17.0.5
++ cumm_version=0.5.3
++ spconv_version=2.3.8
++ uname -m
+ '[' arm64 = aarch64 ']'
+ option_no_nvidia=false
+ option_devel=false
+ option_headless=false
+ option_pull_latest_image=false
+ MAP_PATH=
+ DATA_PATH=
+ WORKSPACE_PATH=
+ USER_ID=
+ WORKSPACE=
+ DEFAULT_LAUNCH_CMD='ros2 launch autoware_launch autoware.launch.xml map_path:=/autoware_map vehicle_model:=sample_vehicle sensor_model:=sample_sensor_kit'
+ main --devel --workspace /Users/zuhalkoksal/alaz /bin/bash
+ parse_arguments --devel --workspace /Users/zuhalkoksal/alaz /bin/bash
+ '[' --devel '!=' '' ']'
+ case "$1" in
+ option_devel=true
+ shift
+ '[' --workspace '!=' '' ']'
+ case "$1" in
+ WORKSPACE_PATH=/Users/zuhalkoksal/alaz
+ shift
+ shift
+ '[' /bin/bash '!=' '' ']'
+ case "$1" in
+ LAUNCH_CMD=/bin/bash
+ break
+ set_variables
++ id -u
++ id -g
++ id -un
++ id -gn
+ USER_ID='-e LOCAL_UID=501 -e LOCAL_GID=20 -e LOCAL_USER=zuhalkoksal -e LOCAL_GROUP=staff'
+ '[' '' '!=' '' ']'
+ '[' '' '!=' '' ']'
+ '[' true = true ']'
+ IMAGE=ghcr.io/autowarefoundation/autoware:universe-devel
+ '[' /Users/zuhalkoksal/alaz = '' ']'
+ WORKSPACE='-v /Users/zuhalkoksal/alaz:/workspace'
+ '[' /bin/bash = '' ']'
+ set_gpu_flag
+ '[' false = true ']'
+ GPU_FLAG='--gpus all'
+ IMAGE=ghcr.io/autowarefoundation/autoware:universe-devel-cuda
+ set_x_display
+ MOUNT_X=
+ '[' false = false ']'
+ MOUNT_X='-e DISPLAY=/private/tmp/com.apple.launchd.6vrwarRrgE/org.xquartz:0 -v /tmp/.X11-unix/:/tmp/.X11-unix'
+ xhost +
