[0.008s] Invoking command in '/workspace/build/my_vehicle_interface': /usr/bin/cmake /workspace/src/vehicle/external/my_vehicle_interface -DCMAKE_INSTALL_PREFIX=/workspace/install/my_vehicle_interface
[0.026s] -- Found ament_cmake_auto: 1.3.12 (/opt/ros/humble/share/ament_cmake_auto/cmake)
[0.120s] Error parsing '/workspace/src/vehicle/external/my_vehicle_interface/package.xml':
[0.121s] Traceback (most recent call last):
[0.121s]   File "/opt/ros/humble/share/ament_cmake_core/cmake/core/package_xml_2_cmake.py", line 150, in <module>
[0.122s]     main()
[0.122s]   File "/opt/ros/humble/share/ament_cmake_core/cmake/core/package_xml_2_cmake.py", line 53, in main
[0.122s]     raise e
[0.122s]   File "/opt/ros/humble/share/ament_cmake_core/cmake/core/package_xml_2_cmake.py", line 49, in main
[0.123s]     package = parse_package_string(
[0.124s]   File "/usr/lib/python3/dist-packages/catkin_pkg/package.py", line 788, in parse_package_string
[0.124s]     pkg.validate(warnings=warnings)
[0.125s]   File "/usr/lib/python3/dist-packages/catkin_pkg/package.py", line 330, in validate
[0.125s]     raise InvalidPackage('\n'.join(errors), self.filename)
[0.125s] catkin_pkg.package.InvalidPackage: Error(s) in package '/workspace/src/vehicle/external/my_vehicle_interface/package.xml':
[0.125s] Package 'my_vehicle_interface' must declare at least one maintainer
[0.125s] [31mCMake Error at /opt/ros/humble/share/ament_cmake_core/cmake/core/ament_package_xml.cmake:95 (message):
[0.125s]   execute_process(/usr/bin/python3
[0.125s]   /opt/ros/humble/share/ament_cmake_core/cmake/core/package_xml_2_cmake.py
[0.126s]   /workspace/src/vehicle/external/my_vehicle_interface/package.xml
[0.126s]   /workspace/build/my_vehicle_interface/ament_cmake_core/package.cmake)
[0.126s]   returned error code 1
[0.126s] Call Stack (most recent call first):
[0.126s]   /opt/ros/humble/share/ament_cmake_core/cmake/core/ament_package_xml.cmake:49 (_ament_package_xml)
[0.126s]   /opt/ros/humble/share/ament_cmake_auto/cmake/ament_auto_find_build_dependencies.cmake:42 (ament_package_xml)
[0.126s]   CMakeLists.txt:6 (ament_auto_find_build_dependencies)
[0.126s] 
[0.126s] [0m
[0.126s] -- Configuring incomplete, errors occurred!
[0.127s] See also "/workspace/build/my_vehicle_interface/CMakeFiles/CMakeOutput.log".
[0.127s] Invoked command in '/workspace/build/my_vehicle_interface' returned '1': /usr/bin/cmake /workspace/src/vehicle/external/my_vehicle_interface -DCMAKE_INSTALL_PREFIX=/workspace/install/my_vehicle_interface
