[1.298s] Invoking command in '/workspace/modules/perception/detection_ws/build/autoware_tensorrt_yolox': PYTHONPATH=/workspace/modules/perception/detection_ws/build/autoware_tensorrt_yolox/prefix_override:/usr/lib/python3/dist-packages/colcon_core/task/python/colcon_distutils_commands:/workspace/modules/perception/detection_ws/install/autoware_tensorrt_yolox/lib/python3.10/site-packages:${PYTHONPATH} /usr/bin/python3 -W ignore:setup.py install is deprecated -W ignore:easy_install command is deprecated setup.py develop --editable --build-directory /workspace/modules/perception/detection_ws/build/autoware_tensorrt_yolox/build --no-deps symlink_data
[1.599s] running develop
[1.788s] running egg_info
[1.789s] creating autoware_tensorrt_yolox.egg-info
[1.790s] writing autoware_tensorrt_yolox.egg-info/PKG-INFO
[1.794s] writing dependency_links to autoware_tensorrt_yolox.egg-info/dependency_links.txt
[1.795s] writing entry points to autoware_tensorrt_yolox.egg-info/entry_points.txt
[1.801s] writing requirements to autoware_tensorrt_yolox.egg-info/requires.txt
[1.803s] writing top-level names to autoware_tensorrt_yolox.egg-info/top_level.txt
[1.804s] writing manifest file 'autoware_tensorrt_yolox.egg-info/SOURCES.txt'
[1.812s] reading manifest file 'autoware_tensorrt_yolox.egg-info/SOURCES.txt'
[1.815s] writing manifest file 'autoware_tensorrt_yolox.egg-info/SOURCES.txt'
[1.818s] running build_ext
[1.819s] Creating /workspace/modules/perception/detection_ws/install/autoware_tensorrt_yolox/lib/python3.10/site-packages/autoware-tensorrt-yolox.egg-link (link to .)
[1.833s] Installing yolov8_node script to /workspace/modules/perception/detection_ws/install/autoware_tensorrt_yolox/lib/autoware_tensorrt_yolox
[1.838s] Installing yolox_node script to /workspace/modules/perception/detection_ws/install/autoware_tensorrt_yolox/lib/autoware_tensorrt_yolox
[1.842s] 
[1.843s] Installed /workspace/modules/perception/detection_ws/build/autoware_tensorrt_yolox
[1.844s] running symlink_data
[1.845s] creating /workspace/modules/perception/detection_ws/install/autoware_tensorrt_yolox/share/ament_index
[1.846s] creating /workspace/modules/perception/detection_ws/install/autoware_tensorrt_yolox/share/ament_index/resource_index
[1.847s] creating /workspace/modules/perception/detection_ws/install/autoware_tensorrt_yolox/share/ament_index/resource_index/packages
[1.848s] symbolically linking /workspace/modules/perception/detection_ws/build/autoware_tensorrt_yolox/resource/autoware_tensorrt_yolox -> /workspace/modules/perception/detection_ws/install/autoware_tensorrt_yolox/share/ament_index/resource_index/packages
[1.849s] symbolically linking /workspace/modules/perception/detection_ws/build/autoware_tensorrt_yolox/package.xml -> /workspace/modules/perception/detection_ws/install/autoware_tensorrt_yolox/share/autoware_tensorrt_yolox
[1.850s] creating /workspace/modules/perception/detection_ws/install/autoware_tensorrt_yolox/share/autoware_tensorrt_yolox/launch
[1.851s] symbolically linking /workspace/modules/perception/detection_ws/build/autoware_tensorrt_yolox/launch/yolox.launch.xml -> /workspace/modules/perception/detection_ws/install/autoware_tensorrt_yolox/share/autoware_tensorrt_yolox/launch
[1.851s] symbolically linking /workspace/modules/perception/detection_ws/build/autoware_tensorrt_yolox/launch/yolov8.launch.xml -> /workspace/modules/perception/detection_ws/install/autoware_tensorrt_yolox/share/autoware_tensorrt_yolox/launch
[1.941s] Invoked command in '/workspace/modules/perception/detection_ws/build/autoware_tensorrt_yolox' returned '0': PYTHONPATH=/workspace/modules/perception/detection_ws/build/autoware_tensorrt_yolox/prefix_override:/usr/lib/python3/dist-packages/colcon_core/task/python/colcon_distutils_commands:/workspace/modules/perception/detection_ws/install/autoware_tensorrt_yolox/lib/python3.10/site-packages:${PYTHONPATH} /usr/bin/python3 -W ignore:setup.py install is deprecated -W ignore:easy_install command is deprecated setup.py develop --editable --build-directory /workspace/modules/perception/detection_ws/build/autoware_tensorrt_yolox/build --no-deps symlink_data
