[0.519s] DEBUG:colcon:Command line arguments: ['/usr/bin/colcon', 'build', '--symlink-install', '--packages-select', 'autoware_detection_autoware_bridge']
[0.521s] DEBUG:colcon:Parsed command line arguments: Namespace(log_base=None, log_level=None, verb_name='build', build_base='build', install_base='install', merge_install=False, symlink_install=True, test_result_base=None, continue_on_error=False, executor='parallel', parallel_workers=8, event_handlers=None, ignore_user_meta=False, metas=['./colcon.meta'], base_paths=['.'], packages_ignore=None, packages_ignore_regex=None, paths=None, packages_up_to=None, packages_up_to_regex=None, packages_above=None, packages_above_and_dependencies=None, packages_above_depth=None, packages_select_by_dep=None, packages_skip_by_dep=None, packages_skip_up_to=None, packages_select_build_failed=False, packages_skip_build_finished=False, packages_select_test_failures=False, packages_skip_test_passed=False, packages_select=['autoware_detection_autoware_bridge'], packages_skip=None, packages_select_regex=None, packages_skip_regex=None, packages_start=None, packages_end=None, cmake_args=None, cmake_target=None, cmake_target_skip_unavailable=False, cmake_clean_cache=False, cmake_clean_first=False, cmake_force_configure=False, ament_cmake_args=None, catkin_cmake_args=None, catkin_skip_building_tests=False, mixin_files=None, mixin=None, verb_parser=<colcon_mixin.mixin.mixin_argument.MixinArgumentDecorator object at 0xffffad66c610>, verb_extension=<colcon_core.verb.build.BuildVerb object at 0xffffad7c5570>, main=<bound method BuildVerb.main of <colcon_core.verb.build.BuildVerb object at 0xffffad7c5570>>, mixin_verb=('build',))
[1.199s] Level 1:colcon.colcon_core.package_discovery:discover_packages(colcon_meta) check parameters
[1.203s] INFO:colcon.colcon_metadata.package_discovery.colcon_meta:Using configuration from '/root/.colcon/metadata/default/Gazebo.meta'
[1.220s] INFO:colcon.colcon_metadata.package_discovery.colcon_meta:Using configuration from '/root/.colcon/metadata/default/fastdds.meta'
[1.220s] INFO:colcon.colcon_metadata.package_discovery.colcon_meta:Using configuration from '/root/.colcon/metadata/default/fastrtps.meta'
[1.224s] Level 1:colcon.colcon_core.package_discovery:discover_packages(recursive) check parameters
[1.238s] Level 1:colcon.colcon_core.package_discovery:discover_packages(ignore) check parameters
[1.243s] Level 1:colcon.colcon_core.package_discovery:discover_packages(path) check parameters
[1.243s] Level 1:colcon.colcon_core.package_discovery:discover_packages(colcon_meta) discover
[1.244s] Level 1:colcon.colcon_core.package_discovery:discover_packages(recursive) discover
[1.244s] INFO:colcon.colcon_core.package_discovery:Crawling recursively for packages in '/workspace/modules/detection/detection_ws'
[1.245s] Level 1:colcon.colcon_core.package_identification:_identify(.) by extensions ['ignore', 'ignore_ament_install']
[1.245s] Level 1:colcon.colcon_core.package_identification:_identify(.) by extension 'ignore'
[1.248s] Level 1:colcon.colcon_core.package_identification:_identify(.) by extension 'ignore_ament_install'
[1.248s] Level 1:colcon.colcon_core.package_identification:_identify(.) by extensions ['colcon_pkg']
[1.248s] Level 1:colcon.colcon_core.package_identification:_identify(.) by extension 'colcon_pkg'
[1.248s] Level 1:colcon.colcon_core.package_identification:_identify(.) by extensions ['colcon_meta']
[1.248s] Level 1:colcon.colcon_core.package_identification:_identify(.) by extension 'colcon_meta'
[1.248s] Level 1:colcon.colcon_core.package_identification:_identify(.) by extensions ['ros']
[1.248s] Level 1:colcon.colcon_core.package_identification:_identify(.) by extension 'ros'
[1.427s] Level 1:colcon.colcon_core.package_identification:_identify(.) by extensions ['cmake', 'python']
[1.428s] Level 1:colcon.colcon_core.package_identification:_identify(.) by extension 'cmake'
[1.428s] Level 1:colcon.colcon_core.package_identification:_identify(.) by extension 'python'
[1.428s] Level 1:colcon.colcon_core.package_identification:_identify(.) by extensions ['python_setup_py']
[1.428s] Level 1:colcon.colcon_core.package_identification:_identify(.) by extension 'python_setup_py'
[1.449s] Level 1:colcon.colcon_core.package_identification:_identify(build) by extensions ['ignore', 'ignore_ament_install']
[1.449s] Level 1:colcon.colcon_core.package_identification:_identify(build) by extension 'ignore'
[1.455s] Level 1:colcon.colcon_core.package_identification:_identify(build) ignored
[1.458s] Level 1:colcon.colcon_core.package_identification:_identify(install) by extensions ['ignore', 'ignore_ament_install']
[1.458s] Level 1:colcon.colcon_core.package_identification:_identify(install) by extension 'ignore'
[1.458s] Level 1:colcon.colcon_core.package_identification:_identify(install) ignored
[1.507s] Level 1:colcon.colcon_core.package_identification:_identify(log) by extensions ['ignore', 'ignore_ament_install']
[1.507s] Level 1:colcon.colcon_core.package_identification:_identify(log) by extension 'ignore'
[1.507s] Level 1:colcon.colcon_core.package_identification:_identify(log) ignored
[1.508s] Level 1:colcon.colcon_core.package_identification:_identify(src) by extensions ['ignore', 'ignore_ament_install']
[1.508s] Level 1:colcon.colcon_core.package_identification:_identify(src) by extension 'ignore'
[1.508s] Level 1:colcon.colcon_core.package_identification:_identify(src) by extension 'ignore_ament_install'
[1.509s] Level 1:colcon.colcon_core.package_identification:_identify(src) by extensions ['colcon_pkg']
[1.509s] Level 1:colcon.colcon_core.package_identification:_identify(src) by extension 'colcon_pkg'
[1.509s] Level 1:colcon.colcon_core.package_identification:_identify(src) by extensions ['colcon_meta']
[1.509s] Level 1:colcon.colcon_core.package_identification:_identify(src) by extension 'colcon_meta'
[1.509s] Level 1:colcon.colcon_core.package_identification:_identify(src) by extensions ['ros']
[1.509s] Level 1:colcon.colcon_core.package_identification:_identify(src) by extension 'ros'
[1.509s] Level 1:colcon.colcon_core.package_identification:_identify(src) by extensions ['cmake', 'python']
[1.510s] Level 1:colcon.colcon_core.package_identification:_identify(src) by extension 'cmake'
[1.510s] Level 1:colcon.colcon_core.package_identification:_identify(src) by extension 'python'
[1.510s] Level 1:colcon.colcon_core.package_identification:_identify(src) by extensions ['python_setup_py']
[1.510s] Level 1:colcon.colcon_core.package_identification:_identify(src) by extension 'python_setup_py'
[1.511s] Level 1:colcon.colcon_core.package_identification:_identify(src/autoware_bytetrack) by extensions ['ignore', 'ignore_ament_install']
[1.512s] Level 1:colcon.colcon_core.package_identification:_identify(src/autoware_bytetrack) by extension 'ignore'
[1.512s] Level 1:colcon.colcon_core.package_identification:_identify(src/autoware_bytetrack) by extension 'ignore_ament_install'
[1.512s] Level 1:colcon.colcon_core.package_identification:_identify(src/autoware_bytetrack) by extensions ['colcon_pkg']
[1.512s] Level 1:colcon.colcon_core.package_identification:_identify(src/autoware_bytetrack) by extension 'colcon_pkg'
[1.512s] Level 1:colcon.colcon_core.package_identification:_identify(src/autoware_bytetrack) by extensions ['colcon_meta']
[1.512s] Level 1:colcon.colcon_core.package_identification:_identify(src/autoware_bytetrack) by extension 'colcon_meta'
[1.527s] Level 1:colcon.colcon_core.package_identification:_identify(src/autoware_bytetrack) by extensions ['ros']
[1.528s] Level 1:colcon.colcon_core.package_identification:_identify(src/autoware_bytetrack) by extension 'ros'
[1.538s] DEBUG:colcon.colcon_core.package_identification:Package 'src/autoware_bytetrack' with type 'ros.ament_python' and name 'autoware_bytetrack'
[1.542s] Level 1:colcon.colcon_core.package_identification:_identify(src/autoware_detection_autoware_bridge) by extensions ['ignore', 'ignore_ament_install']
[1.542s] Level 1:colcon.colcon_core.package_identification:_identify(src/autoware_detection_autoware_bridge) by extension 'ignore'
[1.542s] Level 1:colcon.colcon_core.package_identification:_identify(src/autoware_detection_autoware_bridge) by extension 'ignore_ament_install'
[1.543s] Level 1:colcon.colcon_core.package_identification:_identify(src/autoware_detection_autoware_bridge) by extensions ['colcon_pkg']
[1.543s] Level 1:colcon.colcon_core.package_identification:_identify(src/autoware_detection_autoware_bridge) by extension 'colcon_pkg'
[1.543s] Level 1:colcon.colcon_core.package_identification:_identify(src/autoware_detection_autoware_bridge) by extensions ['colcon_meta']
[1.543s] Level 1:colcon.colcon_core.package_identification:_identify(src/autoware_detection_autoware_bridge) by extension 'colcon_meta'
[1.543s] Level 1:colcon.colcon_core.package_identification:_identify(src/autoware_detection_autoware_bridge) by extensions ['ros']
[1.544s] Level 1:colcon.colcon_core.package_identification:_identify(src/autoware_detection_autoware_bridge) by extension 'ros'
[1.556s] DEBUG:colcon.colcon_core.package_identification:Package 'src/autoware_detection_autoware_bridge' with type 'ros.ament_python' and name 'autoware_detection_autoware_bridge'
[1.557s] Level 1:colcon.colcon_core.package_identification:_identify(src/autoware_tensorrt_yolox) by extensions ['ignore', 'ignore_ament_install']
[1.558s] Level 1:colcon.colcon_core.package_identification:_identify(src/autoware_tensorrt_yolox) by extension 'ignore'
[1.558s] Level 1:colcon.colcon_core.package_identification:_identify(src/autoware_tensorrt_yolox) by extension 'ignore_ament_install'
[1.558s] Level 1:colcon.colcon_core.package_identification:_identify(src/autoware_tensorrt_yolox) by extensions ['colcon_pkg']
[1.558s] Level 1:colcon.colcon_core.package_identification:_identify(src/autoware_tensorrt_yolox) by extension 'colcon_pkg'
[1.558s] Level 1:colcon.colcon_core.package_identification:_identify(src/autoware_tensorrt_yolox) by extensions ['colcon_meta']
[1.559s] Level 1:colcon.colcon_core.package_identification:_identify(src/autoware_tensorrt_yolox) by extension 'colcon_meta'
[1.559s] Level 1:colcon.colcon_core.package_identification:_identify(src/autoware_tensorrt_yolox) by extensions ['ros']
[1.559s] Level 1:colcon.colcon_core.package_identification:_identify(src/autoware_tensorrt_yolox) by extension 'ros'
[1.561s] DEBUG:colcon.colcon_core.package_identification:Package 'src/autoware_tensorrt_yolox' with type 'ros.ament_python' and name 'autoware_tensorrt_yolox'
[1.562s] Level 1:colcon.colcon_core.package_identification:_identify(src/autoware_traffic_light_classifier) by extensions ['ignore', 'ignore_ament_install']
[1.562s] Level 1:colcon.colcon_core.package_identification:_identify(src/autoware_traffic_light_classifier) by extension 'ignore'
[1.562s] Level 1:colcon.colcon_core.package_identification:_identify(src/autoware_traffic_light_classifier) by extension 'ignore_ament_install'
[1.562s] Level 1:colcon.colcon_core.package_identification:_identify(src/autoware_traffic_light_classifier) by extensions ['colcon_pkg']
[1.562s] Level 1:colcon.colcon_core.package_identification:_identify(src/autoware_traffic_light_classifier) by extension 'colcon_pkg'
[1.563s] Level 1:colcon.colcon_core.package_identification:_identify(src/autoware_traffic_light_classifier) by extensions ['colcon_meta']
[1.563s] Level 1:colcon.colcon_core.package_identification:_identify(src/autoware_traffic_light_classifier) by extension 'colcon_meta'
[1.563s] Level 1:colcon.colcon_core.package_identification:_identify(src/autoware_traffic_light_classifier) by extensions ['ros']
[1.563s] Level 1:colcon.colcon_core.package_identification:_identify(src/autoware_traffic_light_classifier) by extension 'ros'
[1.570s] DEBUG:colcon.colcon_core.package_identification:Package 'src/autoware_traffic_light_classifier' with type 'ros.ament_python' and name 'autoware_traffic_light_classifier'
[1.628s] Level 1:colcon.colcon_core.package_identification:_identify(src/tier4_perception_launch) by extensions ['ignore', 'ignore_ament_install']
[1.628s] Level 1:colcon.colcon_core.package_identification:_identify(src/tier4_perception_launch) by extension 'ignore'
[1.628s] Level 1:colcon.colcon_core.package_identification:_identify(src/tier4_perception_launch) by extension 'ignore_ament_install'
[1.635s] Level 1:colcon.colcon_core.package_identification:_identify(src/tier4_perception_launch) by extensions ['colcon_pkg']
[1.642s] Level 1:colcon.colcon_core.package_identification:_identify(src/tier4_perception_launch) by extension 'colcon_pkg'
[1.642s] Level 1:colcon.colcon_core.package_identification:_identify(src/tier4_perception_launch) by extensions ['colcon_meta']
[1.642s] Level 1:colcon.colcon_core.package_identification:_identify(src/tier4_perception_launch) by extension 'colcon_meta'
[1.643s] Level 1:colcon.colcon_core.package_identification:_identify(src/tier4_perception_launch) by extensions ['ros']
[1.643s] Level 1:colcon.colcon_core.package_identification:_identify(src/tier4_perception_launch) by extension 'ros'
[1.671s] DEBUG:colcon.colcon_core.package_identification:Package 'src/tier4_perception_launch' with type 'ros.ament_cmake' and name 'tier4_perception_launch'
[1.671s] Level 1:colcon.colcon_core.package_discovery:discover_packages(recursive) using defaults
[1.672s] Level 1:colcon.colcon_core.package_discovery:discover_packages(ignore) discover
[1.672s] Level 1:colcon.colcon_core.package_discovery:discover_packages(ignore) using defaults
[1.672s] Level 1:colcon.colcon_core.package_discovery:discover_packages(path) discover
[1.672s] Level 1:colcon.colcon_core.package_discovery:discover_packages(path) using defaults
[1.938s] INFO:colcon.colcon_core.package_selection:Skipping not selected package 'autoware_bytetrack' in 'src/autoware_bytetrack'
[1.939s] INFO:colcon.colcon_core.package_selection:Skipping not selected package 'autoware_tensorrt_yolox' in 'src/autoware_tensorrt_yolox'
[1.939s] INFO:colcon.colcon_core.package_selection:Skipping not selected package 'autoware_traffic_light_classifier' in 'src/autoware_traffic_light_classifier'
[1.941s] INFO:colcon.colcon_core.package_selection:Skipping not selected package 'tier4_perception_launch' in 'src/tier4_perception_launch'
[1.941s] Level 5:colcon.colcon_core.verb:set package 'autoware_detection_autoware_bridge' build argument 'cmake_args' from command line to 'None'
[1.941s] Level 5:colcon.colcon_core.verb:set package 'autoware_detection_autoware_bridge' build argument 'cmake_target' from command line to 'None'
[1.941s] Level 5:colcon.colcon_core.verb:set package 'autoware_detection_autoware_bridge' build argument 'cmake_target_skip_unavailable' from command line to 'False'
[1.941s] Level 5:colcon.colcon_core.verb:set package 'autoware_detection_autoware_bridge' build argument 'cmake_clean_cache' from command line to 'False'
[1.942s] Level 5:colcon.colcon_core.verb:set package 'autoware_detection_autoware_bridge' build argument 'cmake_clean_first' from command line to 'False'
[1.942s] Level 5:colcon.colcon_core.verb:set package 'autoware_detection_autoware_bridge' build argument 'cmake_force_configure' from command line to 'False'
[1.942s] Level 5:colcon.colcon_core.verb:set package 'autoware_detection_autoware_bridge' build argument 'ament_cmake_args' from command line to 'None'
[1.942s] Level 5:colcon.colcon_core.verb:set package 'autoware_detection_autoware_bridge' build argument 'catkin_cmake_args' from command line to 'None'
[1.942s] Level 5:colcon.colcon_core.verb:set package 'autoware_detection_autoware_bridge' build argument 'catkin_skip_building_tests' from command line to 'False'
[1.942s] DEBUG:colcon.colcon_core.verb:Building package 'autoware_detection_autoware_bridge' with the following arguments: {'ament_cmake_args': None, 'build_base': '/workspace/modules/detection/detection_ws/build/autoware_detection_autoware_bridge', 'catkin_cmake_args': None, 'catkin_skip_building_tests': False, 'cmake_args': None, 'cmake_clean_cache': False, 'cmake_clean_first': False, 'cmake_force_configure': False, 'cmake_target': None, 'cmake_target_skip_unavailable': False, 'install_base': '/workspace/modules/detection/detection_ws/install/autoware_detection_autoware_bridge', 'merge_install': False, 'path': '/workspace/modules/detection/detection_ws/src/autoware_detection_autoware_bridge', 'symlink_install': True, 'test_result_base': None}
[1.942s] INFO:colcon.colcon_core.executor:Executing jobs using 'parallel' executor
[1.961s] DEBUG:colcon.colcon_parallel_executor.executor.parallel:run_until_complete
[1.962s] INFO:colcon.colcon_ros.task.ament_python.build:Building ROS package in '/workspace/modules/detection/detection_ws/src/autoware_detection_autoware_bridge' with build type 'ament_python'
[1.962s] Level 1:colcon.colcon_core.shell:create_environment_hook('autoware_detection_autoware_bridge', 'ament_prefix_path')
[2.079s] INFO:colcon.colcon_core.plugin_system:Skipping extension 'colcon_core.shell.bat': Not used on non-Windows systems
[2.097s] INFO:colcon.colcon_core.shell:Creating environment hook '/workspace/modules/detection/detection_ws/install/autoware_detection_autoware_bridge/share/autoware_detection_autoware_bridge/hook/ament_prefix_path.ps1'
[2.146s] INFO:colcon.colcon_core.shell:Creating environment descriptor '/workspace/modules/detection/detection_ws/install/autoware_detection_autoware_bridge/share/autoware_detection_autoware_bridge/hook/ament_prefix_path.dsv'
[2.151s] INFO:colcon.colcon_core.shell:Creating environment hook '/workspace/modules/detection/detection_ws/install/autoware_detection_autoware_bridge/share/autoware_detection_autoware_bridge/hook/ament_prefix_path.sh'
[2.153s] INFO:colcon.colcon_core.shell:Skip shell extension 'powershell' for command environment: Not usable outside of PowerShell
[2.153s] DEBUG:colcon.colcon_core.shell:Skip shell extension 'dsv' for command environment
[4.455s] INFO:colcon.colcon_core.task.python.build:Building Python package in '/workspace/modules/detection/detection_ws/src/autoware_detection_autoware_bridge'
[4.458s] INFO:colcon.colcon_core.shell:Skip shell extension 'powershell' for command environment: Not usable outside of PowerShell
[4.504s] DEBUG:colcon.colcon_core.shell:Skip shell extension 'dsv' for command environment
[8.823s] DEBUG:colcon.colcon_core.event_handler.log_command:Invoking command in '/workspace/modules/detection/detection_ws/build/autoware_detection_autoware_bridge': PYTHONPATH=/workspace/modules/detection/detection_ws/build/autoware_detection_autoware_bridge/prefix_override:/usr/lib/python3/dist-packages/colcon_core/task/python/colcon_distutils_commands:/workspace/modules/detection/detection_ws/install/autoware_detection_autoware_bridge/lib/python3.10/site-packages:${PYTHONPATH} /usr/bin/python3 -W ignore:setup.py install is deprecated -W ignore:easy_install command is deprecated setup.py develop --editable --build-directory /workspace/modules/detection/detection_ws/build/autoware_detection_autoware_bridge/build --no-deps symlink_data
[13.190s] Level 1:colcon.colcon_core.shell:create_environment_hook('autoware_detection_autoware_bridge', 'pythonpath_develop')
[13.194s] DEBUG:colcon.colcon_core.event_handler.log_command:Invoked command in '/workspace/modules/detection/detection_ws/build/autoware_detection_autoware_bridge' returned '0': PYTHONPATH=/workspace/modules/detection/detection_ws/build/autoware_detection_autoware_bridge/prefix_override:/usr/lib/python3/dist-packages/colcon_core/task/python/colcon_distutils_commands:/workspace/modules/detection/detection_ws/install/autoware_detection_autoware_bridge/lib/python3.10/site-packages:${PYTHONPATH} /usr/bin/python3 -W ignore:setup.py install is deprecated -W ignore:easy_install command is deprecated setup.py develop --editable --build-directory /workspace/modules/detection/detection_ws/build/autoware_detection_autoware_bridge/build --no-deps symlink_data
[13.210s] INFO:colcon.colcon_core.shell:Creating environment hook '/workspace/modules/detection/detection_ws/build/autoware_detection_autoware_bridge/share/autoware_detection_autoware_bridge/hook/pythonpath_develop.ps1'
[13.338s] INFO:colcon.colcon_core.shell:Creating environment descriptor '/workspace/modules/detection/detection_ws/build/autoware_detection_autoware_bridge/share/autoware_detection_autoware_bridge/hook/pythonpath_develop.dsv'
[13.346s] INFO:colcon.colcon_core.shell:Creating environment hook '/workspace/modules/detection/detection_ws/build/autoware_detection_autoware_bridge/share/autoware_detection_autoware_bridge/hook/pythonpath_develop.sh'
[13.408s] Level 1:colcon.colcon_core.environment:checking '/workspace/modules/detection/detection_ws/install/autoware_detection_autoware_bridge' for CMake module files
[13.556s] Level 1:colcon.colcon_core.environment:checking '/workspace/modules/detection/detection_ws/install/autoware_detection_autoware_bridge' for CMake config files
[13.588s] Level 1:colcon.colcon_core.environment:checking '/workspace/modules/detection/detection_ws/install/autoware_detection_autoware_bridge/lib'
[13.589s] Level 1:colcon.colcon_core.environment:checking '/workspace/modules/detection/detection_ws/install/autoware_detection_autoware_bridge/bin'
[13.601s] Level 1:colcon.colcon_core.environment:checking '/workspace/modules/detection/detection_ws/install/autoware_detection_autoware_bridge/lib/pkgconfig/autoware_detection_autoware_bridge.pc'
[13.603s] Level 1:colcon.colcon_core.environment:checking '/workspace/modules/detection/detection_ws/install/autoware_detection_autoware_bridge/lib/python3.10/site-packages'
[13.603s] Level 1:colcon.colcon_core.shell:create_environment_hook('autoware_detection_autoware_bridge', 'pythonpath')
[13.603s] INFO:colcon.colcon_core.shell:Creating environment hook '/workspace/modules/detection/detection_ws/install/autoware_detection_autoware_bridge/share/autoware_detection_autoware_bridge/hook/pythonpath.ps1'
[13.623s] INFO:colcon.colcon_core.shell:Creating environment descriptor '/workspace/modules/detection/detection_ws/install/autoware_detection_autoware_bridge/share/autoware_detection_autoware_bridge/hook/pythonpath.dsv'
[13.625s] INFO:colcon.colcon_core.shell:Creating environment hook '/workspace/modules/detection/detection_ws/install/autoware_detection_autoware_bridge/share/autoware_detection_autoware_bridge/hook/pythonpath.sh'
[13.629s] Level 1:colcon.colcon_core.environment:checking '/workspace/modules/detection/detection_ws/install/autoware_detection_autoware_bridge/bin'
[13.629s] Level 1:colcon.colcon_core.environment:create_environment_scripts_only(autoware_detection_autoware_bridge)
[13.630s] INFO:colcon.colcon_core.shell:Creating package script '/workspace/modules/detection/detection_ws/install/autoware_detection_autoware_bridge/share/autoware_detection_autoware_bridge/package.ps1'
[13.639s] INFO:colcon.colcon_core.shell:Creating package descriptor '/workspace/modules/detection/detection_ws/install/autoware_detection_autoware_bridge/share/autoware_detection_autoware_bridge/package.dsv'
[13.796s] INFO:colcon.colcon_core.shell:Creating package script '/workspace/modules/detection/detection_ws/install/autoware_detection_autoware_bridge/share/autoware_detection_autoware_bridge/package.sh'
[13.805s] INFO:colcon.colcon_core.shell:Creating package script '/workspace/modules/detection/detection_ws/install/autoware_detection_autoware_bridge/share/autoware_detection_autoware_bridge/package.bash'
[13.807s] INFO:colcon.colcon_core.shell:Creating package script '/workspace/modules/detection/detection_ws/install/autoware_detection_autoware_bridge/share/autoware_detection_autoware_bridge/package.zsh'
[13.810s] Level 1:colcon.colcon_core.environment:create_file_with_runtime_dependencies(/workspace/modules/detection/detection_ws/install/autoware_detection_autoware_bridge/share/colcon-core/packages/autoware_detection_autoware_bridge)
[13.814s] DEBUG:colcon.colcon_parallel_executor.executor.parallel:closing loop
[13.817s] DEBUG:colcon.colcon_parallel_executor.executor.parallel:loop closed
[13.826s] DEBUG:colcon.colcon_parallel_executor.executor.parallel:run_until_complete finished with '0'
[13.832s] DEBUG:colcon.colcon_core.event_reactor:joining thread
[13.866s] INFO:colcon.colcon_core.plugin_system:Skipping extension 'colcon_notification.desktop_notification.notify_send': Could not find 'notify-send'
[13.870s] INFO:colcon.colcon_core.plugin_system:Skipping extension 'colcon_notification.desktop_notification.terminal_notifier': Not used on non-Darwin systems
[13.870s] INFO:colcon.colcon_core.plugin_system:Skipping extension 'colcon_notification.desktop_notification.win32': Not used on non-Windows systems
[13.870s] INFO:colcon.colcon_notification.desktop_notification:Sending desktop notification using 'notify2'
[13.870s] DEBUG:colcon.colcon_notification.desktop_notification.notify2:Failed to initialize notify2: org.freedesktop.DBus.Error.NotSupported: Unable to autolaunch a dbus-daemon without a $DISPLAY for X11
[13.872s] DEBUG:colcon.colcon_core.event_reactor:joined thread
[13.872s] INFO:colcon.colcon_core.shell:Creating prefix script '/workspace/modules/detection/detection_ws/install/local_setup.ps1'
[14.032s] INFO:colcon.colcon_core.shell:Creating prefix util module '/workspace/modules/detection/detection_ws/install/_local_setup_util_ps1.py'
[14.059s] INFO:colcon.colcon_core.shell:Creating prefix chain script '/workspace/modules/detection/detection_ws/install/setup.ps1'
[14.063s] INFO:colcon.colcon_core.shell:Creating prefix script '/workspace/modules/detection/detection_ws/install/local_setup.sh'
[14.069s] INFO:colcon.colcon_core.shell:Creating prefix util module '/workspace/modules/detection/detection_ws/install/_local_setup_util_sh.py'
[14.071s] INFO:colcon.colcon_core.shell:Creating prefix chain script '/workspace/modules/detection/detection_ws/install/setup.sh'
[14.075s] INFO:colcon.colcon_core.shell:Creating prefix script '/workspace/modules/detection/detection_ws/install/local_setup.bash'
[14.076s] INFO:colcon.colcon_core.shell:Creating prefix chain script '/workspace/modules/detection/detection_ws/install/setup.bash'
[14.092s] INFO:colcon.colcon_core.shell:Creating prefix script '/workspace/modules/detection/detection_ws/install/local_setup.zsh'
[14.094s] INFO:colcon.colcon_core.shell:Creating prefix chain script '/workspace/modules/detection/detection_ws/install/setup.zsh'
