[0.762s] [34mcolcon[0m [1;30mDEBUG[0m [32mCommand line arguments: ['/usr/bin/colcon', 'build', '--symlink-install'][0m
[0.762s] [34mcolcon[0m [1;30mDEBUG[0m [32mParsed command line arguments: Namespace(log_base=None, log_level=None, verb_name='build', build_base='build', install_base='install', merge_install=False, symlink_install=True, test_result_base=None, continue_on_error=False, executor='parallel', parallel_workers=16, event_handlers=None, ignore_user_meta=False, metas=['./colcon.meta'], base_paths=['.'], packages_ignore=None, packages_ignore_regex=None, paths=None, packages_up_to=None, packages_up_to_regex=None, packages_above=None, packages_above_and_dependencies=None, packages_above_depth=None, packages_select_by_dep=None, packages_skip_by_dep=None, packages_skip_up_to=None, packages_select_build_failed=False, packages_skip_build_finished=False, packages_select_test_failures=False, packages_skip_test_passed=False, packages_select=None, packages_skip=None, packages_select_regex=None, packages_skip_regex=None, packages_start=None, packages_end=None, cmake_args=None, cmake_target=None, cmake_target_skip_unavailable=False, cmake_clean_cache=False, cmake_clean_first=False, cmake_force_configure=False, ament_cmake_args=None, catkin_cmake_args=None, catkin_skip_building_tests=False, mixin_files=None, mixin=None, verb_parser=<colcon_mixin.mixin.mixin_argument.MixinArgumentDecorator object at 0x74dad8280910>, verb_extension=<colcon_core.verb.build.BuildVerb object at 0x74dad8280460>, main=<bound method BuildVerb.main of <colcon_core.verb.build.BuildVerb object at 0x74dad8280460>>, mixin_verb=('build',))[0m
[1.820s] [34mcolcon.colcon_core.package_discovery[0m [1;30mLevel 1[0m discover_packages(colcon_meta) check parameters
[1.829s] [34mcolcon.colcon_metadata.package_discovery.colcon_meta[0m [1;30mINFO[0m Using configuration from '/root/.colcon/metadata/default/Gazebo.meta'
[1.830s] [34mcolcon.colcon_metadata.package_discovery.colcon_meta[0m [1;30mINFO[0m Using configuration from '/root/.colcon/metadata/default/fastdds.meta'
[1.831s] [34mcolcon.colcon_metadata.package_discovery.colcon_meta[0m [1;30mINFO[0m Using configuration from '/root/.colcon/metadata/default/fastrtps.meta'
[1.832s] [34mcolcon.colcon_core.package_discovery[0m [1;30mLevel 1[0m discover_packages(recursive) check parameters
[1.832s] [34mcolcon.colcon_core.package_discovery[0m [1;30mLevel 1[0m discover_packages(ignore) check parameters
[1.832s] [34mcolcon.colcon_core.package_discovery[0m [1;30mLevel 1[0m discover_packages(path) check parameters
[1.832s] [34mcolcon.colcon_core.package_discovery[0m [1;30mLevel 1[0m discover_packages(colcon_meta) discover
[1.832s] [34mcolcon.colcon_core.package_discovery[0m [1;30mLevel 1[0m discover_packages(recursive) discover
[1.832s] [34mcolcon.colcon_core.package_discovery[0m [1;30mINFO[0m Crawling recursively for packages in '/workspace/modules/detection/detection_ws'
[1.833s] [34mcolcon.colcon_core.package_identification[0m [1;30mLevel 1[0m _identify(.) by extensions ['ignore', 'ignore_ament_install']
[1.833s] [34mcolcon.colcon_core.package_identification[0m [1;30mLevel 1[0m _identify(.) by extension 'ignore'
[1.833s] [34mcolcon.colcon_core.package_identification[0m [1;30mLevel 1[0m _identify(.) by extension 'ignore_ament_install'
[1.833s] [34mcolcon.colcon_core.package_identification[0m [1;30mLevel 1[0m _identify(.) by extensions ['colcon_pkg']
[1.833s] [34mcolcon.colcon_core.package_identification[0m [1;30mLevel 1[0m _identify(.) by extension 'colcon_pkg'
[1.833s] [34mcolcon.colcon_core.package_identification[0m [1;30mLevel 1[0m _identify(.) by extensions ['colcon_meta']
[1.833s] [34mcolcon.colcon_core.package_identification[0m [1;30mLevel 1[0m _identify(.) by extension 'colcon_meta'
[1.836s] [34mcolcon.colcon_core.package_identification[0m [1;30mLevel 1[0m _identify(.) by extensions ['ros']
[1.836s] [34mcolcon.colcon_core.package_identification[0m [1;30mLevel 1[0m _identify(.) by extension 'ros'
[1.860s] [34mcolcon.colcon_core.package_identification[0m [1;30mLevel 1[0m _identify(.) by extensions ['cmake', 'python']
[1.866s] [34mcolcon.colcon_core.package_identification[0m [1;30mLevel 1[0m _identify(.) by extension 'cmake'
[1.867s] [34mcolcon.colcon_core.package_identification[0m [1;30mLevel 1[0m _identify(.) by extension 'python'
[1.867s] [34mcolcon.colcon_core.package_identification[0m [1;30mLevel 1[0m _identify(.) by extensions ['python_setup_py']
[1.867s] [34mcolcon.colcon_core.package_identification[0m [1;30mLevel 1[0m _identify(.) by extension 'python_setup_py'
[1.867s] [34mcolcon.colcon_core.package_identification[0m [1;30mLevel 1[0m _identify(build) by extensions ['ignore', 'ignore_ament_install']
[1.867s] [34mcolcon.colcon_core.package_identification[0m [1;30mLevel 1[0m _identify(build) by extension 'ignore'
[1.867s] [34mcolcon.colcon_core.package_identification[0m [1;30mLevel 1[0m _identify(build) ignored
[1.867s] [34mcolcon.colcon_core.package_identification[0m [1;30mLevel 1[0m _identify(install) by extensions ['ignore', 'ignore_ament_install']
[1.867s] [34mcolcon.colcon_core.package_identification[0m [1;30mLevel 1[0m _identify(install) by extension 'ignore'
[1.867s] [34mcolcon.colcon_core.package_identification[0m [1;30mLevel 1[0m _identify(install) ignored
[1.867s] [34mcolcon.colcon_core.package_identification[0m [1;30mLevel 1[0m _identify(log) by extensions ['ignore', 'ignore_ament_install']
[1.868s] [34mcolcon.colcon_core.package_identification[0m [1;30mLevel 1[0m _identify(log) by extension 'ignore'
[1.868s] [34mcolcon.colcon_core.package_identification[0m [1;30mLevel 1[0m _identify(log) ignored
[1.868s] [34mcolcon.colcon_core.package_identification[0m [1;30mLevel 1[0m _identify(src) by extensions ['ignore', 'ignore_ament_install']
[1.868s] [34mcolcon.colcon_core.package_identification[0m [1;30mLevel 1[0m _identify(src) by extension 'ignore'
[1.868s] [34mcolcon.colcon_core.package_identification[0m [1;30mLevel 1[0m _identify(src) by extension 'ignore_ament_install'
[1.868s] [34mcolcon.colcon_core.package_identification[0m [1;30mLevel 1[0m _identify(src) by extensions ['colcon_pkg']
[1.868s] [34mcolcon.colcon_core.package_identification[0m [1;30mLevel 1[0m _identify(src) by extension 'colcon_pkg'
[1.868s] [34mcolcon.colcon_core.package_identification[0m [1;30mLevel 1[0m _identify(src) by extensions ['colcon_meta']
[1.868s] [34mcolcon.colcon_core.package_identification[0m [1;30mLevel 1[0m _identify(src) by extension 'colcon_meta'
[1.868s] [34mcolcon.colcon_core.package_identification[0m [1;30mLevel 1[0m _identify(src) by extensions ['ros']
[1.868s] [34mcolcon.colcon_core.package_identification[0m [1;30mLevel 1[0m _identify(src) by extension 'ros'
[1.868s] [34mcolcon.colcon_core.package_identification[0m [1;30mLevel 1[0m _identify(src) by extensions ['cmake', 'python']
[1.868s] [34mcolcon.colcon_core.package_identification[0m [1;30mLevel 1[0m _identify(src) by extension 'cmake'
[1.868s] [34mcolcon.colcon_core.package_identification[0m [1;30mLevel 1[0m _identify(src) by extension 'python'
[1.868s] [34mcolcon.colcon_core.package_identification[0m [1;30mLevel 1[0m _identify(src) by extensions ['python_setup_py']
[1.868s] [34mcolcon.colcon_core.package_identification[0m [1;30mLevel 1[0m _identify(src) by extension 'python_setup_py'
[1.871s] [34mcolcon.colcon_core.package_identification[0m [1;30mLevel 1[0m _identify(src/autoware_bytetrack) by extensions ['ignore', 'ignore_ament_install']
[1.871s] [34mcolcon.colcon_core.package_identification[0m [1;30mLevel 1[0m _identify(src/autoware_bytetrack) by extension 'ignore'
[1.872s] [34mcolcon.colcon_core.package_identification[0m [1;30mLevel 1[0m _identify(src/autoware_bytetrack) by extension 'ignore_ament_install'
[1.872s] [34mcolcon.colcon_core.package_identification[0m [1;30mLevel 1[0m _identify(src/autoware_bytetrack) by extensions ['colcon_pkg']
[1.872s] [34mcolcon.colcon_core.package_identification[0m [1;30mLevel 1[0m _identify(src/autoware_bytetrack) by extension 'colcon_pkg'
[1.872s] [34mcolcon.colcon_core.package_identification[0m [1;30mLevel 1[0m _identify(src/autoware_bytetrack) by extensions ['colcon_meta']
[1.872s] [34mcolcon.colcon_core.package_identification[0m [1;30mLevel 1[0m _identify(src/autoware_bytetrack) by extension 'colcon_meta'
[1.872s] [34mcolcon.colcon_core.package_identification[0m [1;30mLevel 1[0m _identify(src/autoware_bytetrack) by extensions ['ros']
[1.872s] [34mcolcon.colcon_core.package_identification[0m [1;30mLevel 1[0m _identify(src/autoware_bytetrack) by extension 'ros'
[1.890s] [34mcolcon.colcon_core.package_identification[0m [1;30mDEBUG[0m [32mPackage 'src/autoware_bytetrack' with type 'ros.ament_python' and name 'autoware_bytetrack'[0m
[1.896s] [34mcolcon.colcon_core.package_identification[0m [1;30mLevel 1[0m _identify(src/autoware_detection_autoware_bridge) by extensions ['ignore', 'ignore_ament_install']
[1.896s] [34mcolcon.colcon_core.package_identification[0m [1;30mLevel 1[0m _identify(src/autoware_detection_autoware_bridge) by extension 'ignore'
[1.897s] [34mcolcon.colcon_core.package_identification[0m [1;30mLevel 1[0m _identify(src/autoware_detection_autoware_bridge) by extension 'ignore_ament_install'
[1.897s] [34mcolcon.colcon_core.package_identification[0m [1;30mLevel 1[0m _identify(src/autoware_detection_autoware_bridge) by extensions ['colcon_pkg']
[1.897s] [34mcolcon.colcon_core.package_identification[0m [1;30mLevel 1[0m _identify(src/autoware_detection_autoware_bridge) by extension 'colcon_pkg'
[1.897s] [34mcolcon.colcon_core.package_identification[0m [1;30mLevel 1[0m _identify(src/autoware_detection_autoware_bridge) by extensions ['colcon_meta']
[1.897s] [34mcolcon.colcon_core.package_identification[0m [1;30mLevel 1[0m _identify(src/autoware_detection_autoware_bridge) by extension 'colcon_meta'
[1.897s] [34mcolcon.colcon_core.package_identification[0m [1;30mLevel 1[0m _identify(src/autoware_detection_autoware_bridge) by extensions ['ros']
[1.897s] [34mcolcon.colcon_core.package_identification[0m [1;30mLevel 1[0m _identify(src/autoware_detection_autoware_bridge) by extension 'ros'
[1.898s] [34mcolcon.colcon_core.package_identification[0m [1;30mDEBUG[0m [32mPackage 'src/autoware_detection_autoware_bridge' with type 'ros.ament_python' and name 'autoware_detection_autoware_bridge'[0m
[1.902s] [34mcolcon.colcon_core.package_identification[0m [1;30mLevel 1[0m _identify(src/autoware_tensorrt_yolox) by extensions ['ignore', 'ignore_ament_install']
[1.902s] [34mcolcon.colcon_core.package_identification[0m [1;30mLevel 1[0m _identify(src/autoware_tensorrt_yolox) by extension 'ignore'
[1.902s] [34mcolcon.colcon_core.package_identification[0m [1;30mLevel 1[0m _identify(src/autoware_tensorrt_yolox) by extension 'ignore_ament_install'
[1.902s] [34mcolcon.colcon_core.package_identification[0m [1;30mLevel 1[0m _identify(src/autoware_tensorrt_yolox) by extensions ['colcon_pkg']
[1.903s] [34mcolcon.colcon_core.package_identification[0m [1;30mLevel 1[0m _identify(src/autoware_tensorrt_yolox) by extension 'colcon_pkg'
[1.903s] [34mcolcon.colcon_core.package_identification[0m [1;30mLevel 1[0m _identify(src/autoware_tensorrt_yolox) by extensions ['colcon_meta']
[1.903s] [34mcolcon.colcon_core.package_identification[0m [1;30mLevel 1[0m _identify(src/autoware_tensorrt_yolox) by extension 'colcon_meta'
[1.903s] [34mcolcon.colcon_core.package_identification[0m [1;30mLevel 1[0m _identify(src/autoware_tensorrt_yolox) by extensions ['ros']
[1.903s] [34mcolcon.colcon_core.package_identification[0m [1;30mLevel 1[0m _identify(src/autoware_tensorrt_yolox) by extension 'ros'
[1.908s] [34mcolcon.colcon_core.package_identification[0m [1;30mDEBUG[0m [32mPackage 'src/autoware_tensorrt_yolox' with type 'ros.ament_python' and name 'autoware_tensorrt_yolox'[0m
[1.912s] [34mcolcon.colcon_core.package_identification[0m [1;30mLevel 1[0m _identify(src/autoware_traffic_light_classifier) by extensions ['ignore', 'ignore_ament_install']
[1.912s] [34mcolcon.colcon_core.package_identification[0m [1;30mLevel 1[0m _identify(src/autoware_traffic_light_classifier) by extension 'ignore'
[1.912s] [34mcolcon.colcon_core.package_identification[0m [1;30mLevel 1[0m _identify(src/autoware_traffic_light_classifier) by extension 'ignore_ament_install'
[1.912s] [34mcolcon.colcon_core.package_identification[0m [1;30mLevel 1[0m _identify(src/autoware_traffic_light_classifier) by extensions ['colcon_pkg']
[1.912s] [34mcolcon.colcon_core.package_identification[0m [1;30mLevel 1[0m _identify(src/autoware_traffic_light_classifier) by extension 'colcon_pkg'
[1.912s] [34mcolcon.colcon_core.package_identification[0m [1;30mLevel 1[0m _identify(src/autoware_traffic_light_classifier) by extensions ['colcon_meta']
[1.913s] [34mcolcon.colcon_core.package_identification[0m [1;30mLevel 1[0m _identify(src/autoware_traffic_light_classifier) by extension 'colcon_meta'
[1.913s] [34mcolcon.colcon_core.package_identification[0m [1;30mLevel 1[0m _identify(src/autoware_traffic_light_classifier) by extensions ['ros']
[1.913s] [34mcolcon.colcon_core.package_identification[0m [1;30mLevel 1[0m _identify(src/autoware_traffic_light_classifier) by extension 'ros'
[1.917s] [34mcolcon.colcon_core.package_identification[0m [1;30mDEBUG[0m [32mPackage 'src/autoware_traffic_light_classifier' with type 'ros.ament_python' and name 'autoware_traffic_light_classifier'[0m
[1.917s] [34mcolcon.colcon_core.package_identification[0m [1;30mLevel 1[0m _identify(src/tier4_perception_launch) by extensions ['ignore', 'ignore_ament_install']
[1.917s] [34mcolcon.colcon_core.package_identification[0m [1;30mLevel 1[0m _identify(src/tier4_perception_launch) by extension 'ignore'
[1.917s] [34mcolcon.colcon_core.package_identification[0m [1;30mLevel 1[0m _identify(src/tier4_perception_launch) by extension 'ignore_ament_install'
[1.917s] [34mcolcon.colcon_core.package_identification[0m [1;30mLevel 1[0m _identify(src/tier4_perception_launch) by extensions ['colcon_pkg']
[1.917s] [34mcolcon.colcon_core.package_identification[0m [1;30mLevel 1[0m _identify(src/tier4_perception_launch) by extension 'colcon_pkg'
[1.918s] [34mcolcon.colcon_core.package_identification[0m [1;30mLevel 1[0m _identify(src/tier4_perception_launch) by extensions ['colcon_meta']
[1.918s] [34mcolcon.colcon_core.package_identification[0m [1;30mLevel 1[0m _identify(src/tier4_perception_launch) by extension 'colcon_meta'
[1.918s] [34mcolcon.colcon_core.package_identification[0m [1;30mLevel 1[0m _identify(src/tier4_perception_launch) by extensions ['ros']
[1.918s] [34mcolcon.colcon_core.package_identification[0m [1;30mLevel 1[0m _identify(src/tier4_perception_launch) by extension 'ros'
[1.918s] [34mcolcon.colcon_core.package_identification[0m [1;30mDEBUG[0m [32mPackage 'src/tier4_perception_launch' with type 'ros.ament_cmake' and name 'tier4_perception_launch'[0m
[1.918s] [34mcolcon.colcon_core.package_discovery[0m [1;30mLevel 1[0m discover_packages(recursive) using defaults
[1.989s] [34mcolcon.colcon_core.package_discovery[0m [1;30mLevel 1[0m discover_packages(ignore) discover
[1.989s] [34mcolcon.colcon_core.package_discovery[0m [1;30mLevel 1[0m discover_packages(ignore) using defaults
[1.989s] [34mcolcon.colcon_core.package_discovery[0m [1;30mLevel 1[0m discover_packages(path) discover
[1.989s] [34mcolcon.colcon_core.package_discovery[0m [1;30mLevel 1[0m discover_packages(path) using defaults
[2.089s] [34mcolcon.colcon_core.verb[0m [1;30mLevel 5[0m set package 'autoware_bytetrack' build argument 'cmake_args' from command line to 'None'
[2.090s] [34mcolcon.colcon_core.verb[0m [1;30mLevel 5[0m set package 'autoware_bytetrack' build argument 'cmake_target' from command line to 'None'
[2.090s] [34mcolcon.colcon_core.verb[0m [1;30mLevel 5[0m set package 'autoware_bytetrack' build argument 'cmake_target_skip_unavailable' from command line to 'False'
[2.090s] [34mcolcon.colcon_core.verb[0m [1;30mLevel 5[0m set package 'autoware_bytetrack' build argument 'cmake_clean_cache' from command line to 'False'
[2.090s] [34mcolcon.colcon_core.verb[0m [1;30mLevel 5[0m set package 'autoware_bytetrack' build argument 'cmake_clean_first' from command line to 'False'
[2.090s] [34mcolcon.colcon_core.verb[0m [1;30mLevel 5[0m set package 'autoware_bytetrack' build argument 'cmake_force_configure' from command line to 'False'
[2.090s] [34mcolcon.colcon_core.verb[0m [1;30mLevel 5[0m set package 'autoware_bytetrack' build argument 'ament_cmake_args' from command line to 'None'
[2.090s] [34mcolcon.colcon_core.verb[0m [1;30mLevel 5[0m set package 'autoware_bytetrack' build argument 'catkin_cmake_args' from command line to 'None'
[2.090s] [34mcolcon.colcon_core.verb[0m [1;30mLevel 5[0m set package 'autoware_bytetrack' build argument 'catkin_skip_building_tests' from command line to 'False'
[2.090s] [34mcolcon.colcon_core.verb[0m [1;30mDEBUG[0m [32mBuilding package 'autoware_bytetrack' with the following arguments: {'ament_cmake_args': None, 'build_base': '/workspace/modules/detection/detection_ws/build/autoware_bytetrack', 'catkin_cmake_args': None, 'catkin_skip_building_tests': False, 'cmake_args': None, 'cmake_clean_cache': False, 'cmake_clean_first': False, 'cmake_force_configure': False, 'cmake_target': None, 'cmake_target_skip_unavailable': False, 'install_base': '/workspace/modules/detection/detection_ws/install/autoware_bytetrack', 'merge_install': False, 'path': '/workspace/modules/detection/detection_ws/src/autoware_bytetrack', 'symlink_install': True, 'test_result_base': None}[0m
[2.090s] [34mcolcon.colcon_core.verb[0m [1;30mLevel 5[0m set package 'autoware_detection_autoware_bridge' build argument 'cmake_args' from command line to 'None'
[2.090s] [34mcolcon.colcon_core.verb[0m [1;30mLevel 5[0m set package 'autoware_detection_autoware_bridge' build argument 'cmake_target' from command line to 'None'
[2.090s] [34mcolcon.colcon_core.verb[0m [1;30mLevel 5[0m set package 'autoware_detection_autoware_bridge' build argument 'cmake_target_skip_unavailable' from command line to 'False'
[2.090s] [34mcolcon.colcon_core.verb[0m [1;30mLevel 5[0m set package 'autoware_detection_autoware_bridge' build argument 'cmake_clean_cache' from command line to 'False'
[2.090s] [34mcolcon.colcon_core.verb[0m [1;30mLevel 5[0m set package 'autoware_detection_autoware_bridge' build argument 'cmake_clean_first' from command line to 'False'
[2.090s] [34mcolcon.colcon_core.verb[0m [1;30mLevel 5[0m set package 'autoware_detection_autoware_bridge' build argument 'cmake_force_configure' from command line to 'False'
[2.090s] [34mcolcon.colcon_core.verb[0m [1;30mLevel 5[0m set package 'autoware_detection_autoware_bridge' build argument 'ament_cmake_args' from command line to 'None'
[2.090s] [34mcolcon.colcon_core.verb[0m [1;30mLevel 5[0m set package 'autoware_detection_autoware_bridge' build argument 'catkin_cmake_args' from command line to 'None'
[2.090s] [34mcolcon.colcon_core.verb[0m [1;30mLevel 5[0m set package 'autoware_detection_autoware_bridge' build argument 'catkin_skip_building_tests' from command line to 'False'
[2.090s] [34mcolcon.colcon_core.verb[0m [1;30mDEBUG[0m [32mBuilding package 'autoware_detection_autoware_bridge' with the following arguments: {'ament_cmake_args': None, 'build_base': '/workspace/modules/detection/detection_ws/build/autoware_detection_autoware_bridge', 'catkin_cmake_args': None, 'catkin_skip_building_tests': False, 'cmake_args': None, 'cmake_clean_cache': False, 'cmake_clean_first': False, 'cmake_force_configure': False, 'cmake_target': None, 'cmake_target_skip_unavailable': False, 'install_base': '/workspace/modules/detection/detection_ws/install/autoware_detection_autoware_bridge', 'merge_install': False, 'path': '/workspace/modules/detection/detection_ws/src/autoware_detection_autoware_bridge', 'symlink_install': True, 'test_result_base': None}[0m
[2.090s] [34mcolcon.colcon_core.verb[0m [1;30mLevel 5[0m set package 'autoware_tensorrt_yolox' build argument 'cmake_args' from command line to 'None'
[2.090s] [34mcolcon.colcon_core.verb[0m [1;30mLevel 5[0m set package 'autoware_tensorrt_yolox' build argument 'cmake_target' from command line to 'None'
[2.090s] [34mcolcon.colcon_core.verb[0m [1;30mLevel 5[0m set package 'autoware_tensorrt_yolox' build argument 'cmake_target_skip_unavailable' from command line to 'False'
[2.090s] [34mcolcon.colcon_core.verb[0m [1;30mLevel 5[0m set package 'autoware_tensorrt_yolox' build argument 'cmake_clean_cache' from command line to 'False'
[2.090s] [34mcolcon.colcon_core.verb[0m [1;30mLevel 5[0m set package 'autoware_tensorrt_yolox' build argument 'cmake_clean_first' from command line to 'False'
[2.090s] [34mcolcon.colcon_core.verb[0m [1;30mLevel 5[0m set package 'autoware_tensorrt_yolox' build argument 'cmake_force_configure' from command line to 'False'
[2.091s] [34mcolcon.colcon_core.verb[0m [1;30mLevel 5[0m set package 'autoware_tensorrt_yolox' build argument 'ament_cmake_args' from command line to 'None'
[2.091s] [34mcolcon.colcon_core.verb[0m [1;30mLevel 5[0m set package 'autoware_tensorrt_yolox' build argument 'catkin_cmake_args' from command line to 'None'
[2.091s] [34mcolcon.colcon_core.verb[0m [1;30mLevel 5[0m set package 'autoware_tensorrt_yolox' build argument 'catkin_skip_building_tests' from command line to 'False'
[2.091s] [34mcolcon.colcon_core.verb[0m [1;30mDEBUG[0m [32mBuilding package 'autoware_tensorrt_yolox' with the following arguments: {'ament_cmake_args': None, 'build_base': '/workspace/modules/detection/detection_ws/build/autoware_tensorrt_yolox', 'catkin_cmake_args': None, 'catkin_skip_building_tests': False, 'cmake_args': None, 'cmake_clean_cache': False, 'cmake_clean_first': False, 'cmake_force_configure': False, 'cmake_target': None, 'cmake_target_skip_unavailable': False, 'install_base': '/workspace/modules/detection/detection_ws/install/autoware_tensorrt_yolox', 'merge_install': False, 'path': '/workspace/modules/detection/detection_ws/src/autoware_tensorrt_yolox', 'symlink_install': True, 'test_result_base': None}[0m
[2.091s] [34mcolcon.colcon_core.verb[0m [1;30mLevel 5[0m set package 'autoware_traffic_light_classifier' build argument 'cmake_args' from command line to 'None'
[2.091s] [34mcolcon.colcon_core.verb[0m [1;30mLevel 5[0m set package 'autoware_traffic_light_classifier' build argument 'cmake_target' from command line to 'None'
[2.091s] [34mcolcon.colcon_core.verb[0m [1;30mLevel 5[0m set package 'autoware_traffic_light_classifier' build argument 'cmake_target_skip_unavailable' from command line to 'False'
[2.091s] [34mcolcon.colcon_core.verb[0m [1;30mLevel 5[0m set package 'autoware_traffic_light_classifier' build argument 'cmake_clean_cache' from command line to 'False'
[2.091s] [34mcolcon.colcon_core.verb[0m [1;30mLevel 5[0m set package 'autoware_traffic_light_classifier' build argument 'cmake_clean_first' from command line to 'False'
[2.091s] [34mcolcon.colcon_core.verb[0m [1;30mLevel 5[0m set package 'autoware_traffic_light_classifier' build argument 'cmake_force_configure' from command line to 'False'
[2.091s] [34mcolcon.colcon_core.verb[0m [1;30mLevel 5[0m set package 'autoware_traffic_light_classifier' build argument 'ament_cmake_args' from command line to 'None'
[2.091s] [34mcolcon.colcon_core.verb[0m [1;30mLevel 5[0m set package 'autoware_traffic_light_classifier' build argument 'catkin_cmake_args' from command line to 'None'
[2.091s] [34mcolcon.colcon_core.verb[0m [1;30mLevel 5[0m set package 'autoware_traffic_light_classifier' build argument 'catkin_skip_building_tests' from command line to 'False'
[2.091s] [34mcolcon.colcon_core.verb[0m [1;30mDEBUG[0m [32mBuilding package 'autoware_traffic_light_classifier' with the following arguments: {'ament_cmake_args': None, 'build_base': '/workspace/modules/detection/detection_ws/build/autoware_traffic_light_classifier', 'catkin_cmake_args': None, 'catkin_skip_building_tests': False, 'cmake_args': None, 'cmake_clean_cache': False, 'cmake_clean_first': False, 'cmake_force_configure': False, 'cmake_target': None, 'cmake_target_skip_unavailable': False, 'install_base': '/workspace/modules/detection/detection_ws/install/autoware_traffic_light_classifier', 'merge_install': False, 'path': '/workspace/modules/detection/detection_ws/src/autoware_traffic_light_classifier', 'symlink_install': True, 'test_result_base': None}[0m
[2.091s] [34mcolcon.colcon_core.verb[0m [1;30mLevel 5[0m set package 'tier4_perception_launch' build argument 'cmake_args' from command line to 'None'
[2.091s] [34mcolcon.colcon_core.verb[0m [1;30mLevel 5[0m set package 'tier4_perception_launch' build argument 'cmake_target' from command line to 'None'
[2.091s] [34mcolcon.colcon_core.verb[0m [1;30mLevel 5[0m set package 'tier4_perception_launch' build argument 'cmake_target_skip_unavailable' from command line to 'False'
[2.091s] [34mcolcon.colcon_core.verb[0m [1;30mLevel 5[0m set package 'tier4_perception_launch' build argument 'cmake_clean_cache' from command line to 'False'
[2.091s] [34mcolcon.colcon_core.verb[0m [1;30mLevel 5[0m set package 'tier4_perception_launch' build argument 'cmake_clean_first' from command line to 'False'
[2.091s] [34mcolcon.colcon_core.verb[0m [1;30mLevel 5[0m set package 'tier4_perception_launch' build argument 'cmake_force_configure' from command line to 'False'
[2.091s] [34mcolcon.colcon_core.verb[0m [1;30mLevel 5[0m set package 'tier4_perception_launch' build argument 'ament_cmake_args' from command line to 'None'
[2.091s] [34mcolcon.colcon_core.verb[0m [1;30mLevel 5[0m set package 'tier4_perception_launch' build argument 'catkin_cmake_args' from command line to 'None'
[2.091s] [34mcolcon.colcon_core.verb[0m [1;30mLevel 5[0m set package 'tier4_perception_launch' build argument 'catkin_skip_building_tests' from command line to 'False'
[2.091s] [34mcolcon.colcon_core.verb[0m [1;30mDEBUG[0m [32mBuilding package 'tier4_perception_launch' with the following arguments: {'ament_cmake_args': None, 'build_base': '/workspace/modules/detection/detection_ws/build/tier4_perception_launch', 'catkin_cmake_args': None, 'catkin_skip_building_tests': False, 'cmake_args': None, 'cmake_clean_cache': False, 'cmake_clean_first': False, 'cmake_force_configure': False, 'cmake_target': None, 'cmake_target_skip_unavailable': False, 'install_base': '/workspace/modules/detection/detection_ws/install/tier4_perception_launch', 'merge_install': False, 'path': '/workspace/modules/detection/detection_ws/src/tier4_perception_launch', 'symlink_install': True, 'test_result_base': None}[0m
[2.092s] [34mcolcon.colcon_core.executor[0m [1;30mINFO[0m Executing jobs using 'parallel' executor
[2.099s] [34mcolcon.colcon_parallel_executor.executor.parallel[0m [1;30mDEBUG[0m [32mrun_until_complete[0m
[2.099s] [34mcolcon.colcon_ros.task.ament_python.build[0m [1;30mINFO[0m Building ROS package in '/workspace/modules/detection/detection_ws/src/autoware_bytetrack' with build type 'ament_python'
[2.099s] [34mcolcon.colcon_core.shell[0m [1;30mLevel 1[0m create_environment_hook('autoware_bytetrack', 'ament_prefix_path')
[2.113s] [34mcolcon.colcon_core.plugin_system[0m [1;30mINFO[0m Skipping extension 'colcon_core.shell.bat': Not used on non-Windows systems
[2.115s] [34mcolcon.colcon_core.shell[0m [1;30mINFO[0m Creating environment hook '/workspace/modules/detection/detection_ws/install/autoware_bytetrack/share/autoware_bytetrack/hook/ament_prefix_path.ps1'
[2.121s] [34mcolcon.colcon_core.shell[0m [1;30mINFO[0m Creating environment descriptor '/workspace/modules/detection/detection_ws/install/autoware_bytetrack/share/autoware_bytetrack/hook/ament_prefix_path.dsv'
[2.122s] [34mcolcon.colcon_core.shell[0m [1;30mINFO[0m Creating environment hook '/workspace/modules/detection/detection_ws/install/autoware_bytetrack/share/autoware_bytetrack/hook/ament_prefix_path.sh'
[2.122s] [34mcolcon.colcon_core.shell[0m [1;30mINFO[0m Skip shell extension 'powershell' for command environment: Not usable outside of PowerShell
[2.122s] [34mcolcon.colcon_core.shell[0m [1;30mDEBUG[0m [32mSkip shell extension 'dsv' for command environment[0m
[2.242s] [34mcolcon.colcon_ros.task.ament_python.build[0m [1;30mINFO[0m Building ROS package in '/workspace/modules/detection/detection_ws/src/autoware_detection_autoware_bridge' with build type 'ament_python'
[2.246s] [34mcolcon.colcon_core.shell[0m [1;30mLevel 1[0m create_environment_hook('autoware_detection_autoware_bridge', 'ament_prefix_path')
[2.247s] [34mcolcon.colcon_core.shell[0m [1;30mINFO[0m Creating environment hook '/workspace/modules/detection/detection_ws/install/autoware_detection_autoware_bridge/share/autoware_detection_autoware_bridge/hook/ament_prefix_path.ps1'
[2.247s] [34mcolcon.colcon_core.shell[0m [1;30mINFO[0m Creating environment descriptor '/workspace/modules/detection/detection_ws/install/autoware_detection_autoware_bridge/share/autoware_detection_autoware_bridge/hook/ament_prefix_path.dsv'
[2.248s] [34mcolcon.colcon_core.shell[0m [1;30mINFO[0m Creating environment hook '/workspace/modules/detection/detection_ws/install/autoware_detection_autoware_bridge/share/autoware_detection_autoware_bridge/hook/ament_prefix_path.sh'
[2.249s] [34mcolcon.colcon_core.shell[0m [1;30mINFO[0m Skip shell extension 'powershell' for command environment: Not usable outside of PowerShell
[2.249s] [34mcolcon.colcon_core.shell[0m [1;30mDEBUG[0m [32mSkip shell extension 'dsv' for command environment[0m
[2.322s] [34mcolcon.colcon_ros.task.ament_python.build[0m [1;30mINFO[0m Building ROS package in '/workspace/modules/detection/detection_ws/src/autoware_tensorrt_yolox' with build type 'ament_python'
[2.322s] [34mcolcon.colcon_core.shell[0m [1;30mLevel 1[0m create_environment_hook('autoware_tensorrt_yolox', 'ament_prefix_path')
[2.322s] [34mcolcon.colcon_core.shell[0m [1;30mINFO[0m Creating environment hook '/workspace/modules/detection/detection_ws/install/autoware_tensorrt_yolox/share/autoware_tensorrt_yolox/hook/ament_prefix_path.ps1'
[2.323s] [34mcolcon.colcon_core.shell[0m [1;30mINFO[0m Creating environment descriptor '/workspace/modules/detection/detection_ws/install/autoware_tensorrt_yolox/share/autoware_tensorrt_yolox/hook/ament_prefix_path.dsv'
[2.324s] [34mcolcon.colcon_core.shell[0m [1;30mINFO[0m Creating environment hook '/workspace/modules/detection/detection_ws/install/autoware_tensorrt_yolox/share/autoware_tensorrt_yolox/hook/ament_prefix_path.sh'
[2.328s] [34mcolcon.colcon_core.shell[0m [1;30mINFO[0m Skip shell extension 'powershell' for command environment: Not usable outside of PowerShell
[2.328s] [34mcolcon.colcon_core.shell[0m [1;30mDEBUG[0m [32mSkip shell extension 'dsv' for command environment[0m
[2.390s] [34mcolcon.colcon_ros.task.ament_python.build[0m [1;30mINFO[0m Building ROS package in '/workspace/modules/detection/detection_ws/src/autoware_traffic_light_classifier' with build type 'ament_python'
[2.390s] [34mcolcon.colcon_core.shell[0m [1;30mLevel 1[0m create_environment_hook('autoware_traffic_light_classifier', 'ament_prefix_path')
[2.391s] [34mcolcon.colcon_core.shell[0m [1;30mINFO[0m Creating environment hook '/workspace/modules/detection/detection_ws/install/autoware_traffic_light_classifier/share/autoware_traffic_light_classifier/hook/ament_prefix_path.ps1'
[2.395s] [34mcolcon.colcon_core.shell[0m [1;30mINFO[0m Creating environment descriptor '/workspace/modules/detection/detection_ws/install/autoware_traffic_light_classifier/share/autoware_traffic_light_classifier/hook/ament_prefix_path.dsv'
[2.398s] [34mcolcon.colcon_core.shell[0m [1;30mINFO[0m Creating environment hook '/workspace/modules/detection/detection_ws/install/autoware_traffic_light_classifier/share/autoware_traffic_light_classifier/hook/ament_prefix_path.sh'
[2.399s] [34mcolcon.colcon_core.shell[0m [1;30mINFO[0m Skip shell extension 'powershell' for command environment: Not usable outside of PowerShell
[2.399s] [34mcolcon.colcon_core.shell[0m [1;30mDEBUG[0m [32mSkip shell extension 'dsv' for command environment[0m
[3.315s] [34mcolcon.colcon_core.task.python.build[0m [1;30mINFO[0m Building Python package in '/workspace/modules/detection/detection_ws/src/autoware_bytetrack'
[3.316s] [34mcolcon.colcon_core.shell[0m [1;30mINFO[0m Skip shell extension 'powershell' for command environment: Not usable outside of PowerShell
[3.316s] [34mcolcon.colcon_core.shell[0m [1;30mDEBUG[0m [32mSkip shell extension 'dsv' for command environment[0m
[3.886s] [34mcolcon.colcon_core.task.python.build[0m [1;30mINFO[0m Building Python package in '/workspace/modules/detection/detection_ws/src/autoware_detection_autoware_bridge'
[3.886s] [34mcolcon.colcon_core.shell[0m [1;30mINFO[0m Skip shell extension 'powershell' for command environment: Not usable outside of PowerShell
[3.886s] [34mcolcon.colcon_core.shell[0m [1;30mDEBUG[0m [32mSkip shell extension 'dsv' for command environment[0m
[4.551s] [34mcolcon.colcon_core.task.python.build[0m [1;30mINFO[0m Building Python package in '/workspace/modules/detection/detection_ws/src/autoware_tensorrt_yolox'
[4.552s] [34mcolcon.colcon_core.shell[0m [1;30mINFO[0m Skip shell extension 'powershell' for command environment: Not usable outside of PowerShell
[4.552s] [34mcolcon.colcon_core.shell[0m [1;30mDEBUG[0m [32mSkip shell extension 'dsv' for command environment[0m
[5.646s] [34mcolcon.colcon_core.task.python.build[0m [1;30mINFO[0m Building Python package in '/workspace/modules/detection/detection_ws/src/autoware_traffic_light_classifier'
[5.647s] [34mcolcon.colcon_core.shell[0m [1;30mINFO[0m Skip shell extension 'powershell' for command environment: Not usable outside of PowerShell
[5.647s] [34mcolcon.colcon_core.shell[0m [1;30mDEBUG[0m [32mSkip shell extension 'dsv' for command environment[0m
[7.417s] [34mcolcon.colcon_core.event_handler.log_command[0m [1;30mDEBUG[0m [32mInvoking command in '/workspace/modules/detection/detection_ws/build/autoware_bytetrack': PYTHONPATH=/workspace/modules/detection/detection_ws/build/autoware_bytetrack/prefix_override:/usr/lib/python3/dist-packages/colcon_core/task/python/colcon_distutils_commands:/workspace/modules/detection/detection_ws/install/autoware_bytetrack/lib/python3.10/site-packages:${PYTHONPATH} /usr/bin/python3 -W ignore:setup.py install is deprecated -W ignore:easy_install command is deprecated setup.py develop --editable --build-directory /workspace/modules/detection/detection_ws/build/autoware_bytetrack/build --no-deps symlink_data[0m
[7.478s] [34mcolcon.colcon_core.event_handler.log_command[0m [1;30mDEBUG[0m [32mInvoking command in '/workspace/modules/detection/detection_ws/build/autoware_traffic_light_classifier': PYTHONPATH=/workspace/modules/detection/detection_ws/build/autoware_traffic_light_classifier/prefix_override:/usr/lib/python3/dist-packages/colcon_core/task/python/colcon_distutils_commands:/workspace/modules/detection/detection_ws/install/autoware_traffic_light_classifier/lib/python3.10/site-packages:${PYTHONPATH} /usr/bin/python3 -W ignore:setup.py install is deprecated -W ignore:easy_install command is deprecated setup.py develop --editable --build-directory /workspace/modules/detection/detection_ws/build/autoware_traffic_light_classifier/build --no-deps symlink_data[0m
[7.545s] [34mcolcon.colcon_core.event_handler.log_command[0m [1;30mDEBUG[0m [32mInvoking command in '/workspace/modules/detection/detection_ws/build/autoware_detection_autoware_bridge': PYTHONPATH=/workspace/modules/detection/detection_ws/build/autoware_detection_autoware_bridge/prefix_override:/usr/lib/python3/dist-packages/colcon_core/task/python/colcon_distutils_commands:/workspace/modules/detection/detection_ws/install/autoware_detection_autoware_bridge/lib/python3.10/site-packages:${PYTHONPATH} /usr/bin/python3 -W ignore:setup.py install is deprecated -W ignore:easy_install command is deprecated setup.py develop --editable --build-directory /workspace/modules/detection/detection_ws/build/autoware_detection_autoware_bridge/build --no-deps symlink_data[0m
[7.557s] [34mcolcon.colcon_core.event_handler.log_command[0m [1;30mDEBUG[0m [32mInvoking command in '/workspace/modules/detection/detection_ws/build/autoware_tensorrt_yolox': PYTHONPATH=/workspace/modules/detection/detection_ws/build/autoware_tensorrt_yolox/prefix_override:/usr/lib/python3/dist-packages/colcon_core/task/python/colcon_distutils_commands:/workspace/modules/detection/detection_ws/install/autoware_tensorrt_yolox/lib/python3.10/site-packages:${PYTHONPATH} /usr/bin/python3 -W ignore:setup.py install is deprecated -W ignore:easy_install command is deprecated setup.py develop --editable --build-directory /workspace/modules/detection/detection_ws/build/autoware_tensorrt_yolox/build --no-deps symlink_data[0m
[8.723s] [34mcolcon.colcon_core.shell[0m [1;30mLevel 1[0m create_environment_hook('autoware_tensorrt_yolox', 'pythonpath_develop')
[8.723s] [34mcolcon.colcon_core.shell[0m [1;30mINFO[0m Creating environment hook '/workspace/modules/detection/detection_ws/build/autoware_tensorrt_yolox/share/autoware_tensorrt_yolox/hook/pythonpath_develop.ps1'
[8.724s] [34mcolcon.colcon_core.shell[0m [1;30mINFO[0m Creating environment descriptor '/workspace/modules/detection/detection_ws/build/autoware_tensorrt_yolox/share/autoware_tensorrt_yolox/hook/pythonpath_develop.dsv'
[8.725s] [34mcolcon.colcon_core.shell[0m [1;30mINFO[0m Creating environment hook '/workspace/modules/detection/detection_ws/build/autoware_tensorrt_yolox/share/autoware_tensorrt_yolox/hook/pythonpath_develop.sh'
[8.730s] [34mcolcon.colcon_core.event_handler.log_command[0m [1;30mDEBUG[0m [32mInvoked command in '/workspace/modules/detection/detection_ws/build/autoware_tensorrt_yolox' returned '0': PYTHONPATH=/workspace/modules/detection/detection_ws/build/autoware_tensorrt_yolox/prefix_override:/usr/lib/python3/dist-packages/colcon_core/task/python/colcon_distutils_commands:/workspace/modules/detection/detection_ws/install/autoware_tensorrt_yolox/lib/python3.10/site-packages:${PYTHONPATH} /usr/bin/python3 -W ignore:setup.py install is deprecated -W ignore:easy_install command is deprecated setup.py develop --editable --build-directory /workspace/modules/detection/detection_ws/build/autoware_tensorrt_yolox/build --no-deps symlink_data[0m
[8.738s] [34mcolcon.colcon_core.environment[0m [1;30mLevel 1[0m checking '/workspace/modules/detection/detection_ws/install/autoware_tensorrt_yolox' for CMake module files
[8.742s] [34mcolcon.colcon_core.environment[0m [1;30mLevel 1[0m checking '/workspace/modules/detection/detection_ws/install/autoware_tensorrt_yolox' for CMake config files
[8.746s] [34mcolcon.colcon_core.environment[0m [1;30mLevel 1[0m checking '/workspace/modules/detection/detection_ws/install/autoware_tensorrt_yolox/lib'
[8.746s] [34mcolcon.colcon_core.environment[0m [1;30mLevel 1[0m checking '/workspace/modules/detection/detection_ws/install/autoware_tensorrt_yolox/bin'
[8.746s] [34mcolcon.colcon_core.environment[0m [1;30mLevel 1[0m checking '/workspace/modules/detection/detection_ws/install/autoware_tensorrt_yolox/lib/pkgconfig/autoware_tensorrt_yolox.pc'
[8.746s] [34mcolcon.colcon_core.environment[0m [1;30mLevel 1[0m checking '/workspace/modules/detection/detection_ws/install/autoware_tensorrt_yolox/lib/python3.10/site-packages'
[8.746s] [34mcolcon.colcon_core.shell[0m [1;30mLevel 1[0m create_environment_hook('autoware_tensorrt_yolox', 'pythonpath')
[8.749s] [34mcolcon.colcon_core.shell[0m [1;30mINFO[0m Creating environment hook '/workspace/modules/detection/detection_ws/install/autoware_tensorrt_yolox/share/autoware_tensorrt_yolox/hook/pythonpath.ps1'
[8.751s] [34mcolcon.colcon_core.shell[0m [1;30mINFO[0m Creating environment descriptor '/workspace/modules/detection/detection_ws/install/autoware_tensorrt_yolox/share/autoware_tensorrt_yolox/hook/pythonpath.dsv'
[8.752s] [34mcolcon.colcon_core.shell[0m [1;30mINFO[0m Creating environment hook '/workspace/modules/detection/detection_ws/install/autoware_tensorrt_yolox/share/autoware_tensorrt_yolox/hook/pythonpath.sh'
[8.754s] [34mcolcon.colcon_core.environment[0m [1;30mLevel 1[0m checking '/workspace/modules/detection/detection_ws/install/autoware_tensorrt_yolox/bin'
[8.755s] [34mcolcon.colcon_core.environment[0m [1;30mLevel 1[0m create_environment_scripts_only(autoware_tensorrt_yolox)
[8.755s] [34mcolcon.colcon_core.shell[0m [1;30mINFO[0m Creating package script '/workspace/modules/detection/detection_ws/install/autoware_tensorrt_yolox/share/autoware_tensorrt_yolox/package.ps1'
[8.759s] [34mcolcon.colcon_core.shell[0m [1;30mINFO[0m Creating package descriptor '/workspace/modules/detection/detection_ws/install/autoware_tensorrt_yolox/share/autoware_tensorrt_yolox/package.dsv'
[8.762s] [34mcolcon.colcon_core.shell[0m [1;30mINFO[0m Creating package script '/workspace/modules/detection/detection_ws/install/autoware_tensorrt_yolox/share/autoware_tensorrt_yolox/package.sh'
[8.769s] [34mcolcon.colcon_core.shell[0m [1;30mINFO[0m Creating package script '/workspace/modules/detection/detection_ws/install/autoware_tensorrt_yolox/share/autoware_tensorrt_yolox/package.bash'
[8.771s] [34mcolcon.colcon_core.shell[0m [1;30mINFO[0m Creating package script '/workspace/modules/detection/detection_ws/install/autoware_tensorrt_yolox/share/autoware_tensorrt_yolox/package.zsh'
[8.779s] [34mcolcon.colcon_core.environment[0m [1;30mLevel 1[0m create_file_with_runtime_dependencies(/workspace/modules/detection/detection_ws/install/autoware_tensorrt_yolox/share/colcon-core/packages/autoware_tensorrt_yolox)
[9.020s] [34mcolcon.colcon_core.shell[0m [1;30mLevel 1[0m create_environment_hook('autoware_detection_autoware_bridge', 'pythonpath_develop')
[9.021s] [34mcolcon.colcon_core.shell[0m [1;30mINFO[0m Creating environment hook '/workspace/modules/detection/detection_ws/build/autoware_detection_autoware_bridge/share/autoware_detection_autoware_bridge/hook/pythonpath_develop.ps1'
[9.025s] [34mcolcon.colcon_core.event_handler.log_command[0m [1;30mDEBUG[0m [32mInvoked command in '/workspace/modules/detection/detection_ws/build/autoware_detection_autoware_bridge' returned '0': PYTHONPATH=/workspace/modules/detection/detection_ws/build/autoware_detection_autoware_bridge/prefix_override:/usr/lib/python3/dist-packages/colcon_core/task/python/colcon_distutils_commands:/workspace/modules/detection/detection_ws/install/autoware_detection_autoware_bridge/lib/python3.10/site-packages:${PYTHONPATH} /usr/bin/python3 -W ignore:setup.py install is deprecated -W ignore:easy_install command is deprecated setup.py develop --editable --build-directory /workspace/modules/detection/detection_ws/build/autoware_detection_autoware_bridge/build --no-deps symlink_data[0m
[9.026s] [34mcolcon.colcon_core.shell[0m [1;30mINFO[0m Creating environment descriptor '/workspace/modules/detection/detection_ws/build/autoware_detection_autoware_bridge/share/autoware_detection_autoware_bridge/hook/pythonpath_develop.dsv'
[9.028s] [34mcolcon.colcon_core.shell[0m [1;30mINFO[0m Creating environment hook '/workspace/modules/detection/detection_ws/build/autoware_detection_autoware_bridge/share/autoware_detection_autoware_bridge/hook/pythonpath_develop.sh'
[9.029s] [34mcolcon.colcon_core.environment[0m [1;30mLevel 1[0m checking '/workspace/modules/detection/detection_ws/install/autoware_detection_autoware_bridge' for CMake module files
[9.030s] [34mcolcon.colcon_core.environment[0m [1;30mLevel 1[0m checking '/workspace/modules/detection/detection_ws/install/autoware_detection_autoware_bridge' for CMake config files
[9.031s] [34mcolcon.colcon_core.environment[0m [1;30mLevel 1[0m checking '/workspace/modules/detection/detection_ws/install/autoware_detection_autoware_bridge/lib'
[9.036s] [34mcolcon.colcon_core.environment[0m [1;30mLevel 1[0m checking '/workspace/modules/detection/detection_ws/install/autoware_detection_autoware_bridge/bin'
[9.036s] [34mcolcon.colcon_core.environment[0m [1;30mLevel 1[0m checking '/workspace/modules/detection/detection_ws/install/autoware_detection_autoware_bridge/lib/pkgconfig/autoware_detection_autoware_bridge.pc'
[9.037s] [34mcolcon.colcon_core.environment[0m [1;30mLevel 1[0m checking '/workspace/modules/detection/detection_ws/install/autoware_detection_autoware_bridge/lib/python3.10/site-packages'
[9.037s] [34mcolcon.colcon_core.shell[0m [1;30mLevel 1[0m create_environment_hook('autoware_detection_autoware_bridge', 'pythonpath')
[9.037s] [34mcolcon.colcon_core.shell[0m [1;30mINFO[0m Creating environment hook '/workspace/modules/detection/detection_ws/install/autoware_detection_autoware_bridge/share/autoware_detection_autoware_bridge/hook/pythonpath.ps1'
[9.038s] [34mcolcon.colcon_core.shell[0m [1;30mINFO[0m Creating environment descriptor '/workspace/modules/detection/detection_ws/install/autoware_detection_autoware_bridge/share/autoware_detection_autoware_bridge/hook/pythonpath.dsv'
[9.038s] [34mcolcon.colcon_core.shell[0m [1;30mINFO[0m Creating environment hook '/workspace/modules/detection/detection_ws/install/autoware_detection_autoware_bridge/share/autoware_detection_autoware_bridge/hook/pythonpath.sh'
[9.042s] [34mcolcon.colcon_core.environment[0m [1;30mLevel 1[0m checking '/workspace/modules/detection/detection_ws/install/autoware_detection_autoware_bridge/bin'
[9.043s] [34mcolcon.colcon_core.environment[0m [1;30mLevel 1[0m create_environment_scripts_only(autoware_detection_autoware_bridge)
[9.043s] [34mcolcon.colcon_core.shell[0m [1;30mINFO[0m Creating package script '/workspace/modules/detection/detection_ws/install/autoware_detection_autoware_bridge/share/autoware_detection_autoware_bridge/package.ps1'
[9.044s] [34mcolcon.colcon_core.shell[0m [1;30mINFO[0m Creating package descriptor '/workspace/modules/detection/detection_ws/install/autoware_detection_autoware_bridge/share/autoware_detection_autoware_bridge/package.dsv'
[9.045s] [34mcolcon.colcon_core.shell[0m [1;30mINFO[0m Creating package script '/workspace/modules/detection/detection_ws/install/autoware_detection_autoware_bridge/share/autoware_detection_autoware_bridge/package.sh'
[9.049s] [34mcolcon.colcon_core.shell[0m [1;30mINFO[0m Creating package script '/workspace/modules/detection/detection_ws/install/autoware_detection_autoware_bridge/share/autoware_detection_autoware_bridge/package.bash'
[9.050s] [34mcolcon.colcon_core.shell[0m [1;30mINFO[0m Creating package script '/workspace/modules/detection/detection_ws/install/autoware_detection_autoware_bridge/share/autoware_detection_autoware_bridge/package.zsh'
[9.050s] [34mcolcon.colcon_core.environment[0m [1;30mLevel 1[0m create_file_with_runtime_dependencies(/workspace/modules/detection/detection_ws/install/autoware_detection_autoware_bridge/share/colcon-core/packages/autoware_detection_autoware_bridge)
[9.294s] [34mcolcon.colcon_core.shell[0m [1;30mLevel 1[0m create_environment_hook('autoware_traffic_light_classifier', 'pythonpath_develop')
[9.295s] [34mcolcon.colcon_core.shell[0m [1;30mINFO[0m Creating environment hook '/workspace/modules/detection/detection_ws/build/autoware_traffic_light_classifier/share/autoware_traffic_light_classifier/hook/pythonpath_develop.ps1'
[9.296s] [34mcolcon.colcon_core.shell[0m [1;30mINFO[0m Creating environment descriptor '/workspace/modules/detection/detection_ws/build/autoware_traffic_light_classifier/share/autoware_traffic_light_classifier/hook/pythonpath_develop.dsv'
[9.296s] [34mcolcon.colcon_core.shell[0m [1;30mINFO[0m Creating environment hook '/workspace/modules/detection/detection_ws/build/autoware_traffic_light_classifier/share/autoware_traffic_light_classifier/hook/pythonpath_develop.sh'
[9.297s] [34mcolcon.colcon_core.environment[0m [1;30mLevel 1[0m checking '/workspace/modules/detection/detection_ws/install/autoware_traffic_light_classifier' for CMake module files
[9.298s] [34mcolcon.colcon_core.environment[0m [1;30mLevel 1[0m checking '/workspace/modules/detection/detection_ws/install/autoware_traffic_light_classifier' for CMake config files
[9.298s] [34mcolcon.colcon_core.event_handler.log_command[0m [1;30mDEBUG[0m [32mInvoked command in '/workspace/modules/detection/detection_ws/build/autoware_traffic_light_classifier' returned '0': PYTHONPATH=/workspace/modules/detection/detection_ws/build/autoware_traffic_light_classifier/prefix_override:/usr/lib/python3/dist-packages/colcon_core/task/python/colcon_distutils_commands:/workspace/modules/detection/detection_ws/install/autoware_traffic_light_classifier/lib/python3.10/site-packages:${PYTHONPATH} /usr/bin/python3 -W ignore:setup.py install is deprecated -W ignore:easy_install command is deprecated setup.py develop --editable --build-directory /workspace/modules/detection/detection_ws/build/autoware_traffic_light_classifier/build --no-deps symlink_data[0m
[9.301s] [34mcolcon.colcon_core.environment[0m [1;30mLevel 1[0m checking '/workspace/modules/detection/detection_ws/install/autoware_traffic_light_classifier/lib'
[9.301s] [34mcolcon.colcon_core.environment[0m [1;30mLevel 1[0m checking '/workspace/modules/detection/detection_ws/install/autoware_traffic_light_classifier/bin'
[9.301s] [34mcolcon.colcon_core.environment[0m [1;30mLevel 1[0m checking '/workspace/modules/detection/detection_ws/install/autoware_traffic_light_classifier/lib/pkgconfig/autoware_traffic_light_classifier.pc'
[9.302s] [34mcolcon.colcon_core.environment[0m [1;30mLevel 1[0m checking '/workspace/modules/detection/detection_ws/install/autoware_traffic_light_classifier/lib/python3.10/site-packages'
[9.302s] [34mcolcon.colcon_core.shell[0m [1;30mLevel 1[0m create_environment_hook('autoware_traffic_light_classifier', 'pythonpath')
[9.302s] [34mcolcon.colcon_core.shell[0m [1;30mINFO[0m Creating environment hook '/workspace/modules/detection/detection_ws/install/autoware_traffic_light_classifier/share/autoware_traffic_light_classifier/hook/pythonpath.ps1'
[9.303s] [34mcolcon.colcon_core.shell[0m [1;30mINFO[0m Creating environment descriptor '/workspace/modules/detection/detection_ws/install/autoware_traffic_light_classifier/share/autoware_traffic_light_classifier/hook/pythonpath.dsv'
[9.308s] [34mcolcon.colcon_core.shell[0m [1;30mINFO[0m Creating environment hook '/workspace/modules/detection/detection_ws/install/autoware_traffic_light_classifier/share/autoware_traffic_light_classifier/hook/pythonpath.sh'
[9.324s] [34mcolcon.colcon_core.environment[0m [1;30mLevel 1[0m checking '/workspace/modules/detection/detection_ws/install/autoware_traffic_light_classifier/bin'
[9.324s] [34mcolcon.colcon_core.environment[0m [1;30mLevel 1[0m create_environment_scripts_only(autoware_traffic_light_classifier)
[9.324s] [34mcolcon.colcon_core.shell[0m [1;30mINFO[0m Creating package script '/workspace/modules/detection/detection_ws/install/autoware_traffic_light_classifier/share/autoware_traffic_light_classifier/package.ps1'
[9.325s] [34mcolcon.colcon_core.shell[0m [1;30mINFO[0m Creating package descriptor '/workspace/modules/detection/detection_ws/install/autoware_traffic_light_classifier/share/autoware_traffic_light_classifier/package.dsv'
[9.327s] [34mcolcon.colcon_core.shell[0m [1;30mINFO[0m Creating package script '/workspace/modules/detection/detection_ws/install/autoware_traffic_light_classifier/share/autoware_traffic_light_classifier/package.sh'
[9.327s] [34mcolcon.colcon_core.shell[0m [1;30mINFO[0m Creating package script '/workspace/modules/detection/detection_ws/install/autoware_traffic_light_classifier/share/autoware_traffic_light_classifier/package.bash'
[9.327s] [34mcolcon.colcon_core.shell[0m [1;30mINFO[0m Creating package script '/workspace/modules/detection/detection_ws/install/autoware_traffic_light_classifier/share/autoware_traffic_light_classifier/package.zsh'
[9.328s] [34mcolcon.colcon_core.environment[0m [1;30mLevel 1[0m create_file_with_runtime_dependencies(/workspace/modules/detection/detection_ws/install/autoware_traffic_light_classifier/share/colcon-core/packages/autoware_traffic_light_classifier)
[9.335s] [34mcolcon.colcon_core.shell[0m [1;30mLevel 1[0m create_environment_hook('autoware_bytetrack', 'pythonpath_develop')
[9.336s] [34mcolcon.colcon_core.shell[0m [1;30mINFO[0m Creating environment hook '/workspace/modules/detection/detection_ws/build/autoware_bytetrack/share/autoware_bytetrack/hook/pythonpath_develop.ps1'
[9.341s] [34mcolcon.colcon_core.shell[0m [1;30mINFO[0m Creating environment descriptor '/workspace/modules/detection/detection_ws/build/autoware_bytetrack/share/autoware_bytetrack/hook/pythonpath_develop.dsv'
[9.347s] [34mcolcon.colcon_core.shell[0m [1;30mINFO[0m Creating environment hook '/workspace/modules/detection/detection_ws/build/autoware_bytetrack/share/autoware_bytetrack/hook/pythonpath_develop.sh'
[9.348s] [34mcolcon.colcon_core.environment[0m [1;30mLevel 1[0m checking '/workspace/modules/detection/detection_ws/install/autoware_bytetrack' for CMake module files
[9.349s] [34mcolcon.colcon_core.environment[0m [1;30mLevel 1[0m checking '/workspace/modules/detection/detection_ws/install/autoware_bytetrack' for CMake config files
[9.353s] [34mcolcon.colcon_core.event_handler.log_command[0m [1;30mDEBUG[0m [32mInvoked command in '/workspace/modules/detection/detection_ws/build/autoware_bytetrack' returned '0': PYTHONPATH=/workspace/modules/detection/detection_ws/build/autoware_bytetrack/prefix_override:/usr/lib/python3/dist-packages/colcon_core/task/python/colcon_distutils_commands:/workspace/modules/detection/detection_ws/install/autoware_bytetrack/lib/python3.10/site-packages:${PYTHONPATH} /usr/bin/python3 -W ignore:setup.py install is deprecated -W ignore:easy_install command is deprecated setup.py develop --editable --build-directory /workspace/modules/detection/detection_ws/build/autoware_bytetrack/build --no-deps symlink_data[0m
[9.362s] [34mcolcon.colcon_core.environment[0m [1;30mLevel 1[0m checking '/workspace/modules/detection/detection_ws/install/autoware_bytetrack/lib'
[9.362s] [34mcolcon.colcon_core.environment[0m [1;30mLevel 1[0m checking '/workspace/modules/detection/detection_ws/install/autoware_bytetrack/bin'
[9.362s] [34mcolcon.colcon_core.environment[0m [1;30mLevel 1[0m checking '/workspace/modules/detection/detection_ws/install/autoware_bytetrack/lib/pkgconfig/autoware_bytetrack.pc'
[9.363s] [34mcolcon.colcon_core.environment[0m [1;30mLevel 1[0m checking '/workspace/modules/detection/detection_ws/install/autoware_bytetrack/lib/python3.10/site-packages'
[9.363s] [34mcolcon.colcon_core.shell[0m [1;30mLevel 1[0m create_environment_hook('autoware_bytetrack', 'pythonpath')
[9.363s] [34mcolcon.colcon_core.shell[0m [1;30mINFO[0m Creating environment hook '/workspace/modules/detection/detection_ws/install/autoware_bytetrack/share/autoware_bytetrack/hook/pythonpath.ps1'
[9.364s] [34mcolcon.colcon_core.shell[0m [1;30mINFO[0m Creating environment descriptor '/workspace/modules/detection/detection_ws/install/autoware_bytetrack/share/autoware_bytetrack/hook/pythonpath.dsv'
[9.364s] [34mcolcon.colcon_core.shell[0m [1;30mINFO[0m Creating environment hook '/workspace/modules/detection/detection_ws/install/autoware_bytetrack/share/autoware_bytetrack/hook/pythonpath.sh'
[9.364s] [34mcolcon.colcon_core.environment[0m [1;30mLevel 1[0m checking '/workspace/modules/detection/detection_ws/install/autoware_bytetrack/bin'
[9.364s] [34mcolcon.colcon_core.environment[0m [1;30mLevel 1[0m create_environment_scripts_only(autoware_bytetrack)
[9.365s] [34mcolcon.colcon_core.shell[0m [1;30mINFO[0m Creating package script '/workspace/modules/detection/detection_ws/install/autoware_bytetrack/share/autoware_bytetrack/package.ps1'
[9.365s] [34mcolcon.colcon_core.shell[0m [1;30mINFO[0m Creating package descriptor '/workspace/modules/detection/detection_ws/install/autoware_bytetrack/share/autoware_bytetrack/package.dsv'
[9.366s] [34mcolcon.colcon_core.shell[0m [1;30mINFO[0m Creating package script '/workspace/modules/detection/detection_ws/install/autoware_bytetrack/share/autoware_bytetrack/package.sh'
[9.366s] [34mcolcon.colcon_core.shell[0m [1;30mINFO[0m Creating package script '/workspace/modules/detection/detection_ws/install/autoware_bytetrack/share/autoware_bytetrack/package.bash'
[9.372s] [34mcolcon.colcon_core.shell[0m [1;30mINFO[0m Creating package script '/workspace/modules/detection/detection_ws/install/autoware_bytetrack/share/autoware_bytetrack/package.zsh'
[9.376s] [34mcolcon.colcon_core.environment[0m [1;30mLevel 1[0m create_file_with_runtime_dependencies(/workspace/modules/detection/detection_ws/install/autoware_bytetrack/share/colcon-core/packages/autoware_bytetrack)
[9.379s] [34mcolcon.colcon_ros.task.ament_cmake.build[0m [1;30mINFO[0m Building ROS package in '/workspace/modules/detection/detection_ws/src/tier4_perception_launch' with build type 'ament_cmake'
[9.380s] [34mcolcon.colcon_cmake.task.cmake.build[0m [1;30mINFO[0m Building CMake package in '/workspace/modules/detection/detection_ws/src/tier4_perception_launch'
[9.385s] [34mcolcon.colcon_core.shell[0m [1;30mINFO[0m Skip shell extension 'powershell' for command environment: Not usable outside of PowerShell
[9.385s] [34mcolcon.colcon_core.shell[0m [1;30mDEBUG[0m [32mSkip shell extension 'dsv' for command environment[0m
[9.510s] [34mcolcon.colcon_core.event_handler.log_command[0m [1;30mDEBUG[0m [32mInvoking command in '/workspace/modules/detection/detection_ws/build/tier4_perception_launch': AMENT_PREFIX_PATH=/workspace/modules/detection/detection_ws/install/autoware_traffic_light_classifier:/workspace/modules/detection/detection_ws/install/autoware_tensorrt_yolox:/workspace/modules/detection/detection_ws/install/autoware_detection_autoware_bridge:/workspace/modules/detection/detection_ws/install/autoware_bytetrack:/workspace/modules/detection/detection_ws/install/tier4_perception_launch:/opt/autoware:/opt/ros/humble CMAKE_PREFIX_PATH=${CMAKE_PREFIX_PATH}:/workspace/modules/detection/detection_ws/install/autoware_traffic_light_classifier:/workspace/modules/detection/detection_ws/install/autoware_tensorrt_yolox:/workspace/modules/detection/detection_ws/install/autoware_detection_autoware_bridge:/workspace/modules/detection/detection_ws/install/autoware_bytetrack:/opt/ros/humble /usr/bin/cmake --build /workspace/modules/detection/detection_ws/build/tier4_perception_launch -- -j16 -l16[0m
[9.740s] [34mcolcon.colcon_core.event_handler.log_command[0m [1;30mDEBUG[0m [32mInvoked command in '/workspace/modules/detection/detection_ws/build/tier4_perception_launch' returned '0': AMENT_PREFIX_PATH=/workspace/modules/detection/detection_ws/install/autoware_traffic_light_classifier:/workspace/modules/detection/detection_ws/install/autoware_tensorrt_yolox:/workspace/modules/detection/detection_ws/install/autoware_detection_autoware_bridge:/workspace/modules/detection/detection_ws/install/autoware_bytetrack:/workspace/modules/detection/detection_ws/install/tier4_perception_launch:/opt/autoware:/opt/ros/humble CMAKE_PREFIX_PATH=${CMAKE_PREFIX_PATH}:/workspace/modules/detection/detection_ws/install/autoware_traffic_light_classifier:/workspace/modules/detection/detection_ws/install/autoware_tensorrt_yolox:/workspace/modules/detection/detection_ws/install/autoware_detection_autoware_bridge:/workspace/modules/detection/detection_ws/install/autoware_bytetrack:/opt/ros/humble /usr/bin/cmake --build /workspace/modules/detection/detection_ws/build/tier4_perception_launch -- -j16 -l16[0m
[9.774s] [34mcolcon.colcon_core.event_handler.log_command[0m [1;30mDEBUG[0m [32mInvoking command in '/workspace/modules/detection/detection_ws/build/tier4_perception_launch': AMENT_PREFIX_PATH=/workspace/modules/detection/detection_ws/install/autoware_traffic_light_classifier:/workspace/modules/detection/detection_ws/install/autoware_tensorrt_yolox:/workspace/modules/detection/detection_ws/install/autoware_detection_autoware_bridge:/workspace/modules/detection/detection_ws/install/autoware_bytetrack:/workspace/modules/detection/detection_ws/install/tier4_perception_launch:/opt/autoware:/opt/ros/humble CMAKE_PREFIX_PATH=${CMAKE_PREFIX_PATH}:/workspace/modules/detection/detection_ws/install/autoware_traffic_light_classifier:/workspace/modules/detection/detection_ws/install/autoware_tensorrt_yolox:/workspace/modules/detection/detection_ws/install/autoware_detection_autoware_bridge:/workspace/modules/detection/detection_ws/install/autoware_bytetrack:/opt/ros/humble /usr/bin/cmake --install /workspace/modules/detection/detection_ws/build/tier4_perception_launch[0m
[9.847s] [34mcolcon.colcon_core.environment[0m [1;30mLevel 1[0m create_environment_scripts_only(tier4_perception_launch)
[9.847s] [34mcolcon.colcon_core.environment[0m [1;30mLevel 1[0m checking '/workspace/modules/detection/detection_ws/install/tier4_perception_launch' for CMake module files
[9.848s] [34mcolcon.colcon_core.environment[0m [1;30mLevel 1[0m checking '/workspace/modules/detection/detection_ws/install/tier4_perception_launch' for CMake config files
[9.848s] [34mcolcon.colcon_core.shell[0m [1;30mLevel 1[0m create_environment_hook('tier4_perception_launch', 'cmake_prefix_path')
[9.848s] [34mcolcon.colcon_core.shell[0m [1;30mINFO[0m Creating environment hook '/workspace/modules/detection/detection_ws/install/tier4_perception_launch/share/tier4_perception_launch/hook/cmake_prefix_path.ps1'
[9.849s] [34mcolcon.colcon_core.shell[0m [1;30mINFO[0m Creating environment descriptor '/workspace/modules/detection/detection_ws/install/tier4_perception_launch/share/tier4_perception_launch/hook/cmake_prefix_path.dsv'
[9.849s] [34mcolcon.colcon_core.event_handler.log_command[0m [1;30mDEBUG[0m [32mInvoked command in '/workspace/modules/detection/detection_ws/build/tier4_perception_launch' returned '0': AMENT_PREFIX_PATH=/workspace/modules/detection/detection_ws/install/autoware_traffic_light_classifier:/workspace/modules/detection/detection_ws/install/autoware_tensorrt_yolox:/workspace/modules/detection/detection_ws/install/autoware_detection_autoware_bridge:/workspace/modules/detection/detection_ws/install/autoware_bytetrack:/workspace/modules/detection/detection_ws/install/tier4_perception_launch:/opt/autoware:/opt/ros/humble CMAKE_PREFIX_PATH=${CMAKE_PREFIX_PATH}:/workspace/modules/detection/detection_ws/install/autoware_traffic_light_classifier:/workspace/modules/detection/detection_ws/install/autoware_tensorrt_yolox:/workspace/modules/detection/detection_ws/install/autoware_detection_autoware_bridge:/workspace/modules/detection/detection_ws/install/autoware_bytetrack:/opt/ros/humble /usr/bin/cmake --install /workspace/modules/detection/detection_ws/build/tier4_perception_launch[0m
[9.849s] [34mcolcon.colcon_core.shell[0m [1;30mINFO[0m Creating environment hook '/workspace/modules/detection/detection_ws/install/tier4_perception_launch/share/tier4_perception_launch/hook/cmake_prefix_path.sh'
[9.855s] [34mcolcon.colcon_core.environment[0m [1;30mLevel 1[0m checking '/workspace/modules/detection/detection_ws/install/tier4_perception_launch/bin'
[9.855s] [34mcolcon.colcon_core.environment[0m [1;30mLevel 1[0m checking '/workspace/modules/detection/detection_ws/install/tier4_perception_launch/lib/pkgconfig/tier4_perception_launch.pc'
[9.855s] [34mcolcon.colcon_core.environment[0m [1;30mLevel 1[0m checking '/workspace/modules/detection/detection_ws/install/tier4_perception_launch/lib/python3.10/site-packages'
[9.855s] [34mcolcon.colcon_core.environment[0m [1;30mLevel 1[0m checking '/workspace/modules/detection/detection_ws/install/tier4_perception_launch/bin'
[9.856s] [34mcolcon.colcon_core.shell[0m [1;30mINFO[0m Creating package script '/workspace/modules/detection/detection_ws/install/tier4_perception_launch/share/tier4_perception_launch/package.ps1'
[9.857s] [34mcolcon.colcon_core.shell[0m [1;30mINFO[0m Creating package descriptor '/workspace/modules/detection/detection_ws/install/tier4_perception_launch/share/tier4_perception_launch/package.dsv'
[9.858s] [34mcolcon.colcon_core.shell[0m [1;30mINFO[0m Creating package script '/workspace/modules/detection/detection_ws/install/tier4_perception_launch/share/tier4_perception_launch/package.sh'
[9.864s] [34mcolcon.colcon_core.shell[0m [1;30mINFO[0m Creating package script '/workspace/modules/detection/detection_ws/install/tier4_perception_launch/share/tier4_perception_launch/package.bash'
[9.865s] [34mcolcon.colcon_core.shell[0m [1;30mINFO[0m Creating package script '/workspace/modules/detection/detection_ws/install/tier4_perception_launch/share/tier4_perception_launch/package.zsh'
[9.866s] [34mcolcon.colcon_core.environment[0m [1;30mLevel 1[0m create_file_with_runtime_dependencies(/workspace/modules/detection/detection_ws/install/tier4_perception_launch/share/colcon-core/packages/tier4_perception_launch)
[9.867s] [34mcolcon.colcon_core.environment[0m [1;30mLevel 1[0m create_environment_scripts_only(tier4_perception_launch)
[9.867s] [34mcolcon.colcon_core.environment[0m [1;30mLevel 1[0m checking '/workspace/modules/detection/detection_ws/install/tier4_perception_launch' for CMake module files
[9.870s] [34mcolcon.colcon_core.environment[0m [1;30mLevel 1[0m checking '/workspace/modules/detection/detection_ws/install/tier4_perception_launch' for CMake config files
[9.871s] [34mcolcon.colcon_core.shell[0m [1;30mLevel 1[0m create_environment_hook('tier4_perception_launch', 'cmake_prefix_path')
[9.871s] [34mcolcon.colcon_core.shell[0m [1;30mINFO[0m Creating environment hook '/workspace/modules/detection/detection_ws/install/tier4_perception_launch/share/tier4_perception_launch/hook/cmake_prefix_path.ps1'
[9.872s] [34mcolcon.colcon_core.shell[0m [1;30mINFO[0m Creating environment descriptor '/workspace/modules/detection/detection_ws/install/tier4_perception_launch/share/tier4_perception_launch/hook/cmake_prefix_path.dsv'
[9.875s] [34mcolcon.colcon_core.shell[0m [1;30mINFO[0m Creating environment hook '/workspace/modules/detection/detection_ws/install/tier4_perception_launch/share/tier4_perception_launch/hook/cmake_prefix_path.sh'
[9.876s] [34mcolcon.colcon_core.environment[0m [1;30mLevel 1[0m checking '/workspace/modules/detection/detection_ws/install/tier4_perception_launch/bin'
[9.876s] [34mcolcon.colcon_core.environment[0m [1;30mLevel 1[0m checking '/workspace/modules/detection/detection_ws/install/tier4_perception_launch/lib/pkgconfig/tier4_perception_launch.pc'
[9.876s] [34mcolcon.colcon_core.environment[0m [1;30mLevel 1[0m checking '/workspace/modules/detection/detection_ws/install/tier4_perception_launch/lib/python3.10/site-packages'
[9.877s] [34mcolcon.colcon_core.environment[0m [1;30mLevel 1[0m checking '/workspace/modules/detection/detection_ws/install/tier4_perception_launch/bin'
[9.877s] [34mcolcon.colcon_core.shell[0m [1;30mINFO[0m Creating package script '/workspace/modules/detection/detection_ws/install/tier4_perception_launch/share/tier4_perception_launch/package.ps1'
[9.881s] [34mcolcon.colcon_core.shell[0m [1;30mINFO[0m Creating package descriptor '/workspace/modules/detection/detection_ws/install/tier4_perception_launch/share/tier4_perception_launch/package.dsv'
[9.885s] [34mcolcon.colcon_core.shell[0m [1;30mINFO[0m Creating package script '/workspace/modules/detection/detection_ws/install/tier4_perception_launch/share/tier4_perception_launch/package.sh'
[9.886s] [34mcolcon.colcon_core.shell[0m [1;30mINFO[0m Creating package script '/workspace/modules/detection/detection_ws/install/tier4_perception_launch/share/tier4_perception_launch/package.bash'
[9.888s] [34mcolcon.colcon_core.shell[0m [1;30mINFO[0m Creating package script '/workspace/modules/detection/detection_ws/install/tier4_perception_launch/share/tier4_perception_launch/package.zsh'
[9.890s] [34mcolcon.colcon_core.environment[0m [1;30mLevel 1[0m create_file_with_runtime_dependencies(/workspace/modules/detection/detection_ws/install/tier4_perception_launch/share/colcon-core/packages/tier4_perception_launch)
[9.894s] [34mcolcon.colcon_parallel_executor.executor.parallel[0m [1;30mDEBUG[0m [32mclosing loop[0m
[9.894s] [34mcolcon.colcon_parallel_executor.executor.parallel[0m [1;30mDEBUG[0m [32mloop closed[0m
[9.894s] [34mcolcon.colcon_parallel_executor.executor.parallel[0m [1;30mDEBUG[0m [32mrun_until_complete finished with '0'[0m
[9.894s] [34mcolcon.colcon_core.event_reactor[0m [1;30mDEBUG[0m [32mjoining thread[0m
[9.919s] [34mcolcon.colcon_core.plugin_system[0m [1;30mINFO[0m Skipping extension 'colcon_notification.desktop_notification.notify_send': Could not find 'notify-send'
[9.919s] [34mcolcon.colcon_core.plugin_system[0m [1;30mINFO[0m Skipping extension 'colcon_notification.desktop_notification.terminal_notifier': Not used on non-Darwin systems
[9.919s] [34mcolcon.colcon_core.plugin_system[0m [1;30mINFO[0m Skipping extension 'colcon_notification.desktop_notification.win32': Not used on non-Windows systems
[9.919s] [34mcolcon.colcon_notification.desktop_notification[0m [1;30mINFO[0m Sending desktop notification using 'notify2'
[9.930s] [34mcolcon.colcon_notification.desktop_notification.notify2[0m [1;30mDEBUG[0m [32mFailed to initialize notify2: org.freedesktop.DBus.Error.Spawn.ExecFailed: /usr/bin/dbus-launch terminated abnormally without any error message[0m
[9.931s] [34mcolcon.colcon_core.event_reactor[0m [1;30mDEBUG[0m [32mjoined thread[0m
[9.932s] [34mcolcon.colcon_core.shell[0m [1;30mINFO[0m Creating prefix script '/workspace/modules/detection/detection_ws/install/local_setup.ps1'
[9.939s] [34mcolcon.colcon_core.shell[0m [1;30mINFO[0m Creating prefix util module '/workspace/modules/detection/detection_ws/install/_local_setup_util_ps1.py'
[9.946s] [34mcolcon.colcon_core.shell[0m [1;30mINFO[0m Creating prefix chain script '/workspace/modules/detection/detection_ws/install/setup.ps1'
[9.948s] [34mcolcon.colcon_core.shell[0m [1;30mINFO[0m Creating prefix script '/workspace/modules/detection/detection_ws/install/local_setup.sh'
[9.949s] [34mcolcon.colcon_core.shell[0m [1;30mINFO[0m Creating prefix util module '/workspace/modules/detection/detection_ws/install/_local_setup_util_sh.py'
[9.952s] [34mcolcon.colcon_core.shell[0m [1;30mINFO[0m Creating prefix chain script '/workspace/modules/detection/detection_ws/install/setup.sh'
[9.954s] [34mcolcon.colcon_core.shell[0m [1;30mINFO[0m Creating prefix script '/workspace/modules/detection/detection_ws/install/local_setup.bash'
[9.958s] [34mcolcon.colcon_core.shell[0m [1;30mINFO[0m Creating prefix chain script '/workspace/modules/detection/detection_ws/install/setup.bash'
[9.964s] [34mcolcon.colcon_core.shell[0m [1;30mINFO[0m Creating prefix script '/workspace/modules/detection/detection_ws/install/local_setup.zsh'
[9.969s] [34mcolcon.colcon_core.shell[0m [1;30mINFO[0m Creating prefix chain script '/workspace/modules/detection/detection_ws/install/setup.zsh'
