[1.090s] Invoking command in '/workspace/modules/detection/detection_ws/build/autoware_bytetrack': PYTHONPATH=/workspace/modules/detection/detection_ws/build/autoware_bytetrack/prefix_override:/usr/lib/python3/dist-packages/colcon_core/task/python/colcon_distutils_commands:/workspace/modules/detection/detection_ws/install/autoware_bytetrack/lib/python3.10/site-packages:${PYTHONPATH} /usr/bin/python3 -W ignore:setup.py install is deprecated -W ignore:easy_install command is deprecated setup.py develop --editable --build-directory /workspace/modules/detection/detection_ws/build/autoware_bytetrack/build --no-deps symlink_data
[1.419s] running develop
[1.578s] running egg_info
[1.579s] creating autoware_bytetrack.egg-info
[1.585s] writing autoware_bytetrack.egg-info/PKG-INFO
[1.591s] writing dependency_links to autoware_bytetrack.egg-info/dependency_links.txt
[1.593s] writing entry points to autoware_bytetrack.egg-info/entry_points.txt
[1.594s] writing requirements to autoware_bytetrack.egg-info/requires.txt
[1.597s] writing top-level names to autoware_bytetrack.egg-info/top_level.txt
[1.600s] writing manifest file 'autoware_bytetrack.egg-info/SOURCES.txt'
[1.604s] reading manifest file 'autoware_bytetrack.egg-info/SOURCES.txt'
[1.605s] writing manifest file 'autoware_bytetrack.egg-info/SOURCES.txt'
[1.611s] running build_ext
[1.613s] Creating /workspace/modules/detection/detection_ws/install/autoware_bytetrack/lib/python3.10/site-packages/autoware-bytetrack.egg-link (link to .)
[1.617s] Installing bytetrack_node script to /workspace/modules/detection/detection_ws/install/autoware_bytetrack/lib/autoware_bytetrack
[1.625s] 
[1.627s] Installed /workspace/modules/detection/detection_ws/build/autoware_bytetrack
[1.629s] running symlink_data
[1.632s] creating /workspace/modules/detection/detection_ws/install/autoware_bytetrack/share/ament_index
[1.634s] creating /workspace/modules/detection/detection_ws/install/autoware_bytetrack/share/ament_index/resource_index
[1.635s] creating /workspace/modules/detection/detection_ws/install/autoware_bytetrack/share/ament_index/resource_index/packages
[1.638s] symbolically linking /workspace/modules/detection/detection_ws/build/autoware_bytetrack/resource/autoware_bytetrack -> /workspace/modules/detection/detection_ws/install/autoware_bytetrack/share/ament_index/resource_index/packages
[1.640s] symbolically linking /workspace/modules/detection/detection_ws/build/autoware_bytetrack/package.xml -> /workspace/modules/detection/detection_ws/install/autoware_bytetrack/share/autoware_bytetrack
[1.642s] creating /workspace/modules/detection/detection_ws/install/autoware_bytetrack/share/autoware_bytetrack/launch
[1.648s] symbolically linking /workspace/modules/detection/detection_ws/build/autoware_bytetrack/launch/bytetrack.launch.xml -> /workspace/modules/detection/detection_ws/install/autoware_bytetrack/share/autoware_bytetrack/launch
[1.702s] Invoked command in '/workspace/modules/detection/detection_ws/build/autoware_bytetrack' returned '0': PYTHONPATH=/workspace/modules/detection/detection_ws/build/autoware_bytetrack/prefix_override:/usr/lib/python3/dist-packages/colcon_core/task/python/colcon_distutils_commands:/workspace/modules/detection/detection_ws/install/autoware_bytetrack/lib/python3.10/site-packages:${PYTHONPATH} /usr/bin/python3 -W ignore:setup.py install is deprecated -W ignore:easy_install command is deprecated setup.py develop --editable --build-directory /workspace/modules/detection/detection_ws/build/autoware_bytetrack/build --no-deps symlink_data
