[0.033s] Invoking command in '/workspace/build/my_vehicle_interface': CMAKE_PREFIX_PATH=${CMAKE_PREFIX_PATH}:/opt/ros/humble /usr/bin/cmake /workspace/src/vehicle/external/my_vehicle_interface -DCMAKE_INSTALL_PREFIX=/workspace/install/my_vehicle_interface
[0.115s] -- Found ament_cmake_auto: 1.3.12 (/opt/ros/humble/share/ament_cmake_auto/cmake)
[0.233s] -- Override CMake install command with custom implementation using symlinks instead of copying resources
[0.353s] -- Found rosidl_generator_c: 3.1.7 (/opt/ros/humble/share/rosidl_generator_c/cmake)
[0.354s] -- Found rosidl_adapter: 3.1.7 (/opt/ros/humble/share/rosidl_adapter/cmake)
[0.362s] -- Found rosidl_generator_cpp: 3.1.7 (/opt/ros/humble/share/rosidl_generator_cpp/cmake)
[0.373s] -- Using all available rosidl_typesupport_c: rosidl_typesupport_fastrtps_c;rosidl_typesupport_introspection_c
[0.386s] -- Using all available rosidl_typesupport_cpp: rosidl_typesupport_fastrtps_cpp;rosidl_typesupport_introspection_cpp
[0.425s] -- Found rmw_implementation_cmake: 6.1.2 (/opt/ros/humble/share/rmw_implementation_cmake/cmake)
[0.428s] -- Found rmw_cyclonedds_cpp: 1.3.4 (/opt/ros/humble/share/rmw_cyclonedds_cpp/cmake)
[0.449s] -- Using RMW implementation 'rmw_cyclonedds_cpp' as default
[0.683s] -- Found ament_lint_auto: 0.12.14 (/opt/ros/humble/share/ament_lint_auto/cmake)
[0.693s] [0mIn this package, headers install destination is set to `include` by ament_auto_package. It is recommended to install `include/my_vehicle_interface` instead and will be the default behavior of ament_auto_package from ROS 2 Kilted Kaiju. On distributions before Kilted, ament_auto_package behaves the same way when you use USE_SCOPED_HEADER_INSTALL_DIR option.[0m
[0.711s] -- Added test 'copyright' to check source files copyright and LICENSE
[0.722s] -- Added test 'cppcheck' to perform static code analysis on C / C++ code
[0.722s] -- Configured cppcheck include dirs: /workspace/src/vehicle/external/my_vehicle_interface/include
[0.722s] -- Configured cppcheck exclude dirs and/or files: 
[0.732s] -- Added test 'cpplint' to check C / C++ code against the Google style
[0.733s] -- Configured cpplint exclude dirs and/or files: 
[0.734s] -- Added test 'flake8' to check Python code syntax and style conventions
[0.737s] -- Added test 'lint_cmake' to check CMake code style
[0.739s] -- Added test 'pep257' to check Python code against some of the docstring style conventions in PEP 257
[0.750s] -- Added test 'uncrustify' to check C / C++ code style
[0.750s] -- Configured uncrustify additional arguments: 
[0.752s] -- Added test 'xmllint' to check XML markup files
[0.764s] -- Configuring done
[0.836s] -- Generating done
[0.860s] -- Build files have been written to: /workspace/build/my_vehicle_interface
[0.865s] Invoked command in '/workspace/build/my_vehicle_interface' returned '0': CMAKE_PREFIX_PATH=${CMAKE_PREFIX_PATH}:/opt/ros/humble /usr/bin/cmake /workspace/src/vehicle/external/my_vehicle_interface -DCMAKE_INSTALL_PREFIX=/workspace/install/my_vehicle_interface
[0.867s] Invoking command in '/workspace/build/my_vehicle_interface': CMAKE_PREFIX_PATH=${CMAKE_PREFIX_PATH}:/opt/ros/humble /usr/bin/cmake --build /workspace/build/my_vehicle_interface -- -j8 -l8
[0.932s] [35m[1mConsolidate compiler generated dependencies of target vehicle_interface_node[0m
[0.935s] [35m[1mConsolidate compiler generated dependencies of target my_vehicle_interface_lib[0m
[1.100s] [ 28%] Built target vehicle_interface_node
[1.108s] [ 42%] [32mBuilding CXX object CMakeFiles/my_vehicle_interface_lib.dir/src/can_utils.cpp.o[0m
[1.783s] [ 57%] [32m[1mLinking CXX shared library libmy_vehicle_interface_lib.so[0m
[3.703s] [ 71%] Built target my_vehicle_interface_lib
[3.717s] [35m[1mConsolidate compiler generated dependencies of target my_vehicle_interface_node[0m
[3.831s] [ 85%] [32m[1mLinking CXX executable my_vehicle_interface_node[0m
[4.224s] [100%] Built target my_vehicle_interface_node
[4.237s] Invoked command in '/workspace/build/my_vehicle_interface' returned '0': CMAKE_PREFIX_PATH=${CMAKE_PREFIX_PATH}:/opt/ros/humble /usr/bin/cmake --build /workspace/build/my_vehicle_interface -- -j8 -l8
[4.249s] Invoking command in '/workspace/build/my_vehicle_interface': CMAKE_PREFIX_PATH=${CMAKE_PREFIX_PATH}:/opt/ros/humble /usr/bin/cmake --install /workspace/build/my_vehicle_interface
[4.257s] -- Install configuration: ""
[4.258s] -- Execute custom install script
[4.259s] -- Up-to-date symlink: /workspace/install/my_vehicle_interface/lib/my_vehicle_interface/vehicle_interface_node
[4.260s] -- Up-to-date symlink: /workspace/install/my_vehicle_interface/share/my_vehicle_interface/launch/vehicle_interface.launch.xml
[4.261s] -- Up-to-date symlink: /workspace/install/my_vehicle_interface/share/my_vehicle_interface/config/vehicle_interface.param.yaml
[4.262s] -- Up-to-date symlink: /workspace/install/my_vehicle_interface/include/my_vehicle_interface/can_utils.hpp
[4.262s] -- Up-to-date symlink: /workspace/install/my_vehicle_interface/include/my_vehicle_interface/vehicle_interface_node.hpp
[4.263s] -- Up-to-date symlink: /workspace/install/my_vehicle_interface/share/my_vehicle_interface/environment/library_path.sh
[4.263s] -- Up-to-date symlink: /workspace/install/my_vehicle_interface/share/my_vehicle_interface/environment/library_path.dsv
[4.264s] -- Up-to-date symlink: /workspace/install/my_vehicle_interface/lib/libmy_vehicle_interface_lib.so
[4.264s] -- Up-to-date symlink: /workspace/install/my_vehicle_interface/lib/my_vehicle_interface/my_vehicle_interface_node
[4.265s] -- Up-to-date symlink: /workspace/install/my_vehicle_interface/share/ament_index/resource_index/package_run_dependencies/my_vehicle_interface
[4.265s] -- Up-to-date symlink: /workspace/install/my_vehicle_interface/share/ament_index/resource_index/parent_prefix_path/my_vehicle_interface
[4.266s] -- Up-to-date symlink: /workspace/install/my_vehicle_interface/share/my_vehicle_interface/environment/ament_prefix_path.sh
[4.266s] -- Up-to-date symlink: /workspace/install/my_vehicle_interface/share/my_vehicle_interface/environment/ament_prefix_path.dsv
[4.267s] -- Up-to-date symlink: /workspace/install/my_vehicle_interface/share/my_vehicle_interface/environment/path.sh
[4.267s] -- Up-to-date symlink: /workspace/install/my_vehicle_interface/share/my_vehicle_interface/environment/path.dsv
[4.268s] -- Up-to-date symlink: /workspace/install/my_vehicle_interface/share/my_vehicle_interface/local_setup.bash
[4.269s] -- Up-to-date symlink: /workspace/install/my_vehicle_interface/share/my_vehicle_interface/local_setup.sh
[4.269s] -- Up-to-date symlink: /workspace/install/my_vehicle_interface/share/my_vehicle_interface/local_setup.zsh
[4.270s] -- Up-to-date symlink: /workspace/install/my_vehicle_interface/share/my_vehicle_interface/local_setup.dsv
[4.270s] -- Symlinking: /workspace/install/my_vehicle_interface/share/my_vehicle_interface/package.dsv
[4.279s] -- Up-to-date symlink: /workspace/install/my_vehicle_interface/share/ament_index/resource_index/packages/my_vehicle_interface
[4.280s] -- Up-to-date symlink: /workspace/install/my_vehicle_interface/share/ament_index/resource_index/rclcpp_components/my_vehicle_interface
[4.281s] -- Up-to-date symlink: /workspace/install/my_vehicle_interface/share/my_vehicle_interface/cmake/ament_cmake_export_dependencies-extras.cmake
[4.281s] -- Up-to-date symlink: /workspace/install/my_vehicle_interface/share/my_vehicle_interface/cmake/ament_cmake_export_include_directories-extras.cmake
[4.282s] -- Up-to-date symlink: /workspace/install/my_vehicle_interface/share/my_vehicle_interface/cmake/ament_cmake_export_libraries-extras.cmake
[4.283s] -- Up-to-date symlink: /workspace/install/my_vehicle_interface/share/my_vehicle_interface/cmake/my_vehicle_interfaceConfig.cmake
[4.283s] -- Up-to-date symlink: /workspace/install/my_vehicle_interface/share/my_vehicle_interface/cmake/my_vehicle_interfaceConfig-version.cmake
[4.284s] -- Up-to-date symlink: /workspace/install/my_vehicle_interface/share/my_vehicle_interface/package.xml
[4.285s] Invoked command in '/workspace/build/my_vehicle_interface' returned '0': CMAKE_PREFIX_PATH=${CMAKE_PREFIX_PATH}:/opt/ros/humble /usr/bin/cmake --install /workspace/build/my_vehicle_interface
