[0.111s] Invoking command in '/workspace/modules/detection/detection_ws/build/tier4_perception_launch': AMENT_PREFIX_PATH=/workspace/modules/detection/detection_ws/install/autoware_traffic_light_classifier:/workspace/modules/detection/detection_ws/install/autoware_tensorrt_yolox:/workspace/modules/detection/detection_ws/install/autoware_detection_autoware_bridge:/workspace/modules/detection/detection_ws/install/autoware_bytetrack:/workspace/modules/detection/detection_ws/install/tier4_perception_launch:/opt/autoware:/opt/ros/humble CMAKE_PREFIX_PATH=${CMAKE_PREFIX_PATH}:/workspace/modules/detection/detection_ws/install/autoware_traffic_light_classifier:/workspace/modules/detection/detection_ws/install/autoware_tensorrt_yolox:/workspace/modules/detection/detection_ws/install/autoware_detection_autoware_bridge:/workspace/modules/detection/detection_ws/install/autoware_bytetrack:/opt/ros/humble /usr/bin/cmake /workspace/modules/detection/detection_ws/src/tier4_perception_launch -DAMENT_CMAKE_SYMLINK_INSTALL=1 -DCMAKE_INSTALL_PREFIX=/workspace/modules/detection/detection_ws/install/tier4_perception_launch
[0.456s] -- The C compiler identification is GNU 11.4.0
[0.696s] -- The CXX compiler identification is GNU 11.4.0
[0.733s] -- Detecting C compiler ABI info
[0.951s] -- Detecting C compiler ABI info - done
[0.964s] -- Check for working C compiler: /usr/lib/ccache/gcc - skipped
[0.969s] -- Detecting C compile features
[0.971s] -- Detecting C compile features - done
[0.981s] -- Detecting CXX compiler ABI info
[1.212s] -- Detecting CXX compiler ABI info - done
[1.225s] -- Check for working CXX compiler: /usr/lib/ccache/g++ - skipped
[1.231s] -- Detecting CXX compile features
[1.240s] -- Detecting CXX compile features - done
[1.276s] -- Found ament_cmake: 1.3.12 (/opt/ros/humble/share/ament_cmake/cmake)
[1.808s] -- Found Python3: /usr/bin/python3 (found version "3.10.12") found components: Interpreter 
[2.099s] -- Override CMake install command with custom implementation using symlinks instead of copying resources
[2.741s] -- Configuring done
[2.751s] -- Generating done
[2.754s] -- Build files have been written to: /workspace/modules/detection/detection_ws/build/tier4_perception_launch
[2.775s] Invoked command in '/workspace/modules/detection/detection_ws/build/tier4_perception_launch' returned '0': AMENT_PREFIX_PATH=/workspace/modules/detection/detection_ws/install/autoware_traffic_light_classifier:/workspace/modules/detection/detection_ws/install/autoware_tensorrt_yolox:/workspace/modules/detection/detection_ws/install/autoware_detection_autoware_bridge:/workspace/modules/detection/detection_ws/install/autoware_bytetrack:/workspace/modules/detection/detection_ws/install/tier4_perception_launch:/opt/autoware:/opt/ros/humble CMAKE_PREFIX_PATH=${CMAKE_PREFIX_PATH}:/workspace/modules/detection/detection_ws/install/autoware_traffic_light_classifier:/workspace/modules/detection/detection_ws/install/autoware_tensorrt_yolox:/workspace/modules/detection/detection_ws/install/autoware_detection_autoware_bridge:/workspace/modules/detection/detection_ws/install/autoware_bytetrack:/opt/ros/humble /usr/bin/cmake /workspace/modules/detection/detection_ws/src/tier4_perception_launch -DAMENT_CMAKE_SYMLINK_INSTALL=1 -DCMAKE_INSTALL_PREFIX=/workspace/modules/detection/detection_ws/install/tier4_perception_launch
[2.775s] Invoking command in '/workspace/modules/detection/detection_ws/build/tier4_perception_launch': AMENT_PREFIX_PATH=/workspace/modules/detection/detection_ws/install/autoware_traffic_light_classifier:/workspace/modules/detection/detection_ws/install/autoware_tensorrt_yolox:/workspace/modules/detection/detection_ws/install/autoware_detection_autoware_bridge:/workspace/modules/detection/detection_ws/install/autoware_bytetrack:/workspace/modules/detection/detection_ws/install/tier4_perception_launch:/opt/autoware:/opt/ros/humble CMAKE_PREFIX_PATH=${CMAKE_PREFIX_PATH}:/workspace/modules/detection/detection_ws/install/autoware_traffic_light_classifier:/workspace/modules/detection/detection_ws/install/autoware_tensorrt_yolox:/workspace/modules/detection/detection_ws/install/autoware_detection_autoware_bridge:/workspace/modules/detection/detection_ws/install/autoware_bytetrack:/opt/ros/humble /usr/bin/cmake --build /workspace/modules/detection/detection_ws/build/tier4_perception_launch -- -j16 -l16
[2.915s] Invoked command in '/workspace/modules/detection/detection_ws/build/tier4_perception_launch' returned '0': AMENT_PREFIX_PATH=/workspace/modules/detection/detection_ws/install/autoware_traffic_light_classifier:/workspace/modules/detection/detection_ws/install/autoware_tensorrt_yolox:/workspace/modules/detection/detection_ws/install/autoware_detection_autoware_bridge:/workspace/modules/detection/detection_ws/install/autoware_bytetrack:/workspace/modules/detection/detection_ws/install/tier4_perception_launch:/opt/autoware:/opt/ros/humble CMAKE_PREFIX_PATH=${CMAKE_PREFIX_PATH}:/workspace/modules/detection/detection_ws/install/autoware_traffic_light_classifier:/workspace/modules/detection/detection_ws/install/autoware_tensorrt_yolox:/workspace/modules/detection/detection_ws/install/autoware_detection_autoware_bridge:/workspace/modules/detection/detection_ws/install/autoware_bytetrack:/opt/ros/humble /usr/bin/cmake --build /workspace/modules/detection/detection_ws/build/tier4_perception_launch -- -j16 -l16
[2.945s] Invoking command in '/workspace/modules/detection/detection_ws/build/tier4_perception_launch': AMENT_PREFIX_PATH=/workspace/modules/detection/detection_ws/install/autoware_traffic_light_classifier:/workspace/modules/detection/detection_ws/install/autoware_tensorrt_yolox:/workspace/modules/detection/detection_ws/install/autoware_detection_autoware_bridge:/workspace/modules/detection/detection_ws/install/autoware_bytetrack:/workspace/modules/detection/detection_ws/install/tier4_perception_launch:/opt/autoware:/opt/ros/humble CMAKE_PREFIX_PATH=${CMAKE_PREFIX_PATH}:/workspace/modules/detection/detection_ws/install/autoware_traffic_light_classifier:/workspace/modules/detection/detection_ws/install/autoware_tensorrt_yolox:/workspace/modules/detection/detection_ws/install/autoware_detection_autoware_bridge:/workspace/modules/detection/detection_ws/install/autoware_bytetrack:/opt/ros/humble /usr/bin/cmake --install /workspace/modules/detection/detection_ws/build/tier4_perception_launch
[2.969s] -- Install configuration: ""
[2.969s] -- Execute custom install script
[2.974s] -- Symlinking: /workspace/modules/detection/detection_ws/install/tier4_perception_launch/share/tier4_perception_launch/launch/object_recognition/detection/detector/camera_2d_detector.launch.xml
[3.003s] -- Symlinking: /workspace/modules/detection/detection_ws/install/tier4_perception_launch/share/tier4_perception_launch/launch/perception_with_traffic_light.launch.xml
[3.045s] -- Symlinking: /workspace/modules/detection/detection_ws/install/tier4_perception_launch/share/ament_index/resource_index/package_run_dependencies/tier4_perception_launch
[3.084s] -- Symlinking: /workspace/modules/detection/detection_ws/install/tier4_perception_launch/share/ament_index/resource_index/parent_prefix_path/tier4_perception_launch
[3.117s] -- Symlinking: /workspace/modules/detection/detection_ws/install/tier4_perception_launch/share/tier4_perception_launch/environment/ament_prefix_path.sh
[3.149s] -- Symlinking: /workspace/modules/detection/detection_ws/install/tier4_perception_launch/share/tier4_perception_launch/environment/ament_prefix_path.dsv
[3.183s] -- Symlinking: /workspace/modules/detection/detection_ws/install/tier4_perception_launch/share/tier4_perception_launch/environment/path.sh
[3.222s] -- Symlinking: /workspace/modules/detection/detection_ws/install/tier4_perception_launch/share/tier4_perception_launch/environment/path.dsv
[3.253s] -- Symlinking: /workspace/modules/detection/detection_ws/install/tier4_perception_launch/share/tier4_perception_launch/local_setup.bash
[3.285s] -- Symlinking: /workspace/modules/detection/detection_ws/install/tier4_perception_launch/share/tier4_perception_launch/local_setup.sh
[3.320s] -- Symlinking: /workspace/modules/detection/detection_ws/install/tier4_perception_launch/share/tier4_perception_launch/local_setup.zsh
[3.344s] -- Symlinking: /workspace/modules/detection/detection_ws/install/tier4_perception_launch/share/tier4_perception_launch/local_setup.dsv
[3.374s] -- Symlinking: /workspace/modules/detection/detection_ws/install/tier4_perception_launch/share/tier4_perception_launch/package.dsv
[3.402s] -- Symlinking: /workspace/modules/detection/detection_ws/install/tier4_perception_launch/share/ament_index/resource_index/packages/tier4_perception_launch
[3.435s] -- Symlinking: /workspace/modules/detection/detection_ws/install/tier4_perception_launch/share/tier4_perception_launch/cmake/tier4_perception_launchConfig.cmake
[3.469s] -- Symlinking: /workspace/modules/detection/detection_ws/install/tier4_perception_launch/share/tier4_perception_launch/cmake/tier4_perception_launchConfig-version.cmake
[3.504s] -- Symlinking: /workspace/modules/detection/detection_ws/install/tier4_perception_launch/share/tier4_perception_launch/package.xml
[3.562s] Invoked command in '/workspace/modules/detection/detection_ws/build/tier4_perception_launch' returned '0': AMENT_PREFIX_PATH=/workspace/modules/detection/detection_ws/install/autoware_traffic_light_classifier:/workspace/modules/detection/detection_ws/install/autoware_tensorrt_yolox:/workspace/modules/detection/detection_ws/install/autoware_detection_autoware_bridge:/workspace/modules/detection/detection_ws/install/autoware_bytetrack:/workspace/modules/detection/detection_ws/install/tier4_perception_launch:/opt/autoware:/opt/ros/humble CMAKE_PREFIX_PATH=${CMAKE_PREFIX_PATH}:/workspace/modules/detection/detection_ws/install/autoware_traffic_light_classifier:/workspace/modules/detection/detection_ws/install/autoware_tensorrt_yolox:/workspace/modules/detection/detection_ws/install/autoware_detection_autoware_bridge:/workspace/modules/detection/detection_ws/install/autoware_bytetrack:/opt/ros/humble /usr/bin/cmake --install /workspace/modules/detection/detection_ws/build/tier4_perception_launch
