-- Found ament_cmake_auto: 1.3.12 (/opt/ros/humble/share/ament_cmake_auto/cmake)
-- Override CMake install command with custom implementation using symlinks instead of copying resources
-- Found rosidl_generator_c: 3.1.7 (/opt/ros/humble/share/rosidl_generator_c/cmake)
-- Found rosidl_adapter: 3.1.7 (/opt/ros/humble/share/rosidl_adapter/cmake)
-- Found rosidl_generator_cpp: 3.1.7 (/opt/ros/humble/share/rosidl_generator_cpp/cmake)
-- Using all available rosidl_typesupport_c: rosidl_typesupport_fastrtps_c;rosidl_typesupport_introspection_c
-- Using all available rosidl_typesupport_cpp: rosidl_typesupport_fastrtps_cpp;rosidl_typesupport_introspection_cpp
-- Found rmw_implementation_cmake: 6.1.2 (/opt/ros/humble/share/rmw_implementation_cmake/cmake)
-- Found rmw_cyclonedds_cpp: 1.3.4 (/opt/ros/humble/share/rmw_cyclonedds_cpp/cmake)
-- Using RMW implementation 'rmw_cyclonedds_cpp' as default
-- Found ament_lint_auto: 0.12.14 (/opt/ros/humble/share/ament_lint_auto/cmake)
-- Added test 'copyright' to check source files copyright and LICENSE
-- Added test 'cppcheck' to perform static code analysis on C / C++ code
-- Configured cppcheck include dirs: /workspace/src/vehicle/external/my_vehicle_interface/include
-- Configured cppcheck exclude dirs and/or files: 
-- Added test 'cpplint' to check C / C++ code against the Google style
-- Configured cpplint exclude dirs and/or files: 
-- Added test 'flake8' to check Python code syntax and style conventions
-- Added test 'lint_cmake' to check CMake code style
-- Added test 'pep257' to check Python code against some of the docstring style conventions in PEP 257
-- Added test 'uncrustify' to check C / C++ code style
-- Configured uncrustify additional arguments: 
-- Added test 'xmllint' to check XML markup files
-- Configuring done
-- Generating done
-- Build files have been written to: /workspace/build/my_vehicle_interface
[35m[1mConsolidate compiler generated dependencies of target vehicle_interface_node[0m
[35m[1mConsolidate compiler generated dependencies of target my_vehicle_interface_lib[0m
[ 14%] [32mBuilding CXX object CMakeFiles/my_vehicle_interface_lib.dir/src/vehicle_interface_node.cpp.o[0m
[ 28%] [32mBuilding CXX object CMakeFiles/my_vehicle_interface_lib.dir/src/can_utils.cpp.o[0m
[ 42%] [32m[1mLinking CXX executable vehicle_interface_node[0m
[ 57%] Built target vehicle_interface_node
[ 71%] [32m[1mLinking CXX shared library libmy_vehicle_interface_lib.so[0m
[ 71%] Built target my_vehicle_interface_lib
[ 85%] [32mBuilding CXX object CMakeFiles/my_vehicle_interface_node.dir/src/main.cpp.o[0m
[100%] [32m[1mLinking CXX executable my_vehicle_interface_node[0m
[100%] Built target my_vehicle_interface_node
-- Install configuration: ""
-- Execute custom install script
-- Symlinking: /workspace/install/my_vehicle_interface/lib/my_vehicle_interface/vehicle_interface_node
-- Symlinking: /workspace/install/my_vehicle_interface/share/my_vehicle_interface/launch/vehicle_interface.launch.xml
-- Symlinking: /workspace/install/my_vehicle_interface/share/my_vehicle_interface/config/vehicle_interface.param.yaml
-- Symlinking: /workspace/install/my_vehicle_interface/include/my_vehicle_interface/can_utils.hpp
-- Symlinking: /workspace/install/my_vehicle_interface/include/my_vehicle_interface/vehicle_interface_node.hpp
-- Symlinking: /workspace/install/my_vehicle_interface/share/my_vehicle_interface/environment/library_path.sh
-- Symlinking: /workspace/install/my_vehicle_interface/share/my_vehicle_interface/environment/library_path.dsv
-- Symlinking: /workspace/install/my_vehicle_interface/lib/libmy_vehicle_interface_lib.so
-- Symlinking: /workspace/install/my_vehicle_interface/lib/my_vehicle_interface/my_vehicle_interface_node
-- Symlinking: /workspace/install/my_vehicle_interface/share/ament_index/resource_index/package_run_dependencies/my_vehicle_interface
-- Symlinking: /workspace/install/my_vehicle_interface/share/ament_index/resource_index/parent_prefix_path/my_vehicle_interface
-- Symlinking: /workspace/install/my_vehicle_interface/share/my_vehicle_interface/environment/ament_prefix_path.sh
-- Symlinking: /workspace/install/my_vehicle_interface/share/my_vehicle_interface/environment/ament_prefix_path.dsv
-- Symlinking: /workspace/install/my_vehicle_interface/share/my_vehicle_interface/environment/path.sh
-- Symlinking: /workspace/install/my_vehicle_interface/share/my_vehicle_interface/environment/path.dsv
-- Symlinking: /workspace/install/my_vehicle_interface/share/my_vehicle_interface/local_setup.bash
-- Symlinking: /workspace/install/my_vehicle_interface/share/my_vehicle_interface/local_setup.sh
-- Symlinking: /workspace/install/my_vehicle_interface/share/my_vehicle_interface/local_setup.zsh
-- Symlinking: /workspace/install/my_vehicle_interface/share/my_vehicle_interface/local_setup.dsv
-- Symlinking: /workspace/install/my_vehicle_interface/share/my_vehicle_interface/package.dsv
-- Symlinking: /workspace/install/my_vehicle_interface/share/ament_index/resource_index/packages/my_vehicle_interface
-- Symlinking: /workspace/install/my_vehicle_interface/share/ament_index/resource_index/rclcpp_components/my_vehicle_interface
-- Symlinking: /workspace/install/my_vehicle_interface/share/my_vehicle_interface/cmake/ament_cmake_export_dependencies-extras.cmake
-- Symlinking: /workspace/install/my_vehicle_interface/share/my_vehicle_interface/cmake/ament_cmake_export_include_directories-extras.cmake
-- Symlinking: /workspace/install/my_vehicle_interface/share/my_vehicle_interface/cmake/ament_cmake_export_libraries-extras.cmake
-- Symlinking: /workspace/install/my_vehicle_interface/share/my_vehicle_interface/cmake/my_vehicle_interfaceConfig.cmake
-- Symlinking: /workspace/install/my_vehicle_interface/share/my_vehicle_interface/cmake/my_vehicle_interfaceConfig-version.cmake
-- Symlinking: /workspace/install/my_vehicle_interface/share/my_vehicle_interface/package.xml
