[0.013s] Invoking command in '/workspace/build/my_vehicle_interface': CMAKE_PREFIX_PATH=${CMAKE_PREFIX_PATH}:/opt/ros/humble /usr/bin/cmake /workspace/src/vehicle/external/my_vehicle_interface -DAMENT_CMAKE_SYMLINK_INSTALL=1 -DCMAKE_INSTALL_PREFIX=/workspace/install/my_vehicle_interface
[0.027s] -- Found ament_cmake_auto: 1.3.12 (/opt/ros/humble/share/ament_cmake_auto/cmake)
[0.086s] -- Override CMake install command with custom implementation using symlinks instead of copying resources
[0.148s] -- Found rosidl_generator_c: 3.1.7 (/opt/ros/humble/share/rosidl_generator_c/cmake)
[0.150s] -- Found rosidl_adapter: 3.1.7 (/opt/ros/humble/share/rosidl_adapter/cmake)
[0.153s] -- Found rosidl_generator_cpp: 3.1.7 (/opt/ros/humble/share/rosidl_generator_cpp/cmake)
[0.161s] -- Using all available rosidl_typesupport_c: rosidl_typesupport_fastrtps_c;rosidl_typesupport_introspection_c
[0.165s] -- Using all available rosidl_typesupport_cpp: rosidl_typesupport_fastrtps_cpp;rosidl_typesupport_introspection_cpp
[0.182s] -- Found rmw_implementation_cmake: 6.1.2 (/opt/ros/humble/share/rmw_implementation_cmake/cmake)
[0.182s] -- Found rmw_cyclonedds_cpp: 1.3.4 (/opt/ros/humble/share/rmw_cyclonedds_cpp/cmake)
[0.191s] -- Using RMW implementation 'rmw_cyclonedds_cpp' as default
[0.336s] -- Found ament_lint_auto: 0.12.14 (/opt/ros/humble/share/ament_lint_auto/cmake)
[0.337s] [0mIn this package, headers install destination is set to `include` by ament_auto_package. It is recommended to install `include/my_vehicle_interface` instead and will be the default behavior of ament_auto_package from ROS 2 Kilted Kaiju. On distributions before Kilted, ament_auto_package behaves the same way when you use USE_SCOPED_HEADER_INSTALL_DIR option.[0m
[0.347s] -- Added test 'copyright' to check source files copyright and LICENSE
[0.354s] -- Added test 'cppcheck' to perform static code analysis on C / C++ code
[0.354s] -- Configured cppcheck include dirs: /workspace/src/vehicle/external/my_vehicle_interface/include
[0.354s] -- Configured cppcheck exclude dirs and/or files: 
[0.360s] -- Added test 'cpplint' to check C / C++ code against the Google style
[0.360s] -- Configured cpplint exclude dirs and/or files: 
[0.360s] -- Added test 'flake8' to check Python code syntax and style conventions
[0.362s] -- Added test 'lint_cmake' to check CMake code style
[0.363s] -- Added test 'pep257' to check Python code against some of the docstring style conventions in PEP 257
[0.370s] -- Added test 'uncrustify' to check C / C++ code style
[0.370s] -- Configured uncrustify additional arguments: 
[0.371s] -- Added test 'xmllint' to check XML markup files
[0.381s] -- Configuring done
[0.420s] -- Generating done
[0.436s] -- Build files have been written to: /workspace/build/my_vehicle_interface
[0.437s] Invoked command in '/workspace/build/my_vehicle_interface' returned '0': CMAKE_PREFIX_PATH=${CMAKE_PREFIX_PATH}:/opt/ros/humble /usr/bin/cmake /workspace/src/vehicle/external/my_vehicle_interface -DAMENT_CMAKE_SYMLINK_INSTALL=1 -DCMAKE_INSTALL_PREFIX=/workspace/install/my_vehicle_interface
[0.438s] Invoking command in '/workspace/build/my_vehicle_interface': CMAKE_PREFIX_PATH=${CMAKE_PREFIX_PATH}:/opt/ros/humble /usr/bin/cmake --build /workspace/build/my_vehicle_interface -- -j8 -l8
[0.462s] [35m[1mConsolidate compiler generated dependencies of target vehicle_interface_node[0m
[0.462s] [35m[1mConsolidate compiler generated dependencies of target my_vehicle_interface_lib[0m
[0.496s] [ 14%] [32mBuilding CXX object CMakeFiles/my_vehicle_interface_lib.dir/src/vehicle_interface_node.cpp.o[0m
[0.497s] [ 28%] [32mBuilding CXX object CMakeFiles/my_vehicle_interface_lib.dir/src/can_utils.cpp.o[0m
[0.528s] [ 42%] [32m[1mLinking CXX executable vehicle_interface_node[0m
[0.605s] [ 57%] Built target vehicle_interface_node
[10.119s] [ 71%] [32m[1mLinking CXX shared library libmy_vehicle_interface_lib.so[0m
[11.246s] [ 71%] Built target my_vehicle_interface_lib
[11.259s] [ 85%] [32mBuilding CXX object CMakeFiles/my_vehicle_interface_node.dir/src/main.cpp.o[0m
[12.482s] [100%] [32m[1mLinking CXX executable my_vehicle_interface_node[0m
[12.708s] [100%] Built target my_vehicle_interface_node
[12.719s] Invoked command in '/workspace/build/my_vehicle_interface' returned '0': CMAKE_PREFIX_PATH=${CMAKE_PREFIX_PATH}:/opt/ros/humble /usr/bin/cmake --build /workspace/build/my_vehicle_interface -- -j8 -l8
[12.727s] Invoking command in '/workspace/build/my_vehicle_interface': CMAKE_PREFIX_PATH=${CMAKE_PREFIX_PATH}:/opt/ros/humble /usr/bin/cmake --install /workspace/build/my_vehicle_interface
[12.730s] -- Install configuration: ""
[12.731s] -- Execute custom install script
[12.732s] -- Symlinking: /workspace/install/my_vehicle_interface/lib/my_vehicle_interface/vehicle_interface_node
[12.736s] -- Symlinking: /workspace/install/my_vehicle_interface/share/my_vehicle_interface/launch/vehicle_interface.launch.xml
[12.740s] -- Symlinking: /workspace/install/my_vehicle_interface/share/my_vehicle_interface/config/vehicle_interface.param.yaml
[12.744s] -- Symlinking: /workspace/install/my_vehicle_interface/include/my_vehicle_interface/can_utils.hpp
[12.747s] -- Symlinking: /workspace/install/my_vehicle_interface/include/my_vehicle_interface/vehicle_interface_node.hpp
[12.751s] -- Symlinking: /workspace/install/my_vehicle_interface/share/my_vehicle_interface/environment/library_path.sh
[12.755s] -- Symlinking: /workspace/install/my_vehicle_interface/share/my_vehicle_interface/environment/library_path.dsv
[12.759s] -- Symlinking: /workspace/install/my_vehicle_interface/lib/libmy_vehicle_interface_lib.so
[12.762s] -- Symlinking: /workspace/install/my_vehicle_interface/lib/my_vehicle_interface/my_vehicle_interface_node
[12.766s] -- Symlinking: /workspace/install/my_vehicle_interface/share/ament_index/resource_index/package_run_dependencies/my_vehicle_interface
[12.770s] -- Symlinking: /workspace/install/my_vehicle_interface/share/ament_index/resource_index/parent_prefix_path/my_vehicle_interface
[12.774s] -- Symlinking: /workspace/install/my_vehicle_interface/share/my_vehicle_interface/environment/ament_prefix_path.sh
[12.777s] -- Symlinking: /workspace/install/my_vehicle_interface/share/my_vehicle_interface/environment/ament_prefix_path.dsv
[12.780s] -- Symlinking: /workspace/install/my_vehicle_interface/share/my_vehicle_interface/environment/path.sh
[12.784s] -- Symlinking: /workspace/install/my_vehicle_interface/share/my_vehicle_interface/environment/path.dsv
[12.787s] -- Symlinking: /workspace/install/my_vehicle_interface/share/my_vehicle_interface/local_setup.bash
[12.790s] -- Symlinking: /workspace/install/my_vehicle_interface/share/my_vehicle_interface/local_setup.sh
[12.794s] -- Symlinking: /workspace/install/my_vehicle_interface/share/my_vehicle_interface/local_setup.zsh
[12.797s] -- Symlinking: /workspace/install/my_vehicle_interface/share/my_vehicle_interface/local_setup.dsv
[12.801s] -- Symlinking: /workspace/install/my_vehicle_interface/share/my_vehicle_interface/package.dsv
[12.804s] -- Symlinking: /workspace/install/my_vehicle_interface/share/ament_index/resource_index/packages/my_vehicle_interface
[12.808s] -- Symlinking: /workspace/install/my_vehicle_interface/share/ament_index/resource_index/rclcpp_components/my_vehicle_interface
[12.812s] -- Symlinking: /workspace/install/my_vehicle_interface/share/my_vehicle_interface/cmake/ament_cmake_export_dependencies-extras.cmake
[12.815s] -- Symlinking: /workspace/install/my_vehicle_interface/share/my_vehicle_interface/cmake/ament_cmake_export_include_directories-extras.cmake
[12.819s] -- Symlinking: /workspace/install/my_vehicle_interface/share/my_vehicle_interface/cmake/ament_cmake_export_libraries-extras.cmake
[12.822s] -- Symlinking: /workspace/install/my_vehicle_interface/share/my_vehicle_interface/cmake/my_vehicle_interfaceConfig.cmake
[12.826s] -- Symlinking: /workspace/install/my_vehicle_interface/share/my_vehicle_interface/cmake/my_vehicle_interfaceConfig-version.cmake
[12.829s] -- Symlinking: /workspace/install/my_vehicle_interface/share/my_vehicle_interface/package.xml
[12.836s] Invoked command in '/workspace/build/my_vehicle_interface' returned '0': CMAKE_PREFIX_PATH=${CMAKE_PREFIX_PATH}:/opt/ros/humble /usr/bin/cmake --install /workspace/build/my_vehicle_interface
