[0.014s] Invoking command in '/workspace/build/my_vehicle_interface': CMAKE_PREFIX_PATH=${CMAKE_PREFIX_PATH}:/opt/ros/humble /usr/bin/cmake --build /workspace/build/my_vehicle_interface -- -j8 -l8
[0.044s] -- Found ament_cmake_auto: 1.3.12 (/opt/ros/humble/share/ament_cmake_auto/cmake)
[0.112s] -- Override CMake install command with custom implementation using symlinks instead of copying resources
[0.173s] -- Found rosidl_generator_c: 3.1.7 (/opt/ros/humble/share/rosidl_generator_c/cmake)
[0.177s] -- Found rosidl_adapter: 3.1.7 (/opt/ros/humble/share/rosidl_adapter/cmake)
[0.177s] -- Found rosidl_generator_cpp: 3.1.7 (/opt/ros/humble/share/rosidl_generator_cpp/cmake)
[0.186s] -- Using all available rosidl_typesupport_c: rosidl_typesupport_fastrtps_c;rosidl_typesupport_introspection_c
[0.189s] -- Using all available rosidl_typesupport_cpp: rosidl_typesupport_fastrtps_cpp;rosidl_typesupport_introspection_cpp
[0.202s] -- Found rmw_implementation_cmake: 6.1.2 (/opt/ros/humble/share/rmw_implementation_cmake/cmake)
[0.212s] -- Found rmw_cyclonedds_cpp: 1.3.4 (/opt/ros/humble/share/rmw_cyclonedds_cpp/cmake)
[0.216s] -- Using RMW implementation 'rmw_cyclonedds_cpp' as default
[0.323s] -- Found ament_lint_auto: 0.12.14 (/opt/ros/humble/share/ament_lint_auto/cmake)
[0.324s] [0mIn this package, headers install destination is set to `include` by ament_auto_package. It is recommended to install `include/my_vehicle_interface` instead and will be the default behavior of ament_auto_package from ROS 2 Kilted Kaiju. On distributions before Kilted, ament_auto_package behaves the same way when you use USE_SCOPED_HEADER_INSTALL_DIR option.[0m
[0.334s] -- Added test 'copyright' to check source files copyright and LICENSE
[0.341s] -- Added test 'cppcheck' to perform static code analysis on C / C++ code
[0.341s] -- Configured cppcheck include dirs: /workspace/src/vehicle/external/my_vehicle_interface/include
[0.342s] -- Configured cppcheck exclude dirs and/or files: 
[0.348s] -- Added test 'cpplint' to check C / C++ code against the Google style
[0.348s] -- Configured cpplint exclude dirs and/or files: 
[0.349s] -- Added test 'flake8' to check Python code syntax and style conventions
[0.351s] -- Added test 'lint_cmake' to check CMake code style
[0.352s] -- Added test 'pep257' to check Python code against some of the docstring style conventions in PEP 257
[0.359s] -- Added test 'uncrustify' to check C / C++ code style
[0.359s] -- Configured uncrustify additional arguments: 
[0.361s] -- Added test 'xmllint' to check XML markup files
[0.370s] -- Configuring done
[0.410s] -- Generating done
[0.425s] -- Build files have been written to: /workspace/build/my_vehicle_interface
[0.444s] [35m[1mConsolidate compiler generated dependencies of target vehicle_interface_node[0m
[0.445s] [35m[1mConsolidate compiler generated dependencies of target my_vehicle_interface_lib[0m
[0.535s] [ 28%] Built target vehicle_interface_node
[0.550s] [ 57%] [32mBuilding CXX object CMakeFiles/my_vehicle_interface_lib.dir/src/vehicle_interface_node.cpp.o[0m
[0.550s] [ 57%] [32mBuilding CXX object CMakeFiles/my_vehicle_interface_lib.dir/src/can_utils.cpp.o[0m
[10.913s] [ 71%] [32m[1mLinking CXX shared library libmy_vehicle_interface_lib.so[0m
[12.070s] [ 71%] Built target my_vehicle_interface_lib
[12.081s] [35m[1mConsolidate compiler generated dependencies of target my_vehicle_interface_node[0m
[12.147s] [ 85%] [32mBuilding CXX object CMakeFiles/my_vehicle_interface_node.dir/src/main.cpp.o[0m
[13.417s] [100%] [32m[1mLinking CXX executable my_vehicle_interface_node[0m
[13.649s] [100%] Built target my_vehicle_interface_node
[13.663s] Invoked command in '/workspace/build/my_vehicle_interface' returned '0': CMAKE_PREFIX_PATH=${CMAKE_PREFIX_PATH}:/opt/ros/humble /usr/bin/cmake --build /workspace/build/my_vehicle_interface -- -j8 -l8
[13.672s] Invoking command in '/workspace/build/my_vehicle_interface': CMAKE_PREFIX_PATH=${CMAKE_PREFIX_PATH}:/opt/ros/humble /usr/bin/cmake --install /workspace/build/my_vehicle_interface
[13.678s] -- Install configuration: ""
[13.679s] -- Execute custom install script
[13.680s] -- Up-to-date symlink: /workspace/install/my_vehicle_interface/lib/my_vehicle_interface/vehicle_interface_node
[13.680s] -- Up-to-date symlink: /workspace/install/my_vehicle_interface/share/my_vehicle_interface/launch/vehicle_interface.launch.xml
[13.681s] -- Up-to-date symlink: /workspace/install/my_vehicle_interface/share/my_vehicle_interface/config/vehicle_interface.param.yaml
[13.681s] -- Up-to-date symlink: /workspace/install/my_vehicle_interface/include/my_vehicle_interface/can_utils.hpp
[13.682s] -- Up-to-date symlink: /workspace/install/my_vehicle_interface/include/my_vehicle_interface/vehicle_interface_node.hpp
[13.682s] -- Up-to-date symlink: /workspace/install/my_vehicle_interface/share/my_vehicle_interface/environment/library_path.sh
[13.684s] -- Up-to-date symlink: /workspace/install/my_vehicle_interface/share/my_vehicle_interface/environment/library_path.dsv
[13.684s] -- Up-to-date symlink: /workspace/install/my_vehicle_interface/lib/libmy_vehicle_interface_lib.so
[13.685s] -- Up-to-date symlink: /workspace/install/my_vehicle_interface/lib/my_vehicle_interface/my_vehicle_interface_node
[13.685s] -- Up-to-date symlink: /workspace/install/my_vehicle_interface/share/ament_index/resource_index/package_run_dependencies/my_vehicle_interface
[13.685s] -- Up-to-date symlink: /workspace/install/my_vehicle_interface/share/ament_index/resource_index/parent_prefix_path/my_vehicle_interface
[13.686s] -- Up-to-date symlink: /workspace/install/my_vehicle_interface/share/my_vehicle_interface/environment/ament_prefix_path.sh
[13.686s] -- Up-to-date symlink: /workspace/install/my_vehicle_interface/share/my_vehicle_interface/environment/ament_prefix_path.dsv
[13.686s] -- Up-to-date symlink: /workspace/install/my_vehicle_interface/share/my_vehicle_interface/environment/path.sh
[13.686s] -- Up-to-date symlink: /workspace/install/my_vehicle_interface/share/my_vehicle_interface/environment/path.dsv
[13.687s] -- Up-to-date symlink: /workspace/install/my_vehicle_interface/share/my_vehicle_interface/local_setup.bash
[13.687s] -- Up-to-date symlink: /workspace/install/my_vehicle_interface/share/my_vehicle_interface/local_setup.sh
[13.687s] -- Up-to-date symlink: /workspace/install/my_vehicle_interface/share/my_vehicle_interface/local_setup.zsh
[13.687s] -- Up-to-date symlink: /workspace/install/my_vehicle_interface/share/my_vehicle_interface/local_setup.dsv
[13.688s] -- Symlinking: /workspace/install/my_vehicle_interface/share/my_vehicle_interface/package.dsv
[13.693s] -- Up-to-date symlink: /workspace/install/my_vehicle_interface/share/ament_index/resource_index/packages/my_vehicle_interface
[13.694s] -- Up-to-date symlink: /workspace/install/my_vehicle_interface/share/ament_index/resource_index/rclcpp_components/my_vehicle_interface
[13.694s] -- Up-to-date symlink: /workspace/install/my_vehicle_interface/share/my_vehicle_interface/cmake/ament_cmake_export_dependencies-extras.cmake
[13.694s] -- Up-to-date symlink: /workspace/install/my_vehicle_interface/share/my_vehicle_interface/cmake/ament_cmake_export_include_directories-extras.cmake
[13.694s] -- Up-to-date symlink: /workspace/install/my_vehicle_interface/share/my_vehicle_interface/cmake/ament_cmake_export_libraries-extras.cmake
[13.695s] -- Up-to-date symlink: /workspace/install/my_vehicle_interface/share/my_vehicle_interface/cmake/my_vehicle_interfaceConfig.cmake
[13.695s] -- Up-to-date symlink: /workspace/install/my_vehicle_interface/share/my_vehicle_interface/cmake/my_vehicle_interfaceConfig-version.cmake
[13.695s] -- Up-to-date symlink: /workspace/install/my_vehicle_interface/share/my_vehicle_interface/package.xml
[13.700s] Invoked command in '/workspace/build/my_vehicle_interface' returned '0': CMAKE_PREFIX_PATH=${CMAKE_PREFIX_PATH}:/opt/ros/humble /usr/bin/cmake --install /workspace/build/my_vehicle_interface
