[0.016s] Invoking command in '/workspace/build/my_vehicle_interface': CMAKE_PREFIX_PATH=${CMAKE_PREFIX_PATH}:/opt/ros/humble /usr/bin/cmake --build /workspace/build/my_vehicle_interface -- -j8 -l8
[0.063s] [35m[1mConsolidate compiler generated dependencies of target my_vehicle_interface_lib[0m
[0.076s] [ 28%] Built target vehicle_interface_node
[0.139s] [ 57%] [32mBuilding CXX object CMakeFiles/my_vehicle_interface_lib.dir/src/can_utils.cpp.o[0m
[0.139s] [ 57%] [32mBuilding CXX object CMakeFiles/my_vehicle_interface_lib.dir/src/vehicle_interface_node.cpp.o[0m
[9.821s] [ 71%] [32m[1mLinking CXX shared library libmy_vehicle_interface_lib.so[0m
[10.937s] [ 71%] Built target my_vehicle_interface_lib
[10.950s] [35m[1mConsolidate compiler generated dependencies of target my_vehicle_interface_node[0m
[11.016s] [ 85%] [32mBuilding CXX object CMakeFiles/my_vehicle_interface_node.dir/src/main.cpp.o[0m
[12.339s] [100%] [32m[1mLinking CXX executable my_vehicle_interface_node[0m
[12.572s] [100%] Built target my_vehicle_interface_node
[12.589s] Invoked command in '/workspace/build/my_vehicle_interface' returned '0': CMAKE_PREFIX_PATH=${CMAKE_PREFIX_PATH}:/opt/ros/humble /usr/bin/cmake --build /workspace/build/my_vehicle_interface -- -j8 -l8
[12.599s] Invoking command in '/workspace/build/my_vehicle_interface': CMAKE_PREFIX_PATH=${CMAKE_PREFIX_PATH}:/opt/ros/humble /usr/bin/cmake --install /workspace/build/my_vehicle_interface
[12.605s] -- Install configuration: ""
[12.606s] -- Execute custom install script
[12.607s] -- Up-to-date symlink: /workspace/install/my_vehicle_interface/lib/my_vehicle_interface/vehicle_interface_node
[12.607s] -- Up-to-date symlink: /workspace/install/my_vehicle_interface/share/my_vehicle_interface/launch/vehicle_interface.launch.xml
[12.608s] -- Up-to-date symlink: /workspace/install/my_vehicle_interface/share/my_vehicle_interface/config/vehicle_interface.param.yaml
[12.608s] -- Up-to-date symlink: /workspace/install/my_vehicle_interface/include/my_vehicle_interface/can_utils.hpp
[12.609s] -- Up-to-date symlink: /workspace/install/my_vehicle_interface/include/my_vehicle_interface/vehicle_interface_node.hpp
[12.609s] -- Up-to-date symlink: /workspace/install/my_vehicle_interface/share/my_vehicle_interface/environment/library_path.sh
[12.609s] -- Up-to-date symlink: /workspace/install/my_vehicle_interface/share/my_vehicle_interface/environment/library_path.dsv
[12.610s] -- Up-to-date symlink: /workspace/install/my_vehicle_interface/lib/libmy_vehicle_interface_lib.so
[12.610s] -- Up-to-date symlink: /workspace/install/my_vehicle_interface/lib/my_vehicle_interface/my_vehicle_interface_node
[12.611s] -- Up-to-date symlink: /workspace/install/my_vehicle_interface/share/ament_index/resource_index/package_run_dependencies/my_vehicle_interface
[12.611s] -- Up-to-date symlink: /workspace/install/my_vehicle_interface/share/ament_index/resource_index/parent_prefix_path/my_vehicle_interface
[12.611s] -- Up-to-date symlink: /workspace/install/my_vehicle_interface/share/my_vehicle_interface/environment/ament_prefix_path.sh
[12.612s] -- Up-to-date symlink: /workspace/install/my_vehicle_interface/share/my_vehicle_interface/environment/ament_prefix_path.dsv
[12.612s] -- Up-to-date symlink: /workspace/install/my_vehicle_interface/share/my_vehicle_interface/environment/path.sh
[12.612s] -- Up-to-date symlink: /workspace/install/my_vehicle_interface/share/my_vehicle_interface/environment/path.dsv
[12.613s] -- Up-to-date symlink: /workspace/install/my_vehicle_interface/share/my_vehicle_interface/local_setup.bash
[12.613s] -- Up-to-date symlink: /workspace/install/my_vehicle_interface/share/my_vehicle_interface/local_setup.sh
[12.613s] -- Up-to-date symlink: /workspace/install/my_vehicle_interface/share/my_vehicle_interface/local_setup.zsh
[12.613s] -- Up-to-date symlink: /workspace/install/my_vehicle_interface/share/my_vehicle_interface/local_setup.dsv
[12.614s] -- Symlinking: /workspace/install/my_vehicle_interface/share/my_vehicle_interface/package.dsv
[12.620s] -- Up-to-date symlink: /workspace/install/my_vehicle_interface/share/ament_index/resource_index/packages/my_vehicle_interface
[12.621s] -- Up-to-date symlink: /workspace/install/my_vehicle_interface/share/ament_index/resource_index/rclcpp_components/my_vehicle_interface
[12.621s] -- Up-to-date symlink: /workspace/install/my_vehicle_interface/share/my_vehicle_interface/cmake/ament_cmake_export_dependencies-extras.cmake
[12.621s] -- Up-to-date symlink: /workspace/install/my_vehicle_interface/share/my_vehicle_interface/cmake/ament_cmake_export_include_directories-extras.cmake
[12.622s] -- Up-to-date symlink: /workspace/install/my_vehicle_interface/share/my_vehicle_interface/cmake/ament_cmake_export_libraries-extras.cmake
[12.622s] -- Up-to-date symlink: /workspace/install/my_vehicle_interface/share/my_vehicle_interface/cmake/my_vehicle_interfaceConfig.cmake
[12.622s] -- Up-to-date symlink: /workspace/install/my_vehicle_interface/share/my_vehicle_interface/cmake/my_vehicle_interfaceConfig-version.cmake
[12.623s] -- Up-to-date symlink: /workspace/install/my_vehicle_interface/share/my_vehicle_interface/package.xml
[12.626s] Invoked command in '/workspace/build/my_vehicle_interface' returned '0': CMAKE_PREFIX_PATH=${CMAKE_PREFIX_PATH}:/opt/ros/humble /usr/bin/cmake --install /workspace/build/my_vehicle_interface
