[1.094s] Invoking command in '/workspace/modules/detection/detection_ws/build/autoware_tensorrt_yolox': PYTHONPATH=/workspace/modules/detection/detection_ws/build/autoware_tensorrt_yolox/prefix_override:/usr/lib/python3/dist-packages/colcon_core/task/python/colcon_distutils_commands:/workspace/modules/detection/detection_ws/install/autoware_tensorrt_yolox/lib/python3.10/site-packages:${PYTHONPATH} /usr/bin/python3 -W ignore:setup.py install is deprecated -W ignore:easy_install command is deprecated setup.py develop --editable --build-directory /workspace/modules/detection/detection_ws/build/autoware_tensorrt_yolox/build --no-deps symlink_data
[1.416s] running develop
[1.576s] running egg_info
[1.578s] creating autoware_tensorrt_yolox.egg-info
[1.579s] writing autoware_tensorrt_yolox.egg-info/PKG-INFO
[1.582s] writing dependency_links to autoware_tensorrt_yolox.egg-info/dependency_links.txt
[1.584s] writing entry points to autoware_tensorrt_yolox.egg-info/entry_points.txt
[1.588s] writing requirements to autoware_tensorrt_yolox.egg-info/requires.txt
[1.589s] writing top-level names to autoware_tensorrt_yolox.egg-info/top_level.txt
[1.590s] writing manifest file 'autoware_tensorrt_yolox.egg-info/SOURCES.txt'
[1.601s] reading manifest file 'autoware_tensorrt_yolox.egg-info/SOURCES.txt'
[1.603s] writing manifest file 'autoware_tensorrt_yolox.egg-info/SOURCES.txt'
[1.606s] running build_ext
[1.607s] Creating /workspace/modules/detection/detection_ws/install/autoware_tensorrt_yolox/lib/python3.10/site-packages/autoware-tensorrt-yolox.egg-link (link to .)
[1.626s] Installing yolov8_node script to /workspace/modules/detection/detection_ws/install/autoware_tensorrt_yolox/lib/autoware_tensorrt_yolox
[1.633s] Installing yolox_node script to /workspace/modules/detection/detection_ws/install/autoware_tensorrt_yolox/lib/autoware_tensorrt_yolox
[1.636s] 
[1.639s] Installed /workspace/modules/detection/detection_ws/build/autoware_tensorrt_yolox
[1.639s] running symlink_data
[1.641s] creating /workspace/modules/detection/detection_ws/install/autoware_tensorrt_yolox/share/ament_index
[1.643s] creating /workspace/modules/detection/detection_ws/install/autoware_tensorrt_yolox/share/ament_index/resource_index
[1.645s] creating /workspace/modules/detection/detection_ws/install/autoware_tensorrt_yolox/share/ament_index/resource_index/packages
[1.647s] symbolically linking /workspace/modules/detection/detection_ws/build/autoware_tensorrt_yolox/resource/autoware_tensorrt_yolox -> /workspace/modules/detection/detection_ws/install/autoware_tensorrt_yolox/share/ament_index/resource_index/packages
[1.649s] symbolically linking /workspace/modules/detection/detection_ws/build/autoware_tensorrt_yolox/package.xml -> /workspace/modules/detection/detection_ws/install/autoware_tensorrt_yolox/share/autoware_tensorrt_yolox
[1.650s] creating /workspace/modules/detection/detection_ws/install/autoware_tensorrt_yolox/share/autoware_tensorrt_yolox/launch
[1.651s] symbolically linking /workspace/modules/detection/detection_ws/build/autoware_tensorrt_yolox/launch/yolox.launch.xml -> /workspace/modules/detection/detection_ws/install/autoware_tensorrt_yolox/share/autoware_tensorrt_yolox/launch
[1.652s] symbolically linking /workspace/modules/detection/detection_ws/build/autoware_tensorrt_yolox/launch/yolov8.launch.xml -> /workspace/modules/detection/detection_ws/install/autoware_tensorrt_yolox/share/autoware_tensorrt_yolox/launch
[1.718s] Invoked command in '/workspace/modules/detection/detection_ws/build/autoware_tensorrt_yolox' returned '0': PYTHONPATH=/workspace/modules/detection/detection_ws/build/autoware_tensorrt_yolox/prefix_override:/usr/lib/python3/dist-packages/colcon_core/task/python/colcon_distutils_commands:/workspace/modules/detection/detection_ws/install/autoware_tensorrt_yolox/lib/python3.10/site-packages:${PYTHONPATH} /usr/bin/python3 -W ignore:setup.py install is deprecated -W ignore:easy_install command is deprecated setup.py develop --editable --build-directory /workspace/modules/detection/detection_ws/build/autoware_tensorrt_yolox/build --no-deps symlink_data
