[0.126s] DEBUG:colcon:Command line arguments: ['/usr/bin/colcon', 'build', '--symlink-install', '--packages-up-to', 'autoware_tensorrt_yolox', 'autoware_bytetrack', 'autoware_detection_autoware_bridge', 'tier4_perception_launch']
[0.126s] DEBUG:colcon:Parsed command line arguments: Namespace(log_base=None, log_level=None, verb_name='build', build_base='build', install_base='install', merge_install=False, symlink_install=True, test_result_base=None, continue_on_error=False, executor='parallel', parallel_workers=8, event_handlers=None, ignore_user_meta=False, metas=['./colcon.meta'], base_paths=['.'], packages_ignore=None, packages_ignore_regex=None, paths=None, packages_up_to=['autoware_tensorrt_yolox', 'autoware_bytetrack', 'autoware_detection_autoware_bridge', 'tier4_perception_launch'], packages_up_to_regex=None, packages_above=None, packages_above_and_dependencies=None, packages_above_depth=None, packages_select_by_dep=None, packages_skip_by_dep=None, packages_skip_up_to=None, packages_select_build_failed=False, packages_skip_build_finished=False, packages_select_test_failures=False, packages_skip_test_passed=False, packages_select=None, packages_skip=None, packages_select_regex=None, packages_skip_regex=None, packages_start=None, packages_end=None, cmake_args=None, cmake_target=None, cmake_target_skip_unavailable=False, cmake_clean_cache=False, cmake_clean_first=False, cmake_force_configure=False, ament_cmake_args=None, catkin_cmake_args=None, catkin_skip_building_tests=False, mixin_files=None, mixin=None, verb_parser=<colcon_mixin.mixin.mixin_argument.MixinArgumentDecorator object at 0xffff911d65c0>, verb_extension=<colcon_core.verb.build.BuildVerb object at 0xffff912f3490>, main=<bound method BuildVerb.main of <colcon_core.verb.build.BuildVerb object at 0xffff912f3490>>, mixin_verb=('build',))
[0.339s] Level 1:colcon.colcon_core.package_discovery:discover_packages(colcon_meta) check parameters
[0.339s] Level 1:colcon.colcon_core.package_discovery:discover_packages(recursive) check parameters
[0.339s] Level 1:colcon.colcon_core.package_discovery:discover_packages(ignore) check parameters
[0.339s] Level 1:colcon.colcon_core.package_discovery:discover_packages(path) check parameters
[0.339s] Level 1:colcon.colcon_core.package_discovery:discover_packages(colcon_meta) discover
[0.339s] Level 1:colcon.colcon_core.package_discovery:discover_packages(recursive) discover
[0.339s] INFO:colcon.colcon_core.package_discovery:Crawling recursively for packages in '/workspace/modules/perception/detection_ws'
[0.339s] Level 1:colcon.colcon_core.package_identification:_identify(.) by extensions ['ignore', 'ignore_ament_install']
[0.340s] Level 1:colcon.colcon_core.package_identification:_identify(.) by extension 'ignore'
[0.340s] Level 1:colcon.colcon_core.package_identification:_identify(.) by extension 'ignore_ament_install'
[0.340s] Level 1:colcon.colcon_core.package_identification:_identify(.) by extensions ['colcon_pkg']
[0.340s] Level 1:colcon.colcon_core.package_identification:_identify(.) by extension 'colcon_pkg'
[0.340s] Level 1:colcon.colcon_core.package_identification:_identify(.) by extensions ['colcon_meta']
[0.340s] Level 1:colcon.colcon_core.package_identification:_identify(.) by extension 'colcon_meta'
[0.340s] Level 1:colcon.colcon_core.package_identification:_identify(.) by extensions ['ros']
[0.340s] Level 1:colcon.colcon_core.package_identification:_identify(.) by extension 'ros'
[0.353s] Level 1:colcon.colcon_core.package_identification:_identify(.) by extensions ['cmake', 'python']
[0.353s] Level 1:colcon.colcon_core.package_identification:_identify(.) by extension 'cmake'
[0.353s] Level 1:colcon.colcon_core.package_identification:_identify(.) by extension 'python'
[0.353s] Level 1:colcon.colcon_core.package_identification:_identify(.) by extensions ['python_setup_py']
[0.353s] Level 1:colcon.colcon_core.package_identification:_identify(.) by extension 'python_setup_py'
[0.353s] Level 1:colcon.colcon_core.package_identification:_identify(build) by extensions ['ignore', 'ignore_ament_install']
[0.354s] Level 1:colcon.colcon_core.package_identification:_identify(build) by extension 'ignore'
[0.354s] Level 1:colcon.colcon_core.package_identification:_identify(build) ignored
[0.354s] Level 1:colcon.colcon_core.package_identification:_identify(install) by extensions ['ignore', 'ignore_ament_install']
[0.354s] Level 1:colcon.colcon_core.package_identification:_identify(install) by extension 'ignore'
[0.354s] Level 1:colcon.colcon_core.package_identification:_identify(install) ignored
[0.354s] Level 1:colcon.colcon_core.package_identification:_identify(log) by extensions ['ignore', 'ignore_ament_install']
[0.355s] Level 1:colcon.colcon_core.package_identification:_identify(log) by extension 'ignore'
[0.355s] Level 1:colcon.colcon_core.package_identification:_identify(log) ignored
[0.355s] Level 1:colcon.colcon_core.package_identification:_identify(src) by extensions ['ignore', 'ignore_ament_install']
[0.355s] Level 1:colcon.colcon_core.package_identification:_identify(src) by extension 'ignore'
[0.355s] Level 1:colcon.colcon_core.package_identification:_identify(src) by extension 'ignore_ament_install'
[0.355s] Level 1:colcon.colcon_core.package_identification:_identify(src) by extensions ['colcon_pkg']
[0.355s] Level 1:colcon.colcon_core.package_identification:_identify(src) by extension 'colcon_pkg'
[0.355s] Level 1:colcon.colcon_core.package_identification:_identify(src) by extensions ['colcon_meta']
[0.355s] Level 1:colcon.colcon_core.package_identification:_identify(src) by extension 'colcon_meta'
[0.356s] Level 1:colcon.colcon_core.package_identification:_identify(src) by extensions ['ros']
[0.356s] Level 1:colcon.colcon_core.package_identification:_identify(src) by extension 'ros'
[0.356s] Level 1:colcon.colcon_core.package_identification:_identify(src) by extensions ['cmake', 'python']
[0.356s] Level 1:colcon.colcon_core.package_identification:_identify(src) by extension 'cmake'
[0.356s] Level 1:colcon.colcon_core.package_identification:_identify(src) by extension 'python'
[0.356s] Level 1:colcon.colcon_core.package_identification:_identify(src) by extensions ['python_setup_py']
[0.356s] Level 1:colcon.colcon_core.package_identification:_identify(src) by extension 'python_setup_py'
[0.357s] Level 1:colcon.colcon_core.package_identification:_identify(src/autoware_bytetrack) by extensions ['ignore', 'ignore_ament_install']
[0.357s] Level 1:colcon.colcon_core.package_identification:_identify(src/autoware_bytetrack) by extension 'ignore'
[0.357s] Level 1:colcon.colcon_core.package_identification:_identify(src/autoware_bytetrack) by extension 'ignore_ament_install'
[0.357s] Level 1:colcon.colcon_core.package_identification:_identify(src/autoware_bytetrack) by extensions ['colcon_pkg']
[0.357s] Level 1:colcon.colcon_core.package_identification:_identify(src/autoware_bytetrack) by extension 'colcon_pkg'
[0.357s] Level 1:colcon.colcon_core.package_identification:_identify(src/autoware_bytetrack) by extensions ['colcon_meta']
[0.357s] Level 1:colcon.colcon_core.package_identification:_identify(src/autoware_bytetrack) by extension 'colcon_meta'
[0.357s] Level 1:colcon.colcon_core.package_identification:_identify(src/autoware_bytetrack) by extensions ['ros']
[0.357s] Level 1:colcon.colcon_core.package_identification:_identify(src/autoware_bytetrack) by extension 'ros'
[0.360s] DEBUG:colcon.colcon_core.package_identification:Package 'src/autoware_bytetrack' with type 'ros.ament_python' and name 'autoware_bytetrack'
[0.360s] Level 1:colcon.colcon_core.package_identification:_identify(src/autoware_detection_autoware_bridge) by extensions ['ignore', 'ignore_ament_install']
[0.361s] Level 1:colcon.colcon_core.package_identification:_identify(src/autoware_detection_autoware_bridge) by extension 'ignore'
[0.361s] Level 1:colcon.colcon_core.package_identification:_identify(src/autoware_detection_autoware_bridge) by extension 'ignore_ament_install'
[0.361s] Level 1:colcon.colcon_core.package_identification:_identify(src/autoware_detection_autoware_bridge) by extensions ['colcon_pkg']
[0.361s] Level 1:colcon.colcon_core.package_identification:_identify(src/autoware_detection_autoware_bridge) by extension 'colcon_pkg'
[0.361s] Level 1:colcon.colcon_core.package_identification:_identify(src/autoware_detection_autoware_bridge) by extensions ['colcon_meta']
[0.361s] Level 1:colcon.colcon_core.package_identification:_identify(src/autoware_detection_autoware_bridge) by extension 'colcon_meta'
[0.361s] Level 1:colcon.colcon_core.package_identification:_identify(src/autoware_detection_autoware_bridge) by extensions ['ros']
[0.361s] Level 1:colcon.colcon_core.package_identification:_identify(src/autoware_detection_autoware_bridge) by extension 'ros'
[0.362s] DEBUG:colcon.colcon_core.package_identification:Package 'src/autoware_detection_autoware_bridge' with type 'ros.ament_python' and name 'autoware_detection_autoware_bridge'
[0.362s] Level 1:colcon.colcon_core.package_identification:_identify(src/autoware_tensorrt_yolox) by extensions ['ignore', 'ignore_ament_install']
[0.363s] Level 1:colcon.colcon_core.package_identification:_identify(src/autoware_tensorrt_yolox) by extension 'ignore'
[0.363s] Level 1:colcon.colcon_core.package_identification:_identify(src/autoware_tensorrt_yolox) by extension 'ignore_ament_install'
[0.363s] Level 1:colcon.colcon_core.package_identification:_identify(src/autoware_tensorrt_yolox) by extensions ['colcon_pkg']
[0.363s] Level 1:colcon.colcon_core.package_identification:_identify(src/autoware_tensorrt_yolox) by extension 'colcon_pkg'
[0.363s] Level 1:colcon.colcon_core.package_identification:_identify(src/autoware_tensorrt_yolox) by extensions ['colcon_meta']
[0.363s] Level 1:colcon.colcon_core.package_identification:_identify(src/autoware_tensorrt_yolox) by extension 'colcon_meta'
[0.363s] Level 1:colcon.colcon_core.package_identification:_identify(src/autoware_tensorrt_yolox) by extensions ['ros']
[0.363s] Level 1:colcon.colcon_core.package_identification:_identify(src/autoware_tensorrt_yolox) by extension 'ros'
[0.364s] DEBUG:colcon.colcon_core.package_identification:Package 'src/autoware_tensorrt_yolox' with type 'ros.ament_python' and name 'autoware_tensorrt_yolox'
[0.364s] Level 1:colcon.colcon_core.package_identification:_identify(src/autoware_traffic_light_classifier) by extensions ['ignore', 'ignore_ament_install']
[0.364s] Level 1:colcon.colcon_core.package_identification:_identify(src/autoware_traffic_light_classifier) by extension 'ignore'
[0.364s] Level 1:colcon.colcon_core.package_identification:_identify(src/autoware_traffic_light_classifier) by extension 'ignore_ament_install'
[0.365s] Level 1:colcon.colcon_core.package_identification:_identify(src/autoware_traffic_light_classifier) by extensions ['colcon_pkg']
[0.365s] Level 1:colcon.colcon_core.package_identification:_identify(src/autoware_traffic_light_classifier) by extension 'colcon_pkg'
[0.365s] Level 1:colcon.colcon_core.package_identification:_identify(src/autoware_traffic_light_classifier) by extensions ['colcon_meta']
[0.365s] Level 1:colcon.colcon_core.package_identification:_identify(src/autoware_traffic_light_classifier) by extension 'colcon_meta'
[0.365s] Level 1:colcon.colcon_core.package_identification:_identify(src/autoware_traffic_light_classifier) by extensions ['ros']
[0.365s] Level 1:colcon.colcon_core.package_identification:_identify(src/autoware_traffic_light_classifier) by extension 'ros'
[0.366s] DEBUG:colcon.colcon_core.package_identification:Package 'src/autoware_traffic_light_classifier' with type 'ros.ament_python' and name 'autoware_traffic_light_classifier'
[0.366s] Level 1:colcon.colcon_core.package_identification:_identify(src/tier4_perception_launch) by extensions ['ignore', 'ignore_ament_install']
[0.366s] Level 1:colcon.colcon_core.package_identification:_identify(src/tier4_perception_launch) by extension 'ignore'
[0.366s] Level 1:colcon.colcon_core.package_identification:_identify(src/tier4_perception_launch) by extension 'ignore_ament_install'
[0.366s] Level 1:colcon.colcon_core.package_identification:_identify(src/tier4_perception_launch) by extensions ['colcon_pkg']
[0.366s] Level 1:colcon.colcon_core.package_identification:_identify(src/tier4_perception_launch) by extension 'colcon_pkg'
[0.366s] Level 1:colcon.colcon_core.package_identification:_identify(src/tier4_perception_launch) by extensions ['colcon_meta']
[0.367s] Level 1:colcon.colcon_core.package_identification:_identify(src/tier4_perception_launch) by extension 'colcon_meta'
[0.367s] Level 1:colcon.colcon_core.package_identification:_identify(src/tier4_perception_launch) by extensions ['ros']
[0.367s] Level 1:colcon.colcon_core.package_identification:_identify(src/tier4_perception_launch) by extension 'ros'
[0.367s] DEBUG:colcon.colcon_core.package_identification:Package 'src/tier4_perception_launch' with type 'ros.ament_cmake' and name 'tier4_perception_launch'
[0.367s] Level 1:colcon.colcon_core.package_discovery:discover_packages(recursive) using defaults
[0.368s] Level 1:colcon.colcon_core.package_discovery:discover_packages(ignore) discover
[0.368s] Level 1:colcon.colcon_core.package_discovery:discover_packages(ignore) using defaults
[0.368s] Level 1:colcon.colcon_core.package_discovery:discover_packages(path) discover
[0.368s] Level 1:colcon.colcon_core.package_discovery:discover_packages(path) using defaults
[0.397s] Level 5:colcon.colcon_core.verb:set package 'autoware_bytetrack' build argument 'cmake_args' from command line to 'None'
[0.397s] Level 5:colcon.colcon_core.verb:set package 'autoware_bytetrack' build argument 'cmake_target' from command line to 'None'
[0.397s] Level 5:colcon.colcon_core.verb:set package 'autoware_bytetrack' build argument 'cmake_target_skip_unavailable' from command line to 'False'
[0.397s] Level 5:colcon.colcon_core.verb:set package 'autoware_bytetrack' build argument 'cmake_clean_cache' from command line to 'False'
[0.397s] Level 5:colcon.colcon_core.verb:set package 'autoware_bytetrack' build argument 'cmake_clean_first' from command line to 'False'
[0.397s] Level 5:colcon.colcon_core.verb:set package 'autoware_bytetrack' build argument 'cmake_force_configure' from command line to 'False'
[0.397s] Level 5:colcon.colcon_core.verb:set package 'autoware_bytetrack' build argument 'ament_cmake_args' from command line to 'None'
[0.397s] Level 5:colcon.colcon_core.verb:set package 'autoware_bytetrack' build argument 'catkin_cmake_args' from command line to 'None'
[0.397s] Level 5:colcon.colcon_core.verb:set package 'autoware_bytetrack' build argument 'catkin_skip_building_tests' from command line to 'False'
[0.397s] DEBUG:colcon.colcon_core.verb:Building package 'autoware_bytetrack' with the following arguments: {'ament_cmake_args': None, 'build_base': '/workspace/modules/perception/detection_ws/build/autoware_bytetrack', 'catkin_cmake_args': None, 'catkin_skip_building_tests': False, 'cmake_args': None, 'cmake_clean_cache': False, 'cmake_clean_first': False, 'cmake_force_configure': False, 'cmake_target': None, 'cmake_target_skip_unavailable': False, 'install_base': '/workspace/modules/perception/detection_ws/install/autoware_bytetrack', 'merge_install': False, 'path': '/workspace/modules/perception/detection_ws/src/autoware_bytetrack', 'symlink_install': True, 'test_result_base': None}
[0.398s] Level 5:colcon.colcon_core.verb:set package 'autoware_detection_autoware_bridge' build argument 'cmake_args' from command line to 'None'
[0.398s] Level 5:colcon.colcon_core.verb:set package 'autoware_detection_autoware_bridge' build argument 'cmake_target' from command line to 'None'
[0.398s] Level 5:colcon.colcon_core.verb:set package 'autoware_detection_autoware_bridge' build argument 'cmake_target_skip_unavailable' from command line to 'False'
[0.398s] Level 5:colcon.colcon_core.verb:set package 'autoware_detection_autoware_bridge' build argument 'cmake_clean_cache' from command line to 'False'
[0.398s] Level 5:colcon.colcon_core.verb:set package 'autoware_detection_autoware_bridge' build argument 'cmake_clean_first' from command line to 'False'
[0.398s] Level 5:colcon.colcon_core.verb:set package 'autoware_detection_autoware_bridge' build argument 'cmake_force_configure' from command line to 'False'
[0.398s] Level 5:colcon.colcon_core.verb:set package 'autoware_detection_autoware_bridge' build argument 'ament_cmake_args' from command line to 'None'
[0.398s] Level 5:colcon.colcon_core.verb:set package 'autoware_detection_autoware_bridge' build argument 'catkin_cmake_args' from command line to 'None'
[0.398s] Level 5:colcon.colcon_core.verb:set package 'autoware_detection_autoware_bridge' build argument 'catkin_skip_building_tests' from command line to 'False'
[0.398s] DEBUG:colcon.colcon_core.verb:Building package 'autoware_detection_autoware_bridge' with the following arguments: {'ament_cmake_args': None, 'build_base': '/workspace/modules/perception/detection_ws/build/autoware_detection_autoware_bridge', 'catkin_cmake_args': None, 'catkin_skip_building_tests': False, 'cmake_args': None, 'cmake_clean_cache': False, 'cmake_clean_first': False, 'cmake_force_configure': False, 'cmake_target': None, 'cmake_target_skip_unavailable': False, 'install_base': '/workspace/modules/perception/detection_ws/install/autoware_detection_autoware_bridge', 'merge_install': False, 'path': '/workspace/modules/perception/detection_ws/src/autoware_detection_autoware_bridge', 'symlink_install': True, 'test_result_base': None}
[0.399s] Level 5:colcon.colcon_core.verb:set package 'autoware_tensorrt_yolox' build argument 'cmake_args' from command line to 'None'
[0.399s] Level 5:colcon.colcon_core.verb:set package 'autoware_tensorrt_yolox' build argument 'cmake_target' from command line to 'None'
[0.399s] Level 5:colcon.colcon_core.verb:set package 'autoware_tensorrt_yolox' build argument 'cmake_target_skip_unavailable' from command line to 'False'
[0.399s] Level 5:colcon.colcon_core.verb:set package 'autoware_tensorrt_yolox' build argument 'cmake_clean_cache' from command line to 'False'
[0.399s] Level 5:colcon.colcon_core.verb:set package 'autoware_tensorrt_yolox' build argument 'cmake_clean_first' from command line to 'False'
[0.399s] Level 5:colcon.colcon_core.verb:set package 'autoware_tensorrt_yolox' build argument 'cmake_force_configure' from command line to 'False'
[0.399s] Level 5:colcon.colcon_core.verb:set package 'autoware_tensorrt_yolox' build argument 'ament_cmake_args' from command line to 'None'
[0.399s] Level 5:colcon.colcon_core.verb:set package 'autoware_tensorrt_yolox' build argument 'catkin_cmake_args' from command line to 'None'
[0.399s] Level 5:colcon.colcon_core.verb:set package 'autoware_tensorrt_yolox' build argument 'catkin_skip_building_tests' from command line to 'False'
[0.399s] DEBUG:colcon.colcon_core.verb:Building package 'autoware_tensorrt_yolox' with the following arguments: {'ament_cmake_args': None, 'build_base': '/workspace/modules/perception/detection_ws/build/autoware_tensorrt_yolox', 'catkin_cmake_args': None, 'catkin_skip_building_tests': False, 'cmake_args': None, 'cmake_clean_cache': False, 'cmake_clean_first': False, 'cmake_force_configure': False, 'cmake_target': None, 'cmake_target_skip_unavailable': False, 'install_base': '/workspace/modules/perception/detection_ws/install/autoware_tensorrt_yolox', 'merge_install': False, 'path': '/workspace/modules/perception/detection_ws/src/autoware_tensorrt_yolox', 'symlink_install': True, 'test_result_base': None}
[0.399s] Level 5:colcon.colcon_core.verb:set package 'autoware_traffic_light_classifier' build argument 'cmake_args' from command line to 'None'
[0.399s] Level 5:colcon.colcon_core.verb:set package 'autoware_traffic_light_classifier' build argument 'cmake_target' from command line to 'None'
[0.399s] Level 5:colcon.colcon_core.verb:set package 'autoware_traffic_light_classifier' build argument 'cmake_target_skip_unavailable' from command line to 'False'
[0.399s] Level 5:colcon.colcon_core.verb:set package 'autoware_traffic_light_classifier' build argument 'cmake_clean_cache' from command line to 'False'
[0.399s] Level 5:colcon.colcon_core.verb:set package 'autoware_traffic_light_classifier' build argument 'cmake_clean_first' from command line to 'False'
[0.399s] Level 5:colcon.colcon_core.verb:set package 'autoware_traffic_light_classifier' build argument 'cmake_force_configure' from command line to 'False'
[0.399s] Level 5:colcon.colcon_core.verb:set package 'autoware_traffic_light_classifier' build argument 'ament_cmake_args' from command line to 'None'
[0.400s] Level 5:colcon.colcon_core.verb:set package 'autoware_traffic_light_classifier' build argument 'catkin_cmake_args' from command line to 'None'
[0.400s] Level 5:colcon.colcon_core.verb:set package 'autoware_traffic_light_classifier' build argument 'catkin_skip_building_tests' from command line to 'False'
[0.400s] DEBUG:colcon.colcon_core.verb:Building package 'autoware_traffic_light_classifier' with the following arguments: {'ament_cmake_args': None, 'build_base': '/workspace/modules/perception/detection_ws/build/autoware_traffic_light_classifier', 'catkin_cmake_args': None, 'catkin_skip_building_tests': False, 'cmake_args': None, 'cmake_clean_cache': False, 'cmake_clean_first': False, 'cmake_force_configure': False, 'cmake_target': None, 'cmake_target_skip_unavailable': False, 'install_base': '/workspace/modules/perception/detection_ws/install/autoware_traffic_light_classifier', 'merge_install': False, 'path': '/workspace/modules/perception/detection_ws/src/autoware_traffic_light_classifier', 'symlink_install': True, 'test_result_base': None}
[0.400s] Level 5:colcon.colcon_core.verb:set package 'tier4_perception_launch' build argument 'cmake_args' from command line to 'None'
[0.400s] Level 5:colcon.colcon_core.verb:set package 'tier4_perception_launch' build argument 'cmake_target' from command line to 'None'
[0.400s] Level 5:colcon.colcon_core.verb:set package 'tier4_perception_launch' build argument 'cmake_target_skip_unavailable' from command line to 'False'
[0.400s] Level 5:colcon.colcon_core.verb:set package 'tier4_perception_launch' build argument 'cmake_clean_cache' from command line to 'False'
[0.400s] Level 5:colcon.colcon_core.verb:set package 'tier4_perception_launch' build argument 'cmake_clean_first' from command line to 'False'
[0.400s] Level 5:colcon.colcon_core.verb:set package 'tier4_perception_launch' build argument 'cmake_force_configure' from command line to 'False'
[0.400s] Level 5:colcon.colcon_core.verb:set package 'tier4_perception_launch' build argument 'ament_cmake_args' from command line to 'None'
[0.400s] Level 5:colcon.colcon_core.verb:set package 'tier4_perception_launch' build argument 'catkin_cmake_args' from command line to 'None'
[0.400s] Level 5:colcon.colcon_core.verb:set package 'tier4_perception_launch' build argument 'catkin_skip_building_tests' from command line to 'False'
[0.400s] DEBUG:colcon.colcon_core.verb:Building package 'tier4_perception_launch' with the following arguments: {'ament_cmake_args': None, 'build_base': '/workspace/modules/perception/detection_ws/build/tier4_perception_launch', 'catkin_cmake_args': None, 'catkin_skip_building_tests': False, 'cmake_args': None, 'cmake_clean_cache': False, 'cmake_clean_first': False, 'cmake_force_configure': False, 'cmake_target': None, 'cmake_target_skip_unavailable': False, 'install_base': '/workspace/modules/perception/detection_ws/install/tier4_perception_launch', 'merge_install': False, 'path': '/workspace/modules/perception/detection_ws/src/tier4_perception_launch', 'symlink_install': True, 'test_result_base': None}
[0.400s] INFO:colcon.colcon_core.executor:Executing jobs using 'parallel' executor
[0.401s] DEBUG:colcon.colcon_parallel_executor.executor.parallel:run_until_complete
[0.401s] INFO:colcon.colcon_ros.task.ament_python.build:Building ROS package in '/workspace/modules/perception/detection_ws/src/autoware_bytetrack' with build type 'ament_python'
[0.402s] Level 1:colcon.colcon_core.shell:create_environment_hook('autoware_bytetrack', 'ament_prefix_path')
[0.405s] INFO:colcon.colcon_core.plugin_system:Skipping extension 'colcon_core.shell.bat': Not used on non-Windows systems
[0.405s] INFO:colcon.colcon_core.shell:Creating environment hook '/workspace/modules/perception/detection_ws/install/autoware_bytetrack/share/autoware_bytetrack/hook/ament_prefix_path.ps1'
[0.407s] INFO:colcon.colcon_core.shell:Creating environment descriptor '/workspace/modules/perception/detection_ws/install/autoware_bytetrack/share/autoware_bytetrack/hook/ament_prefix_path.dsv'
[0.408s] INFO:colcon.colcon_core.shell:Creating environment hook '/workspace/modules/perception/detection_ws/install/autoware_bytetrack/share/autoware_bytetrack/hook/ament_prefix_path.sh'
[0.409s] INFO:colcon.colcon_core.shell:Skip shell extension 'powershell' for command environment: Not usable outside of PowerShell
[0.409s] DEBUG:colcon.colcon_core.shell:Skip shell extension 'dsv' for command environment
[0.411s] WARNING:colcon.colcon_ros.prefix_path.ament:The path '/workspace/modules/perception/detection_ws/install/autoware_traffic_light_classifier' in the environment variable AMENT_PREFIX_PATH doesn't exist
[0.411s] WARNING:colcon.colcon_ros.prefix_path.ament:The path '/workspace/modules/perception/detection_ws/install/autoware_tensorrt_yolox' in the environment variable AMENT_PREFIX_PATH doesn't exist
[0.411s] WARNING:colcon.colcon_ros.prefix_path.ament:The path '/workspace/modules/perception/detection_ws/install/autoware_detection_autoware_bridge' in the environment variable AMENT_PREFIX_PATH doesn't exist
[0.412s] WARNING:colcon.colcon_ros.prefix_path.catkin:The path '/workspace/modules/perception/detection_ws/install/tier4_perception_launch' in the environment variable CMAKE_PREFIX_PATH doesn't exist
[0.423s] INFO:colcon.colcon_ros.task.ament_python.build:Building ROS package in '/workspace/modules/perception/detection_ws/src/autoware_detection_autoware_bridge' with build type 'ament_python'
[0.424s] Level 1:colcon.colcon_core.shell:create_environment_hook('autoware_detection_autoware_bridge', 'ament_prefix_path')
[0.424s] INFO:colcon.colcon_core.shell:Creating environment hook '/workspace/modules/perception/detection_ws/install/autoware_detection_autoware_bridge/share/autoware_detection_autoware_bridge/hook/ament_prefix_path.ps1'
[0.426s] INFO:colcon.colcon_core.shell:Creating environment descriptor '/workspace/modules/perception/detection_ws/install/autoware_detection_autoware_bridge/share/autoware_detection_autoware_bridge/hook/ament_prefix_path.dsv'
[0.426s] INFO:colcon.colcon_core.shell:Creating environment hook '/workspace/modules/perception/detection_ws/install/autoware_detection_autoware_bridge/share/autoware_detection_autoware_bridge/hook/ament_prefix_path.sh'
[0.427s] INFO:colcon.colcon_core.shell:Skip shell extension 'powershell' for command environment: Not usable outside of PowerShell
[0.427s] DEBUG:colcon.colcon_core.shell:Skip shell extension 'dsv' for command environment
[0.437s] INFO:colcon.colcon_ros.task.ament_python.build:Building ROS package in '/workspace/modules/perception/detection_ws/src/autoware_tensorrt_yolox' with build type 'ament_python'
[0.437s] Level 1:colcon.colcon_core.shell:create_environment_hook('autoware_tensorrt_yolox', 'ament_prefix_path')
[0.438s] INFO:colcon.colcon_core.shell:Creating environment hook '/workspace/modules/perception/detection_ws/install/autoware_tensorrt_yolox/share/autoware_tensorrt_yolox/hook/ament_prefix_path.ps1'
[0.439s] INFO:colcon.colcon_core.shell:Creating environment descriptor '/workspace/modules/perception/detection_ws/install/autoware_tensorrt_yolox/share/autoware_tensorrt_yolox/hook/ament_prefix_path.dsv'
[0.440s] INFO:colcon.colcon_core.shell:Creating environment hook '/workspace/modules/perception/detection_ws/install/autoware_tensorrt_yolox/share/autoware_tensorrt_yolox/hook/ament_prefix_path.sh'
[0.441s] INFO:colcon.colcon_core.shell:Skip shell extension 'powershell' for command environment: Not usable outside of PowerShell
[0.441s] DEBUG:colcon.colcon_core.shell:Skip shell extension 'dsv' for command environment
[0.451s] INFO:colcon.colcon_ros.task.ament_python.build:Building ROS package in '/workspace/modules/perception/detection_ws/src/autoware_traffic_light_classifier' with build type 'ament_python'
[0.451s] Level 1:colcon.colcon_core.shell:create_environment_hook('autoware_traffic_light_classifier', 'ament_prefix_path')
[0.451s] INFO:colcon.colcon_core.shell:Creating environment hook '/workspace/modules/perception/detection_ws/install/autoware_traffic_light_classifier/share/autoware_traffic_light_classifier/hook/ament_prefix_path.ps1'
[0.453s] INFO:colcon.colcon_core.shell:Creating environment descriptor '/workspace/modules/perception/detection_ws/install/autoware_traffic_light_classifier/share/autoware_traffic_light_classifier/hook/ament_prefix_path.dsv'
[0.453s] INFO:colcon.colcon_core.shell:Creating environment hook '/workspace/modules/perception/detection_ws/install/autoware_traffic_light_classifier/share/autoware_traffic_light_classifier/hook/ament_prefix_path.sh'
[0.454s] INFO:colcon.colcon_core.shell:Skip shell extension 'powershell' for command environment: Not usable outside of PowerShell
[0.454s] DEBUG:colcon.colcon_core.shell:Skip shell extension 'dsv' for command environment
[0.664s] INFO:colcon.colcon_core.task.python.build:Building Python package in '/workspace/modules/perception/detection_ws/src/autoware_bytetrack'
[0.665s] INFO:colcon.colcon_core.shell:Skip shell extension 'powershell' for command environment: Not usable outside of PowerShell
[0.665s] DEBUG:colcon.colcon_core.shell:Skip shell extension 'dsv' for command environment
[0.872s] INFO:colcon.colcon_core.task.python.build:Building Python package in '/workspace/modules/perception/detection_ws/src/autoware_detection_autoware_bridge'
[0.873s] INFO:colcon.colcon_core.shell:Skip shell extension 'powershell' for command environment: Not usable outside of PowerShell
[0.873s] DEBUG:colcon.colcon_core.shell:Skip shell extension 'dsv' for command environment
[1.073s] INFO:colcon.colcon_core.task.python.build:Building Python package in '/workspace/modules/perception/detection_ws/src/autoware_tensorrt_yolox'
[1.074s] INFO:colcon.colcon_core.shell:Skip shell extension 'powershell' for command environment: Not usable outside of PowerShell
[1.074s] DEBUG:colcon.colcon_core.shell:Skip shell extension 'dsv' for command environment
[1.272s] INFO:colcon.colcon_core.task.python.build:Building Python package in '/workspace/modules/perception/detection_ws/src/autoware_traffic_light_classifier'
[1.272s] INFO:colcon.colcon_core.shell:Skip shell extension 'powershell' for command environment: Not usable outside of PowerShell
[1.272s] DEBUG:colcon.colcon_core.shell:Skip shell extension 'dsv' for command environment
[1.727s] DEBUG:colcon.colcon_core.event_handler.log_command:Invoking command in '/workspace/modules/perception/detection_ws/build/autoware_traffic_light_classifier': PYTHONPATH=/workspace/modules/perception/detection_ws/build/autoware_traffic_light_classifier/prefix_override:/usr/lib/python3/dist-packages/colcon_core/task/python/colcon_distutils_commands:/workspace/modules/perception/detection_ws/install/autoware_traffic_light_classifier/lib/python3.10/site-packages:${PYTHONPATH} /usr/bin/python3 -W ignore:setup.py install is deprecated -W ignore:easy_install command is deprecated setup.py develop --editable --build-directory /workspace/modules/perception/detection_ws/build/autoware_traffic_light_classifier/build --no-deps symlink_data
[1.735s] DEBUG:colcon.colcon_core.event_handler.log_command:Invoking command in '/workspace/modules/perception/detection_ws/build/autoware_tensorrt_yolox': PYTHONPATH=/workspace/modules/perception/detection_ws/build/autoware_tensorrt_yolox/prefix_override:/usr/lib/python3/dist-packages/colcon_core/task/python/colcon_distutils_commands:/workspace/modules/perception/detection_ws/install/autoware_tensorrt_yolox/lib/python3.10/site-packages:${PYTHONPATH} /usr/bin/python3 -W ignore:setup.py install is deprecated -W ignore:easy_install command is deprecated setup.py develop --editable --build-directory /workspace/modules/perception/detection_ws/build/autoware_tensorrt_yolox/build --no-deps symlink_data
[1.744s] DEBUG:colcon.colcon_core.event_handler.log_command:Invoking command in '/workspace/modules/perception/detection_ws/build/autoware_bytetrack': PYTHONPATH=/workspace/modules/perception/detection_ws/build/autoware_bytetrack/prefix_override:/usr/lib/python3/dist-packages/colcon_core/task/python/colcon_distutils_commands:/workspace/modules/perception/detection_ws/install/autoware_bytetrack/lib/python3.10/site-packages:${PYTHONPATH} /usr/bin/python3 -W ignore:setup.py install is deprecated -W ignore:easy_install command is deprecated setup.py develop --editable --build-directory /workspace/modules/perception/detection_ws/build/autoware_bytetrack/build --no-deps symlink_data
[1.758s] DEBUG:colcon.colcon_core.event_handler.log_command:Invoking command in '/workspace/modules/perception/detection_ws/build/autoware_detection_autoware_bridge': PYTHONPATH=/workspace/modules/perception/detection_ws/build/autoware_detection_autoware_bridge/prefix_override:/usr/lib/python3/dist-packages/colcon_core/task/python/colcon_distutils_commands:/workspace/modules/perception/detection_ws/install/autoware_detection_autoware_bridge/lib/python3.10/site-packages:${PYTHONPATH} /usr/bin/python3 -W ignore:setup.py install is deprecated -W ignore:easy_install command is deprecated setup.py develop --editable --build-directory /workspace/modules/perception/detection_ws/build/autoware_detection_autoware_bridge/build --no-deps symlink_data
[2.305s] Level 1:colcon.colcon_core.shell:create_environment_hook('autoware_traffic_light_classifier', 'pythonpath_develop')
[2.307s] INFO:colcon.colcon_core.shell:Creating environment hook '/workspace/modules/perception/detection_ws/build/autoware_traffic_light_classifier/share/autoware_traffic_light_classifier/hook/pythonpath_develop.ps1'
[2.312s] DEBUG:colcon.colcon_core.event_handler.log_command:Invoked command in '/workspace/modules/perception/detection_ws/build/autoware_traffic_light_classifier' returned '0': PYTHONPATH=/workspace/modules/perception/detection_ws/build/autoware_traffic_light_classifier/prefix_override:/usr/lib/python3/dist-packages/colcon_core/task/python/colcon_distutils_commands:/workspace/modules/perception/detection_ws/install/autoware_traffic_light_classifier/lib/python3.10/site-packages:${PYTHONPATH} /usr/bin/python3 -W ignore:setup.py install is deprecated -W ignore:easy_install command is deprecated setup.py develop --editable --build-directory /workspace/modules/perception/detection_ws/build/autoware_traffic_light_classifier/build --no-deps symlink_data
[2.314s] INFO:colcon.colcon_core.shell:Creating environment descriptor '/workspace/modules/perception/detection_ws/build/autoware_traffic_light_classifier/share/autoware_traffic_light_classifier/hook/pythonpath_develop.dsv'
[2.316s] INFO:colcon.colcon_core.shell:Creating environment hook '/workspace/modules/perception/detection_ws/build/autoware_traffic_light_classifier/share/autoware_traffic_light_classifier/hook/pythonpath_develop.sh'
[2.327s] Level 1:colcon.colcon_core.environment:checking '/workspace/modules/perception/detection_ws/install/autoware_traffic_light_classifier' for CMake module files
[2.333s] Level 1:colcon.colcon_core.environment:checking '/workspace/modules/perception/detection_ws/install/autoware_traffic_light_classifier' for CMake config files
[2.347s] Level 1:colcon.colcon_core.environment:checking '/workspace/modules/perception/detection_ws/install/autoware_traffic_light_classifier/lib'
[2.348s] Level 1:colcon.colcon_core.environment:checking '/workspace/modules/perception/detection_ws/install/autoware_traffic_light_classifier/bin'
[2.349s] Level 1:colcon.colcon_core.environment:checking '/workspace/modules/perception/detection_ws/install/autoware_traffic_light_classifier/lib/pkgconfig/autoware_traffic_light_classifier.pc'
[2.349s] Level 1:colcon.colcon_core.environment:checking '/workspace/modules/perception/detection_ws/install/autoware_traffic_light_classifier/lib/python3.10/site-packages'
[2.350s] Level 1:colcon.colcon_core.shell:create_environment_hook('autoware_traffic_light_classifier', 'pythonpath')
[2.352s] INFO:colcon.colcon_core.shell:Creating environment hook '/workspace/modules/perception/detection_ws/install/autoware_traffic_light_classifier/share/autoware_traffic_light_classifier/hook/pythonpath.ps1'
[2.354s] INFO:colcon.colcon_core.shell:Creating environment descriptor '/workspace/modules/perception/detection_ws/install/autoware_traffic_light_classifier/share/autoware_traffic_light_classifier/hook/pythonpath.dsv'
[2.357s] INFO:colcon.colcon_core.shell:Creating environment hook '/workspace/modules/perception/detection_ws/install/autoware_traffic_light_classifier/share/autoware_traffic_light_classifier/hook/pythonpath.sh'
[2.361s] Level 1:colcon.colcon_core.environment:checking '/workspace/modules/perception/detection_ws/install/autoware_traffic_light_classifier/bin'
[2.361s] Level 1:colcon.colcon_core.environment:create_environment_scripts_only(autoware_traffic_light_classifier)
[2.361s] INFO:colcon.colcon_core.shell:Creating package script '/workspace/modules/perception/detection_ws/install/autoware_traffic_light_classifier/share/autoware_traffic_light_classifier/package.ps1'
[2.365s] INFO:colcon.colcon_core.shell:Creating package descriptor '/workspace/modules/perception/detection_ws/install/autoware_traffic_light_classifier/share/autoware_traffic_light_classifier/package.dsv'
[2.366s] INFO:colcon.colcon_core.shell:Creating package script '/workspace/modules/perception/detection_ws/install/autoware_traffic_light_classifier/share/autoware_traffic_light_classifier/package.sh'
[2.368s] INFO:colcon.colcon_core.shell:Creating package script '/workspace/modules/perception/detection_ws/install/autoware_traffic_light_classifier/share/autoware_traffic_light_classifier/package.bash'
[2.371s] INFO:colcon.colcon_core.shell:Creating package script '/workspace/modules/perception/detection_ws/install/autoware_traffic_light_classifier/share/autoware_traffic_light_classifier/package.zsh'
[2.372s] Level 1:colcon.colcon_core.environment:create_file_with_runtime_dependencies(/workspace/modules/perception/detection_ws/install/autoware_traffic_light_classifier/share/colcon-core/packages/autoware_traffic_light_classifier)
[2.375s] Level 1:colcon.colcon_core.shell:create_environment_hook('autoware_tensorrt_yolox', 'pythonpath_develop')
[2.375s] INFO:colcon.colcon_core.shell:Creating environment hook '/workspace/modules/perception/detection_ws/build/autoware_tensorrt_yolox/share/autoware_tensorrt_yolox/hook/pythonpath_develop.ps1'
[2.379s] DEBUG:colcon.colcon_core.event_handler.log_command:Invoked command in '/workspace/modules/perception/detection_ws/build/autoware_tensorrt_yolox' returned '0': PYTHONPATH=/workspace/modules/perception/detection_ws/build/autoware_tensorrt_yolox/prefix_override:/usr/lib/python3/dist-packages/colcon_core/task/python/colcon_distutils_commands:/workspace/modules/perception/detection_ws/install/autoware_tensorrt_yolox/lib/python3.10/site-packages:${PYTHONPATH} /usr/bin/python3 -W ignore:setup.py install is deprecated -W ignore:easy_install command is deprecated setup.py develop --editable --build-directory /workspace/modules/perception/detection_ws/build/autoware_tensorrt_yolox/build --no-deps symlink_data
[2.379s] INFO:colcon.colcon_core.shell:Creating environment descriptor '/workspace/modules/perception/detection_ws/build/autoware_tensorrt_yolox/share/autoware_tensorrt_yolox/hook/pythonpath_develop.dsv'
[2.380s] INFO:colcon.colcon_core.shell:Creating environment hook '/workspace/modules/perception/detection_ws/build/autoware_tensorrt_yolox/share/autoware_tensorrt_yolox/hook/pythonpath_develop.sh'
[2.381s] Level 1:colcon.colcon_core.environment:checking '/workspace/modules/perception/detection_ws/install/autoware_tensorrt_yolox' for CMake module files
[2.383s] Level 1:colcon.colcon_core.environment:checking '/workspace/modules/perception/detection_ws/install/autoware_tensorrt_yolox' for CMake config files
[2.387s] Level 1:colcon.colcon_core.environment:checking '/workspace/modules/perception/detection_ws/install/autoware_tensorrt_yolox/lib'
[2.387s] Level 1:colcon.colcon_core.environment:checking '/workspace/modules/perception/detection_ws/install/autoware_tensorrt_yolox/bin'
[2.387s] Level 1:colcon.colcon_core.environment:checking '/workspace/modules/perception/detection_ws/install/autoware_tensorrt_yolox/lib/pkgconfig/autoware_tensorrt_yolox.pc'
[2.388s] Level 1:colcon.colcon_core.environment:checking '/workspace/modules/perception/detection_ws/install/autoware_tensorrt_yolox/lib/python3.10/site-packages'
[2.388s] Level 1:colcon.colcon_core.shell:create_environment_hook('autoware_tensorrt_yolox', 'pythonpath')
[2.389s] INFO:colcon.colcon_core.shell:Creating environment hook '/workspace/modules/perception/detection_ws/install/autoware_tensorrt_yolox/share/autoware_tensorrt_yolox/hook/pythonpath.ps1'
[2.390s] INFO:colcon.colcon_core.shell:Creating environment descriptor '/workspace/modules/perception/detection_ws/install/autoware_tensorrt_yolox/share/autoware_tensorrt_yolox/hook/pythonpath.dsv'
[2.390s] INFO:colcon.colcon_core.shell:Creating environment hook '/workspace/modules/perception/detection_ws/install/autoware_tensorrt_yolox/share/autoware_tensorrt_yolox/hook/pythonpath.sh'
[2.392s] Level 1:colcon.colcon_core.environment:checking '/workspace/modules/perception/detection_ws/install/autoware_tensorrt_yolox/bin'
[2.392s] Level 1:colcon.colcon_core.environment:create_environment_scripts_only(autoware_tensorrt_yolox)
[2.392s] INFO:colcon.colcon_core.shell:Creating package script '/workspace/modules/perception/detection_ws/install/autoware_tensorrt_yolox/share/autoware_tensorrt_yolox/package.ps1'
[2.393s] INFO:colcon.colcon_core.shell:Creating package descriptor '/workspace/modules/perception/detection_ws/install/autoware_tensorrt_yolox/share/autoware_tensorrt_yolox/package.dsv'
[2.394s] INFO:colcon.colcon_core.shell:Creating package script '/workspace/modules/perception/detection_ws/install/autoware_tensorrt_yolox/share/autoware_tensorrt_yolox/package.sh'
[2.395s] INFO:colcon.colcon_core.shell:Creating package script '/workspace/modules/perception/detection_ws/install/autoware_tensorrt_yolox/share/autoware_tensorrt_yolox/package.bash'
[2.396s] INFO:colcon.colcon_core.shell:Creating package script '/workspace/modules/perception/detection_ws/install/autoware_tensorrt_yolox/share/autoware_tensorrt_yolox/package.zsh'
[2.397s] Level 1:colcon.colcon_core.environment:create_file_with_runtime_dependencies(/workspace/modules/perception/detection_ws/install/autoware_tensorrt_yolox/share/colcon-core/packages/autoware_tensorrt_yolox)
[2.398s] Level 1:colcon.colcon_core.shell:create_environment_hook('autoware_bytetrack', 'pythonpath_develop')
[2.399s] INFO:colcon.colcon_core.shell:Creating environment hook '/workspace/modules/perception/detection_ws/build/autoware_bytetrack/share/autoware_bytetrack/hook/pythonpath_develop.ps1'
[2.405s] INFO:colcon.colcon_core.shell:Creating environment descriptor '/workspace/modules/perception/detection_ws/build/autoware_bytetrack/share/autoware_bytetrack/hook/pythonpath_develop.dsv'
[2.407s] DEBUG:colcon.colcon_core.event_handler.log_command:Invoked command in '/workspace/modules/perception/detection_ws/build/autoware_bytetrack' returned '0': PYTHONPATH=/workspace/modules/perception/detection_ws/build/autoware_bytetrack/prefix_override:/usr/lib/python3/dist-packages/colcon_core/task/python/colcon_distutils_commands:/workspace/modules/perception/detection_ws/install/autoware_bytetrack/lib/python3.10/site-packages:${PYTHONPATH} /usr/bin/python3 -W ignore:setup.py install is deprecated -W ignore:easy_install command is deprecated setup.py develop --editable --build-directory /workspace/modules/perception/detection_ws/build/autoware_bytetrack/build --no-deps symlink_data
[2.408s] INFO:colcon.colcon_core.shell:Creating environment hook '/workspace/modules/perception/detection_ws/build/autoware_bytetrack/share/autoware_bytetrack/hook/pythonpath_develop.sh'
[2.410s] Level 1:colcon.colcon_core.environment:checking '/workspace/modules/perception/detection_ws/install/autoware_bytetrack' for CMake module files
[2.420s] Level 1:colcon.colcon_core.environment:checking '/workspace/modules/perception/detection_ws/install/autoware_bytetrack' for CMake config files
[2.428s] Level 1:colcon.colcon_core.environment:checking '/workspace/modules/perception/detection_ws/install/autoware_bytetrack/lib'
[2.429s] Level 1:colcon.colcon_core.environment:checking '/workspace/modules/perception/detection_ws/install/autoware_bytetrack/bin'
[2.430s] Level 1:colcon.colcon_core.environment:checking '/workspace/modules/perception/detection_ws/install/autoware_bytetrack/lib/pkgconfig/autoware_bytetrack.pc'
[2.430s] Level 1:colcon.colcon_core.environment:checking '/workspace/modules/perception/detection_ws/install/autoware_bytetrack/lib/python3.10/site-packages'
[2.431s] Level 1:colcon.colcon_core.shell:create_environment_hook('autoware_bytetrack', 'pythonpath')
[2.431s] INFO:colcon.colcon_core.shell:Creating environment hook '/workspace/modules/perception/detection_ws/install/autoware_bytetrack/share/autoware_bytetrack/hook/pythonpath.ps1'
[2.433s] INFO:colcon.colcon_core.shell:Creating environment descriptor '/workspace/modules/perception/detection_ws/install/autoware_bytetrack/share/autoware_bytetrack/hook/pythonpath.dsv'
[2.435s] INFO:colcon.colcon_core.shell:Creating environment hook '/workspace/modules/perception/detection_ws/install/autoware_bytetrack/share/autoware_bytetrack/hook/pythonpath.sh'
[2.438s] Level 1:colcon.colcon_core.environment:checking '/workspace/modules/perception/detection_ws/install/autoware_bytetrack/bin'
[2.439s] Level 1:colcon.colcon_core.environment:create_environment_scripts_only(autoware_bytetrack)
[2.439s] INFO:colcon.colcon_core.shell:Creating package script '/workspace/modules/perception/detection_ws/install/autoware_bytetrack/share/autoware_bytetrack/package.ps1'
[2.442s] INFO:colcon.colcon_core.shell:Creating package descriptor '/workspace/modules/perception/detection_ws/install/autoware_bytetrack/share/autoware_bytetrack/package.dsv'
[2.444s] INFO:colcon.colcon_core.shell:Creating package script '/workspace/modules/perception/detection_ws/install/autoware_bytetrack/share/autoware_bytetrack/package.sh'
[2.445s] INFO:colcon.colcon_core.shell:Creating package script '/workspace/modules/perception/detection_ws/install/autoware_bytetrack/share/autoware_bytetrack/package.bash'
[2.446s] INFO:colcon.colcon_core.shell:Creating package script '/workspace/modules/perception/detection_ws/install/autoware_bytetrack/share/autoware_bytetrack/package.zsh'
[2.448s] Level 1:colcon.colcon_core.environment:create_file_with_runtime_dependencies(/workspace/modules/perception/detection_ws/install/autoware_bytetrack/share/colcon-core/packages/autoware_bytetrack)
[2.450s] Level 1:colcon.colcon_core.shell:create_environment_hook('autoware_detection_autoware_bridge', 'pythonpath_develop')
[2.450s] INFO:colcon.colcon_core.shell:Creating environment hook '/workspace/modules/perception/detection_ws/build/autoware_detection_autoware_bridge/share/autoware_detection_autoware_bridge/hook/pythonpath_develop.ps1'
[2.453s] INFO:colcon.colcon_core.shell:Creating environment descriptor '/workspace/modules/perception/detection_ws/build/autoware_detection_autoware_bridge/share/autoware_detection_autoware_bridge/hook/pythonpath_develop.dsv'
[2.454s] DEBUG:colcon.colcon_core.event_handler.log_command:Invoked command in '/workspace/modules/perception/detection_ws/build/autoware_detection_autoware_bridge' returned '0': PYTHONPATH=/workspace/modules/perception/detection_ws/build/autoware_detection_autoware_bridge/prefix_override:/usr/lib/python3/dist-packages/colcon_core/task/python/colcon_distutils_commands:/workspace/modules/perception/detection_ws/install/autoware_detection_autoware_bridge/lib/python3.10/site-packages:${PYTHONPATH} /usr/bin/python3 -W ignore:setup.py install is deprecated -W ignore:easy_install command is deprecated setup.py develop --editable --build-directory /workspace/modules/perception/detection_ws/build/autoware_detection_autoware_bridge/build --no-deps symlink_data
[2.456s] INFO:colcon.colcon_core.shell:Creating environment hook '/workspace/modules/perception/detection_ws/build/autoware_detection_autoware_bridge/share/autoware_detection_autoware_bridge/hook/pythonpath_develop.sh'
[2.457s] Level 1:colcon.colcon_core.environment:checking '/workspace/modules/perception/detection_ws/install/autoware_detection_autoware_bridge' for CMake module files
[2.460s] Level 1:colcon.colcon_core.environment:checking '/workspace/modules/perception/detection_ws/install/autoware_detection_autoware_bridge' for CMake config files
[2.464s] Level 1:colcon.colcon_core.environment:checking '/workspace/modules/perception/detection_ws/install/autoware_detection_autoware_bridge/lib'
[2.464s] Level 1:colcon.colcon_core.environment:checking '/workspace/modules/perception/detection_ws/install/autoware_detection_autoware_bridge/bin'
[2.464s] Level 1:colcon.colcon_core.environment:checking '/workspace/modules/perception/detection_ws/install/autoware_detection_autoware_bridge/lib/pkgconfig/autoware_detection_autoware_bridge.pc'
[2.465s] Level 1:colcon.colcon_core.environment:checking '/workspace/modules/perception/detection_ws/install/autoware_detection_autoware_bridge/lib/python3.10/site-packages'
[2.465s] Level 1:colcon.colcon_core.shell:create_environment_hook('autoware_detection_autoware_bridge', 'pythonpath')
[2.465s] INFO:colcon.colcon_core.shell:Creating environment hook '/workspace/modules/perception/detection_ws/install/autoware_detection_autoware_bridge/share/autoware_detection_autoware_bridge/hook/pythonpath.ps1'
[2.467s] INFO:colcon.colcon_core.shell:Creating environment descriptor '/workspace/modules/perception/detection_ws/install/autoware_detection_autoware_bridge/share/autoware_detection_autoware_bridge/hook/pythonpath.dsv'
[2.468s] INFO:colcon.colcon_core.shell:Creating environment hook '/workspace/modules/perception/detection_ws/install/autoware_detection_autoware_bridge/share/autoware_detection_autoware_bridge/hook/pythonpath.sh'
[2.470s] Level 1:colcon.colcon_core.environment:checking '/workspace/modules/perception/detection_ws/install/autoware_detection_autoware_bridge/bin'
[2.470s] Level 1:colcon.colcon_core.environment:create_environment_scripts_only(autoware_detection_autoware_bridge)
[2.471s] INFO:colcon.colcon_core.shell:Creating package script '/workspace/modules/perception/detection_ws/install/autoware_detection_autoware_bridge/share/autoware_detection_autoware_bridge/package.ps1'
[2.476s] INFO:colcon.colcon_core.shell:Creating package descriptor '/workspace/modules/perception/detection_ws/install/autoware_detection_autoware_bridge/share/autoware_detection_autoware_bridge/package.dsv'
[2.479s] INFO:colcon.colcon_core.shell:Creating package script '/workspace/modules/perception/detection_ws/install/autoware_detection_autoware_bridge/share/autoware_detection_autoware_bridge/package.sh'
[2.481s] INFO:colcon.colcon_core.shell:Creating package script '/workspace/modules/perception/detection_ws/install/autoware_detection_autoware_bridge/share/autoware_detection_autoware_bridge/package.bash'
[2.483s] INFO:colcon.colcon_core.shell:Creating package script '/workspace/modules/perception/detection_ws/install/autoware_detection_autoware_bridge/share/autoware_detection_autoware_bridge/package.zsh'
[2.484s] Level 1:colcon.colcon_core.environment:create_file_with_runtime_dependencies(/workspace/modules/perception/detection_ws/install/autoware_detection_autoware_bridge/share/colcon-core/packages/autoware_detection_autoware_bridge)
[2.486s] INFO:colcon.colcon_ros.task.ament_cmake.build:Building ROS package in '/workspace/modules/perception/detection_ws/src/tier4_perception_launch' with build type 'ament_cmake'
[2.487s] INFO:colcon.colcon_cmake.task.cmake.build:Building CMake package in '/workspace/modules/perception/detection_ws/src/tier4_perception_launch'
[2.487s] INFO:colcon.colcon_core.shell:Skip shell extension 'powershell' for command environment: Not usable outside of PowerShell
[2.487s] DEBUG:colcon.colcon_core.shell:Skip shell extension 'dsv' for command environment
[2.547s] DEBUG:colcon.colcon_core.event_handler.log_command:Invoking command in '/workspace/modules/perception/detection_ws/build/tier4_perception_launch': CMAKE_PREFIX_PATH=${CMAKE_PREFIX_PATH}:/workspace/modules/perception/detection_ws/install/autoware_traffic_light_classifier:/workspace/modules/perception/detection_ws/install/autoware_tensorrt_yolox:/workspace/modules/perception/detection_ws/install/autoware_detection_autoware_bridge:/workspace/modules/perception/detection_ws/install/autoware_bytetrack:/opt/ros/humble PYTHONPATH=/workspace/modules/perception/detection_ws/build/autoware_traffic_light_classifier:/workspace/modules/perception/detection_ws/install/autoware_traffic_light_classifier/lib/python3.10/site-packages:/workspace/modules/perception/detection_ws/build/autoware_tensorrt_yolox:/workspace/modules/perception/detection_ws/install/autoware_tensorrt_yolox/lib/python3.10/site-packages:/workspace/modules/perception/detection_ws/build/autoware_detection_autoware_bridge:/workspace/modules/perception/detection_ws/install/autoware_detection_autoware_bridge/lib/python3.10/site-packages:/workspace/modules/perception/detection_ws/build/autoware_bytetrack:/workspace/modules/perception/detection_ws/install/autoware_bytetrack/lib/python3.10/site-packages:/workspace/modules/detection/detection_ws/build/autoware_traffic_light_classifier:/workspace/modules/detection/detection_ws/build/autoware_tensorrt_yolox:/workspace/modules/detection/detection_ws/build/autoware_detection_autoware_bridge:/workspace/modules/detection/detection_ws/build/autoware_bytetrack:/opt/autoware/lib/python3.10/site-packages:/opt/autoware/local/lib/python3.10/dist-packages:/opt/ros/humble/lib/python3.10/site-packages:/opt/ros/humble/local/lib/python3.10/dist-packages /usr/bin/cmake /workspace/modules/perception/detection_ws/src/tier4_perception_launch -DAMENT_CMAKE_SYMLINK_INSTALL=1 -DCMAKE_INSTALL_PREFIX=/workspace/modules/perception/detection_ws/install/tier4_perception_launch
[3.655s] DEBUG:colcon.colcon_core.event_handler.log_command:Invoked command in '/workspace/modules/perception/detection_ws/build/tier4_perception_launch' returned '0': CMAKE_PREFIX_PATH=${CMAKE_PREFIX_PATH}:/workspace/modules/perception/detection_ws/install/autoware_traffic_light_classifier:/workspace/modules/perception/detection_ws/install/autoware_tensorrt_yolox:/workspace/modules/perception/detection_ws/install/autoware_detection_autoware_bridge:/workspace/modules/perception/detection_ws/install/autoware_bytetrack:/opt/ros/humble PYTHONPATH=/workspace/modules/perception/detection_ws/build/autoware_traffic_light_classifier:/workspace/modules/perception/detection_ws/install/autoware_traffic_light_classifier/lib/python3.10/site-packages:/workspace/modules/perception/detection_ws/build/autoware_tensorrt_yolox:/workspace/modules/perception/detection_ws/install/autoware_tensorrt_yolox/lib/python3.10/site-packages:/workspace/modules/perception/detection_ws/build/autoware_detection_autoware_bridge:/workspace/modules/perception/detection_ws/install/autoware_detection_autoware_bridge/lib/python3.10/site-packages:/workspace/modules/perception/detection_ws/build/autoware_bytetrack:/workspace/modules/perception/detection_ws/install/autoware_bytetrack/lib/python3.10/site-packages:/workspace/modules/detection/detection_ws/build/autoware_traffic_light_classifier:/workspace/modules/detection/detection_ws/build/autoware_tensorrt_yolox:/workspace/modules/detection/detection_ws/build/autoware_detection_autoware_bridge:/workspace/modules/detection/detection_ws/build/autoware_bytetrack:/opt/autoware/lib/python3.10/site-packages:/opt/autoware/local/lib/python3.10/dist-packages:/opt/ros/humble/lib/python3.10/site-packages:/opt/ros/humble/local/lib/python3.10/dist-packages /usr/bin/cmake /workspace/modules/perception/detection_ws/src/tier4_perception_launch -DAMENT_CMAKE_SYMLINK_INSTALL=1 -DCMAKE_INSTALL_PREFIX=/workspace/modules/perception/detection_ws/install/tier4_perception_launch
[3.657s] DEBUG:colcon.colcon_core.event_handler.log_command:Invoking command in '/workspace/modules/perception/detection_ws/build/tier4_perception_launch': CMAKE_PREFIX_PATH=${CMAKE_PREFIX_PATH}:/workspace/modules/perception/detection_ws/install/autoware_traffic_light_classifier:/workspace/modules/perception/detection_ws/install/autoware_tensorrt_yolox:/workspace/modules/perception/detection_ws/install/autoware_detection_autoware_bridge:/workspace/modules/perception/detection_ws/install/autoware_bytetrack:/opt/ros/humble PYTHONPATH=/workspace/modules/perception/detection_ws/build/autoware_traffic_light_classifier:/workspace/modules/perception/detection_ws/install/autoware_traffic_light_classifier/lib/python3.10/site-packages:/workspace/modules/perception/detection_ws/build/autoware_tensorrt_yolox:/workspace/modules/perception/detection_ws/install/autoware_tensorrt_yolox/lib/python3.10/site-packages:/workspace/modules/perception/detection_ws/build/autoware_detection_autoware_bridge:/workspace/modules/perception/detection_ws/install/autoware_detection_autoware_bridge/lib/python3.10/site-packages:/workspace/modules/perception/detection_ws/build/autoware_bytetrack:/workspace/modules/perception/detection_ws/install/autoware_bytetrack/lib/python3.10/site-packages:/workspace/modules/detection/detection_ws/build/autoware_traffic_light_classifier:/workspace/modules/detection/detection_ws/build/autoware_tensorrt_yolox:/workspace/modules/detection/detection_ws/build/autoware_detection_autoware_bridge:/workspace/modules/detection/detection_ws/build/autoware_bytetrack:/opt/autoware/lib/python3.10/site-packages:/opt/autoware/local/lib/python3.10/dist-packages:/opt/ros/humble/lib/python3.10/site-packages:/opt/ros/humble/local/lib/python3.10/dist-packages /usr/bin/cmake --build /workspace/modules/perception/detection_ws/build/tier4_perception_launch -- -j8 -l8
[3.685s] DEBUG:colcon.colcon_core.event_handler.log_command:Invoked command in '/workspace/modules/perception/detection_ws/build/tier4_perception_launch' returned '0': CMAKE_PREFIX_PATH=${CMAKE_PREFIX_PATH}:/workspace/modules/perception/detection_ws/install/autoware_traffic_light_classifier:/workspace/modules/perception/detection_ws/install/autoware_tensorrt_yolox:/workspace/modules/perception/detection_ws/install/autoware_detection_autoware_bridge:/workspace/modules/perception/detection_ws/install/autoware_bytetrack:/opt/ros/humble PYTHONPATH=/workspace/modules/perception/detection_ws/build/autoware_traffic_light_classifier:/workspace/modules/perception/detection_ws/install/autoware_traffic_light_classifier/lib/python3.10/site-packages:/workspace/modules/perception/detection_ws/build/autoware_tensorrt_yolox:/workspace/modules/perception/detection_ws/install/autoware_tensorrt_yolox/lib/python3.10/site-packages:/workspace/modules/perception/detection_ws/build/autoware_detection_autoware_bridge:/workspace/modules/perception/detection_ws/install/autoware_detection_autoware_bridge/lib/python3.10/site-packages:/workspace/modules/perception/detection_ws/build/autoware_bytetrack:/workspace/modules/perception/detection_ws/install/autoware_bytetrack/lib/python3.10/site-packages:/workspace/modules/detection/detection_ws/build/autoware_traffic_light_classifier:/workspace/modules/detection/detection_ws/build/autoware_tensorrt_yolox:/workspace/modules/detection/detection_ws/build/autoware_detection_autoware_bridge:/workspace/modules/detection/detection_ws/build/autoware_bytetrack:/opt/autoware/lib/python3.10/site-packages:/opt/autoware/local/lib/python3.10/dist-packages:/opt/ros/humble/lib/python3.10/site-packages:/opt/ros/humble/local/lib/python3.10/dist-packages /usr/bin/cmake --build /workspace/modules/perception/detection_ws/build/tier4_perception_launch -- -j8 -l8
[3.693s] DEBUG:colcon.colcon_core.event_handler.log_command:Invoking command in '/workspace/modules/perception/detection_ws/build/tier4_perception_launch': CMAKE_PREFIX_PATH=${CMAKE_PREFIX_PATH}:/workspace/modules/perception/detection_ws/install/autoware_traffic_light_classifier:/workspace/modules/perception/detection_ws/install/autoware_tensorrt_yolox:/workspace/modules/perception/detection_ws/install/autoware_detection_autoware_bridge:/workspace/modules/perception/detection_ws/install/autoware_bytetrack:/opt/ros/humble PYTHONPATH=/workspace/modules/perception/detection_ws/build/autoware_traffic_light_classifier:/workspace/modules/perception/detection_ws/install/autoware_traffic_light_classifier/lib/python3.10/site-packages:/workspace/modules/perception/detection_ws/build/autoware_tensorrt_yolox:/workspace/modules/perception/detection_ws/install/autoware_tensorrt_yolox/lib/python3.10/site-packages:/workspace/modules/perception/detection_ws/build/autoware_detection_autoware_bridge:/workspace/modules/perception/detection_ws/install/autoware_detection_autoware_bridge/lib/python3.10/site-packages:/workspace/modules/perception/detection_ws/build/autoware_bytetrack:/workspace/modules/perception/detection_ws/install/autoware_bytetrack/lib/python3.10/site-packages:/workspace/modules/detection/detection_ws/build/autoware_traffic_light_classifier:/workspace/modules/detection/detection_ws/build/autoware_tensorrt_yolox:/workspace/modules/detection/detection_ws/build/autoware_detection_autoware_bridge:/workspace/modules/detection/detection_ws/build/autoware_bytetrack:/opt/autoware/lib/python3.10/site-packages:/opt/autoware/local/lib/python3.10/dist-packages:/opt/ros/humble/lib/python3.10/site-packages:/opt/ros/humble/local/lib/python3.10/dist-packages /usr/bin/cmake --install /workspace/modules/perception/detection_ws/build/tier4_perception_launch
[3.797s] Level 1:colcon.colcon_core.environment:create_environment_scripts_only(tier4_perception_launch)
[3.797s] Level 1:colcon.colcon_core.environment:checking '/workspace/modules/perception/detection_ws/install/tier4_perception_launch' for CMake module files
[3.797s] DEBUG:colcon.colcon_core.event_handler.log_command:Invoked command in '/workspace/modules/perception/detection_ws/build/tier4_perception_launch' returned '0': CMAKE_PREFIX_PATH=${CMAKE_PREFIX_PATH}:/workspace/modules/perception/detection_ws/install/autoware_traffic_light_classifier:/workspace/modules/perception/detection_ws/install/autoware_tensorrt_yolox:/workspace/modules/perception/detection_ws/install/autoware_detection_autoware_bridge:/workspace/modules/perception/detection_ws/install/autoware_bytetrack:/opt/ros/humble PYTHONPATH=/workspace/modules/perception/detection_ws/build/autoware_traffic_light_classifier:/workspace/modules/perception/detection_ws/install/autoware_traffic_light_classifier/lib/python3.10/site-packages:/workspace/modules/perception/detection_ws/build/autoware_tensorrt_yolox:/workspace/modules/perception/detection_ws/install/autoware_tensorrt_yolox/lib/python3.10/site-packages:/workspace/modules/perception/detection_ws/build/autoware_detection_autoware_bridge:/workspace/modules/perception/detection_ws/install/autoware_detection_autoware_bridge/lib/python3.10/site-packages:/workspace/modules/perception/detection_ws/build/autoware_bytetrack:/workspace/modules/perception/detection_ws/install/autoware_bytetrack/lib/python3.10/site-packages:/workspace/modules/detection/detection_ws/build/autoware_traffic_light_classifier:/workspace/modules/detection/detection_ws/build/autoware_tensorrt_yolox:/workspace/modules/detection/detection_ws/build/autoware_detection_autoware_bridge:/workspace/modules/detection/detection_ws/build/autoware_bytetrack:/opt/autoware/lib/python3.10/site-packages:/opt/autoware/local/lib/python3.10/dist-packages:/opt/ros/humble/lib/python3.10/site-packages:/opt/ros/humble/local/lib/python3.10/dist-packages /usr/bin/cmake --install /workspace/modules/perception/detection_ws/build/tier4_perception_launch
[3.800s] Level 1:colcon.colcon_core.environment:checking '/workspace/modules/perception/detection_ws/install/tier4_perception_launch' for CMake config files
[3.801s] Level 1:colcon.colcon_core.shell:create_environment_hook('tier4_perception_launch', 'cmake_prefix_path')
[3.801s] INFO:colcon.colcon_core.shell:Creating environment hook '/workspace/modules/perception/detection_ws/install/tier4_perception_launch/share/tier4_perception_launch/hook/cmake_prefix_path.ps1'
[3.802s] INFO:colcon.colcon_core.shell:Creating environment descriptor '/workspace/modules/perception/detection_ws/install/tier4_perception_launch/share/tier4_perception_launch/hook/cmake_prefix_path.dsv'
[3.803s] INFO:colcon.colcon_core.shell:Creating environment hook '/workspace/modules/perception/detection_ws/install/tier4_perception_launch/share/tier4_perception_launch/hook/cmake_prefix_path.sh'
[3.803s] Level 1:colcon.colcon_core.environment:checking '/workspace/modules/perception/detection_ws/install/tier4_perception_launch/bin'
[3.804s] Level 1:colcon.colcon_core.environment:checking '/workspace/modules/perception/detection_ws/install/tier4_perception_launch/lib/pkgconfig/tier4_perception_launch.pc'
[3.804s] Level 1:colcon.colcon_core.environment:checking '/workspace/modules/perception/detection_ws/install/tier4_perception_launch/lib/python3.10/site-packages'
[3.804s] Level 1:colcon.colcon_core.environment:checking '/workspace/modules/perception/detection_ws/install/tier4_perception_launch/bin'
[3.804s] INFO:colcon.colcon_core.shell:Creating package script '/workspace/modules/perception/detection_ws/install/tier4_perception_launch/share/tier4_perception_launch/package.ps1'
[3.805s] INFO:colcon.colcon_core.shell:Creating package descriptor '/workspace/modules/perception/detection_ws/install/tier4_perception_launch/share/tier4_perception_launch/package.dsv'
[3.806s] INFO:colcon.colcon_core.shell:Creating package script '/workspace/modules/perception/detection_ws/install/tier4_perception_launch/share/tier4_perception_launch/package.sh'
[3.807s] INFO:colcon.colcon_core.shell:Creating package script '/workspace/modules/perception/detection_ws/install/tier4_perception_launch/share/tier4_perception_launch/package.bash'
[3.808s] INFO:colcon.colcon_core.shell:Creating package script '/workspace/modules/perception/detection_ws/install/tier4_perception_launch/share/tier4_perception_launch/package.zsh'
[3.808s] Level 1:colcon.colcon_core.environment:create_file_with_runtime_dependencies(/workspace/modules/perception/detection_ws/install/tier4_perception_launch/share/colcon-core/packages/tier4_perception_launch)
[3.810s] Level 1:colcon.colcon_core.environment:create_environment_scripts_only(tier4_perception_launch)
[3.810s] Level 1:colcon.colcon_core.environment:checking '/workspace/modules/perception/detection_ws/install/tier4_perception_launch' for CMake module files
[3.812s] Level 1:colcon.colcon_core.environment:checking '/workspace/modules/perception/detection_ws/install/tier4_perception_launch' for CMake config files
[3.813s] Level 1:colcon.colcon_core.shell:create_environment_hook('tier4_perception_launch', 'cmake_prefix_path')
[3.813s] INFO:colcon.colcon_core.shell:Creating environment hook '/workspace/modules/perception/detection_ws/install/tier4_perception_launch/share/tier4_perception_launch/hook/cmake_prefix_path.ps1'
[3.814s] INFO:colcon.colcon_core.shell:Creating environment descriptor '/workspace/modules/perception/detection_ws/install/tier4_perception_launch/share/tier4_perception_launch/hook/cmake_prefix_path.dsv'
[3.814s] INFO:colcon.colcon_core.shell:Creating environment hook '/workspace/modules/perception/detection_ws/install/tier4_perception_launch/share/tier4_perception_launch/hook/cmake_prefix_path.sh'
[3.815s] Level 1:colcon.colcon_core.environment:checking '/workspace/modules/perception/detection_ws/install/tier4_perception_launch/bin'
[3.815s] Level 1:colcon.colcon_core.environment:checking '/workspace/modules/perception/detection_ws/install/tier4_perception_launch/lib/pkgconfig/tier4_perception_launch.pc'
[3.816s] Level 1:colcon.colcon_core.environment:checking '/workspace/modules/perception/detection_ws/install/tier4_perception_launch/lib/python3.10/site-packages'
[3.816s] Level 1:colcon.colcon_core.environment:checking '/workspace/modules/perception/detection_ws/install/tier4_perception_launch/bin'
[3.816s] INFO:colcon.colcon_core.shell:Creating package script '/workspace/modules/perception/detection_ws/install/tier4_perception_launch/share/tier4_perception_launch/package.ps1'
[3.817s] INFO:colcon.colcon_core.shell:Creating package descriptor '/workspace/modules/perception/detection_ws/install/tier4_perception_launch/share/tier4_perception_launch/package.dsv'
[3.818s] INFO:colcon.colcon_core.shell:Creating package script '/workspace/modules/perception/detection_ws/install/tier4_perception_launch/share/tier4_perception_launch/package.sh'
[3.818s] INFO:colcon.colcon_core.shell:Creating package script '/workspace/modules/perception/detection_ws/install/tier4_perception_launch/share/tier4_perception_launch/package.bash'
[3.819s] INFO:colcon.colcon_core.shell:Creating package script '/workspace/modules/perception/detection_ws/install/tier4_perception_launch/share/tier4_perception_launch/package.zsh'
[3.819s] Level 1:colcon.colcon_core.environment:create_file_with_runtime_dependencies(/workspace/modules/perception/detection_ws/install/tier4_perception_launch/share/colcon-core/packages/tier4_perception_launch)
[3.820s] DEBUG:colcon.colcon_parallel_executor.executor.parallel:closing loop
[3.820s] DEBUG:colcon.colcon_parallel_executor.executor.parallel:loop closed
[3.820s] DEBUG:colcon.colcon_parallel_executor.executor.parallel:run_until_complete finished with '0'
[3.820s] DEBUG:colcon.colcon_core.event_reactor:joining thread
[3.831s] INFO:colcon.colcon_core.plugin_system:Skipping extension 'colcon_notification.desktop_notification.notify_send': Could not find 'notify-send'
[3.831s] INFO:colcon.colcon_core.plugin_system:Skipping extension 'colcon_notification.desktop_notification.terminal_notifier': Not used on non-Darwin systems
[3.831s] INFO:colcon.colcon_core.plugin_system:Skipping extension 'colcon_notification.desktop_notification.win32': Not used on non-Windows systems
[3.831s] INFO:colcon.colcon_notification.desktop_notification:Sending desktop notification using 'notify2'
[3.831s] DEBUG:colcon.colcon_notification.desktop_notification.notify2:Failed to initialize notify2: org.freedesktop.DBus.Error.NotSupported: Unable to autolaunch a dbus-daemon without a $DISPLAY for X11
[3.831s] DEBUG:colcon.colcon_core.event_reactor:joined thread
[3.831s] INFO:colcon.colcon_core.shell:Creating prefix script '/workspace/modules/perception/detection_ws/install/local_setup.ps1'
[3.832s] INFO:colcon.colcon_core.shell:Creating prefix util module '/workspace/modules/perception/detection_ws/install/_local_setup_util_ps1.py'
[3.834s] INFO:colcon.colcon_core.shell:Creating prefix chain script '/workspace/modules/perception/detection_ws/install/setup.ps1'
[3.837s] INFO:colcon.colcon_core.shell:Creating prefix script '/workspace/modules/perception/detection_ws/install/local_setup.sh'
[3.838s] INFO:colcon.colcon_core.shell:Creating prefix util module '/workspace/modules/perception/detection_ws/install/_local_setup_util_sh.py'
[3.839s] INFO:colcon.colcon_core.shell:Creating prefix chain script '/workspace/modules/perception/detection_ws/install/setup.sh'
[3.841s] INFO:colcon.colcon_core.shell:Creating prefix script '/workspace/modules/perception/detection_ws/install/local_setup.bash'
[3.842s] INFO:colcon.colcon_core.shell:Creating prefix chain script '/workspace/modules/perception/detection_ws/install/setup.bash'
[3.844s] INFO:colcon.colcon_core.shell:Creating prefix script '/workspace/modules/perception/detection_ws/install/local_setup.zsh'
[3.845s] INFO:colcon.colcon_core.shell:Creating prefix chain script '/workspace/modules/perception/detection_ws/install/setup.zsh'
