[0.016s] Invoking command in '/workspace/build/my_vehicle_interface': CMAKE_PREFIX_PATH=${CMAKE_PREFIX_PATH}:/opt/ros/humble /usr/bin/cmake --build /workspace/build/my_vehicle_interface -- -j8 -l8
[0.068s] [35m[1mConsolidate compiler generated dependencies of target my_vehicle_interface_lib[0m
[0.078s] [ 28%] Built target vehicle_interface_node
[0.140s] [ 71%] Built target my_vehicle_interface_lib
[0.161s] [100%] Built target my_vehicle_interface_node
[0.169s] Invoked command in '/workspace/build/my_vehicle_interface' returned '0': CMAKE_PREFIX_PATH=${CMAKE_PREFIX_PATH}:/opt/ros/humble /usr/bin/cmake --build /workspace/build/my_vehicle_interface -- -j8 -l8
[0.177s] Invoking command in '/workspace/build/my_vehicle_interface': CMAKE_PREFIX_PATH=${CMAKE_PREFIX_PATH}:/opt/ros/humble /usr/bin/cmake --install /workspace/build/my_vehicle_interface
[0.182s] -- Install configuration: ""
[0.183s] -- Execute custom install script
[0.184s] -- Up-to-date symlink: /workspace/install/my_vehicle_interface/lib/my_vehicle_interface/vehicle_interface_node
[0.185s] -- Up-to-date symlink: /workspace/install/my_vehicle_interface/share/my_vehicle_interface/launch/vehicle_interface.launch.xml
[0.185s] -- Up-to-date symlink: /workspace/install/my_vehicle_interface/share/my_vehicle_interface/config/vehicle_interface.param.yaml
[0.186s] -- Up-to-date symlink: /workspace/install/my_vehicle_interface/include/my_vehicle_interface/can_utils.hpp
[0.186s] -- Up-to-date symlink: /workspace/install/my_vehicle_interface/include/my_vehicle_interface/vehicle_interface_node.hpp
[0.186s] -- Up-to-date symlink: /workspace/install/my_vehicle_interface/share/my_vehicle_interface/environment/library_path.sh
[0.187s] -- Up-to-date symlink: /workspace/install/my_vehicle_interface/share/my_vehicle_interface/environment/library_path.dsv
[0.187s] -- Up-to-date symlink: /workspace/install/my_vehicle_interface/lib/libmy_vehicle_interface_lib.so
[0.188s] -- Up-to-date symlink: /workspace/install/my_vehicle_interface/lib/my_vehicle_interface/my_vehicle_interface_node
[0.188s] -- Up-to-date symlink: /workspace/install/my_vehicle_interface/share/ament_index/resource_index/package_run_dependencies/my_vehicle_interface
[0.188s] -- Up-to-date symlink: /workspace/install/my_vehicle_interface/share/ament_index/resource_index/parent_prefix_path/my_vehicle_interface
[0.189s] -- Up-to-date symlink: /workspace/install/my_vehicle_interface/share/my_vehicle_interface/environment/ament_prefix_path.sh
[0.189s] -- Up-to-date symlink: /workspace/install/my_vehicle_interface/share/my_vehicle_interface/environment/ament_prefix_path.dsv
[0.189s] -- Up-to-date symlink: /workspace/install/my_vehicle_interface/share/my_vehicle_interface/environment/path.sh
[0.190s] -- Up-to-date symlink: /workspace/install/my_vehicle_interface/share/my_vehicle_interface/environment/path.dsv
[0.190s] -- Up-to-date symlink: /workspace/install/my_vehicle_interface/share/my_vehicle_interface/local_setup.bash
[0.190s] -- Up-to-date symlink: /workspace/install/my_vehicle_interface/share/my_vehicle_interface/local_setup.sh
[0.190s] -- Up-to-date symlink: /workspace/install/my_vehicle_interface/share/my_vehicle_interface/local_setup.zsh
[0.191s] -- Up-to-date symlink: /workspace/install/my_vehicle_interface/share/my_vehicle_interface/local_setup.dsv
[0.191s] -- Symlinking: /workspace/install/my_vehicle_interface/share/my_vehicle_interface/package.dsv
[0.197s] -- Up-to-date symlink: /workspace/install/my_vehicle_interface/share/ament_index/resource_index/packages/my_vehicle_interface
[0.197s] -- Up-to-date symlink: /workspace/install/my_vehicle_interface/share/ament_index/resource_index/rclcpp_components/my_vehicle_interface
[0.198s] -- Up-to-date symlink: /workspace/install/my_vehicle_interface/share/my_vehicle_interface/cmake/ament_cmake_export_dependencies-extras.cmake
[0.198s] -- Up-to-date symlink: /workspace/install/my_vehicle_interface/share/my_vehicle_interface/cmake/ament_cmake_export_include_directories-extras.cmake
[0.199s] -- Up-to-date symlink: /workspace/install/my_vehicle_interface/share/my_vehicle_interface/cmake/ament_cmake_export_libraries-extras.cmake
[0.199s] -- Up-to-date symlink: /workspace/install/my_vehicle_interface/share/my_vehicle_interface/cmake/my_vehicle_interfaceConfig.cmake
[0.199s] -- Up-to-date symlink: /workspace/install/my_vehicle_interface/share/my_vehicle_interface/cmake/my_vehicle_interfaceConfig-version.cmake
[0.200s] -- Up-to-date symlink: /workspace/install/my_vehicle_interface/share/my_vehicle_interface/package.xml
[0.202s] Invoked command in '/workspace/build/my_vehicle_interface' returned '0': CMAKE_PREFIX_PATH=${CMAKE_PREFIX_PATH}:/opt/ros/humble /usr/bin/cmake --install /workspace/build/my_vehicle_interface
