running develop
running egg_info
creating autoware_traffic_light_classifier.egg-info
writing autoware_traffic_light_classifier.egg-info/PKG-INFO
writing dependency_links to autoware_traffic_light_classifier.egg-info/dependency_links.txt
writing entry points to autoware_traffic_light_classifier.egg-info/entry_points.txt
writing requirements to autoware_traffic_light_classifier.egg-info/requires.txt
writing top-level names to autoware_traffic_light_classifier.egg-info/top_level.txt
writing manifest file 'autoware_traffic_light_classifier.egg-info/SOURCES.txt'
reading manifest file 'autoware_traffic_light_classifier.egg-info/SOURCES.txt'
writing manifest file 'autoware_traffic_light_classifier.egg-info/SOURCES.txt'
running build_ext
Creating /workspace/modules/perception/detection_ws/install/autoware_traffic_light_classifier/lib/python3.10/site-packages/autoware-traffic-light-classifier.egg-link (link to .)
Installing traffic_light_classifier_node script to /workspace/modules/perception/detection_ws/install/autoware_traffic_light_classifier/lib/autoware_traffic_light_classifier

Installed /workspace/modules/perception/detection_ws/build/autoware_traffic_light_classifier
running symlink_data
creating /workspace/modules/perception/detection_ws/install/autoware_traffic_light_classifier/share/ament_index
creating /workspace/modules/perception/detection_ws/install/autoware_traffic_light_classifier/share/ament_index/resource_index
creating /workspace/modules/perception/detection_ws/install/autoware_traffic_light_classifier/share/ament_index/resource_index/packages
symbolically linking /workspace/modules/perception/detection_ws/build/autoware_traffic_light_classifier/resource/autoware_traffic_light_classifier -> /workspace/modules/perception/detection_ws/install/autoware_traffic_light_classifier/share/ament_index/resource_index/packages
symbolically linking /workspace/modules/perception/detection_ws/build/autoware_traffic_light_classifier/package.xml -> /workspace/modules/perception/detection_ws/install/autoware_traffic_light_classifier/share/autoware_traffic_light_classifier
creating /workspace/modules/perception/detection_ws/install/autoware_traffic_light_classifier/share/autoware_traffic_light_classifier/launch
symbolically linking /workspace/modules/perception/detection_ws/build/autoware_traffic_light_classifier/launch/pedestrian_traffic_light_classifier.launch.xml -> /workspace/modules/perception/detection_ws/install/autoware_traffic_light_classifier/share/autoware_traffic_light_classifier/launch
creating /workspace/modules/perception/detection_ws/install/autoware_traffic_light_classifier/share/autoware_traffic_light_classifier/config
symbolically linking /workspace/modules/perception/detection_ws/build/autoware_traffic_light_classifier/config/pedestrian_traffic_light_classifier.param.yaml -> /workspace/modules/perception/detection_ws/install/autoware_traffic_light_classifier/share/autoware_traffic_light_classifier/config
