[0.671s] [34mcolcon[0m [1;30mDEBUG[0m [32mCommand line arguments: ['/usr/bin/colcon', 'build', '--symlink-install'][0m
[0.672s] [34mcolcon[0m [1;30mDEBUG[0m [32mParsed command line arguments: Namespace(log_base=None, log_level=None, verb_name='build', build_base='build', install_base='install', merge_install=False, symlink_install=True, test_result_base=None, continue_on_error=False, executor='parallel', parallel_workers=16, event_handlers=None, ignore_user_meta=False, metas=['./colcon.meta'], base_paths=['.'], packages_ignore=None, packages_ignore_regex=None, paths=None, packages_up_to=None, packages_up_to_regex=None, packages_above=None, packages_above_and_dependencies=None, packages_above_depth=None, packages_select_by_dep=None, packages_skip_by_dep=None, packages_skip_up_to=None, packages_select_build_failed=False, packages_skip_build_finished=False, packages_select_test_failures=False, packages_skip_test_passed=False, packages_select=None, packages_skip=None, packages_select_regex=None, packages_skip_regex=None, packages_start=None, packages_end=None, cmake_args=None, cmake_target=None, cmake_target_skip_unavailable=False, cmake_clean_cache=False, cmake_clean_first=False, cmake_force_configure=False, ament_cmake_args=None, catkin_cmake_args=None, catkin_skip_building_tests=False, mixin_files=None, mixin=None, verb_parser=<colcon_mixin.mixin.mixin_argument.MixinArgumentDecorator object at 0x7e08752e0be0>, verb_extension=<colcon_core.verb.build.BuildVerb object at 0x7e08752e0730>, main=<bound method BuildVerb.main of <colcon_core.verb.build.BuildVerb object at 0x7e08752e0730>>, mixin_verb=('build',))[0m
[1.193s] [34mcolcon.colcon_core.package_discovery[0m [1;30mLevel 1[0m discover_packages(colcon_meta) check parameters
[1.194s] [34mcolcon.colcon_metadata.package_discovery.colcon_meta[0m [1;30mINFO[0m Using configuration from '/root/.colcon/metadata/default/Gazebo.meta'
[1.194s] [34mcolcon.colcon_metadata.package_discovery.colcon_meta[0m [1;30mINFO[0m Using configuration from '/root/.colcon/metadata/default/fastdds.meta'
[1.195s] [34mcolcon.colcon_metadata.package_discovery.colcon_meta[0m [1;30mINFO[0m Using configuration from '/root/.colcon/metadata/default/fastrtps.meta'
[1.195s] [34mcolcon.colcon_core.package_discovery[0m [1;30mLevel 1[0m discover_packages(recursive) check parameters
[1.199s] [34mcolcon.colcon_core.package_discovery[0m [1;30mLevel 1[0m discover_packages(ignore) check parameters
[1.199s] [34mcolcon.colcon_core.package_discovery[0m [1;30mLevel 1[0m discover_packages(path) check parameters
[1.199s] [34mcolcon.colcon_core.package_discovery[0m [1;30mLevel 1[0m discover_packages(colcon_meta) discover
[1.199s] [34mcolcon.colcon_core.package_discovery[0m [1;30mLevel 1[0m discover_packages(recursive) discover
[1.199s] [34mcolcon.colcon_core.package_discovery[0m [1;30mINFO[0m Crawling recursively for packages in '/workspace/modules/detection/detection_ws'
[1.199s] [34mcolcon.colcon_core.package_identification[0m [1;30mLevel 1[0m _identify(.) by extensions ['ignore', 'ignore_ament_install']
[1.199s] [34mcolcon.colcon_core.package_identification[0m [1;30mLevel 1[0m _identify(.) by extension 'ignore'
[1.199s] [34mcolcon.colcon_core.package_identification[0m [1;30mLevel 1[0m _identify(.) by extension 'ignore_ament_install'
[1.199s] [34mcolcon.colcon_core.package_identification[0m [1;30mLevel 1[0m _identify(.) by extensions ['colcon_pkg']
[1.199s] [34mcolcon.colcon_core.package_identification[0m [1;30mLevel 1[0m _identify(.) by extension 'colcon_pkg'
[1.199s] [34mcolcon.colcon_core.package_identification[0m [1;30mLevel 1[0m _identify(.) by extensions ['colcon_meta']
[1.199s] [34mcolcon.colcon_core.package_identification[0m [1;30mLevel 1[0m _identify(.) by extension 'colcon_meta'
[1.199s] [34mcolcon.colcon_core.package_identification[0m [1;30mLevel 1[0m _identify(.) by extensions ['ros']
[1.200s] [34mcolcon.colcon_core.package_identification[0m [1;30mLevel 1[0m _identify(.) by extension 'ros'
[1.228s] [34mcolcon.colcon_core.package_identification[0m [1;30mLevel 1[0m _identify(.) by extensions ['cmake', 'python']
[1.228s] [34mcolcon.colcon_core.package_identification[0m [1;30mLevel 1[0m _identify(.) by extension 'cmake'
[1.228s] [34mcolcon.colcon_core.package_identification[0m [1;30mLevel 1[0m _identify(.) by extension 'python'
[1.228s] [34mcolcon.colcon_core.package_identification[0m [1;30mLevel 1[0m _identify(.) by extensions ['python_setup_py']
[1.228s] [34mcolcon.colcon_core.package_identification[0m [1;30mLevel 1[0m _identify(.) by extension 'python_setup_py'
[1.229s] [34mcolcon.colcon_core.package_identification[0m [1;30mLevel 1[0m _identify(build) by extensions ['ignore', 'ignore_ament_install']
[1.229s] [34mcolcon.colcon_core.package_identification[0m [1;30mLevel 1[0m _identify(build) by extension 'ignore'
[1.229s] [34mcolcon.colcon_core.package_identification[0m [1;30mLevel 1[0m _identify(build) ignored
[1.229s] [34mcolcon.colcon_core.package_identification[0m [1;30mLevel 1[0m _identify(install) by extensions ['ignore', 'ignore_ament_install']
[1.229s] [34mcolcon.colcon_core.package_identification[0m [1;30mLevel 1[0m _identify(install) by extension 'ignore'
[1.229s] [34mcolcon.colcon_core.package_identification[0m [1;30mLevel 1[0m _identify(install) ignored
[1.229s] [34mcolcon.colcon_core.package_identification[0m [1;30mLevel 1[0m _identify(log) by extensions ['ignore', 'ignore_ament_install']
[1.229s] [34mcolcon.colcon_core.package_identification[0m [1;30mLevel 1[0m _identify(log) by extension 'ignore'
[1.229s] [34mcolcon.colcon_core.package_identification[0m [1;30mLevel 1[0m _identify(log) ignored
[1.229s] [34mcolcon.colcon_core.package_identification[0m [1;30mLevel 1[0m _identify(src) by extensions ['ignore', 'ignore_ament_install']
[1.229s] [34mcolcon.colcon_core.package_identification[0m [1;30mLevel 1[0m _identify(src) by extension 'ignore'
[1.229s] [34mcolcon.colcon_core.package_identification[0m [1;30mLevel 1[0m _identify(src) by extension 'ignore_ament_install'
[1.229s] [34mcolcon.colcon_core.package_identification[0m [1;30mLevel 1[0m _identify(src) by extensions ['colcon_pkg']
[1.229s] [34mcolcon.colcon_core.package_identification[0m [1;30mLevel 1[0m _identify(src) by extension 'colcon_pkg'
[1.229s] [34mcolcon.colcon_core.package_identification[0m [1;30mLevel 1[0m _identify(src) by extensions ['colcon_meta']
[1.229s] [34mcolcon.colcon_core.package_identification[0m [1;30mLevel 1[0m _identify(src) by extension 'colcon_meta'
[1.230s] [34mcolcon.colcon_core.package_identification[0m [1;30mLevel 1[0m _identify(src) by extensions ['ros']
[1.230s] [34mcolcon.colcon_core.package_identification[0m [1;30mLevel 1[0m _identify(src) by extension 'ros'
[1.230s] [34mcolcon.colcon_core.package_identification[0m [1;30mLevel 1[0m _identify(src) by extensions ['cmake', 'python']
[1.230s] [34mcolcon.colcon_core.package_identification[0m [1;30mLevel 1[0m _identify(src) by extension 'cmake'
[1.230s] [34mcolcon.colcon_core.package_identification[0m [1;30mLevel 1[0m _identify(src) by extension 'python'
[1.230s] [34mcolcon.colcon_core.package_identification[0m [1;30mLevel 1[0m _identify(src) by extensions ['python_setup_py']
[1.230s] [34mcolcon.colcon_core.package_identification[0m [1;30mLevel 1[0m _identify(src) by extension 'python_setup_py'
[1.232s] [34mcolcon.colcon_core.package_identification[0m [1;30mLevel 1[0m _identify(src/autoware_bytetrack) by extensions ['ignore', 'ignore_ament_install']
[1.232s] [34mcolcon.colcon_core.package_identification[0m [1;30mLevel 1[0m _identify(src/autoware_bytetrack) by extension 'ignore'
[1.232s] [34mcolcon.colcon_core.package_identification[0m [1;30mLevel 1[0m _identify(src/autoware_bytetrack) by extension 'ignore_ament_install'
[1.232s] [34mcolcon.colcon_core.package_identification[0m [1;30mLevel 1[0m _identify(src/autoware_bytetrack) by extensions ['colcon_pkg']
[1.232s] [34mcolcon.colcon_core.package_identification[0m [1;30mLevel 1[0m _identify(src/autoware_bytetrack) by extension 'colcon_pkg'
[1.233s] [34mcolcon.colcon_core.package_identification[0m [1;30mLevel 1[0m _identify(src/autoware_bytetrack) by extensions ['colcon_meta']
[1.233s] [34mcolcon.colcon_core.package_identification[0m [1;30mLevel 1[0m _identify(src/autoware_bytetrack) by extension 'colcon_meta'
[1.233s] [34mcolcon.colcon_core.package_identification[0m [1;30mLevel 1[0m _identify(src/autoware_bytetrack) by extensions ['ros']
[1.233s] [34mcolcon.colcon_core.package_identification[0m [1;30mLevel 1[0m _identify(src/autoware_bytetrack) by extension 'ros'
[1.246s] [34mcolcon.colcon_core.package_identification[0m [1;30mDEBUG[0m [32mPackage 'src/autoware_bytetrack' with type 'ros.ament_python' and name 'autoware_bytetrack'[0m
[1.247s] [34mcolcon.colcon_core.package_identification[0m [1;30mLevel 1[0m _identify(src/autoware_detection_autoware_bridge) by extensions ['ignore', 'ignore_ament_install']
[1.247s] [34mcolcon.colcon_core.package_identification[0m [1;30mLevel 1[0m _identify(src/autoware_detection_autoware_bridge) by extension 'ignore'
[1.247s] [34mcolcon.colcon_core.package_identification[0m [1;30mLevel 1[0m _identify(src/autoware_detection_autoware_bridge) by extension 'ignore_ament_install'
[1.247s] [34mcolcon.colcon_core.package_identification[0m [1;30mLevel 1[0m _identify(src/autoware_detection_autoware_bridge) by extensions ['colcon_pkg']
[1.247s] [34mcolcon.colcon_core.package_identification[0m [1;30mLevel 1[0m _identify(src/autoware_detection_autoware_bridge) by extension 'colcon_pkg'
[1.247s] [34mcolcon.colcon_core.package_identification[0m [1;30mLevel 1[0m _identify(src/autoware_detection_autoware_bridge) by extensions ['colcon_meta']
[1.247s] [34mcolcon.colcon_core.package_identification[0m [1;30mLevel 1[0m _identify(src/autoware_detection_autoware_bridge) by extension 'colcon_meta'
[1.247s] [34mcolcon.colcon_core.package_identification[0m [1;30mLevel 1[0m _identify(src/autoware_detection_autoware_bridge) by extensions ['ros']
[1.247s] [34mcolcon.colcon_core.package_identification[0m [1;30mLevel 1[0m _identify(src/autoware_detection_autoware_bridge) by extension 'ros'
[1.248s] [34mcolcon.colcon_core.package_identification[0m [1;30mDEBUG[0m [32mPackage 'src/autoware_detection_autoware_bridge' with type 'ros.ament_python' and name 'autoware_detection_autoware_bridge'[0m
[1.248s] [34mcolcon.colcon_core.package_identification[0m [1;30mLevel 1[0m _identify(src/autoware_tensorrt_yolox) by extensions ['ignore', 'ignore_ament_install']
[1.248s] [34mcolcon.colcon_core.package_identification[0m [1;30mLevel 1[0m _identify(src/autoware_tensorrt_yolox) by extension 'ignore'
[1.248s] [34mcolcon.colcon_core.package_identification[0m [1;30mLevel 1[0m _identify(src/autoware_tensorrt_yolox) by extension 'ignore_ament_install'
[1.248s] [34mcolcon.colcon_core.package_identification[0m [1;30mLevel 1[0m _identify(src/autoware_tensorrt_yolox) by extensions ['colcon_pkg']
[1.248s] [34mcolcon.colcon_core.package_identification[0m [1;30mLevel 1[0m _identify(src/autoware_tensorrt_yolox) by extension 'colcon_pkg'
[1.248s] [34mcolcon.colcon_core.package_identification[0m [1;30mLevel 1[0m _identify(src/autoware_tensorrt_yolox) by extensions ['colcon_meta']
[1.248s] [34mcolcon.colcon_core.package_identification[0m [1;30mLevel 1[0m _identify(src/autoware_tensorrt_yolox) by extension 'colcon_meta'
[1.248s] [34mcolcon.colcon_core.package_identification[0m [1;30mLevel 1[0m _identify(src/autoware_tensorrt_yolox) by extensions ['ros']
[1.248s] [34mcolcon.colcon_core.package_identification[0m [1;30mLevel 1[0m _identify(src/autoware_tensorrt_yolox) by extension 'ros'
[1.249s] [34mcolcon.colcon_core.package_identification[0m [1;30mDEBUG[0m [32mPackage 'src/autoware_tensorrt_yolox' with type 'ros.ament_python' and name 'autoware_tensorrt_yolox'[0m
[1.249s] [34mcolcon.colcon_core.package_identification[0m [1;30mLevel 1[0m _identify(src/autoware_traffic_light_classifier) by extensions ['ignore', 'ignore_ament_install']
[1.249s] [34mcolcon.colcon_core.package_identification[0m [1;30mLevel 1[0m _identify(src/autoware_traffic_light_classifier) by extension 'ignore'
[1.249s] [34mcolcon.colcon_core.package_identification[0m [1;30mLevel 1[0m _identify(src/autoware_traffic_light_classifier) by extension 'ignore_ament_install'
[1.249s] [34mcolcon.colcon_core.package_identification[0m [1;30mLevel 1[0m _identify(src/autoware_traffic_light_classifier) by extensions ['colcon_pkg']
[1.249s] [34mcolcon.colcon_core.package_identification[0m [1;30mLevel 1[0m _identify(src/autoware_traffic_light_classifier) by extension 'colcon_pkg'
[1.249s] [34mcolcon.colcon_core.package_identification[0m [1;30mLevel 1[0m _identify(src/autoware_traffic_light_classifier) by extensions ['colcon_meta']
[1.249s] [34mcolcon.colcon_core.package_identification[0m [1;30mLevel 1[0m _identify(src/autoware_traffic_light_classifier) by extension 'colcon_meta'
[1.249s] [34mcolcon.colcon_core.package_identification[0m [1;30mLevel 1[0m _identify(src/autoware_traffic_light_classifier) by extensions ['ros']
[1.249s] [34mcolcon.colcon_core.package_identification[0m [1;30mLevel 1[0m _identify(src/autoware_traffic_light_classifier) by extension 'ros'
[1.249s] [34mcolcon.colcon_core.package_identification[0m [1;30mDEBUG[0m [32mPackage 'src/autoware_traffic_light_classifier' with type 'ros.ament_python' and name 'autoware_traffic_light_classifier'[0m
[1.249s] [34mcolcon.colcon_core.package_identification[0m [1;30mLevel 1[0m _identify(src/tier4_perception_launch) by extensions ['ignore', 'ignore_ament_install']
[1.249s] [34mcolcon.colcon_core.package_identification[0m [1;30mLevel 1[0m _identify(src/tier4_perception_launch) by extension 'ignore'
[1.250s] [34mcolcon.colcon_core.package_identification[0m [1;30mLevel 1[0m _identify(src/tier4_perception_launch) by extension 'ignore_ament_install'
[1.250s] [34mcolcon.colcon_core.package_identification[0m [1;30mLevel 1[0m _identify(src/tier4_perception_launch) by extensions ['colcon_pkg']
[1.250s] [34mcolcon.colcon_core.package_identification[0m [1;30mLevel 1[0m _identify(src/tier4_perception_launch) by extension 'colcon_pkg'
[1.250s] [34mcolcon.colcon_core.package_identification[0m [1;30mLevel 1[0m _identify(src/tier4_perception_launch) by extensions ['colcon_meta']
[1.250s] [34mcolcon.colcon_core.package_identification[0m [1;30mLevel 1[0m _identify(src/tier4_perception_launch) by extension 'colcon_meta'
[1.250s] [34mcolcon.colcon_core.package_identification[0m [1;30mLevel 1[0m _identify(src/tier4_perception_launch) by extensions ['ros']
[1.250s] [34mcolcon.colcon_core.package_identification[0m [1;30mLevel 1[0m _identify(src/tier4_perception_launch) by extension 'ros'
[1.252s] [34mcolcon.colcon_core.package_identification[0m [1;30mDEBUG[0m [32mPackage 'src/tier4_perception_launch' with type 'ros.ament_cmake' and name 'tier4_perception_launch'[0m
[1.252s] [34mcolcon.colcon_core.package_discovery[0m [1;30mLevel 1[0m discover_packages(recursive) using defaults
[1.300s] [34mcolcon.colcon_core.package_discovery[0m [1;30mLevel 1[0m discover_packages(ignore) discover
[1.300s] [34mcolcon.colcon_core.package_discovery[0m [1;30mLevel 1[0m discover_packages(ignore) using defaults
[1.300s] [34mcolcon.colcon_core.package_discovery[0m [1;30mLevel 1[0m discover_packages(path) discover
[1.300s] [34mcolcon.colcon_core.package_discovery[0m [1;30mLevel 1[0m discover_packages(path) using defaults
[1.346s] [34mcolcon.colcon_core.verb[0m [1;30mLevel 5[0m set package 'autoware_bytetrack' build argument 'cmake_args' from command line to 'None'
[1.346s] [34mcolcon.colcon_core.verb[0m [1;30mLevel 5[0m set package 'autoware_bytetrack' build argument 'cmake_target' from command line to 'None'
[1.346s] [34mcolcon.colcon_core.verb[0m [1;30mLevel 5[0m set package 'autoware_bytetrack' build argument 'cmake_target_skip_unavailable' from command line to 'False'
[1.346s] [34mcolcon.colcon_core.verb[0m [1;30mLevel 5[0m set package 'autoware_bytetrack' build argument 'cmake_clean_cache' from command line to 'False'
[1.346s] [34mcolcon.colcon_core.verb[0m [1;30mLevel 5[0m set package 'autoware_bytetrack' build argument 'cmake_clean_first' from command line to 'False'
[1.346s] [34mcolcon.colcon_core.verb[0m [1;30mLevel 5[0m set package 'autoware_bytetrack' build argument 'cmake_force_configure' from command line to 'False'
[1.346s] [34mcolcon.colcon_core.verb[0m [1;30mLevel 5[0m set package 'autoware_bytetrack' build argument 'ament_cmake_args' from command line to 'None'
[1.346s] [34mcolcon.colcon_core.verb[0m [1;30mLevel 5[0m set package 'autoware_bytetrack' build argument 'catkin_cmake_args' from command line to 'None'
[1.346s] [34mcolcon.colcon_core.verb[0m [1;30mLevel 5[0m set package 'autoware_bytetrack' build argument 'catkin_skip_building_tests' from command line to 'False'
[1.346s] [34mcolcon.colcon_core.verb[0m [1;30mDEBUG[0m [32mBuilding package 'autoware_bytetrack' with the following arguments: {'ament_cmake_args': None, 'build_base': '/workspace/modules/detection/detection_ws/build/autoware_bytetrack', 'catkin_cmake_args': None, 'catkin_skip_building_tests': False, 'cmake_args': None, 'cmake_clean_cache': False, 'cmake_clean_first': False, 'cmake_force_configure': False, 'cmake_target': None, 'cmake_target_skip_unavailable': False, 'install_base': '/workspace/modules/detection/detection_ws/install/autoware_bytetrack', 'merge_install': False, 'path': '/workspace/modules/detection/detection_ws/src/autoware_bytetrack', 'symlink_install': True, 'test_result_base': None}[0m
[1.347s] [34mcolcon.colcon_core.verb[0m [1;30mLevel 5[0m set package 'autoware_detection_autoware_bridge' build argument 'cmake_args' from command line to 'None'
[1.347s] [34mcolcon.colcon_core.verb[0m [1;30mLevel 5[0m set package 'autoware_detection_autoware_bridge' build argument 'cmake_target' from command line to 'None'
[1.355s] [34mcolcon.colcon_core.verb[0m [1;30mLevel 5[0m set package 'autoware_detection_autoware_bridge' build argument 'cmake_target_skip_unavailable' from command line to 'False'
[1.355s] [34mcolcon.colcon_core.verb[0m [1;30mLevel 5[0m set package 'autoware_detection_autoware_bridge' build argument 'cmake_clean_cache' from command line to 'False'
[1.355s] [34mcolcon.colcon_core.verb[0m [1;30mLevel 5[0m set package 'autoware_detection_autoware_bridge' build argument 'cmake_clean_first' from command line to 'False'
[1.355s] [34mcolcon.colcon_core.verb[0m [1;30mLevel 5[0m set package 'autoware_detection_autoware_bridge' build argument 'cmake_force_configure' from command line to 'False'
[1.355s] [34mcolcon.colcon_core.verb[0m [1;30mLevel 5[0m set package 'autoware_detection_autoware_bridge' build argument 'ament_cmake_args' from command line to 'None'
[1.355s] [34mcolcon.colcon_core.verb[0m [1;30mLevel 5[0m set package 'autoware_detection_autoware_bridge' build argument 'catkin_cmake_args' from command line to 'None'
[1.355s] [34mcolcon.colcon_core.verb[0m [1;30mLevel 5[0m set package 'autoware_detection_autoware_bridge' build argument 'catkin_skip_building_tests' from command line to 'False'
[1.355s] [34mcolcon.colcon_core.verb[0m [1;30mDEBUG[0m [32mBuilding package 'autoware_detection_autoware_bridge' with the following arguments: {'ament_cmake_args': None, 'build_base': '/workspace/modules/detection/detection_ws/build/autoware_detection_autoware_bridge', 'catkin_cmake_args': None, 'catkin_skip_building_tests': False, 'cmake_args': None, 'cmake_clean_cache': False, 'cmake_clean_first': False, 'cmake_force_configure': False, 'cmake_target': None, 'cmake_target_skip_unavailable': False, 'install_base': '/workspace/modules/detection/detection_ws/install/autoware_detection_autoware_bridge', 'merge_install': False, 'path': '/workspace/modules/detection/detection_ws/src/autoware_detection_autoware_bridge', 'symlink_install': True, 'test_result_base': None}[0m
[1.359s] [34mcolcon.colcon_core.verb[0m [1;30mLevel 5[0m set package 'autoware_tensorrt_yolox' build argument 'cmake_args' from command line to 'None'
[1.359s] [34mcolcon.colcon_core.verb[0m [1;30mLevel 5[0m set package 'autoware_tensorrt_yolox' build argument 'cmake_target' from command line to 'None'
[1.359s] [34mcolcon.colcon_core.verb[0m [1;30mLevel 5[0m set package 'autoware_tensorrt_yolox' build argument 'cmake_target_skip_unavailable' from command line to 'False'
[1.360s] [34mcolcon.colcon_core.verb[0m [1;30mLevel 5[0m set package 'autoware_tensorrt_yolox' build argument 'cmake_clean_cache' from command line to 'False'
[1.360s] [34mcolcon.colcon_core.verb[0m [1;30mLevel 5[0m set package 'autoware_tensorrt_yolox' build argument 'cmake_clean_first' from command line to 'False'
[1.360s] [34mcolcon.colcon_core.verb[0m [1;30mLevel 5[0m set package 'autoware_tensorrt_yolox' build argument 'cmake_force_configure' from command line to 'False'
[1.360s] [34mcolcon.colcon_core.verb[0m [1;30mLevel 5[0m set package 'autoware_tensorrt_yolox' build argument 'ament_cmake_args' from command line to 'None'
[1.360s] [34mcolcon.colcon_core.verb[0m [1;30mLevel 5[0m set package 'autoware_tensorrt_yolox' build argument 'catkin_cmake_args' from command line to 'None'
[1.360s] [34mcolcon.colcon_core.verb[0m [1;30mLevel 5[0m set package 'autoware_tensorrt_yolox' build argument 'catkin_skip_building_tests' from command line to 'False'
[1.360s] [34mcolcon.colcon_core.verb[0m [1;30mDEBUG[0m [32mBuilding package 'autoware_tensorrt_yolox' with the following arguments: {'ament_cmake_args': None, 'build_base': '/workspace/modules/detection/detection_ws/build/autoware_tensorrt_yolox', 'catkin_cmake_args': None, 'catkin_skip_building_tests': False, 'cmake_args': None, 'cmake_clean_cache': False, 'cmake_clean_first': False, 'cmake_force_configure': False, 'cmake_target': None, 'cmake_target_skip_unavailable': False, 'install_base': '/workspace/modules/detection/detection_ws/install/autoware_tensorrt_yolox', 'merge_install': False, 'path': '/workspace/modules/detection/detection_ws/src/autoware_tensorrt_yolox', 'symlink_install': True, 'test_result_base': None}[0m
[1.360s] [34mcolcon.colcon_core.verb[0m [1;30mLevel 5[0m set package 'autoware_traffic_light_classifier' build argument 'cmake_args' from command line to 'None'
[1.360s] [34mcolcon.colcon_core.verb[0m [1;30mLevel 5[0m set package 'autoware_traffic_light_classifier' build argument 'cmake_target' from command line to 'None'
[1.360s] [34mcolcon.colcon_core.verb[0m [1;30mLevel 5[0m set package 'autoware_traffic_light_classifier' build argument 'cmake_target_skip_unavailable' from command line to 'False'
[1.361s] [34mcolcon.colcon_core.verb[0m [1;30mLevel 5[0m set package 'autoware_traffic_light_classifier' build argument 'cmake_clean_cache' from command line to 'False'
[1.361s] [34mcolcon.colcon_core.verb[0m [1;30mLevel 5[0m set package 'autoware_traffic_light_classifier' build argument 'cmake_clean_first' from command line to 'False'
[1.361s] [34mcolcon.colcon_core.verb[0m [1;30mLevel 5[0m set package 'autoware_traffic_light_classifier' build argument 'cmake_force_configure' from command line to 'False'
[1.361s] [34mcolcon.colcon_core.verb[0m [1;30mLevel 5[0m set package 'autoware_traffic_light_classifier' build argument 'ament_cmake_args' from command line to 'None'
[1.361s] [34mcolcon.colcon_core.verb[0m [1;30mLevel 5[0m set package 'autoware_traffic_light_classifier' build argument 'catkin_cmake_args' from command line to 'None'
[1.361s] [34mcolcon.colcon_core.verb[0m [1;30mLevel 5[0m set package 'autoware_traffic_light_classifier' build argument 'catkin_skip_building_tests' from command line to 'False'
[1.361s] [34mcolcon.colcon_core.verb[0m [1;30mDEBUG[0m [32mBuilding package 'autoware_traffic_light_classifier' with the following arguments: {'ament_cmake_args': None, 'build_base': '/workspace/modules/detection/detection_ws/build/autoware_traffic_light_classifier', 'catkin_cmake_args': None, 'catkin_skip_building_tests': False, 'cmake_args': None, 'cmake_clean_cache': False, 'cmake_clean_first': False, 'cmake_force_configure': False, 'cmake_target': None, 'cmake_target_skip_unavailable': False, 'install_base': '/workspace/modules/detection/detection_ws/install/autoware_traffic_light_classifier', 'merge_install': False, 'path': '/workspace/modules/detection/detection_ws/src/autoware_traffic_light_classifier', 'symlink_install': True, 'test_result_base': None}[0m
[1.361s] [34mcolcon.colcon_core.verb[0m [1;30mLevel 5[0m set package 'tier4_perception_launch' build argument 'cmake_args' from command line to 'None'
[1.361s] [34mcolcon.colcon_core.verb[0m [1;30mLevel 5[0m set package 'tier4_perception_launch' build argument 'cmake_target' from command line to 'None'
[1.361s] [34mcolcon.colcon_core.verb[0m [1;30mLevel 5[0m set package 'tier4_perception_launch' build argument 'cmake_target_skip_unavailable' from command line to 'False'
[1.361s] [34mcolcon.colcon_core.verb[0m [1;30mLevel 5[0m set package 'tier4_perception_launch' build argument 'cmake_clean_cache' from command line to 'False'
[1.361s] [34mcolcon.colcon_core.verb[0m [1;30mLevel 5[0m set package 'tier4_perception_launch' build argument 'cmake_clean_first' from command line to 'False'
[1.361s] [34mcolcon.colcon_core.verb[0m [1;30mLevel 5[0m set package 'tier4_perception_launch' build argument 'cmake_force_configure' from command line to 'False'
[1.361s] [34mcolcon.colcon_core.verb[0m [1;30mLevel 5[0m set package 'tier4_perception_launch' build argument 'ament_cmake_args' from command line to 'None'
[1.361s] [34mcolcon.colcon_core.verb[0m [1;30mLevel 5[0m set package 'tier4_perception_launch' build argument 'catkin_cmake_args' from command line to 'None'
[1.361s] [34mcolcon.colcon_core.verb[0m [1;30mLevel 5[0m set package 'tier4_perception_launch' build argument 'catkin_skip_building_tests' from command line to 'False'
[1.361s] [34mcolcon.colcon_core.verb[0m [1;30mDEBUG[0m [32mBuilding package 'tier4_perception_launch' with the following arguments: {'ament_cmake_args': None, 'build_base': '/workspace/modules/detection/detection_ws/build/tier4_perception_launch', 'catkin_cmake_args': None, 'catkin_skip_building_tests': False, 'cmake_args': None, 'cmake_clean_cache': False, 'cmake_clean_first': False, 'cmake_force_configure': False, 'cmake_target': None, 'cmake_target_skip_unavailable': False, 'install_base': '/workspace/modules/detection/detection_ws/install/tier4_perception_launch', 'merge_install': False, 'path': '/workspace/modules/detection/detection_ws/src/tier4_perception_launch', 'symlink_install': True, 'test_result_base': None}[0m
[1.362s] [34mcolcon.colcon_core.executor[0m [1;30mINFO[0m Executing jobs using 'parallel' executor
[1.367s] [34mcolcon.colcon_parallel_executor.executor.parallel[0m [1;30mDEBUG[0m [32mrun_until_complete[0m
[1.367s] [34mcolcon.colcon_ros.task.ament_python.build[0m [1;30mINFO[0m Building ROS package in '/workspace/modules/detection/detection_ws/src/autoware_bytetrack' with build type 'ament_python'
[1.368s] [34mcolcon.colcon_core.shell[0m [1;30mLevel 1[0m create_environment_hook('autoware_bytetrack', 'ament_prefix_path')
[1.379s] [34mcolcon.colcon_core.plugin_system[0m [1;30mINFO[0m Skipping extension 'colcon_core.shell.bat': Not used on non-Windows systems
[1.379s] [34mcolcon.colcon_core.shell[0m [1;30mINFO[0m Creating environment hook '/workspace/modules/detection/detection_ws/install/autoware_bytetrack/share/autoware_bytetrack/hook/ament_prefix_path.ps1'
[1.380s] [34mcolcon.colcon_core.shell[0m [1;30mINFO[0m Creating environment descriptor '/workspace/modules/detection/detection_ws/install/autoware_bytetrack/share/autoware_bytetrack/hook/ament_prefix_path.dsv'
[1.384s] [34mcolcon.colcon_core.shell[0m [1;30mINFO[0m Creating environment hook '/workspace/modules/detection/detection_ws/install/autoware_bytetrack/share/autoware_bytetrack/hook/ament_prefix_path.sh'
[1.388s] [34mcolcon.colcon_core.shell[0m [1;30mINFO[0m Skip shell extension 'powershell' for command environment: Not usable outside of PowerShell
[1.388s] [34mcolcon.colcon_core.shell[0m [1;30mDEBUG[0m [32mSkip shell extension 'dsv' for command environment[0m
[1.392s] [34mcolcon.colcon_ros.prefix_path.ament[0m [1;30mWARNING[0m [33mThe path '/workspace/modules/detection/detection_ws/install/tier4_perception_launch' in the environment variable AMENT_PREFIX_PATH doesn't exist[0m
[1.393s] [34mcolcon.colcon_ros.prefix_path.ament[0m [1;30mWARNING[0m [33mThe path '/workspace/modules/detection/detection_ws/install/autoware_traffic_light_classifier' in the environment variable AMENT_PREFIX_PATH doesn't exist[0m
[1.393s] [34mcolcon.colcon_ros.prefix_path.ament[0m [1;30mWARNING[0m [33mThe path '/workspace/modules/detection/detection_ws/install/autoware_detection_autoware_bridge' in the environment variable AMENT_PREFIX_PATH doesn't exist[0m
[1.394s] [34mcolcon.colcon_ros.prefix_path.catkin[0m [1;30mWARNING[0m [33mThe path '/workspace/modules/detection/detection_ws/install/tier4_perception_launch' in the environment variable CMAKE_PREFIX_PATH doesn't exist[0m
[1.459s] [34mcolcon.colcon_ros.task.ament_python.build[0m [1;30mINFO[0m Building ROS package in '/workspace/modules/detection/detection_ws/src/autoware_detection_autoware_bridge' with build type 'ament_python'
[1.460s] [34mcolcon.colcon_core.shell[0m [1;30mLevel 1[0m create_environment_hook('autoware_detection_autoware_bridge', 'ament_prefix_path')
[1.460s] [34mcolcon.colcon_core.shell[0m [1;30mINFO[0m Creating environment hook '/workspace/modules/detection/detection_ws/install/autoware_detection_autoware_bridge/share/autoware_detection_autoware_bridge/hook/ament_prefix_path.ps1'
[1.461s] [34mcolcon.colcon_core.shell[0m [1;30mINFO[0m Creating environment descriptor '/workspace/modules/detection/detection_ws/install/autoware_detection_autoware_bridge/share/autoware_detection_autoware_bridge/hook/ament_prefix_path.dsv'
[1.462s] [34mcolcon.colcon_core.shell[0m [1;30mINFO[0m Creating environment hook '/workspace/modules/detection/detection_ws/install/autoware_detection_autoware_bridge/share/autoware_detection_autoware_bridge/hook/ament_prefix_path.sh'
[1.462s] [34mcolcon.colcon_core.shell[0m [1;30mINFO[0m Skip shell extension 'powershell' for command environment: Not usable outside of PowerShell
[1.462s] [34mcolcon.colcon_core.shell[0m [1;30mDEBUG[0m [32mSkip shell extension 'dsv' for command environment[0m
[1.524s] [34mcolcon.colcon_ros.task.ament_python.build[0m [1;30mINFO[0m Building ROS package in '/workspace/modules/detection/detection_ws/src/autoware_tensorrt_yolox' with build type 'ament_python'
[1.524s] [34mcolcon.colcon_core.shell[0m [1;30mLevel 1[0m create_environment_hook('autoware_tensorrt_yolox', 'ament_prefix_path')
[1.524s] [34mcolcon.colcon_core.shell[0m [1;30mINFO[0m Creating environment hook '/workspace/modules/detection/detection_ws/install/autoware_tensorrt_yolox/share/autoware_tensorrt_yolox/hook/ament_prefix_path.ps1'
[1.525s] [34mcolcon.colcon_core.shell[0m [1;30mINFO[0m Creating environment descriptor '/workspace/modules/detection/detection_ws/install/autoware_tensorrt_yolox/share/autoware_tensorrt_yolox/hook/ament_prefix_path.dsv'
[1.529s] [34mcolcon.colcon_core.shell[0m [1;30mINFO[0m Creating environment hook '/workspace/modules/detection/detection_ws/install/autoware_tensorrt_yolox/share/autoware_tensorrt_yolox/hook/ament_prefix_path.sh'
[1.533s] [34mcolcon.colcon_core.shell[0m [1;30mINFO[0m Skip shell extension 'powershell' for command environment: Not usable outside of PowerShell
[1.533s] [34mcolcon.colcon_core.shell[0m [1;30mDEBUG[0m [32mSkip shell extension 'dsv' for command environment[0m
[1.599s] [34mcolcon.colcon_ros.task.ament_python.build[0m [1;30mINFO[0m Building ROS package in '/workspace/modules/detection/detection_ws/src/autoware_traffic_light_classifier' with build type 'ament_python'
[1.599s] [34mcolcon.colcon_core.shell[0m [1;30mLevel 1[0m create_environment_hook('autoware_traffic_light_classifier', 'ament_prefix_path')
[1.600s] [34mcolcon.colcon_core.shell[0m [1;30mINFO[0m Creating environment hook '/workspace/modules/detection/detection_ws/install/autoware_traffic_light_classifier/share/autoware_traffic_light_classifier/hook/ament_prefix_path.ps1'
[1.601s] [34mcolcon.colcon_core.shell[0m [1;30mINFO[0m Creating environment descriptor '/workspace/modules/detection/detection_ws/install/autoware_traffic_light_classifier/share/autoware_traffic_light_classifier/hook/ament_prefix_path.dsv'
[1.601s] [34mcolcon.colcon_core.shell[0m [1;30mINFO[0m Creating environment hook '/workspace/modules/detection/detection_ws/install/autoware_traffic_light_classifier/share/autoware_traffic_light_classifier/hook/ament_prefix_path.sh'
[1.603s] [34mcolcon.colcon_core.shell[0m [1;30mINFO[0m Skip shell extension 'powershell' for command environment: Not usable outside of PowerShell
[1.603s] [34mcolcon.colcon_core.shell[0m [1;30mDEBUG[0m [32mSkip shell extension 'dsv' for command environment[0m
[2.429s] [34mcolcon.colcon_core.task.python.build[0m [1;30mINFO[0m Building Python package in '/workspace/modules/detection/detection_ws/src/autoware_bytetrack'
[2.429s] [34mcolcon.colcon_core.shell[0m [1;30mINFO[0m Skip shell extension 'powershell' for command environment: Not usable outside of PowerShell
[2.429s] [34mcolcon.colcon_core.shell[0m [1;30mDEBUG[0m [32mSkip shell extension 'dsv' for command environment[0m
[3.547s] [34mcolcon.colcon_core.task.python.build[0m [1;30mINFO[0m Building Python package in '/workspace/modules/detection/detection_ws/src/autoware_detection_autoware_bridge'
[3.547s] [34mcolcon.colcon_core.shell[0m [1;30mINFO[0m Skip shell extension 'powershell' for command environment: Not usable outside of PowerShell
[3.547s] [34mcolcon.colcon_core.shell[0m [1;30mDEBUG[0m [32mSkip shell extension 'dsv' for command environment[0m
[4.409s] [34mcolcon.colcon_core.task.python.build[0m [1;30mINFO[0m Building Python package in '/workspace/modules/detection/detection_ws/src/autoware_tensorrt_yolox'
[4.410s] [34mcolcon.colcon_core.shell[0m [1;30mINFO[0m Skip shell extension 'powershell' for command environment: Not usable outside of PowerShell
[4.410s] [34mcolcon.colcon_core.shell[0m [1;30mDEBUG[0m [32mSkip shell extension 'dsv' for command environment[0m
[5.402s] [34mcolcon.colcon_core.task.python.build[0m [1;30mINFO[0m Building Python package in '/workspace/modules/detection/detection_ws/src/autoware_traffic_light_classifier'
[5.403s] [34mcolcon.colcon_core.shell[0m [1;30mINFO[0m Skip shell extension 'powershell' for command environment: Not usable outside of PowerShell
[5.403s] [34mcolcon.colcon_core.shell[0m [1;30mDEBUG[0m [32mSkip shell extension 'dsv' for command environment[0m
[6.693s] [34mcolcon.colcon_core.event_handler.log_command[0m [1;30mDEBUG[0m [32mInvoking command in '/workspace/modules/detection/detection_ws/build/autoware_traffic_light_classifier': PYTHONPATH=/workspace/modules/detection/detection_ws/build/autoware_traffic_light_classifier/prefix_override:/usr/lib/python3/dist-packages/colcon_core/task/python/colcon_distutils_commands:/workspace/modules/detection/detection_ws/install/autoware_traffic_light_classifier/lib/python3.10/site-packages:${PYTHONPATH} /usr/bin/python3 -W ignore:setup.py install is deprecated -W ignore:easy_install command is deprecated setup.py develop --editable --build-directory /workspace/modules/detection/detection_ws/build/autoware_traffic_light_classifier/build --no-deps symlink_data[0m
[6.804s] [34mcolcon.colcon_core.event_handler.log_command[0m [1;30mDEBUG[0m [32mInvoking command in '/workspace/modules/detection/detection_ws/build/autoware_tensorrt_yolox': PYTHONPATH=/workspace/modules/detection/detection_ws/build/autoware_tensorrt_yolox/prefix_override:/usr/lib/python3/dist-packages/colcon_core/task/python/colcon_distutils_commands:/workspace/modules/detection/detection_ws/install/autoware_tensorrt_yolox/lib/python3.10/site-packages:${PYTHONPATH} /usr/bin/python3 -W ignore:setup.py install is deprecated -W ignore:easy_install command is deprecated setup.py develop --editable --build-directory /workspace/modules/detection/detection_ws/build/autoware_tensorrt_yolox/build --no-deps symlink_data[0m
[7.012s] [34mcolcon.colcon_core.event_handler.log_command[0m [1;30mDEBUG[0m [32mInvoking command in '/workspace/modules/detection/detection_ws/build/autoware_bytetrack': PYTHONPATH=/workspace/modules/detection/detection_ws/build/autoware_bytetrack/prefix_override:/usr/lib/python3/dist-packages/colcon_core/task/python/colcon_distutils_commands:/workspace/modules/detection/detection_ws/install/autoware_bytetrack/lib/python3.10/site-packages:${PYTHONPATH} /usr/bin/python3 -W ignore:setup.py install is deprecated -W ignore:easy_install command is deprecated setup.py develop --editable --build-directory /workspace/modules/detection/detection_ws/build/autoware_bytetrack/build --no-deps symlink_data[0m
[7.017s] [34mcolcon.colcon_core.event_handler.log_command[0m [1;30mDEBUG[0m [32mInvoking command in '/workspace/modules/detection/detection_ws/build/autoware_detection_autoware_bridge': PYTHONPATH=/workspace/modules/detection/detection_ws/build/autoware_detection_autoware_bridge/prefix_override:/usr/lib/python3/dist-packages/colcon_core/task/python/colcon_distutils_commands:/workspace/modules/detection/detection_ws/install/autoware_detection_autoware_bridge/lib/python3.10/site-packages:${PYTHONPATH} /usr/bin/python3 -W ignore:setup.py install is deprecated -W ignore:easy_install command is deprecated setup.py develop --editable --build-directory /workspace/modules/detection/detection_ws/build/autoware_detection_autoware_bridge/build --no-deps symlink_data[0m
[8.369s] [34mcolcon.colcon_core.shell[0m [1;30mLevel 1[0m create_environment_hook('autoware_tensorrt_yolox', 'pythonpath_develop')
[8.370s] [34mcolcon.colcon_core.shell[0m [1;30mINFO[0m Creating environment hook '/workspace/modules/detection/detection_ws/build/autoware_tensorrt_yolox/share/autoware_tensorrt_yolox/hook/pythonpath_develop.ps1'
[8.370s] [34mcolcon.colcon_core.shell[0m [1;30mINFO[0m Creating environment descriptor '/workspace/modules/detection/detection_ws/build/autoware_tensorrt_yolox/share/autoware_tensorrt_yolox/hook/pythonpath_develop.dsv'
[8.371s] [34mcolcon.colcon_core.event_handler.log_command[0m [1;30mDEBUG[0m [32mInvoked command in '/workspace/modules/detection/detection_ws/build/autoware_tensorrt_yolox' returned '0': PYTHONPATH=/workspace/modules/detection/detection_ws/build/autoware_tensorrt_yolox/prefix_override:/usr/lib/python3/dist-packages/colcon_core/task/python/colcon_distutils_commands:/workspace/modules/detection/detection_ws/install/autoware_tensorrt_yolox/lib/python3.10/site-packages:${PYTHONPATH} /usr/bin/python3 -W ignore:setup.py install is deprecated -W ignore:easy_install command is deprecated setup.py develop --editable --build-directory /workspace/modules/detection/detection_ws/build/autoware_tensorrt_yolox/build --no-deps symlink_data[0m
[8.371s] [34mcolcon.colcon_core.shell[0m [1;30mINFO[0m Creating environment hook '/workspace/modules/detection/detection_ws/build/autoware_tensorrt_yolox/share/autoware_tensorrt_yolox/hook/pythonpath_develop.sh'
[8.379s] [34mcolcon.colcon_core.environment[0m [1;30mLevel 1[0m checking '/workspace/modules/detection/detection_ws/install/autoware_tensorrt_yolox' for CMake module files
[8.388s] [34mcolcon.colcon_core.environment[0m [1;30mLevel 1[0m checking '/workspace/modules/detection/detection_ws/install/autoware_tensorrt_yolox' for CMake config files
[8.390s] [34mcolcon.colcon_core.environment[0m [1;30mLevel 1[0m checking '/workspace/modules/detection/detection_ws/install/autoware_tensorrt_yolox/lib'
[8.390s] [34mcolcon.colcon_core.environment[0m [1;30mLevel 1[0m checking '/workspace/modules/detection/detection_ws/install/autoware_tensorrt_yolox/bin'
[8.390s] [34mcolcon.colcon_core.environment[0m [1;30mLevel 1[0m checking '/workspace/modules/detection/detection_ws/install/autoware_tensorrt_yolox/lib/pkgconfig/autoware_tensorrt_yolox.pc'
[8.391s] [34mcolcon.colcon_core.environment[0m [1;30mLevel 1[0m checking '/workspace/modules/detection/detection_ws/install/autoware_tensorrt_yolox/lib/python3.10/site-packages'
[8.391s] [34mcolcon.colcon_core.shell[0m [1;30mLevel 1[0m create_environment_hook('autoware_tensorrt_yolox', 'pythonpath')
[8.399s] [34mcolcon.colcon_core.shell[0m [1;30mINFO[0m Creating environment hook '/workspace/modules/detection/detection_ws/install/autoware_tensorrt_yolox/share/autoware_tensorrt_yolox/hook/pythonpath.ps1'
[8.400s] [34mcolcon.colcon_core.shell[0m [1;30mINFO[0m Creating environment descriptor '/workspace/modules/detection/detection_ws/install/autoware_tensorrt_yolox/share/autoware_tensorrt_yolox/hook/pythonpath.dsv'
[8.401s] [34mcolcon.colcon_core.shell[0m [1;30mINFO[0m Creating environment hook '/workspace/modules/detection/detection_ws/install/autoware_tensorrt_yolox/share/autoware_tensorrt_yolox/hook/pythonpath.sh'
[8.407s] [34mcolcon.colcon_core.environment[0m [1;30mLevel 1[0m checking '/workspace/modules/detection/detection_ws/install/autoware_tensorrt_yolox/bin'
[8.407s] [34mcolcon.colcon_core.environment[0m [1;30mLevel 1[0m create_environment_scripts_only(autoware_tensorrt_yolox)
[8.412s] [34mcolcon.colcon_core.shell[0m [1;30mINFO[0m Creating package script '/workspace/modules/detection/detection_ws/install/autoware_tensorrt_yolox/share/autoware_tensorrt_yolox/package.ps1'
[8.415s] [34mcolcon.colcon_core.shell[0m [1;30mINFO[0m Creating package descriptor '/workspace/modules/detection/detection_ws/install/autoware_tensorrt_yolox/share/autoware_tensorrt_yolox/package.dsv'
[8.416s] [34mcolcon.colcon_core.shell[0m [1;30mINFO[0m Creating package script '/workspace/modules/detection/detection_ws/install/autoware_tensorrt_yolox/share/autoware_tensorrt_yolox/package.sh'
[8.422s] [34mcolcon.colcon_core.shell[0m [1;30mINFO[0m Creating package script '/workspace/modules/detection/detection_ws/install/autoware_tensorrt_yolox/share/autoware_tensorrt_yolox/package.bash'
[8.428s] [34mcolcon.colcon_core.shell[0m [1;30mINFO[0m Creating package script '/workspace/modules/detection/detection_ws/install/autoware_tensorrt_yolox/share/autoware_tensorrt_yolox/package.zsh'
[8.429s] [34mcolcon.colcon_core.environment[0m [1;30mLevel 1[0m create_file_with_runtime_dependencies(/workspace/modules/detection/detection_ws/install/autoware_tensorrt_yolox/share/colcon-core/packages/autoware_tensorrt_yolox)
[8.436s] [34mcolcon.colcon_core.shell[0m [1;30mLevel 1[0m create_environment_hook('autoware_bytetrack', 'pythonpath_develop')
[8.437s] [34mcolcon.colcon_core.shell[0m [1;30mINFO[0m Creating environment hook '/workspace/modules/detection/detection_ws/build/autoware_bytetrack/share/autoware_bytetrack/hook/pythonpath_develop.ps1'
[8.438s] [34mcolcon.colcon_core.shell[0m [1;30mINFO[0m Creating environment descriptor '/workspace/modules/detection/detection_ws/build/autoware_bytetrack/share/autoware_bytetrack/hook/pythonpath_develop.dsv'
[8.438s] [34mcolcon.colcon_core.shell[0m [1;30mINFO[0m Creating environment hook '/workspace/modules/detection/detection_ws/build/autoware_bytetrack/share/autoware_bytetrack/hook/pythonpath_develop.sh'
[8.439s] [34mcolcon.colcon_core.environment[0m [1;30mLevel 1[0m checking '/workspace/modules/detection/detection_ws/install/autoware_bytetrack' for CMake module files
[8.439s] [34mcolcon.colcon_core.environment[0m [1;30mLevel 1[0m checking '/workspace/modules/detection/detection_ws/install/autoware_bytetrack' for CMake config files
[8.449s] [34mcolcon.colcon_core.event_handler.log_command[0m [1;30mDEBUG[0m [32mInvoked command in '/workspace/modules/detection/detection_ws/build/autoware_bytetrack' returned '0': PYTHONPATH=/workspace/modules/detection/detection_ws/build/autoware_bytetrack/prefix_override:/usr/lib/python3/dist-packages/colcon_core/task/python/colcon_distutils_commands:/workspace/modules/detection/detection_ws/install/autoware_bytetrack/lib/python3.10/site-packages:${PYTHONPATH} /usr/bin/python3 -W ignore:setup.py install is deprecated -W ignore:easy_install command is deprecated setup.py develop --editable --build-directory /workspace/modules/detection/detection_ws/build/autoware_bytetrack/build --no-deps symlink_data[0m
[8.450s] [34mcolcon.colcon_core.environment[0m [1;30mLevel 1[0m checking '/workspace/modules/detection/detection_ws/install/autoware_bytetrack/lib'
[8.450s] [34mcolcon.colcon_core.environment[0m [1;30mLevel 1[0m checking '/workspace/modules/detection/detection_ws/install/autoware_bytetrack/bin'
[8.450s] [34mcolcon.colcon_core.environment[0m [1;30mLevel 1[0m checking '/workspace/modules/detection/detection_ws/install/autoware_bytetrack/lib/pkgconfig/autoware_bytetrack.pc'
[8.450s] [34mcolcon.colcon_core.environment[0m [1;30mLevel 1[0m checking '/workspace/modules/detection/detection_ws/install/autoware_bytetrack/lib/python3.10/site-packages'
[8.450s] [34mcolcon.colcon_core.shell[0m [1;30mLevel 1[0m create_environment_hook('autoware_bytetrack', 'pythonpath')
[8.451s] [34mcolcon.colcon_core.shell[0m [1;30mINFO[0m Creating environment hook '/workspace/modules/detection/detection_ws/install/autoware_bytetrack/share/autoware_bytetrack/hook/pythonpath.ps1'
[8.451s] [34mcolcon.colcon_core.shell[0m [1;30mINFO[0m Creating environment descriptor '/workspace/modules/detection/detection_ws/install/autoware_bytetrack/share/autoware_bytetrack/hook/pythonpath.dsv'
[8.451s] [34mcolcon.colcon_core.shell[0m [1;30mINFO[0m Creating environment hook '/workspace/modules/detection/detection_ws/install/autoware_bytetrack/share/autoware_bytetrack/hook/pythonpath.sh'
[8.452s] [34mcolcon.colcon_core.environment[0m [1;30mLevel 1[0m checking '/workspace/modules/detection/detection_ws/install/autoware_bytetrack/bin'
[8.452s] [34mcolcon.colcon_core.environment[0m [1;30mLevel 1[0m create_environment_scripts_only(autoware_bytetrack)
[8.453s] [34mcolcon.colcon_core.shell[0m [1;30mINFO[0m Creating package script '/workspace/modules/detection/detection_ws/install/autoware_bytetrack/share/autoware_bytetrack/package.ps1'
[8.465s] [34mcolcon.colcon_core.shell[0m [1;30mINFO[0m Creating package descriptor '/workspace/modules/detection/detection_ws/install/autoware_bytetrack/share/autoware_bytetrack/package.dsv'
[8.465s] [34mcolcon.colcon_core.shell[0m [1;30mINFO[0m Creating package script '/workspace/modules/detection/detection_ws/install/autoware_bytetrack/share/autoware_bytetrack/package.sh'
[8.467s] [34mcolcon.colcon_core.shell[0m [1;30mINFO[0m Creating package script '/workspace/modules/detection/detection_ws/install/autoware_bytetrack/share/autoware_bytetrack/package.bash'
[8.468s] [34mcolcon.colcon_core.shell[0m [1;30mINFO[0m Creating package script '/workspace/modules/detection/detection_ws/install/autoware_bytetrack/share/autoware_bytetrack/package.zsh'
[8.468s] [34mcolcon.colcon_core.environment[0m [1;30mLevel 1[0m create_file_with_runtime_dependencies(/workspace/modules/detection/detection_ws/install/autoware_bytetrack/share/colcon-core/packages/autoware_bytetrack)
[8.672s] [34mcolcon.colcon_core.shell[0m [1;30mLevel 1[0m create_environment_hook('autoware_traffic_light_classifier', 'pythonpath_develop')
[8.673s] [34mcolcon.colcon_core.shell[0m [1;30mINFO[0m Creating environment hook '/workspace/modules/detection/detection_ws/build/autoware_traffic_light_classifier/share/autoware_traffic_light_classifier/hook/pythonpath_develop.ps1'
[8.673s] [34mcolcon.colcon_core.shell[0m [1;30mINFO[0m Creating environment descriptor '/workspace/modules/detection/detection_ws/build/autoware_traffic_light_classifier/share/autoware_traffic_light_classifier/hook/pythonpath_develop.dsv'
[8.674s] [34mcolcon.colcon_core.shell[0m [1;30mINFO[0m Creating environment hook '/workspace/modules/detection/detection_ws/build/autoware_traffic_light_classifier/share/autoware_traffic_light_classifier/hook/pythonpath_develop.sh'
[8.674s] [34mcolcon.colcon_core.environment[0m [1;30mLevel 1[0m checking '/workspace/modules/detection/detection_ws/install/autoware_traffic_light_classifier' for CMake module files
[8.675s] [34mcolcon.colcon_core.environment[0m [1;30mLevel 1[0m checking '/workspace/modules/detection/detection_ws/install/autoware_traffic_light_classifier' for CMake config files
[8.675s] [34mcolcon.colcon_core.environment[0m [1;30mLevel 1[0m checking '/workspace/modules/detection/detection_ws/install/autoware_traffic_light_classifier/lib'
[8.676s] [34mcolcon.colcon_core.environment[0m [1;30mLevel 1[0m checking '/workspace/modules/detection/detection_ws/install/autoware_traffic_light_classifier/bin'
[8.676s] [34mcolcon.colcon_core.environment[0m [1;30mLevel 1[0m checking '/workspace/modules/detection/detection_ws/install/autoware_traffic_light_classifier/lib/pkgconfig/autoware_traffic_light_classifier.pc'
[8.680s] [34mcolcon.colcon_core.environment[0m [1;30mLevel 1[0m checking '/workspace/modules/detection/detection_ws/install/autoware_traffic_light_classifier/lib/python3.10/site-packages'
[8.682s] [34mcolcon.colcon_core.shell[0m [1;30mLevel 1[0m create_environment_hook('autoware_traffic_light_classifier', 'pythonpath')
[8.683s] [34mcolcon.colcon_core.shell[0m [1;30mINFO[0m Creating environment hook '/workspace/modules/detection/detection_ws/install/autoware_traffic_light_classifier/share/autoware_traffic_light_classifier/hook/pythonpath.ps1'
[8.683s] [34mcolcon.colcon_core.shell[0m [1;30mINFO[0m Creating environment descriptor '/workspace/modules/detection/detection_ws/install/autoware_traffic_light_classifier/share/autoware_traffic_light_classifier/hook/pythonpath.dsv'
[8.684s] [34mcolcon.colcon_core.shell[0m [1;30mINFO[0m Creating environment hook '/workspace/modules/detection/detection_ws/install/autoware_traffic_light_classifier/share/autoware_traffic_light_classifier/hook/pythonpath.sh'
[8.685s] [34mcolcon.colcon_core.environment[0m [1;30mLevel 1[0m checking '/workspace/modules/detection/detection_ws/install/autoware_traffic_light_classifier/bin'
[8.685s] [34mcolcon.colcon_core.environment[0m [1;30mLevel 1[0m create_environment_scripts_only(autoware_traffic_light_classifier)
[8.680s] [34mcolcon.colcon_core.event_handler.log_command[0m [1;30mDEBUG[0m [32mInvoked command in '/workspace/modules/detection/detection_ws/build/autoware_traffic_light_classifier' returned '0': PYTHONPATH=/workspace/modules/detection/detection_ws/build/autoware_traffic_light_classifier/prefix_override:/usr/lib/python3/dist-packages/colcon_core/task/python/colcon_distutils_commands:/workspace/modules/detection/detection_ws/install/autoware_traffic_light_classifier/lib/python3.10/site-packages:${PYTHONPATH} /usr/bin/python3 -W ignore:setup.py install is deprecated -W ignore:easy_install command is deprecated setup.py develop --editable --build-directory /workspace/modules/detection/detection_ws/build/autoware_traffic_light_classifier/build --no-deps symlink_data[0m
[8.696s] [34mcolcon.colcon_core.shell[0m [1;30mINFO[0m Creating package script '/workspace/modules/detection/detection_ws/install/autoware_traffic_light_classifier/share/autoware_traffic_light_classifier/package.ps1'
[8.697s] [34mcolcon.colcon_core.shell[0m [1;30mINFO[0m Creating package descriptor '/workspace/modules/detection/detection_ws/install/autoware_traffic_light_classifier/share/autoware_traffic_light_classifier/package.dsv'
[8.698s] [34mcolcon.colcon_core.shell[0m [1;30mINFO[0m Creating package script '/workspace/modules/detection/detection_ws/install/autoware_traffic_light_classifier/share/autoware_traffic_light_classifier/package.sh'
[8.698s] [34mcolcon.colcon_core.shell[0m [1;30mINFO[0m Creating package script '/workspace/modules/detection/detection_ws/install/autoware_traffic_light_classifier/share/autoware_traffic_light_classifier/package.bash'
[8.699s] [34mcolcon.colcon_core.shell[0m [1;30mINFO[0m Creating package script '/workspace/modules/detection/detection_ws/install/autoware_traffic_light_classifier/share/autoware_traffic_light_classifier/package.zsh'
[8.715s] [34mcolcon.colcon_core.environment[0m [1;30mLevel 1[0m create_file_with_runtime_dependencies(/workspace/modules/detection/detection_ws/install/autoware_traffic_light_classifier/share/colcon-core/packages/autoware_traffic_light_classifier)
[9.002s] [34mcolcon.colcon_core.shell[0m [1;30mLevel 1[0m create_environment_hook('autoware_detection_autoware_bridge', 'pythonpath_develop')
[9.002s] [34mcolcon.colcon_core.event_handler.log_command[0m [1;30mDEBUG[0m [32mInvoked command in '/workspace/modules/detection/detection_ws/build/autoware_detection_autoware_bridge' returned '0': PYTHONPATH=/workspace/modules/detection/detection_ws/build/autoware_detection_autoware_bridge/prefix_override:/usr/lib/python3/dist-packages/colcon_core/task/python/colcon_distutils_commands:/workspace/modules/detection/detection_ws/install/autoware_detection_autoware_bridge/lib/python3.10/site-packages:${PYTHONPATH} /usr/bin/python3 -W ignore:setup.py install is deprecated -W ignore:easy_install command is deprecated setup.py develop --editable --build-directory /workspace/modules/detection/detection_ws/build/autoware_detection_autoware_bridge/build --no-deps symlink_data[0m
[9.003s] [34mcolcon.colcon_core.shell[0m [1;30mINFO[0m Creating environment hook '/workspace/modules/detection/detection_ws/build/autoware_detection_autoware_bridge/share/autoware_detection_autoware_bridge/hook/pythonpath_develop.ps1'
[9.007s] [34mcolcon.colcon_core.shell[0m [1;30mINFO[0m Creating environment descriptor '/workspace/modules/detection/detection_ws/build/autoware_detection_autoware_bridge/share/autoware_detection_autoware_bridge/hook/pythonpath_develop.dsv'
[9.007s] [34mcolcon.colcon_core.shell[0m [1;30mINFO[0m Creating environment hook '/workspace/modules/detection/detection_ws/build/autoware_detection_autoware_bridge/share/autoware_detection_autoware_bridge/hook/pythonpath_develop.sh'
[9.008s] [34mcolcon.colcon_core.environment[0m [1;30mLevel 1[0m checking '/workspace/modules/detection/detection_ws/install/autoware_detection_autoware_bridge' for CMake module files
[9.012s] [34mcolcon.colcon_core.environment[0m [1;30mLevel 1[0m checking '/workspace/modules/detection/detection_ws/install/autoware_detection_autoware_bridge' for CMake config files
[9.013s] [34mcolcon.colcon_core.environment[0m [1;30mLevel 1[0m checking '/workspace/modules/detection/detection_ws/install/autoware_detection_autoware_bridge/lib'
[9.013s] [34mcolcon.colcon_core.environment[0m [1;30mLevel 1[0m checking '/workspace/modules/detection/detection_ws/install/autoware_detection_autoware_bridge/bin'
[9.013s] [34mcolcon.colcon_core.environment[0m [1;30mLevel 1[0m checking '/workspace/modules/detection/detection_ws/install/autoware_detection_autoware_bridge/lib/pkgconfig/autoware_detection_autoware_bridge.pc'
[9.013s] [34mcolcon.colcon_core.environment[0m [1;30mLevel 1[0m checking '/workspace/modules/detection/detection_ws/install/autoware_detection_autoware_bridge/lib/python3.10/site-packages'
[9.013s] [34mcolcon.colcon_core.shell[0m [1;30mLevel 1[0m create_environment_hook('autoware_detection_autoware_bridge', 'pythonpath')
[9.013s] [34mcolcon.colcon_core.shell[0m [1;30mINFO[0m Creating environment hook '/workspace/modules/detection/detection_ws/install/autoware_detection_autoware_bridge/share/autoware_detection_autoware_bridge/hook/pythonpath.ps1'
[9.019s] [34mcolcon.colcon_core.shell[0m [1;30mINFO[0m Creating environment descriptor '/workspace/modules/detection/detection_ws/install/autoware_detection_autoware_bridge/share/autoware_detection_autoware_bridge/hook/pythonpath.dsv'
[9.020s] [34mcolcon.colcon_core.shell[0m [1;30mINFO[0m Creating environment hook '/workspace/modules/detection/detection_ws/install/autoware_detection_autoware_bridge/share/autoware_detection_autoware_bridge/hook/pythonpath.sh'
[9.020s] [34mcolcon.colcon_core.environment[0m [1;30mLevel 1[0m checking '/workspace/modules/detection/detection_ws/install/autoware_detection_autoware_bridge/bin'
[9.021s] [34mcolcon.colcon_core.environment[0m [1;30mLevel 1[0m create_environment_scripts_only(autoware_detection_autoware_bridge)
[9.028s] [34mcolcon.colcon_core.shell[0m [1;30mINFO[0m Creating package script '/workspace/modules/detection/detection_ws/install/autoware_detection_autoware_bridge/share/autoware_detection_autoware_bridge/package.ps1'
[9.029s] [34mcolcon.colcon_core.shell[0m [1;30mINFO[0m Creating package descriptor '/workspace/modules/detection/detection_ws/install/autoware_detection_autoware_bridge/share/autoware_detection_autoware_bridge/package.dsv'
[9.030s] [34mcolcon.colcon_core.shell[0m [1;30mINFO[0m Creating package script '/workspace/modules/detection/detection_ws/install/autoware_detection_autoware_bridge/share/autoware_detection_autoware_bridge/package.sh'
[9.030s] [34mcolcon.colcon_core.shell[0m [1;30mINFO[0m Creating package script '/workspace/modules/detection/detection_ws/install/autoware_detection_autoware_bridge/share/autoware_detection_autoware_bridge/package.bash'
[9.031s] [34mcolcon.colcon_core.shell[0m [1;30mINFO[0m Creating package script '/workspace/modules/detection/detection_ws/install/autoware_detection_autoware_bridge/share/autoware_detection_autoware_bridge/package.zsh'
[9.031s] [34mcolcon.colcon_core.environment[0m [1;30mLevel 1[0m create_file_with_runtime_dependencies(/workspace/modules/detection/detection_ws/install/autoware_detection_autoware_bridge/share/colcon-core/packages/autoware_detection_autoware_bridge)
[9.039s] [34mcolcon.colcon_ros.task.ament_cmake.build[0m [1;30mINFO[0m Building ROS package in '/workspace/modules/detection/detection_ws/src/tier4_perception_launch' with build type 'ament_cmake'
[9.039s] [34mcolcon.colcon_cmake.task.cmake.build[0m [1;30mINFO[0m Building CMake package in '/workspace/modules/detection/detection_ws/src/tier4_perception_launch'
[9.040s] [34mcolcon.colcon_core.shell[0m [1;30mINFO[0m Skip shell extension 'powershell' for command environment: Not usable outside of PowerShell
[9.040s] [34mcolcon.colcon_core.shell[0m [1;30mDEBUG[0m [32mSkip shell extension 'dsv' for command environment[0m
[9.150s] [34mcolcon.colcon_core.event_handler.log_command[0m [1;30mDEBUG[0m [32mInvoking command in '/workspace/modules/detection/detection_ws/build/tier4_perception_launch': AMENT_PREFIX_PATH=/workspace/modules/detection/detection_ws/install/autoware_traffic_light_classifier:/workspace/modules/detection/detection_ws/install/autoware_tensorrt_yolox:/workspace/modules/detection/detection_ws/install/autoware_detection_autoware_bridge:/workspace/modules/detection/detection_ws/install/autoware_bytetrack:/workspace/modules/detection/detection_ws/install/tier4_perception_launch:/opt/autoware:/opt/ros/humble CMAKE_PREFIX_PATH=${CMAKE_PREFIX_PATH}:/workspace/modules/detection/detection_ws/install/autoware_traffic_light_classifier:/workspace/modules/detection/detection_ws/install/autoware_tensorrt_yolox:/workspace/modules/detection/detection_ws/install/autoware_detection_autoware_bridge:/workspace/modules/detection/detection_ws/install/autoware_bytetrack:/opt/ros/humble /usr/bin/cmake /workspace/modules/detection/detection_ws/src/tier4_perception_launch -DAMENT_CMAKE_SYMLINK_INSTALL=1 -DCMAKE_INSTALL_PREFIX=/workspace/modules/detection/detection_ws/install/tier4_perception_launch[0m
[11.814s] [34mcolcon.colcon_core.event_handler.log_command[0m [1;30mDEBUG[0m [32mInvoked command in '/workspace/modules/detection/detection_ws/build/tier4_perception_launch' returned '0': AMENT_PREFIX_PATH=/workspace/modules/detection/detection_ws/install/autoware_traffic_light_classifier:/workspace/modules/detection/detection_ws/install/autoware_tensorrt_yolox:/workspace/modules/detection/detection_ws/install/autoware_detection_autoware_bridge:/workspace/modules/detection/detection_ws/install/autoware_bytetrack:/workspace/modules/detection/detection_ws/install/tier4_perception_launch:/opt/autoware:/opt/ros/humble CMAKE_PREFIX_PATH=${CMAKE_PREFIX_PATH}:/workspace/modules/detection/detection_ws/install/autoware_traffic_light_classifier:/workspace/modules/detection/detection_ws/install/autoware_tensorrt_yolox:/workspace/modules/detection/detection_ws/install/autoware_detection_autoware_bridge:/workspace/modules/detection/detection_ws/install/autoware_bytetrack:/opt/ros/humble /usr/bin/cmake /workspace/modules/detection/detection_ws/src/tier4_perception_launch -DAMENT_CMAKE_SYMLINK_INSTALL=1 -DCMAKE_INSTALL_PREFIX=/workspace/modules/detection/detection_ws/install/tier4_perception_launch[0m
[11.815s] [34mcolcon.colcon_core.event_handler.log_command[0m [1;30mDEBUG[0m [32mInvoking command in '/workspace/modules/detection/detection_ws/build/tier4_perception_launch': AMENT_PREFIX_PATH=/workspace/modules/detection/detection_ws/install/autoware_traffic_light_classifier:/workspace/modules/detection/detection_ws/install/autoware_tensorrt_yolox:/workspace/modules/detection/detection_ws/install/autoware_detection_autoware_bridge:/workspace/modules/detection/detection_ws/install/autoware_bytetrack:/workspace/modules/detection/detection_ws/install/tier4_perception_launch:/opt/autoware:/opt/ros/humble CMAKE_PREFIX_PATH=${CMAKE_PREFIX_PATH}:/workspace/modules/detection/detection_ws/install/autoware_traffic_light_classifier:/workspace/modules/detection/detection_ws/install/autoware_tensorrt_yolox:/workspace/modules/detection/detection_ws/install/autoware_detection_autoware_bridge:/workspace/modules/detection/detection_ws/install/autoware_bytetrack:/opt/ros/humble /usr/bin/cmake --build /workspace/modules/detection/detection_ws/build/tier4_perception_launch -- -j16 -l16[0m
[11.954s] [34mcolcon.colcon_core.event_handler.log_command[0m [1;30mDEBUG[0m [32mInvoked command in '/workspace/modules/detection/detection_ws/build/tier4_perception_launch' returned '0': AMENT_PREFIX_PATH=/workspace/modules/detection/detection_ws/install/autoware_traffic_light_classifier:/workspace/modules/detection/detection_ws/install/autoware_tensorrt_yolox:/workspace/modules/detection/detection_ws/install/autoware_detection_autoware_bridge:/workspace/modules/detection/detection_ws/install/autoware_bytetrack:/workspace/modules/detection/detection_ws/install/tier4_perception_launch:/opt/autoware:/opt/ros/humble CMAKE_PREFIX_PATH=${CMAKE_PREFIX_PATH}:/workspace/modules/detection/detection_ws/install/autoware_traffic_light_classifier:/workspace/modules/detection/detection_ws/install/autoware_tensorrt_yolox:/workspace/modules/detection/detection_ws/install/autoware_detection_autoware_bridge:/workspace/modules/detection/detection_ws/install/autoware_bytetrack:/opt/ros/humble /usr/bin/cmake --build /workspace/modules/detection/detection_ws/build/tier4_perception_launch -- -j16 -l16[0m
[11.984s] [34mcolcon.colcon_core.event_handler.log_command[0m [1;30mDEBUG[0m [32mInvoking command in '/workspace/modules/detection/detection_ws/build/tier4_perception_launch': AMENT_PREFIX_PATH=/workspace/modules/detection/detection_ws/install/autoware_traffic_light_classifier:/workspace/modules/detection/detection_ws/install/autoware_tensorrt_yolox:/workspace/modules/detection/detection_ws/install/autoware_detection_autoware_bridge:/workspace/modules/detection/detection_ws/install/autoware_bytetrack:/workspace/modules/detection/detection_ws/install/tier4_perception_launch:/opt/autoware:/opt/ros/humble CMAKE_PREFIX_PATH=${CMAKE_PREFIX_PATH}:/workspace/modules/detection/detection_ws/install/autoware_traffic_light_classifier:/workspace/modules/detection/detection_ws/install/autoware_tensorrt_yolox:/workspace/modules/detection/detection_ws/install/autoware_detection_autoware_bridge:/workspace/modules/detection/detection_ws/install/autoware_bytetrack:/opt/ros/humble /usr/bin/cmake --install /workspace/modules/detection/detection_ws/build/tier4_perception_launch[0m
[12.579s] [34mcolcon.colcon_core.environment[0m [1;30mLevel 1[0m create_environment_scripts_only(tier4_perception_launch)
[12.582s] [34mcolcon.colcon_core.environment[0m [1;30mLevel 1[0m checking '/workspace/modules/detection/detection_ws/install/tier4_perception_launch' for CMake module files
[12.583s] [34mcolcon.colcon_core.environment[0m [1;30mLevel 1[0m checking '/workspace/modules/detection/detection_ws/install/tier4_perception_launch' for CMake config files
[12.583s] [34mcolcon.colcon_core.shell[0m [1;30mLevel 1[0m create_environment_hook('tier4_perception_launch', 'cmake_prefix_path')
[12.583s] [34mcolcon.colcon_core.shell[0m [1;30mINFO[0m Creating environment hook '/workspace/modules/detection/detection_ws/install/tier4_perception_launch/share/tier4_perception_launch/hook/cmake_prefix_path.ps1'
[12.584s] [34mcolcon.colcon_core.shell[0m [1;30mINFO[0m Creating environment descriptor '/workspace/modules/detection/detection_ws/install/tier4_perception_launch/share/tier4_perception_launch/hook/cmake_prefix_path.dsv'
[12.585s] [34mcolcon.colcon_core.shell[0m [1;30mINFO[0m Creating environment hook '/workspace/modules/detection/detection_ws/install/tier4_perception_launch/share/tier4_perception_launch/hook/cmake_prefix_path.sh'
[12.590s] [34mcolcon.colcon_core.environment[0m [1;30mLevel 1[0m checking '/workspace/modules/detection/detection_ws/install/tier4_perception_launch/bin'
[12.590s] [34mcolcon.colcon_core.environment[0m [1;30mLevel 1[0m checking '/workspace/modules/detection/detection_ws/install/tier4_perception_launch/lib/pkgconfig/tier4_perception_launch.pc'
[12.590s] [34mcolcon.colcon_core.environment[0m [1;30mLevel 1[0m checking '/workspace/modules/detection/detection_ws/install/tier4_perception_launch/lib/python3.10/site-packages'
[12.591s] [34mcolcon.colcon_core.environment[0m [1;30mLevel 1[0m checking '/workspace/modules/detection/detection_ws/install/tier4_perception_launch/bin'
[12.591s] [34mcolcon.colcon_core.shell[0m [1;30mINFO[0m Creating package script '/workspace/modules/detection/detection_ws/install/tier4_perception_launch/share/tier4_perception_launch/package.ps1'
[12.592s] [34mcolcon.colcon_core.shell[0m [1;30mINFO[0m Creating package descriptor '/workspace/modules/detection/detection_ws/install/tier4_perception_launch/share/tier4_perception_launch/package.dsv'
[12.592s] [34mcolcon.colcon_core.shell[0m [1;30mINFO[0m Creating package script '/workspace/modules/detection/detection_ws/install/tier4_perception_launch/share/tier4_perception_launch/package.sh'
[12.592s] [34mcolcon.colcon_core.shell[0m [1;30mINFO[0m Creating package script '/workspace/modules/detection/detection_ws/install/tier4_perception_launch/share/tier4_perception_launch/package.bash'
[12.592s] [34mcolcon.colcon_core.shell[0m [1;30mINFO[0m Creating package script '/workspace/modules/detection/detection_ws/install/tier4_perception_launch/share/tier4_perception_launch/package.zsh'
[12.601s] [34mcolcon.colcon_core.environment[0m [1;30mLevel 1[0m create_file_with_runtime_dependencies(/workspace/modules/detection/detection_ws/install/tier4_perception_launch/share/colcon-core/packages/tier4_perception_launch)
[12.602s] [34mcolcon.colcon_core.event_handler.log_command[0m [1;30mDEBUG[0m [32mInvoked command in '/workspace/modules/detection/detection_ws/build/tier4_perception_launch' returned '0': AMENT_PREFIX_PATH=/workspace/modules/detection/detection_ws/install/autoware_traffic_light_classifier:/workspace/modules/detection/detection_ws/install/autoware_tensorrt_yolox:/workspace/modules/detection/detection_ws/install/autoware_detection_autoware_bridge:/workspace/modules/detection/detection_ws/install/autoware_bytetrack:/workspace/modules/detection/detection_ws/install/tier4_perception_launch:/opt/autoware:/opt/ros/humble CMAKE_PREFIX_PATH=${CMAKE_PREFIX_PATH}:/workspace/modules/detection/detection_ws/install/autoware_traffic_light_classifier:/workspace/modules/detection/detection_ws/install/autoware_tensorrt_yolox:/workspace/modules/detection/detection_ws/install/autoware_detection_autoware_bridge:/workspace/modules/detection/detection_ws/install/autoware_bytetrack:/opt/ros/humble /usr/bin/cmake --install /workspace/modules/detection/detection_ws/build/tier4_perception_launch[0m
[12.603s] [34mcolcon.colcon_core.environment[0m [1;30mLevel 1[0m create_environment_scripts_only(tier4_perception_launch)
[12.603s] [34mcolcon.colcon_core.environment[0m [1;30mLevel 1[0m checking '/workspace/modules/detection/detection_ws/install/tier4_perception_launch' for CMake module files
[12.605s] [34mcolcon.colcon_core.environment[0m [1;30mLevel 1[0m checking '/workspace/modules/detection/detection_ws/install/tier4_perception_launch' for CMake config files
[12.606s] [34mcolcon.colcon_core.shell[0m [1;30mLevel 1[0m create_environment_hook('tier4_perception_launch', 'cmake_prefix_path')
[12.606s] [34mcolcon.colcon_core.shell[0m [1;30mINFO[0m Creating environment hook '/workspace/modules/detection/detection_ws/install/tier4_perception_launch/share/tier4_perception_launch/hook/cmake_prefix_path.ps1'
[12.607s] [34mcolcon.colcon_core.shell[0m [1;30mINFO[0m Creating environment descriptor '/workspace/modules/detection/detection_ws/install/tier4_perception_launch/share/tier4_perception_launch/hook/cmake_prefix_path.dsv'
[12.609s] [34mcolcon.colcon_core.shell[0m [1;30mINFO[0m Creating environment hook '/workspace/modules/detection/detection_ws/install/tier4_perception_launch/share/tier4_perception_launch/hook/cmake_prefix_path.sh'
[12.611s] [34mcolcon.colcon_core.environment[0m [1;30mLevel 1[0m checking '/workspace/modules/detection/detection_ws/install/tier4_perception_launch/bin'
[12.611s] [34mcolcon.colcon_core.environment[0m [1;30mLevel 1[0m checking '/workspace/modules/detection/detection_ws/install/tier4_perception_launch/lib/pkgconfig/tier4_perception_launch.pc'
[12.612s] [34mcolcon.colcon_core.environment[0m [1;30mLevel 1[0m checking '/workspace/modules/detection/detection_ws/install/tier4_perception_launch/lib/python3.10/site-packages'
[12.612s] [34mcolcon.colcon_core.environment[0m [1;30mLevel 1[0m checking '/workspace/modules/detection/detection_ws/install/tier4_perception_launch/bin'
[12.612s] [34mcolcon.colcon_core.shell[0m [1;30mINFO[0m Creating package script '/workspace/modules/detection/detection_ws/install/tier4_perception_launch/share/tier4_perception_launch/package.ps1'
[12.615s] [34mcolcon.colcon_core.shell[0m [1;30mINFO[0m Creating package descriptor '/workspace/modules/detection/detection_ws/install/tier4_perception_launch/share/tier4_perception_launch/package.dsv'
[12.616s] [34mcolcon.colcon_core.shell[0m [1;30mINFO[0m Creating package script '/workspace/modules/detection/detection_ws/install/tier4_perception_launch/share/tier4_perception_launch/package.sh'
[12.616s] [34mcolcon.colcon_core.shell[0m [1;30mINFO[0m Creating package script '/workspace/modules/detection/detection_ws/install/tier4_perception_launch/share/tier4_perception_launch/package.bash'
[12.616s] [34mcolcon.colcon_core.shell[0m [1;30mINFO[0m Creating package script '/workspace/modules/detection/detection_ws/install/tier4_perception_launch/share/tier4_perception_launch/package.zsh'
[12.617s] [34mcolcon.colcon_core.environment[0m [1;30mLevel 1[0m create_file_with_runtime_dependencies(/workspace/modules/detection/detection_ws/install/tier4_perception_launch/share/colcon-core/packages/tier4_perception_launch)
[12.617s] [34mcolcon.colcon_parallel_executor.executor.parallel[0m [1;30mDEBUG[0m [32mclosing loop[0m
[12.621s] [34mcolcon.colcon_parallel_executor.executor.parallel[0m [1;30mDEBUG[0m [32mloop closed[0m
[12.621s] [34mcolcon.colcon_parallel_executor.executor.parallel[0m [1;30mDEBUG[0m [32mrun_until_complete finished with '0'[0m
[12.622s] [34mcolcon.colcon_core.event_reactor[0m [1;30mDEBUG[0m [32mjoining thread[0m
[12.631s] [34mcolcon.colcon_core.plugin_system[0m [1;30mINFO[0m Skipping extension 'colcon_notification.desktop_notification.notify_send': Could not find 'notify-send'
[12.631s] [34mcolcon.colcon_core.plugin_system[0m [1;30mINFO[0m Skipping extension 'colcon_notification.desktop_notification.terminal_notifier': Not used on non-Darwin systems
[12.635s] [34mcolcon.colcon_core.plugin_system[0m [1;30mINFO[0m Skipping extension 'colcon_notification.desktop_notification.win32': Not used on non-Windows systems
[12.635s] [34mcolcon.colcon_notification.desktop_notification[0m [1;30mINFO[0m Sending desktop notification using 'notify2'
[12.646s] [34mcolcon.colcon_notification.desktop_notification.notify2[0m [1;30mDEBUG[0m [32mFailed to initialize notify2: org.freedesktop.DBus.Error.Spawn.ExecFailed: /usr/bin/dbus-launch terminated abnormally without any error message[0m
[12.646s] [34mcolcon.colcon_core.event_reactor[0m [1;30mDEBUG[0m [32mjoined thread[0m
[12.647s] [34mcolcon.colcon_core.shell[0m [1;30mINFO[0m Creating prefix script '/workspace/modules/detection/detection_ws/install/local_setup.ps1'
[12.648s] [34mcolcon.colcon_core.shell[0m [1;30mINFO[0m Creating prefix util module '/workspace/modules/detection/detection_ws/install/_local_setup_util_ps1.py'
[12.652s] [34mcolcon.colcon_core.shell[0m [1;30mINFO[0m Creating prefix chain script '/workspace/modules/detection/detection_ws/install/setup.ps1'
[12.660s] [34mcolcon.colcon_core.shell[0m [1;30mINFO[0m Creating prefix script '/workspace/modules/detection/detection_ws/install/local_setup.sh'
[12.665s] [34mcolcon.colcon_core.shell[0m [1;30mINFO[0m Creating prefix util module '/workspace/modules/detection/detection_ws/install/_local_setup_util_sh.py'
[12.666s] [34mcolcon.colcon_core.shell[0m [1;30mINFO[0m Creating prefix chain script '/workspace/modules/detection/detection_ws/install/setup.sh'
[12.669s] [34mcolcon.colcon_core.shell[0m [1;30mINFO[0m Creating prefix script '/workspace/modules/detection/detection_ws/install/local_setup.bash'
[12.669s] [34mcolcon.colcon_core.shell[0m [1;30mINFO[0m Creating prefix chain script '/workspace/modules/detection/detection_ws/install/setup.bash'
[12.674s] [34mcolcon.colcon_core.shell[0m [1;30mINFO[0m Creating prefix script '/workspace/modules/detection/detection_ws/install/local_setup.zsh'
[12.675s] [34mcolcon.colcon_core.shell[0m [1;30mINFO[0m Creating prefix chain script '/workspace/modules/detection/detection_ws/install/setup.zsh'
