[0.027s] Invoking command in '/workspace/modules/detection/detection_ws/build/tier4_perception_launch': AMENT_PREFIX_PATH=/workspace/modules/detection/detection_ws/install/autoware_traffic_light_classifier:/workspace/modules/detection/detection_ws/install/autoware_tensorrt_yolox:/workspace/modules/detection/detection_ws/install/autoware_detection_autoware_bridge:/workspace/modules/detection/detection_ws/install/autoware_bytetrack:${AMENT_PREFIX_PATH} CMAKE_PREFIX_PATH=/opt/ros/humble PYTHONPATH=/workspace/modules/detection/detection_ws/build/autoware_traffic_light_classifier:/workspace/modules/detection/detection_ws/install/autoware_traffic_light_classifier/lib/python3.10/site-packages:/workspace/modules/detection/detection_ws/build/autoware_tensorrt_yolox:/workspace/modules/detection/detection_ws/install/autoware_tensorrt_yolox/lib/python3.10/site-packages:/workspace/modules/detection/detection_ws/build/autoware_detection_autoware_bridge:/workspace/modules/detection/detection_ws/install/autoware_detection_autoware_bridge/lib/python3.10/site-packages:/workspace/modules/detection/detection_ws/build/autoware_bytetrack:/workspace/modules/detection/detection_ws/install/autoware_bytetrack/lib/python3.10/site-packages:${PYTHONPATH} /usr/bin/cmake /workspace/modules/detection/detection_ws/src/tier4_perception_launch -DAMENT_CMAKE_SYMLINK_INSTALL=1 -DCMAKE_INSTALL_PREFIX=/workspace/modules/detection/detection_ws/install/tier4_perception_launch
[0.150s] -- The C compiler identification is GNU 11.4.0
[0.284s] -- The CXX compiler identification is GNU 11.4.0
[0.293s] -- Detecting C compiler ABI info
[0.377s] -- Detecting C compiler ABI info - done
[0.387s] -- Check for working C compiler: /usr/bin/cc - skipped
[0.387s] -- Detecting C compile features
[0.388s] -- Detecting C compile features - done
[0.392s] -- Detecting CXX compiler ABI info
[0.477s] -- Detecting CXX compiler ABI info - done
[0.487s] -- Check for working CXX compiler: /usr/bin/c++ - skipped
[0.487s] -- Detecting CXX compile features
[0.487s] -- Detecting CXX compile features - done
[0.492s] -- Found ament_cmake: 1.3.12 (/opt/ros/humble/share/ament_cmake/cmake)
[0.637s] -- Found Python3: /usr/bin/python3 (found version "3.10.12") found components: Interpreter 
[0.699s] -- Override CMake install command with custom implementation using symlinks instead of copying resources
[0.817s] -- Configuring done
[0.837s] -- Generating done
[0.850s] -- Build files have been written to: /workspace/modules/detection/detection_ws/build/tier4_perception_launch
[0.851s] Invoked command in '/workspace/modules/detection/detection_ws/build/tier4_perception_launch' returned '0': AMENT_PREFIX_PATH=/workspace/modules/detection/detection_ws/install/autoware_traffic_light_classifier:/workspace/modules/detection/detection_ws/install/autoware_tensorrt_yolox:/workspace/modules/detection/detection_ws/install/autoware_detection_autoware_bridge:/workspace/modules/detection/detection_ws/install/autoware_bytetrack:${AMENT_PREFIX_PATH} CMAKE_PREFIX_PATH=/opt/ros/humble PYTHONPATH=/workspace/modules/detection/detection_ws/build/autoware_traffic_light_classifier:/workspace/modules/detection/detection_ws/install/autoware_traffic_light_classifier/lib/python3.10/site-packages:/workspace/modules/detection/detection_ws/build/autoware_tensorrt_yolox:/workspace/modules/detection/detection_ws/install/autoware_tensorrt_yolox/lib/python3.10/site-packages:/workspace/modules/detection/detection_ws/build/autoware_detection_autoware_bridge:/workspace/modules/detection/detection_ws/install/autoware_detection_autoware_bridge/lib/python3.10/site-packages:/workspace/modules/detection/detection_ws/build/autoware_bytetrack:/workspace/modules/detection/detection_ws/install/autoware_bytetrack/lib/python3.10/site-packages:${PYTHONPATH} /usr/bin/cmake /workspace/modules/detection/detection_ws/src/tier4_perception_launch -DAMENT_CMAKE_SYMLINK_INSTALL=1 -DCMAKE_INSTALL_PREFIX=/workspace/modules/detection/detection_ws/install/tier4_perception_launch
[0.854s] Invoking command in '/workspace/modules/detection/detection_ws/build/tier4_perception_launch': AMENT_PREFIX_PATH=/workspace/modules/detection/detection_ws/install/autoware_traffic_light_classifier:/workspace/modules/detection/detection_ws/install/autoware_tensorrt_yolox:/workspace/modules/detection/detection_ws/install/autoware_detection_autoware_bridge:/workspace/modules/detection/detection_ws/install/autoware_bytetrack:${AMENT_PREFIX_PATH} CMAKE_PREFIX_PATH=/opt/ros/humble PYTHONPATH=/workspace/modules/detection/detection_ws/build/autoware_traffic_light_classifier:/workspace/modules/detection/detection_ws/install/autoware_traffic_light_classifier/lib/python3.10/site-packages:/workspace/modules/detection/detection_ws/build/autoware_tensorrt_yolox:/workspace/modules/detection/detection_ws/install/autoware_tensorrt_yolox/lib/python3.10/site-packages:/workspace/modules/detection/detection_ws/build/autoware_detection_autoware_bridge:/workspace/modules/detection/detection_ws/install/autoware_detection_autoware_bridge/lib/python3.10/site-packages:/workspace/modules/detection/detection_ws/build/autoware_bytetrack:/workspace/modules/detection/detection_ws/install/autoware_bytetrack/lib/python3.10/site-packages:${PYTHONPATH} /usr/bin/cmake --build /workspace/modules/detection/detection_ws/build/tier4_perception_launch -- -j8 -l8
[0.882s] Invoked command in '/workspace/modules/detection/detection_ws/build/tier4_perception_launch' returned '0': AMENT_PREFIX_PATH=/workspace/modules/detection/detection_ws/install/autoware_traffic_light_classifier:/workspace/modules/detection/detection_ws/install/autoware_tensorrt_yolox:/workspace/modules/detection/detection_ws/install/autoware_detection_autoware_bridge:/workspace/modules/detection/detection_ws/install/autoware_bytetrack:${AMENT_PREFIX_PATH} CMAKE_PREFIX_PATH=/opt/ros/humble PYTHONPATH=/workspace/modules/detection/detection_ws/build/autoware_traffic_light_classifier:/workspace/modules/detection/detection_ws/install/autoware_traffic_light_classifier/lib/python3.10/site-packages:/workspace/modules/detection/detection_ws/build/autoware_tensorrt_yolox:/workspace/modules/detection/detection_ws/install/autoware_tensorrt_yolox/lib/python3.10/site-packages:/workspace/modules/detection/detection_ws/build/autoware_detection_autoware_bridge:/workspace/modules/detection/detection_ws/install/autoware_detection_autoware_bridge/lib/python3.10/site-packages:/workspace/modules/detection/detection_ws/build/autoware_bytetrack:/workspace/modules/detection/detection_ws/install/autoware_bytetrack/lib/python3.10/site-packages:${PYTHONPATH} /usr/bin/cmake --build /workspace/modules/detection/detection_ws/build/tier4_perception_launch -- -j8 -l8
[0.890s] Invoking command in '/workspace/modules/detection/detection_ws/build/tier4_perception_launch': AMENT_PREFIX_PATH=/workspace/modules/detection/detection_ws/install/autoware_traffic_light_classifier:/workspace/modules/detection/detection_ws/install/autoware_tensorrt_yolox:/workspace/modules/detection/detection_ws/install/autoware_detection_autoware_bridge:/workspace/modules/detection/detection_ws/install/autoware_bytetrack:${AMENT_PREFIX_PATH} CMAKE_PREFIX_PATH=/opt/ros/humble PYTHONPATH=/workspace/modules/detection/detection_ws/build/autoware_traffic_light_classifier:/workspace/modules/detection/detection_ws/install/autoware_traffic_light_classifier/lib/python3.10/site-packages:/workspace/modules/detection/detection_ws/build/autoware_tensorrt_yolox:/workspace/modules/detection/detection_ws/install/autoware_tensorrt_yolox/lib/python3.10/site-packages:/workspace/modules/detection/detection_ws/build/autoware_detection_autoware_bridge:/workspace/modules/detection/detection_ws/install/autoware_detection_autoware_bridge/lib/python3.10/site-packages:/workspace/modules/detection/detection_ws/build/autoware_bytetrack:/workspace/modules/detection/detection_ws/install/autoware_bytetrack/lib/python3.10/site-packages:${PYTHONPATH} /usr/bin/cmake --install /workspace/modules/detection/detection_ws/build/tier4_perception_launch
[0.895s] -- Install configuration: ""
[0.896s] -- Execute custom install script
[0.898s] -- Symlinking: /workspace/modules/detection/detection_ws/install/tier4_perception_launch/share/tier4_perception_launch/launch/detection_module.launch.xml
[0.905s] -- Symlinking: /workspace/modules/detection/detection_ws/install/tier4_perception_launch/share/ament_index/resource_index/package_run_dependencies/tier4_perception_launch
[0.911s] -- Symlinking: /workspace/modules/detection/detection_ws/install/tier4_perception_launch/share/ament_index/resource_index/parent_prefix_path/tier4_perception_launch
[0.918s] -- Symlinking: /workspace/modules/detection/detection_ws/install/tier4_perception_launch/share/tier4_perception_launch/environment/ament_prefix_path.sh
[0.924s] -- Symlinking: /workspace/modules/detection/detection_ws/install/tier4_perception_launch/share/tier4_perception_launch/environment/ament_prefix_path.dsv
[0.930s] -- Symlinking: /workspace/modules/detection/detection_ws/install/tier4_perception_launch/share/tier4_perception_launch/environment/path.sh
[0.936s] -- Symlinking: /workspace/modules/detection/detection_ws/install/tier4_perception_launch/share/tier4_perception_launch/environment/path.dsv
[0.942s] -- Symlinking: /workspace/modules/detection/detection_ws/install/tier4_perception_launch/share/tier4_perception_launch/local_setup.bash
[0.948s] -- Symlinking: /workspace/modules/detection/detection_ws/install/tier4_perception_launch/share/tier4_perception_launch/local_setup.sh
[0.954s] -- Symlinking: /workspace/modules/detection/detection_ws/install/tier4_perception_launch/share/tier4_perception_launch/local_setup.zsh
[0.960s] -- Symlinking: /workspace/modules/detection/detection_ws/install/tier4_perception_launch/share/tier4_perception_launch/local_setup.dsv
[0.965s] -- Symlinking: /workspace/modules/detection/detection_ws/install/tier4_perception_launch/share/tier4_perception_launch/package.dsv
[0.972s] -- Symlinking: /workspace/modules/detection/detection_ws/install/tier4_perception_launch/share/ament_index/resource_index/packages/tier4_perception_launch
[0.978s] -- Symlinking: /workspace/modules/detection/detection_ws/install/tier4_perception_launch/share/tier4_perception_launch/cmake/tier4_perception_launchConfig.cmake
[0.983s] -- Symlinking: /workspace/modules/detection/detection_ws/install/tier4_perception_launch/share/tier4_perception_launch/cmake/tier4_perception_launchConfig-version.cmake
[0.989s] -- Symlinking: /workspace/modules/detection/detection_ws/install/tier4_perception_launch/share/tier4_perception_launch/package.xml
[0.997s] Invoked command in '/workspace/modules/detection/detection_ws/build/tier4_perception_launch' returned '0': AMENT_PREFIX_PATH=/workspace/modules/detection/detection_ws/install/autoware_traffic_light_classifier:/workspace/modules/detection/detection_ws/install/autoware_tensorrt_yolox:/workspace/modules/detection/detection_ws/install/autoware_detection_autoware_bridge:/workspace/modules/detection/detection_ws/install/autoware_bytetrack:${AMENT_PREFIX_PATH} CMAKE_PREFIX_PATH=/opt/ros/humble PYTHONPATH=/workspace/modules/detection/detection_ws/build/autoware_traffic_light_classifier:/workspace/modules/detection/detection_ws/install/autoware_traffic_light_classifier/lib/python3.10/site-packages:/workspace/modules/detection/detection_ws/build/autoware_tensorrt_yolox:/workspace/modules/detection/detection_ws/install/autoware_tensorrt_yolox/lib/python3.10/site-packages:/workspace/modules/detection/detection_ws/build/autoware_detection_autoware_bridge:/workspace/modules/detection/detection_ws/install/autoware_detection_autoware_bridge/lib/python3.10/site-packages:/workspace/modules/detection/detection_ws/build/autoware_bytetrack:/workspace/modules/detection/detection_ws/install/autoware_bytetrack/lib/python3.10/site-packages:${PYTHONPATH} /usr/bin/cmake --install /workspace/modules/detection/detection_ws/build/tier4_perception_launch
