[5.093s] Invoking command in '/workspace/modules/detection/detection_ws/build/autoware_traffic_light_classifier': PYTHONPATH=/workspace/modules/detection/detection_ws/build/autoware_traffic_light_classifier/prefix_override:/usr/lib/python3/dist-packages/colcon_core/task/python/colcon_distutils_commands:/workspace/modules/detection/detection_ws/install/autoware_traffic_light_classifier/lib/python3.10/site-packages:${PYTHONPATH} /usr/bin/python3 -W ignore:setup.py install is deprecated -W ignore:easy_install command is deprecated setup.py develop --editable --build-directory /workspace/modules/detection/detection_ws/build/autoware_traffic_light_classifier/build --no-deps symlink_data
[6.209s] running develop
[6.865s] running egg_info
[6.865s] creating autoware_traffic_light_classifier.egg-info
[6.865s] writing autoware_traffic_light_classifier.egg-info/PKG-INFO
[6.866s] writing dependency_links to autoware_traffic_light_classifier.egg-info/dependency_links.txt
[6.866s] writing entry points to autoware_traffic_light_classifier.egg-info/entry_points.txt
[6.869s] writing requirements to autoware_traffic_light_classifier.egg-info/requires.txt
[6.869s] writing top-level names to autoware_traffic_light_classifier.egg-info/top_level.txt
[6.869s] writing manifest file 'autoware_traffic_light_classifier.egg-info/SOURCES.txt'
[6.875s] reading manifest file 'autoware_traffic_light_classifier.egg-info/SOURCES.txt'
[6.880s] writing manifest file 'autoware_traffic_light_classifier.egg-info/SOURCES.txt'
[6.884s] running build_ext
[6.888s] Creating /workspace/modules/detection/detection_ws/install/autoware_traffic_light_classifier/lib/python3.10/site-packages/autoware-traffic-light-classifier.egg-link (link to .)
[6.888s] Installing traffic_light_classifier_node script to /workspace/modules/detection/detection_ws/install/autoware_traffic_light_classifier/lib/autoware_traffic_light_classifier
[6.888s] 
[6.892s] Installed /workspace/modules/detection/detection_ws/build/autoware_traffic_light_classifier
[6.893s] running symlink_data
[6.893s] creating /workspace/modules/detection/detection_ws/install/autoware_traffic_light_classifier/share/ament_index
[6.893s] creating /workspace/modules/detection/detection_ws/install/autoware_traffic_light_classifier/share/ament_index/resource_index
[6.893s] creating /workspace/modules/detection/detection_ws/install/autoware_traffic_light_classifier/share/ament_index/resource_index/packages
[6.893s] symbolically linking /workspace/modules/detection/detection_ws/build/autoware_traffic_light_classifier/resource/autoware_traffic_light_classifier -> /workspace/modules/detection/detection_ws/install/autoware_traffic_light_classifier/share/ament_index/resource_index/packages
[6.893s] symbolically linking /workspace/modules/detection/detection_ws/build/autoware_traffic_light_classifier/package.xml -> /workspace/modules/detection/detection_ws/install/autoware_traffic_light_classifier/share/autoware_traffic_light_classifier
[6.893s] creating /workspace/modules/detection/detection_ws/install/autoware_traffic_light_classifier/share/autoware_traffic_light_classifier/launch
[6.893s] symbolically linking /workspace/modules/detection/detection_ws/build/autoware_traffic_light_classifier/launch/pedestrian_traffic_light_classifier.launch.xml -> /workspace/modules/detection/detection_ws/install/autoware_traffic_light_classifier/share/autoware_traffic_light_classifier/launch
[6.893s] creating /workspace/modules/detection/detection_ws/install/autoware_traffic_light_classifier/share/autoware_traffic_light_classifier/config
[6.895s] symbolically linking /workspace/modules/detection/detection_ws/build/autoware_traffic_light_classifier/config/pedestrian_traffic_light_classifier.param.yaml -> /workspace/modules/detection/detection_ws/install/autoware_traffic_light_classifier/share/autoware_traffic_light_classifier/config
[7.080s] Invoked command in '/workspace/modules/detection/detection_ws/build/autoware_traffic_light_classifier' returned '0': PYTHONPATH=/workspace/modules/detection/detection_ws/build/autoware_traffic_light_classifier/prefix_override:/usr/lib/python3/dist-packages/colcon_core/task/python/colcon_distutils_commands:/workspace/modules/detection/detection_ws/install/autoware_traffic_light_classifier/lib/python3.10/site-packages:${PYTHONPATH} /usr/bin/python3 -W ignore:setup.py install is deprecated -W ignore:easy_install command is deprecated setup.py develop --editable --build-directory /workspace/modules/detection/detection_ws/build/autoware_traffic_light_classifier/build --no-deps symlink_data
