[0.009s] Invoking command in '/workspace/build/my_vehicle_interface': CMAKE_PREFIX_PATH=${CMAKE_PREFIX_PATH}:/opt/ros/humble /usr/bin/cmake /workspace/src/vehicle/external/my_vehicle_interface -DCMAKE_INSTALL_PREFIX=/workspace/install/my_vehicle_interface
[0.021s] -- Found ament_cmake_auto: 1.3.12 (/opt/ros/humble/share/ament_cmake_auto/cmake)
[0.188s] -- Found rosidl_generator_c: 3.1.7 (/opt/ros/humble/share/rosidl_generator_c/cmake)
[0.195s] -- Found rosidl_adapter: 3.1.7 (/opt/ros/humble/share/rosidl_adapter/cmake)
[0.206s] -- Found rosidl_generator_cpp: 3.1.7 (/opt/ros/humble/share/rosidl_generator_cpp/cmake)
[0.223s] -- Using all available rosidl_typesupport_c: rosidl_typesupport_fastrtps_c;rosidl_typesupport_introspection_c
[0.238s] -- Using all available rosidl_typesupport_cpp: rosidl_typesupport_fastrtps_cpp;rosidl_typesupport_introspection_cpp
[0.286s] -- Found rmw_implementation_cmake: 6.1.2 (/opt/ros/humble/share/rmw_implementation_cmake/cmake)
[0.291s] -- Found rmw_cyclonedds_cpp: 1.3.4 (/opt/ros/humble/share/rmw_cyclonedds_cpp/cmake)
[0.317s] -- Using RMW implementation 'rmw_cyclonedds_cpp' as default
[0.334s] -- Looking for pthread.h
[0.396s] -- Looking for pthread.h - found
[0.397s] -- Performing Test CMAKE_HAVE_LIBC_PTHREAD
[0.448s] -- Performing Test CMAKE_HAVE_LIBC_PTHREAD - Success
[0.449s] -- Found Threads: TRUE  
[0.558s] -- Found ament_lint_auto: 0.12.14 (/opt/ros/humble/share/ament_lint_auto/cmake)
[0.586s] [0mIn this package, headers install destination is set to `include` by ament_auto_package. It is recommended to install `include/my_vehicle_interface` instead and will be the default behavior of ament_auto_package from ROS 2 Kilted Kaiju. On distributions before Kilted, ament_auto_package behaves the same way when you use USE_SCOPED_HEADER_INSTALL_DIR option.[0m
[0.598s] -- Added test 'copyright' to check source files copyright and LICENSE
[0.604s] -- Added test 'cppcheck' to perform static code analysis on C / C++ code
[0.605s] -- Configured cppcheck include dirs: /workspace/src/vehicle/external/my_vehicle_interface/include
[0.605s] -- Configured cppcheck exclude dirs and/or files: 
[0.610s] -- Added test 'cpplint' to check C / C++ code against the Google style
[0.610s] -- Configured cpplint exclude dirs and/or files: 
[0.611s] -- Added test 'flake8' to check Python code syntax and style conventions
[0.613s] -- Added test 'lint_cmake' to check CMake code style
[0.614s] -- Added test 'pep257' to check Python code against some of the docstring style conventions in PEP 257
[0.621s] -- Added test 'uncrustify' to check C / C++ code style
[0.621s] -- Configured uncrustify additional arguments: 
[0.622s] -- Added test 'xmllint' to check XML markup files
[0.636s] -- Configuring done
[0.671s] -- Generating done
[0.687s] -- Build files have been written to: /workspace/build/my_vehicle_interface
[0.687s] Invoked command in '/workspace/build/my_vehicle_interface' returned '0': CMAKE_PREFIX_PATH=${CMAKE_PREFIX_PATH}:/opt/ros/humble /usr/bin/cmake /workspace/src/vehicle/external/my_vehicle_interface -DCMAKE_INSTALL_PREFIX=/workspace/install/my_vehicle_interface
[0.689s] Invoking command in '/workspace/build/my_vehicle_interface': CMAKE_PREFIX_PATH=${CMAKE_PREFIX_PATH}:/opt/ros/humble /usr/bin/cmake --build /workspace/build/my_vehicle_interface -- -j8 -l8
[0.716s] [ 42%] [32mBuilding CXX object CMakeFiles/my_vehicle_interface_lib.dir/src/vehicle_interface_node.cpp.o[0m
[0.716s] [ 42%] [32mBuilding CXX object CMakeFiles/vehicle_interface_node.dir/rclcpp_components/node_main_vehicle_interface_node.cpp.o[0m
[0.716s] [ 42%] [32mBuilding CXX object CMakeFiles/my_vehicle_interface_lib.dir/src/can_utils.cpp.o[0m
[0.932s] In file included from [01m[K/workspace/src/vehicle/external/my_vehicle_interface/src/vehicle_interface_node.cpp:4[m[K:
[0.932s] [01m[K/workspace/src/vehicle/external/my_vehicle_interface/include/my_vehicle_interface/vehicle_interface_node.hpp:10:10:[m[K [01;31m[Kfatal error: [m[Kautoware_auto_control_msgs/msg/ackermann_control_command.hpp: No such file or directory
[0.932s]    10 | #include [01;31m[K<autoware_auto_control_msgs/msg/ackermann_control_command.hpp>[m[K
[0.932s]       |          [01;31m[K^~~~~~~~~~~~~~~~~~~~~~~~~~~~~~~~~~~~~~~~~~~~~~~~~~~~~~~~~~~~~~[m[K
[0.932s] compilation terminated.
[0.932s] gmake[2]: *** [CMakeFiles/my_vehicle_interface_lib.dir/build.make:76: CMakeFiles/my_vehicle_interface_lib.dir/src/vehicle_interface_node.cpp.o] Error 1
[0.933s] gmake[2]: *** Waiting for unfinished jobs....
[1.124s] gmake[1]: *** [CMakeFiles/Makefile2:141: CMakeFiles/my_vehicle_interface_lib.dir/all] Error 2
[1.124s] gmake[1]: *** Waiting for unfinished jobs....
[2.159s] [ 57%] [32m[1mLinking CXX executable vehicle_interface_node[0m
[2.243s] [ 57%] Built target vehicle_interface_node
[2.243s] gmake: *** [Makefile:146: all] Error 2
[2.244s] Invoked command in '/workspace/build/my_vehicle_interface' returned '2': CMAKE_PREFIX_PATH=${CMAKE_PREFIX_PATH}:/opt/ros/humble /usr/bin/cmake --build /workspace/build/my_vehicle_interface -- -j8 -l8
