[0.088s] DEBUG:colcon:Command line arguments: ['/usr/bin/colcon', 'build', '--symlink-install']
[0.089s] DEBUG:colcon:Parsed command line arguments: Namespace(log_base=None, log_level=None, verb_name='build', build_base='build', install_base='install', merge_install=False, symlink_install=True, test_result_base=None, continue_on_error=False, executor='parallel', parallel_workers=16, event_handlers=None, ignore_user_meta=False, metas=['./colcon.meta'], base_paths=['.'], packages_ignore=None, packages_ignore_regex=None, paths=None, packages_up_to=None, packages_up_to_regex=None, packages_above=None, packages_above_and_dependencies=None, packages_above_depth=None, packages_select_by_dep=None, packages_skip_by_dep=None, packages_skip_up_to=None, packages_select_build_failed=False, packages_skip_build_finished=False, packages_select_test_failures=False, packages_skip_test_passed=False, packages_select=None, packages_skip=None, packages_select_regex=None, packages_skip_regex=None, packages_start=None, packages_end=None, cmake_args=None, cmake_target=None, cmake_target_skip_unavailable=False, cmake_clean_cache=False, cmake_clean_first=False, cmake_force_configure=False, ament_cmake_args=None, catkin_cmake_args=None, catkin_skip_building_tests=False, mixin_files=None, mixin=None, verb_parser=<colcon_mixin.mixin.mixin_argument.MixinArgumentDecorator object at 0x7f751b78e860>, verb_extension=<colcon_core.verb.build.BuildVerb object at 0x7f751b78e3b0>, main=<bound method BuildVerb.main of <colcon_core.verb.build.BuildVerb object at 0x7f751b78e3b0>>, mixin_verb=('build',))
[0.213s] Level 1:colcon.colcon_core.package_discovery:discover_packages(colcon_meta) check parameters
[0.213s] INFO:colcon.colcon_metadata.package_discovery.colcon_meta:Using configuration from '/root/.colcon/metadata/default/Gazebo.meta'
[0.213s] INFO:colcon.colcon_metadata.package_discovery.colcon_meta:Using configuration from '/root/.colcon/metadata/default/fastdds.meta'
[0.214s] INFO:colcon.colcon_metadata.package_discovery.colcon_meta:Using configuration from '/root/.colcon/metadata/default/fastrtps.meta'
[0.214s] Level 1:colcon.colcon_core.package_discovery:discover_packages(recursive) check parameters
[0.214s] Level 1:colcon.colcon_core.package_discovery:discover_packages(ignore) check parameters
[0.214s] Level 1:colcon.colcon_core.package_discovery:discover_packages(path) check parameters
[0.214s] Level 1:colcon.colcon_core.package_discovery:discover_packages(colcon_meta) discover
[0.214s] Level 1:colcon.colcon_core.package_discovery:discover_packages(recursive) discover
[0.214s] INFO:colcon.colcon_core.package_discovery:Crawling recursively for packages in '/workspace/modules/detection/detection_ws'
[0.214s] Level 1:colcon.colcon_core.package_identification:_identify(.) by extensions ['ignore', 'ignore_ament_install']
[0.214s] Level 1:colcon.colcon_core.package_identification:_identify(.) by extension 'ignore'
[0.214s] Level 1:colcon.colcon_core.package_identification:_identify(.) by extension 'ignore_ament_install'
[0.214s] Level 1:colcon.colcon_core.package_identification:_identify(.) by extensions ['colcon_pkg']
[0.214s] Level 1:colcon.colcon_core.package_identification:_identify(.) by extension 'colcon_pkg'
[0.214s] Level 1:colcon.colcon_core.package_identification:_identify(.) by extensions ['colcon_meta']
[0.214s] Level 1:colcon.colcon_core.package_identification:_identify(.) by extension 'colcon_meta'
[0.214s] Level 1:colcon.colcon_core.package_identification:_identify(.) by extensions ['ros']
[0.214s] Level 1:colcon.colcon_core.package_identification:_identify(.) by extension 'ros'
[0.221s] Level 1:colcon.colcon_core.package_identification:_identify(.) by extensions ['cmake', 'python']
[0.221s] Level 1:colcon.colcon_core.package_identification:_identify(.) by extension 'cmake'
[0.221s] Level 1:colcon.colcon_core.package_identification:_identify(.) by extension 'python'
[0.221s] Level 1:colcon.colcon_core.package_identification:_identify(.) by extensions ['python_setup_py']
[0.221s] Level 1:colcon.colcon_core.package_identification:_identify(.) by extension 'python_setup_py'
[0.221s] Level 1:colcon.colcon_core.package_identification:_identify(build) by extensions ['ignore', 'ignore_ament_install']
[0.221s] Level 1:colcon.colcon_core.package_identification:_identify(build) by extension 'ignore'
[0.221s] Level 1:colcon.colcon_core.package_identification:_identify(build) ignored
[0.221s] Level 1:colcon.colcon_core.package_identification:_identify(install) by extensions ['ignore', 'ignore_ament_install']
[0.221s] Level 1:colcon.colcon_core.package_identification:_identify(install) by extension 'ignore'
[0.221s] Level 1:colcon.colcon_core.package_identification:_identify(install) ignored
[0.222s] Level 1:colcon.colcon_core.package_identification:_identify(log) by extensions ['ignore', 'ignore_ament_install']
[0.222s] Level 1:colcon.colcon_core.package_identification:_identify(log) by extension 'ignore'
[0.222s] Level 1:colcon.colcon_core.package_identification:_identify(log) ignored
[0.222s] Level 1:colcon.colcon_core.package_identification:_identify(src) by extensions ['ignore', 'ignore_ament_install']
[0.222s] Level 1:colcon.colcon_core.package_identification:_identify(src) by extension 'ignore'
[0.222s] Level 1:colcon.colcon_core.package_identification:_identify(src) by extension 'ignore_ament_install'
[0.222s] Level 1:colcon.colcon_core.package_identification:_identify(src) by extensions ['colcon_pkg']
[0.222s] Level 1:colcon.colcon_core.package_identification:_identify(src) by extension 'colcon_pkg'
[0.222s] Level 1:colcon.colcon_core.package_identification:_identify(src) by extensions ['colcon_meta']
[0.222s] Level 1:colcon.colcon_core.package_identification:_identify(src) by extension 'colcon_meta'
[0.222s] Level 1:colcon.colcon_core.package_identification:_identify(src) by extensions ['ros']
[0.222s] Level 1:colcon.colcon_core.package_identification:_identify(src) by extension 'ros'
[0.222s] Level 1:colcon.colcon_core.package_identification:_identify(src) by extensions ['cmake', 'python']
[0.222s] Level 1:colcon.colcon_core.package_identification:_identify(src) by extension 'cmake'
[0.222s] Level 1:colcon.colcon_core.package_identification:_identify(src) by extension 'python'
[0.222s] Level 1:colcon.colcon_core.package_identification:_identify(src) by extensions ['python_setup_py']
[0.222s] Level 1:colcon.colcon_core.package_identification:_identify(src) by extension 'python_setup_py'
[0.222s] Level 1:colcon.colcon_core.package_identification:_identify(src/autoware_bytetrack) by extensions ['ignore', 'ignore_ament_install']
[0.222s] Level 1:colcon.colcon_core.package_identification:_identify(src/autoware_bytetrack) by extension 'ignore'
[0.222s] Level 1:colcon.colcon_core.package_identification:_identify(src/autoware_bytetrack) by extension 'ignore_ament_install'
[0.222s] Level 1:colcon.colcon_core.package_identification:_identify(src/autoware_bytetrack) by extensions ['colcon_pkg']
[0.222s] Level 1:colcon.colcon_core.package_identification:_identify(src/autoware_bytetrack) by extension 'colcon_pkg'
[0.222s] Level 1:colcon.colcon_core.package_identification:_identify(src/autoware_bytetrack) by extensions ['colcon_meta']
[0.222s] Level 1:colcon.colcon_core.package_identification:_identify(src/autoware_bytetrack) by extension 'colcon_meta'
[0.222s] Level 1:colcon.colcon_core.package_identification:_identify(src/autoware_bytetrack) by extensions ['ros']
[0.222s] Level 1:colcon.colcon_core.package_identification:_identify(src/autoware_bytetrack) by extension 'ros'
[0.226s] DEBUG:colcon.colcon_core.package_identification:Package 'src/autoware_bytetrack' with type 'ros.ament_python' and name 'autoware_bytetrack'
[0.227s] Level 1:colcon.colcon_core.package_identification:_identify(src/autoware_detection_autoware_bridge) by extensions ['ignore', 'ignore_ament_install']
[0.227s] Level 1:colcon.colcon_core.package_identification:_identify(src/autoware_detection_autoware_bridge) by extension 'ignore'
[0.227s] Level 1:colcon.colcon_core.package_identification:_identify(src/autoware_detection_autoware_bridge) by extension 'ignore_ament_install'
[0.227s] Level 1:colcon.colcon_core.package_identification:_identify(src/autoware_detection_autoware_bridge) by extensions ['colcon_pkg']
[0.227s] Level 1:colcon.colcon_core.package_identification:_identify(src/autoware_detection_autoware_bridge) by extension 'colcon_pkg'
[0.227s] Level 1:colcon.colcon_core.package_identification:_identify(src/autoware_detection_autoware_bridge) by extensions ['colcon_meta']
[0.227s] Level 1:colcon.colcon_core.package_identification:_identify(src/autoware_detection_autoware_bridge) by extension 'colcon_meta'
[0.227s] Level 1:colcon.colcon_core.package_identification:_identify(src/autoware_detection_autoware_bridge) by extensions ['ros']
[0.227s] Level 1:colcon.colcon_core.package_identification:_identify(src/autoware_detection_autoware_bridge) by extension 'ros'
[0.228s] DEBUG:colcon.colcon_core.package_identification:Package 'src/autoware_detection_autoware_bridge' with type 'ros.ament_python' and name 'autoware_detection_autoware_bridge'
[0.228s] Level 1:colcon.colcon_core.package_identification:_identify(src/autoware_tensorrt_yolox) by extensions ['ignore', 'ignore_ament_install']
[0.228s] Level 1:colcon.colcon_core.package_identification:_identify(src/autoware_tensorrt_yolox) by extension 'ignore'
[0.228s] Level 1:colcon.colcon_core.package_identification:_identify(src/autoware_tensorrt_yolox) by extension 'ignore_ament_install'
[0.228s] Level 1:colcon.colcon_core.package_identification:_identify(src/autoware_tensorrt_yolox) by extensions ['colcon_pkg']
[0.228s] Level 1:colcon.colcon_core.package_identification:_identify(src/autoware_tensorrt_yolox) by extension 'colcon_pkg'
[0.228s] Level 1:colcon.colcon_core.package_identification:_identify(src/autoware_tensorrt_yolox) by extensions ['colcon_meta']
[0.228s] Level 1:colcon.colcon_core.package_identification:_identify(src/autoware_tensorrt_yolox) by extension 'colcon_meta'
[0.228s] Level 1:colcon.colcon_core.package_identification:_identify(src/autoware_tensorrt_yolox) by extensions ['ros']
[0.228s] Level 1:colcon.colcon_core.package_identification:_identify(src/autoware_tensorrt_yolox) by extension 'ros'
[0.229s] DEBUG:colcon.colcon_core.package_identification:Package 'src/autoware_tensorrt_yolox' with type 'ros.ament_python' and name 'autoware_tensorrt_yolox'
[0.229s] Level 1:colcon.colcon_core.package_identification:_identify(src/autoware_traffic_light_classifier) by extensions ['ignore', 'ignore_ament_install']
[0.229s] Level 1:colcon.colcon_core.package_identification:_identify(src/autoware_traffic_light_classifier) by extension 'ignore'
[0.229s] Level 1:colcon.colcon_core.package_identification:_identify(src/autoware_traffic_light_classifier) by extension 'ignore_ament_install'
[0.229s] Level 1:colcon.colcon_core.package_identification:_identify(src/autoware_traffic_light_classifier) by extensions ['colcon_pkg']
[0.229s] Level 1:colcon.colcon_core.package_identification:_identify(src/autoware_traffic_light_classifier) by extension 'colcon_pkg'
[0.229s] Level 1:colcon.colcon_core.package_identification:_identify(src/autoware_traffic_light_classifier) by extensions ['colcon_meta']
[0.229s] Level 1:colcon.colcon_core.package_identification:_identify(src/autoware_traffic_light_classifier) by extension 'colcon_meta'
[0.229s] Level 1:colcon.colcon_core.package_identification:_identify(src/autoware_traffic_light_classifier) by extensions ['ros']
[0.229s] Level 1:colcon.colcon_core.package_identification:_identify(src/autoware_traffic_light_classifier) by extension 'ros'
[0.229s] DEBUG:colcon.colcon_core.package_identification:Package 'src/autoware_traffic_light_classifier' with type 'ros.ament_python' and name 'autoware_traffic_light_classifier'
[0.230s] Level 1:colcon.colcon_core.package_identification:_identify(src/tier4_perception_launch) by extensions ['ignore', 'ignore_ament_install']
[0.230s] Level 1:colcon.colcon_core.package_identification:_identify(src/tier4_perception_launch) by extension 'ignore'
[0.230s] Level 1:colcon.colcon_core.package_identification:_identify(src/tier4_perception_launch) by extension 'ignore_ament_install'
[0.230s] Level 1:colcon.colcon_core.package_identification:_identify(src/tier4_perception_launch) by extensions ['colcon_pkg']
[0.230s] Level 1:colcon.colcon_core.package_identification:_identify(src/tier4_perception_launch) by extension 'colcon_pkg'
[0.230s] Level 1:colcon.colcon_core.package_identification:_identify(src/tier4_perception_launch) by extensions ['colcon_meta']
[0.230s] Level 1:colcon.colcon_core.package_identification:_identify(src/tier4_perception_launch) by extension 'colcon_meta'
[0.230s] Level 1:colcon.colcon_core.package_identification:_identify(src/tier4_perception_launch) by extensions ['ros']
[0.230s] Level 1:colcon.colcon_core.package_identification:_identify(src/tier4_perception_launch) by extension 'ros'
[0.230s] DEBUG:colcon.colcon_core.package_identification:Package 'src/tier4_perception_launch' with type 'ros.ament_cmake' and name 'tier4_perception_launch'
[0.230s] Level 1:colcon.colcon_core.package_discovery:discover_packages(recursive) using defaults
[0.230s] Level 1:colcon.colcon_core.package_discovery:discover_packages(ignore) discover
[0.230s] Level 1:colcon.colcon_core.package_discovery:discover_packages(ignore) using defaults
[0.230s] Level 1:colcon.colcon_core.package_discovery:discover_packages(path) discover
[0.230s] Level 1:colcon.colcon_core.package_discovery:discover_packages(path) using defaults
[0.261s] Level 5:colcon.colcon_core.verb:set package 'autoware_bytetrack' build argument 'cmake_args' from command line to 'None'
[0.261s] Level 5:colcon.colcon_core.verb:set package 'autoware_bytetrack' build argument 'cmake_target' from command line to 'None'
[0.261s] Level 5:colcon.colcon_core.verb:set package 'autoware_bytetrack' build argument 'cmake_target_skip_unavailable' from command line to 'False'
[0.261s] Level 5:colcon.colcon_core.verb:set package 'autoware_bytetrack' build argument 'cmake_clean_cache' from command line to 'False'
[0.261s] Level 5:colcon.colcon_core.verb:set package 'autoware_bytetrack' build argument 'cmake_clean_first' from command line to 'False'
[0.261s] Level 5:colcon.colcon_core.verb:set package 'autoware_bytetrack' build argument 'cmake_force_configure' from command line to 'False'
[0.261s] Level 5:colcon.colcon_core.verb:set package 'autoware_bytetrack' build argument 'ament_cmake_args' from command line to 'None'
[0.261s] Level 5:colcon.colcon_core.verb:set package 'autoware_bytetrack' build argument 'catkin_cmake_args' from command line to 'None'
[0.261s] Level 5:colcon.colcon_core.verb:set package 'autoware_bytetrack' build argument 'catkin_skip_building_tests' from command line to 'False'
[0.261s] DEBUG:colcon.colcon_core.verb:Building package 'autoware_bytetrack' with the following arguments: {'ament_cmake_args': None, 'build_base': '/workspace/modules/detection/detection_ws/build/autoware_bytetrack', 'catkin_cmake_args': None, 'catkin_skip_building_tests': False, 'cmake_args': None, 'cmake_clean_cache': False, 'cmake_clean_first': False, 'cmake_force_configure': False, 'cmake_target': None, 'cmake_target_skip_unavailable': False, 'install_base': '/workspace/modules/detection/detection_ws/install/autoware_bytetrack', 'merge_install': False, 'path': '/workspace/modules/detection/detection_ws/src/autoware_bytetrack', 'symlink_install': True, 'test_result_base': None}
[0.261s] Level 5:colcon.colcon_core.verb:set package 'autoware_detection_autoware_bridge' build argument 'cmake_args' from command line to 'None'
[0.261s] Level 5:colcon.colcon_core.verb:set package 'autoware_detection_autoware_bridge' build argument 'cmake_target' from command line to 'None'
[0.261s] Level 5:colcon.colcon_core.verb:set package 'autoware_detection_autoware_bridge' build argument 'cmake_target_skip_unavailable' from command line to 'False'
[0.261s] Level 5:colcon.colcon_core.verb:set package 'autoware_detection_autoware_bridge' build argument 'cmake_clean_cache' from command line to 'False'
[0.261s] Level 5:colcon.colcon_core.verb:set package 'autoware_detection_autoware_bridge' build argument 'cmake_clean_first' from command line to 'False'
[0.261s] Level 5:colcon.colcon_core.verb:set package 'autoware_detection_autoware_bridge' build argument 'cmake_force_configure' from command line to 'False'
[0.261s] Level 5:colcon.colcon_core.verb:set package 'autoware_detection_autoware_bridge' build argument 'ament_cmake_args' from command line to 'None'
[0.261s] Level 5:colcon.colcon_core.verb:set package 'autoware_detection_autoware_bridge' build argument 'catkin_cmake_args' from command line to 'None'
[0.261s] Level 5:colcon.colcon_core.verb:set package 'autoware_detection_autoware_bridge' build argument 'catkin_skip_building_tests' from command line to 'False'
[0.261s] DEBUG:colcon.colcon_core.verb:Building package 'autoware_detection_autoware_bridge' with the following arguments: {'ament_cmake_args': None, 'build_base': '/workspace/modules/detection/detection_ws/build/autoware_detection_autoware_bridge', 'catkin_cmake_args': None, 'catkin_skip_building_tests': False, 'cmake_args': None, 'cmake_clean_cache': False, 'cmake_clean_first': False, 'cmake_force_configure': False, 'cmake_target': None, 'cmake_target_skip_unavailable': False, 'install_base': '/workspace/modules/detection/detection_ws/install/autoware_detection_autoware_bridge', 'merge_install': False, 'path': '/workspace/modules/detection/detection_ws/src/autoware_detection_autoware_bridge', 'symlink_install': True, 'test_result_base': None}
[0.262s] Level 5:colcon.colcon_core.verb:set package 'autoware_tensorrt_yolox' build argument 'cmake_args' from command line to 'None'
[0.262s] Level 5:colcon.colcon_core.verb:set package 'autoware_tensorrt_yolox' build argument 'cmake_target' from command line to 'None'
[0.262s] Level 5:colcon.colcon_core.verb:set package 'autoware_tensorrt_yolox' build argument 'cmake_target_skip_unavailable' from command line to 'False'
[0.262s] Level 5:colcon.colcon_core.verb:set package 'autoware_tensorrt_yolox' build argument 'cmake_clean_cache' from command line to 'False'
[0.262s] Level 5:colcon.colcon_core.verb:set package 'autoware_tensorrt_yolox' build argument 'cmake_clean_first' from command line to 'False'
[0.262s] Level 5:colcon.colcon_core.verb:set package 'autoware_tensorrt_yolox' build argument 'cmake_force_configure' from command line to 'False'
[0.262s] Level 5:colcon.colcon_core.verb:set package 'autoware_tensorrt_yolox' build argument 'ament_cmake_args' from command line to 'None'
[0.262s] Level 5:colcon.colcon_core.verb:set package 'autoware_tensorrt_yolox' build argument 'catkin_cmake_args' from command line to 'None'
[0.262s] Level 5:colcon.colcon_core.verb:set package 'autoware_tensorrt_yolox' build argument 'catkin_skip_building_tests' from command line to 'False'
[0.262s] DEBUG:colcon.colcon_core.verb:Building package 'autoware_tensorrt_yolox' with the following arguments: {'ament_cmake_args': None, 'build_base': '/workspace/modules/detection/detection_ws/build/autoware_tensorrt_yolox', 'catkin_cmake_args': None, 'catkin_skip_building_tests': False, 'cmake_args': None, 'cmake_clean_cache': False, 'cmake_clean_first': False, 'cmake_force_configure': False, 'cmake_target': None, 'cmake_target_skip_unavailable': False, 'install_base': '/workspace/modules/detection/detection_ws/install/autoware_tensorrt_yolox', 'merge_install': False, 'path': '/workspace/modules/detection/detection_ws/src/autoware_tensorrt_yolox', 'symlink_install': True, 'test_result_base': None}
[0.262s] Level 5:colcon.colcon_core.verb:set package 'autoware_traffic_light_classifier' build argument 'cmake_args' from command line to 'None'
[0.262s] Level 5:colcon.colcon_core.verb:set package 'autoware_traffic_light_classifier' build argument 'cmake_target' from command line to 'None'
[0.262s] Level 5:colcon.colcon_core.verb:set package 'autoware_traffic_light_classifier' build argument 'cmake_target_skip_unavailable' from command line to 'False'
[0.262s] Level 5:colcon.colcon_core.verb:set package 'autoware_traffic_light_classifier' build argument 'cmake_clean_cache' from command line to 'False'
[0.262s] Level 5:colcon.colcon_core.verb:set package 'autoware_traffic_light_classifier' build argument 'cmake_clean_first' from command line to 'False'
[0.262s] Level 5:colcon.colcon_core.verb:set package 'autoware_traffic_light_classifier' build argument 'cmake_force_configure' from command line to 'False'
[0.262s] Level 5:colcon.colcon_core.verb:set package 'autoware_traffic_light_classifier' build argument 'ament_cmake_args' from command line to 'None'
[0.262s] Level 5:colcon.colcon_core.verb:set package 'autoware_traffic_light_classifier' build argument 'catkin_cmake_args' from command line to 'None'
[0.262s] Level 5:colcon.colcon_core.verb:set package 'autoware_traffic_light_classifier' build argument 'catkin_skip_building_tests' from command line to 'False'
[0.262s] DEBUG:colcon.colcon_core.verb:Building package 'autoware_traffic_light_classifier' with the following arguments: {'ament_cmake_args': None, 'build_base': '/workspace/modules/detection/detection_ws/build/autoware_traffic_light_classifier', 'catkin_cmake_args': None, 'catkin_skip_building_tests': False, 'cmake_args': None, 'cmake_clean_cache': False, 'cmake_clean_first': False, 'cmake_force_configure': False, 'cmake_target': None, 'cmake_target_skip_unavailable': False, 'install_base': '/workspace/modules/detection/detection_ws/install/autoware_traffic_light_classifier', 'merge_install': False, 'path': '/workspace/modules/detection/detection_ws/src/autoware_traffic_light_classifier', 'symlink_install': True, 'test_result_base': None}
[0.262s] Level 5:colcon.colcon_core.verb:set package 'tier4_perception_launch' build argument 'cmake_args' from command line to 'None'
[0.262s] Level 5:colcon.colcon_core.verb:set package 'tier4_perception_launch' build argument 'cmake_target' from command line to 'None'
[0.262s] Level 5:colcon.colcon_core.verb:set package 'tier4_perception_launch' build argument 'cmake_target_skip_unavailable' from command line to 'False'
[0.262s] Level 5:colcon.colcon_core.verb:set package 'tier4_perception_launch' build argument 'cmake_clean_cache' from command line to 'False'
[0.262s] Level 5:colcon.colcon_core.verb:set package 'tier4_perception_launch' build argument 'cmake_clean_first' from command line to 'False'
[0.262s] Level 5:colcon.colcon_core.verb:set package 'tier4_perception_launch' build argument 'cmake_force_configure' from command line to 'False'
[0.262s] Level 5:colcon.colcon_core.verb:set package 'tier4_perception_launch' build argument 'ament_cmake_args' from command line to 'None'
[0.262s] Level 5:colcon.colcon_core.verb:set package 'tier4_perception_launch' build argument 'catkin_cmake_args' from command line to 'None'
[0.262s] Level 5:colcon.colcon_core.verb:set package 'tier4_perception_launch' build argument 'catkin_skip_building_tests' from command line to 'False'
[0.262s] DEBUG:colcon.colcon_core.verb:Building package 'tier4_perception_launch' with the following arguments: {'ament_cmake_args': None, 'build_base': '/workspace/modules/detection/detection_ws/build/tier4_perception_launch', 'catkin_cmake_args': None, 'catkin_skip_building_tests': False, 'cmake_args': None, 'cmake_clean_cache': False, 'cmake_clean_first': False, 'cmake_force_configure': False, 'cmake_target': None, 'cmake_target_skip_unavailable': False, 'install_base': '/workspace/modules/detection/detection_ws/install/tier4_perception_launch', 'merge_install': False, 'path': '/workspace/modules/detection/detection_ws/src/tier4_perception_launch', 'symlink_install': True, 'test_result_base': None}
[0.262s] INFO:colcon.colcon_core.executor:Executing jobs using 'parallel' executor
[0.263s] DEBUG:colcon.colcon_parallel_executor.executor.parallel:run_until_complete
[0.264s] INFO:colcon.colcon_ros.task.ament_python.build:Building ROS package in '/workspace/modules/detection/detection_ws/src/autoware_bytetrack' with build type 'ament_python'
[0.264s] Level 1:colcon.colcon_core.shell:create_environment_hook('autoware_bytetrack', 'ament_prefix_path')
[0.266s] INFO:colcon.colcon_core.plugin_system:Skipping extension 'colcon_core.shell.bat': Not used on non-Windows systems
[0.266s] INFO:colcon.colcon_core.shell:Creating environment hook '/workspace/modules/detection/detection_ws/install/autoware_bytetrack/share/autoware_bytetrack/hook/ament_prefix_path.ps1'
[0.267s] INFO:colcon.colcon_core.shell:Creating environment descriptor '/workspace/modules/detection/detection_ws/install/autoware_bytetrack/share/autoware_bytetrack/hook/ament_prefix_path.dsv'
[0.267s] INFO:colcon.colcon_core.shell:Creating environment hook '/workspace/modules/detection/detection_ws/install/autoware_bytetrack/share/autoware_bytetrack/hook/ament_prefix_path.sh'
[0.268s] INFO:colcon.colcon_core.shell:Skip shell extension 'powershell' for command environment: Not usable outside of PowerShell
[0.268s] DEBUG:colcon.colcon_core.shell:Skip shell extension 'dsv' for command environment
[0.282s] INFO:colcon.colcon_ros.task.ament_python.build:Building ROS package in '/workspace/modules/detection/detection_ws/src/autoware_detection_autoware_bridge' with build type 'ament_python'
[0.282s] Level 1:colcon.colcon_core.shell:create_environment_hook('autoware_detection_autoware_bridge', 'ament_prefix_path')
[0.282s] INFO:colcon.colcon_core.shell:Creating environment hook '/workspace/modules/detection/detection_ws/install/autoware_detection_autoware_bridge/share/autoware_detection_autoware_bridge/hook/ament_prefix_path.ps1'
[0.282s] INFO:colcon.colcon_core.shell:Creating environment descriptor '/workspace/modules/detection/detection_ws/install/autoware_detection_autoware_bridge/share/autoware_detection_autoware_bridge/hook/ament_prefix_path.dsv'
[0.283s] INFO:colcon.colcon_core.shell:Creating environment hook '/workspace/modules/detection/detection_ws/install/autoware_detection_autoware_bridge/share/autoware_detection_autoware_bridge/hook/ament_prefix_path.sh'
[0.283s] INFO:colcon.colcon_core.shell:Skip shell extension 'powershell' for command environment: Not usable outside of PowerShell
[0.283s] DEBUG:colcon.colcon_core.shell:Skip shell extension 'dsv' for command environment
[0.296s] INFO:colcon.colcon_ros.task.ament_python.build:Building ROS package in '/workspace/modules/detection/detection_ws/src/autoware_tensorrt_yolox' with build type 'ament_python'
[0.297s] Level 1:colcon.colcon_core.shell:create_environment_hook('autoware_tensorrt_yolox', 'ament_prefix_path')
[0.297s] INFO:colcon.colcon_core.shell:Creating environment hook '/workspace/modules/detection/detection_ws/install/autoware_tensorrt_yolox/share/autoware_tensorrt_yolox/hook/ament_prefix_path.ps1'
[0.297s] INFO:colcon.colcon_core.shell:Creating environment descriptor '/workspace/modules/detection/detection_ws/install/autoware_tensorrt_yolox/share/autoware_tensorrt_yolox/hook/ament_prefix_path.dsv'
[0.297s] INFO:colcon.colcon_core.shell:Creating environment hook '/workspace/modules/detection/detection_ws/install/autoware_tensorrt_yolox/share/autoware_tensorrt_yolox/hook/ament_prefix_path.sh'
[0.298s] INFO:colcon.colcon_core.shell:Skip shell extension 'powershell' for command environment: Not usable outside of PowerShell
[0.298s] DEBUG:colcon.colcon_core.shell:Skip shell extension 'dsv' for command environment
[0.310s] INFO:colcon.colcon_ros.task.ament_python.build:Building ROS package in '/workspace/modules/detection/detection_ws/src/autoware_traffic_light_classifier' with build type 'ament_python'
[0.310s] Level 1:colcon.colcon_core.shell:create_environment_hook('autoware_traffic_light_classifier', 'ament_prefix_path')
[0.310s] INFO:colcon.colcon_core.shell:Creating environment hook '/workspace/modules/detection/detection_ws/install/autoware_traffic_light_classifier/share/autoware_traffic_light_classifier/hook/ament_prefix_path.ps1'
[0.311s] INFO:colcon.colcon_core.shell:Creating environment descriptor '/workspace/modules/detection/detection_ws/install/autoware_traffic_light_classifier/share/autoware_traffic_light_classifier/hook/ament_prefix_path.dsv'
[0.311s] INFO:colcon.colcon_core.shell:Creating environment hook '/workspace/modules/detection/detection_ws/install/autoware_traffic_light_classifier/share/autoware_traffic_light_classifier/hook/ament_prefix_path.sh'
[0.312s] INFO:colcon.colcon_core.shell:Skip shell extension 'powershell' for command environment: Not usable outside of PowerShell
[0.312s] DEBUG:colcon.colcon_core.shell:Skip shell extension 'dsv' for command environment
[0.535s] INFO:colcon.colcon_core.task.python.build:Building Python package in '/workspace/modules/detection/detection_ws/src/autoware_bytetrack'
[0.535s] INFO:colcon.colcon_core.shell:Skip shell extension 'powershell' for command environment: Not usable outside of PowerShell
[0.535s] DEBUG:colcon.colcon_core.shell:Skip shell extension 'dsv' for command environment
[0.756s] INFO:colcon.colcon_core.task.python.build:Building Python package in '/workspace/modules/detection/detection_ws/src/autoware_detection_autoware_bridge'
[0.757s] INFO:colcon.colcon_core.shell:Skip shell extension 'powershell' for command environment: Not usable outside of PowerShell
[0.757s] DEBUG:colcon.colcon_core.shell:Skip shell extension 'dsv' for command environment
[0.982s] INFO:colcon.colcon_core.task.python.build:Building Python package in '/workspace/modules/detection/detection_ws/src/autoware_tensorrt_yolox'
[0.983s] INFO:colcon.colcon_core.shell:Skip shell extension 'powershell' for command environment: Not usable outside of PowerShell
[0.983s] DEBUG:colcon.colcon_core.shell:Skip shell extension 'dsv' for command environment
[1.218s] INFO:colcon.colcon_core.task.python.build:Building Python package in '/workspace/modules/detection/detection_ws/src/autoware_traffic_light_classifier'
[1.218s] INFO:colcon.colcon_core.shell:Skip shell extension 'powershell' for command environment: Not usable outside of PowerShell
[1.218s] DEBUG:colcon.colcon_core.shell:Skip shell extension 'dsv' for command environment
[1.559s] DEBUG:colcon.colcon_core.event_handler.log_command:Invoking command in '/workspace/modules/detection/detection_ws/build/autoware_tensorrt_yolox': PYTHONPATH=/workspace/modules/detection/detection_ws/build/autoware_tensorrt_yolox/prefix_override:/usr/lib/python3/dist-packages/colcon_core/task/python/colcon_distutils_commands:/workspace/modules/detection/detection_ws/install/autoware_tensorrt_yolox/lib/python3.10/site-packages:${PYTHONPATH} /usr/bin/python3 -W ignore:setup.py install is deprecated -W ignore:easy_install command is deprecated setup.py develop --editable --build-directory /workspace/modules/detection/detection_ws/build/autoware_tensorrt_yolox/build --no-deps symlink_data
[1.566s] DEBUG:colcon.colcon_core.event_handler.log_command:Invoking command in '/workspace/modules/detection/detection_ws/build/autoware_bytetrack': PYTHONPATH=/workspace/modules/detection/detection_ws/build/autoware_bytetrack/prefix_override:/usr/lib/python3/dist-packages/colcon_core/task/python/colcon_distutils_commands:/workspace/modules/detection/detection_ws/install/autoware_bytetrack/lib/python3.10/site-packages:${PYTHONPATH} /usr/bin/python3 -W ignore:setup.py install is deprecated -W ignore:easy_install command is deprecated setup.py develop --editable --build-directory /workspace/modules/detection/detection_ws/build/autoware_bytetrack/build --no-deps symlink_data
[1.569s] DEBUG:colcon.colcon_core.event_handler.log_command:Invoking command in '/workspace/modules/detection/detection_ws/build/autoware_traffic_light_classifier': PYTHONPATH=/workspace/modules/detection/detection_ws/build/autoware_traffic_light_classifier/prefix_override:/usr/lib/python3/dist-packages/colcon_core/task/python/colcon_distutils_commands:/workspace/modules/detection/detection_ws/install/autoware_traffic_light_classifier/lib/python3.10/site-packages:${PYTHONPATH} /usr/bin/python3 -W ignore:setup.py install is deprecated -W ignore:easy_install command is deprecated setup.py develop --editable --build-directory /workspace/modules/detection/detection_ws/build/autoware_traffic_light_classifier/build --no-deps symlink_data
[1.585s] DEBUG:colcon.colcon_core.event_handler.log_command:Invoking command in '/workspace/modules/detection/detection_ws/build/autoware_detection_autoware_bridge': PYTHONPATH=/workspace/modules/detection/detection_ws/build/autoware_detection_autoware_bridge/prefix_override:/usr/lib/python3/dist-packages/colcon_core/task/python/colcon_distutils_commands:/workspace/modules/detection/detection_ws/install/autoware_detection_autoware_bridge/lib/python3.10/site-packages:${PYTHONPATH} /usr/bin/python3 -W ignore:setup.py install is deprecated -W ignore:easy_install command is deprecated setup.py develop --editable --build-directory /workspace/modules/detection/detection_ws/build/autoware_detection_autoware_bridge/build --no-deps symlink_data
[1.951s] Level 1:colcon.colcon_core.shell:create_environment_hook('autoware_bytetrack', 'pythonpath_develop')
[1.952s] INFO:colcon.colcon_core.shell:Creating environment hook '/workspace/modules/detection/detection_ws/build/autoware_bytetrack/share/autoware_bytetrack/hook/pythonpath_develop.ps1'
[1.952s] DEBUG:colcon.colcon_core.event_handler.log_command:Invoked command in '/workspace/modules/detection/detection_ws/build/autoware_bytetrack' returned '0': PYTHONPATH=/workspace/modules/detection/detection_ws/build/autoware_bytetrack/prefix_override:/usr/lib/python3/dist-packages/colcon_core/task/python/colcon_distutils_commands:/workspace/modules/detection/detection_ws/install/autoware_bytetrack/lib/python3.10/site-packages:${PYTHONPATH} /usr/bin/python3 -W ignore:setup.py install is deprecated -W ignore:easy_install command is deprecated setup.py develop --editable --build-directory /workspace/modules/detection/detection_ws/build/autoware_bytetrack/build --no-deps symlink_data
[1.952s] INFO:colcon.colcon_core.shell:Creating environment descriptor '/workspace/modules/detection/detection_ws/build/autoware_bytetrack/share/autoware_bytetrack/hook/pythonpath_develop.dsv'
[1.953s] INFO:colcon.colcon_core.shell:Creating environment hook '/workspace/modules/detection/detection_ws/build/autoware_bytetrack/share/autoware_bytetrack/hook/pythonpath_develop.sh'
[1.955s] Level 1:colcon.colcon_core.environment:checking '/workspace/modules/detection/detection_ws/install/autoware_bytetrack' for CMake module files
[1.955s] Level 1:colcon.colcon_core.environment:checking '/workspace/modules/detection/detection_ws/install/autoware_bytetrack' for CMake config files
[1.956s] Level 1:colcon.colcon_core.environment:checking '/workspace/modules/detection/detection_ws/install/autoware_bytetrack/lib'
[1.956s] Level 1:colcon.colcon_core.environment:checking '/workspace/modules/detection/detection_ws/install/autoware_bytetrack/bin'
[1.956s] Level 1:colcon.colcon_core.environment:checking '/workspace/modules/detection/detection_ws/install/autoware_bytetrack/lib/pkgconfig/autoware_bytetrack.pc'
[1.956s] Level 1:colcon.colcon_core.environment:checking '/workspace/modules/detection/detection_ws/install/autoware_bytetrack/lib/python3.10/site-packages'
[1.957s] Level 1:colcon.colcon_core.shell:create_environment_hook('autoware_bytetrack', 'pythonpath')
[1.957s] INFO:colcon.colcon_core.shell:Creating environment hook '/workspace/modules/detection/detection_ws/install/autoware_bytetrack/share/autoware_bytetrack/hook/pythonpath.ps1'
[1.957s] INFO:colcon.colcon_core.shell:Creating environment descriptor '/workspace/modules/detection/detection_ws/install/autoware_bytetrack/share/autoware_bytetrack/hook/pythonpath.dsv'
[1.957s] INFO:colcon.colcon_core.shell:Creating environment hook '/workspace/modules/detection/detection_ws/install/autoware_bytetrack/share/autoware_bytetrack/hook/pythonpath.sh'
[1.958s] Level 1:colcon.colcon_core.environment:checking '/workspace/modules/detection/detection_ws/install/autoware_bytetrack/bin'
[1.958s] Level 1:colcon.colcon_core.environment:create_environment_scripts_only(autoware_bytetrack)
[1.958s] INFO:colcon.colcon_core.shell:Creating package script '/workspace/modules/detection/detection_ws/install/autoware_bytetrack/share/autoware_bytetrack/package.ps1'
[1.960s] INFO:colcon.colcon_core.shell:Creating package descriptor '/workspace/modules/detection/detection_ws/install/autoware_bytetrack/share/autoware_bytetrack/package.dsv'
[1.960s] INFO:colcon.colcon_core.shell:Creating package script '/workspace/modules/detection/detection_ws/install/autoware_bytetrack/share/autoware_bytetrack/package.sh'
[1.961s] INFO:colcon.colcon_core.shell:Creating package script '/workspace/modules/detection/detection_ws/install/autoware_bytetrack/share/autoware_bytetrack/package.bash'
[1.961s] INFO:colcon.colcon_core.shell:Creating package script '/workspace/modules/detection/detection_ws/install/autoware_bytetrack/share/autoware_bytetrack/package.zsh'
[1.962s] Level 1:colcon.colcon_core.environment:create_file_with_runtime_dependencies(/workspace/modules/detection/detection_ws/install/autoware_bytetrack/share/colcon-core/packages/autoware_bytetrack)
[1.963s] Level 1:colcon.colcon_core.shell:create_environment_hook('autoware_tensorrt_yolox', 'pythonpath_develop')
[1.963s] INFO:colcon.colcon_core.shell:Creating environment hook '/workspace/modules/detection/detection_ws/build/autoware_tensorrt_yolox/share/autoware_tensorrt_yolox/hook/pythonpath_develop.ps1'
[1.964s] INFO:colcon.colcon_core.shell:Creating environment descriptor '/workspace/modules/detection/detection_ws/build/autoware_tensorrt_yolox/share/autoware_tensorrt_yolox/hook/pythonpath_develop.dsv'
[1.965s] DEBUG:colcon.colcon_core.event_handler.log_command:Invoked command in '/workspace/modules/detection/detection_ws/build/autoware_tensorrt_yolox' returned '0': PYTHONPATH=/workspace/modules/detection/detection_ws/build/autoware_tensorrt_yolox/prefix_override:/usr/lib/python3/dist-packages/colcon_core/task/python/colcon_distutils_commands:/workspace/modules/detection/detection_ws/install/autoware_tensorrt_yolox/lib/python3.10/site-packages:${PYTHONPATH} /usr/bin/python3 -W ignore:setup.py install is deprecated -W ignore:easy_install command is deprecated setup.py develop --editable --build-directory /workspace/modules/detection/detection_ws/build/autoware_tensorrt_yolox/build --no-deps symlink_data
[1.965s] INFO:colcon.colcon_core.shell:Creating environment hook '/workspace/modules/detection/detection_ws/build/autoware_tensorrt_yolox/share/autoware_tensorrt_yolox/hook/pythonpath_develop.sh'
[1.967s] Level 1:colcon.colcon_core.environment:checking '/workspace/modules/detection/detection_ws/install/autoware_tensorrt_yolox' for CMake module files
[1.968s] Level 1:colcon.colcon_core.environment:checking '/workspace/modules/detection/detection_ws/install/autoware_tensorrt_yolox' for CMake config files
[1.969s] Level 1:colcon.colcon_core.environment:checking '/workspace/modules/detection/detection_ws/install/autoware_tensorrt_yolox/lib'
[1.969s] Level 1:colcon.colcon_core.environment:checking '/workspace/modules/detection/detection_ws/install/autoware_tensorrt_yolox/bin'
[1.969s] Level 1:colcon.colcon_core.environment:checking '/workspace/modules/detection/detection_ws/install/autoware_tensorrt_yolox/lib/pkgconfig/autoware_tensorrt_yolox.pc'
[1.969s] Level 1:colcon.colcon_core.environment:checking '/workspace/modules/detection/detection_ws/install/autoware_tensorrt_yolox/lib/python3.10/site-packages'
[1.970s] Level 1:colcon.colcon_core.shell:create_environment_hook('autoware_tensorrt_yolox', 'pythonpath')
[1.970s] INFO:colcon.colcon_core.shell:Creating environment hook '/workspace/modules/detection/detection_ws/install/autoware_tensorrt_yolox/share/autoware_tensorrt_yolox/hook/pythonpath.ps1'
[1.971s] INFO:colcon.colcon_core.shell:Creating environment descriptor '/workspace/modules/detection/detection_ws/install/autoware_tensorrt_yolox/share/autoware_tensorrt_yolox/hook/pythonpath.dsv'
[1.971s] INFO:colcon.colcon_core.shell:Creating environment hook '/workspace/modules/detection/detection_ws/install/autoware_tensorrt_yolox/share/autoware_tensorrt_yolox/hook/pythonpath.sh'
[1.973s] Level 1:colcon.colcon_core.environment:checking '/workspace/modules/detection/detection_ws/install/autoware_tensorrt_yolox/bin'
[1.973s] Level 1:colcon.colcon_core.environment:create_environment_scripts_only(autoware_tensorrt_yolox)
[1.973s] INFO:colcon.colcon_core.shell:Creating package script '/workspace/modules/detection/detection_ws/install/autoware_tensorrt_yolox/share/autoware_tensorrt_yolox/package.ps1'
[1.974s] INFO:colcon.colcon_core.shell:Creating package descriptor '/workspace/modules/detection/detection_ws/install/autoware_tensorrt_yolox/share/autoware_tensorrt_yolox/package.dsv'
[1.975s] INFO:colcon.colcon_core.shell:Creating package script '/workspace/modules/detection/detection_ws/install/autoware_tensorrt_yolox/share/autoware_tensorrt_yolox/package.sh'
[1.975s] INFO:colcon.colcon_core.shell:Creating package script '/workspace/modules/detection/detection_ws/install/autoware_tensorrt_yolox/share/autoware_tensorrt_yolox/package.bash'
[1.976s] INFO:colcon.colcon_core.shell:Creating package script '/workspace/modules/detection/detection_ws/install/autoware_tensorrt_yolox/share/autoware_tensorrt_yolox/package.zsh'
[1.976s] Level 1:colcon.colcon_core.environment:create_file_with_runtime_dependencies(/workspace/modules/detection/detection_ws/install/autoware_tensorrt_yolox/share/colcon-core/packages/autoware_tensorrt_yolox)
[1.981s] Level 1:colcon.colcon_core.shell:create_environment_hook('autoware_detection_autoware_bridge', 'pythonpath_develop')
[1.982s] INFO:colcon.colcon_core.shell:Creating environment hook '/workspace/modules/detection/detection_ws/build/autoware_detection_autoware_bridge/share/autoware_detection_autoware_bridge/hook/pythonpath_develop.ps1'
[1.982s] DEBUG:colcon.colcon_core.event_handler.log_command:Invoked command in '/workspace/modules/detection/detection_ws/build/autoware_detection_autoware_bridge' returned '0': PYTHONPATH=/workspace/modules/detection/detection_ws/build/autoware_detection_autoware_bridge/prefix_override:/usr/lib/python3/dist-packages/colcon_core/task/python/colcon_distutils_commands:/workspace/modules/detection/detection_ws/install/autoware_detection_autoware_bridge/lib/python3.10/site-packages:${PYTHONPATH} /usr/bin/python3 -W ignore:setup.py install is deprecated -W ignore:easy_install command is deprecated setup.py develop --editable --build-directory /workspace/modules/detection/detection_ws/build/autoware_detection_autoware_bridge/build --no-deps symlink_data
[1.983s] INFO:colcon.colcon_core.shell:Creating environment descriptor '/workspace/modules/detection/detection_ws/build/autoware_detection_autoware_bridge/share/autoware_detection_autoware_bridge/hook/pythonpath_develop.dsv'
[1.983s] INFO:colcon.colcon_core.shell:Creating environment hook '/workspace/modules/detection/detection_ws/build/autoware_detection_autoware_bridge/share/autoware_detection_autoware_bridge/hook/pythonpath_develop.sh'
[1.984s] Level 1:colcon.colcon_core.environment:checking '/workspace/modules/detection/detection_ws/install/autoware_detection_autoware_bridge' for CMake module files
[1.985s] Level 1:colcon.colcon_core.environment:checking '/workspace/modules/detection/detection_ws/install/autoware_detection_autoware_bridge' for CMake config files
[1.985s] Level 1:colcon.colcon_core.environment:checking '/workspace/modules/detection/detection_ws/install/autoware_detection_autoware_bridge/lib'
[1.985s] Level 1:colcon.colcon_core.environment:checking '/workspace/modules/detection/detection_ws/install/autoware_detection_autoware_bridge/bin'
[1.985s] Level 1:colcon.colcon_core.environment:checking '/workspace/modules/detection/detection_ws/install/autoware_detection_autoware_bridge/lib/pkgconfig/autoware_detection_autoware_bridge.pc'
[1.986s] Level 1:colcon.colcon_core.environment:checking '/workspace/modules/detection/detection_ws/install/autoware_detection_autoware_bridge/lib/python3.10/site-packages'
[1.986s] Level 1:colcon.colcon_core.shell:create_environment_hook('autoware_detection_autoware_bridge', 'pythonpath')
[1.986s] INFO:colcon.colcon_core.shell:Creating environment hook '/workspace/modules/detection/detection_ws/install/autoware_detection_autoware_bridge/share/autoware_detection_autoware_bridge/hook/pythonpath.ps1'
[1.987s] INFO:colcon.colcon_core.shell:Creating environment descriptor '/workspace/modules/detection/detection_ws/install/autoware_detection_autoware_bridge/share/autoware_detection_autoware_bridge/hook/pythonpath.dsv'
[1.987s] INFO:colcon.colcon_core.shell:Creating environment hook '/workspace/modules/detection/detection_ws/install/autoware_detection_autoware_bridge/share/autoware_detection_autoware_bridge/hook/pythonpath.sh'
[1.988s] Level 1:colcon.colcon_core.environment:checking '/workspace/modules/detection/detection_ws/install/autoware_detection_autoware_bridge/bin'
[1.988s] Level 1:colcon.colcon_core.environment:create_environment_scripts_only(autoware_detection_autoware_bridge)
[1.989s] INFO:colcon.colcon_core.shell:Creating package script '/workspace/modules/detection/detection_ws/install/autoware_detection_autoware_bridge/share/autoware_detection_autoware_bridge/package.ps1'
[1.989s] INFO:colcon.colcon_core.shell:Creating package descriptor '/workspace/modules/detection/detection_ws/install/autoware_detection_autoware_bridge/share/autoware_detection_autoware_bridge/package.dsv'
[1.990s] INFO:colcon.colcon_core.shell:Creating package script '/workspace/modules/detection/detection_ws/install/autoware_detection_autoware_bridge/share/autoware_detection_autoware_bridge/package.sh'
[1.991s] INFO:colcon.colcon_core.shell:Creating package script '/workspace/modules/detection/detection_ws/install/autoware_detection_autoware_bridge/share/autoware_detection_autoware_bridge/package.bash'
[1.992s] INFO:colcon.colcon_core.shell:Creating package script '/workspace/modules/detection/detection_ws/install/autoware_detection_autoware_bridge/share/autoware_detection_autoware_bridge/package.zsh'
[1.992s] Level 1:colcon.colcon_core.environment:create_file_with_runtime_dependencies(/workspace/modules/detection/detection_ws/install/autoware_detection_autoware_bridge/share/colcon-core/packages/autoware_detection_autoware_bridge)
[2.003s] Level 1:colcon.colcon_core.shell:create_environment_hook('autoware_traffic_light_classifier', 'pythonpath_develop')
[2.003s] INFO:colcon.colcon_core.shell:Creating environment hook '/workspace/modules/detection/detection_ws/build/autoware_traffic_light_classifier/share/autoware_traffic_light_classifier/hook/pythonpath_develop.ps1'
[2.004s] DEBUG:colcon.colcon_core.event_handler.log_command:Invoked command in '/workspace/modules/detection/detection_ws/build/autoware_traffic_light_classifier' returned '0': PYTHONPATH=/workspace/modules/detection/detection_ws/build/autoware_traffic_light_classifier/prefix_override:/usr/lib/python3/dist-packages/colcon_core/task/python/colcon_distutils_commands:/workspace/modules/detection/detection_ws/install/autoware_traffic_light_classifier/lib/python3.10/site-packages:${PYTHONPATH} /usr/bin/python3 -W ignore:setup.py install is deprecated -W ignore:easy_install command is deprecated setup.py develop --editable --build-directory /workspace/modules/detection/detection_ws/build/autoware_traffic_light_classifier/build --no-deps symlink_data
[2.005s] INFO:colcon.colcon_core.shell:Creating environment descriptor '/workspace/modules/detection/detection_ws/build/autoware_traffic_light_classifier/share/autoware_traffic_light_classifier/hook/pythonpath_develop.dsv'
[2.005s] INFO:colcon.colcon_core.shell:Creating environment hook '/workspace/modules/detection/detection_ws/build/autoware_traffic_light_classifier/share/autoware_traffic_light_classifier/hook/pythonpath_develop.sh'
[2.006s] Level 1:colcon.colcon_core.environment:checking '/workspace/modules/detection/detection_ws/install/autoware_traffic_light_classifier' for CMake module files
[2.007s] Level 1:colcon.colcon_core.environment:checking '/workspace/modules/detection/detection_ws/install/autoware_traffic_light_classifier' for CMake config files
[2.008s] Level 1:colcon.colcon_core.environment:checking '/workspace/modules/detection/detection_ws/install/autoware_traffic_light_classifier/lib'
[2.008s] Level 1:colcon.colcon_core.environment:checking '/workspace/modules/detection/detection_ws/install/autoware_traffic_light_classifier/bin'
[2.008s] Level 1:colcon.colcon_core.environment:checking '/workspace/modules/detection/detection_ws/install/autoware_traffic_light_classifier/lib/pkgconfig/autoware_traffic_light_classifier.pc'
[2.009s] Level 1:colcon.colcon_core.environment:checking '/workspace/modules/detection/detection_ws/install/autoware_traffic_light_classifier/lib/python3.10/site-packages'
[2.009s] Level 1:colcon.colcon_core.shell:create_environment_hook('autoware_traffic_light_classifier', 'pythonpath')
[2.009s] INFO:colcon.colcon_core.shell:Creating environment hook '/workspace/modules/detection/detection_ws/install/autoware_traffic_light_classifier/share/autoware_traffic_light_classifier/hook/pythonpath.ps1'
[2.010s] INFO:colcon.colcon_core.shell:Creating environment descriptor '/workspace/modules/detection/detection_ws/install/autoware_traffic_light_classifier/share/autoware_traffic_light_classifier/hook/pythonpath.dsv'
[2.011s] INFO:colcon.colcon_core.shell:Creating environment hook '/workspace/modules/detection/detection_ws/install/autoware_traffic_light_classifier/share/autoware_traffic_light_classifier/hook/pythonpath.sh'
[2.012s] Level 1:colcon.colcon_core.environment:checking '/workspace/modules/detection/detection_ws/install/autoware_traffic_light_classifier/bin'
[2.012s] Level 1:colcon.colcon_core.environment:create_environment_scripts_only(autoware_traffic_light_classifier)
[2.013s] INFO:colcon.colcon_core.shell:Creating package script '/workspace/modules/detection/detection_ws/install/autoware_traffic_light_classifier/share/autoware_traffic_light_classifier/package.ps1'
[2.014s] INFO:colcon.colcon_core.shell:Creating package descriptor '/workspace/modules/detection/detection_ws/install/autoware_traffic_light_classifier/share/autoware_traffic_light_classifier/package.dsv'
[2.015s] INFO:colcon.colcon_core.shell:Creating package script '/workspace/modules/detection/detection_ws/install/autoware_traffic_light_classifier/share/autoware_traffic_light_classifier/package.sh'
[2.016s] INFO:colcon.colcon_core.shell:Creating package script '/workspace/modules/detection/detection_ws/install/autoware_traffic_light_classifier/share/autoware_traffic_light_classifier/package.bash'
[2.016s] INFO:colcon.colcon_core.shell:Creating package script '/workspace/modules/detection/detection_ws/install/autoware_traffic_light_classifier/share/autoware_traffic_light_classifier/package.zsh'
[2.017s] Level 1:colcon.colcon_core.environment:create_file_with_runtime_dependencies(/workspace/modules/detection/detection_ws/install/autoware_traffic_light_classifier/share/colcon-core/packages/autoware_traffic_light_classifier)
[2.017s] INFO:colcon.colcon_ros.task.ament_cmake.build:Building ROS package in '/workspace/modules/detection/detection_ws/src/tier4_perception_launch' with build type 'ament_cmake'
[2.018s] INFO:colcon.colcon_cmake.task.cmake.build:Building CMake package in '/workspace/modules/detection/detection_ws/src/tier4_perception_launch'
[2.018s] INFO:colcon.colcon_core.shell:Skip shell extension 'powershell' for command environment: Not usable outside of PowerShell
[2.018s] DEBUG:colcon.colcon_core.shell:Skip shell extension 'dsv' for command environment
[2.051s] DEBUG:colcon.colcon_core.event_handler.log_command:Invoking command in '/workspace/modules/detection/detection_ws/build/tier4_perception_launch': AMENT_PREFIX_PATH=/workspace/modules/detection/detection_ws/install/autoware_traffic_light_classifier:/workspace/modules/detection/detection_ws/install/autoware_tensorrt_yolox:/workspace/modules/detection/detection_ws/install/autoware_detection_autoware_bridge:/workspace/modules/detection/detection_ws/install/autoware_bytetrack:/workspace/modules/detection/detection_ws/install/tier4_perception_launch:/opt/autoware:/opt/ros/humble CMAKE_PREFIX_PATH=${CMAKE_PREFIX_PATH}:/workspace/modules/detection/detection_ws/install/autoware_traffic_light_classifier:/workspace/modules/detection/detection_ws/install/autoware_tensorrt_yolox:/workspace/modules/detection/detection_ws/install/autoware_detection_autoware_bridge:/workspace/modules/detection/detection_ws/install/autoware_bytetrack:/opt/ros/humble /usr/bin/cmake --build /workspace/modules/detection/detection_ws/build/tier4_perception_launch -- -j16 -l16
[2.090s] DEBUG:colcon.colcon_core.event_handler.log_command:Invoked command in '/workspace/modules/detection/detection_ws/build/tier4_perception_launch' returned '0': AMENT_PREFIX_PATH=/workspace/modules/detection/detection_ws/install/autoware_traffic_light_classifier:/workspace/modules/detection/detection_ws/install/autoware_tensorrt_yolox:/workspace/modules/detection/detection_ws/install/autoware_detection_autoware_bridge:/workspace/modules/detection/detection_ws/install/autoware_bytetrack:/workspace/modules/detection/detection_ws/install/tier4_perception_launch:/opt/autoware:/opt/ros/humble CMAKE_PREFIX_PATH=${CMAKE_PREFIX_PATH}:/workspace/modules/detection/detection_ws/install/autoware_traffic_light_classifier:/workspace/modules/detection/detection_ws/install/autoware_tensorrt_yolox:/workspace/modules/detection/detection_ws/install/autoware_detection_autoware_bridge:/workspace/modules/detection/detection_ws/install/autoware_bytetrack:/opt/ros/humble /usr/bin/cmake --build /workspace/modules/detection/detection_ws/build/tier4_perception_launch -- -j16 -l16
[2.100s] DEBUG:colcon.colcon_core.event_handler.log_command:Invoking command in '/workspace/modules/detection/detection_ws/build/tier4_perception_launch': AMENT_PREFIX_PATH=/workspace/modules/detection/detection_ws/install/autoware_traffic_light_classifier:/workspace/modules/detection/detection_ws/install/autoware_tensorrt_yolox:/workspace/modules/detection/detection_ws/install/autoware_detection_autoware_bridge:/workspace/modules/detection/detection_ws/install/autoware_bytetrack:/workspace/modules/detection/detection_ws/install/tier4_perception_launch:/opt/autoware:/opt/ros/humble CMAKE_PREFIX_PATH=${CMAKE_PREFIX_PATH}:/workspace/modules/detection/detection_ws/install/autoware_traffic_light_classifier:/workspace/modules/detection/detection_ws/install/autoware_tensorrt_yolox:/workspace/modules/detection/detection_ws/install/autoware_detection_autoware_bridge:/workspace/modules/detection/detection_ws/install/autoware_bytetrack:/opt/ros/humble /usr/bin/cmake --install /workspace/modules/detection/detection_ws/build/tier4_perception_launch
[2.121s] Level 1:colcon.colcon_core.environment:create_environment_scripts_only(tier4_perception_launch)
[2.121s] Level 1:colcon.colcon_core.environment:checking '/workspace/modules/detection/detection_ws/install/tier4_perception_launch' for CMake module files
[2.122s] DEBUG:colcon.colcon_core.event_handler.log_command:Invoked command in '/workspace/modules/detection/detection_ws/build/tier4_perception_launch' returned '0': AMENT_PREFIX_PATH=/workspace/modules/detection/detection_ws/install/autoware_traffic_light_classifier:/workspace/modules/detection/detection_ws/install/autoware_tensorrt_yolox:/workspace/modules/detection/detection_ws/install/autoware_detection_autoware_bridge:/workspace/modules/detection/detection_ws/install/autoware_bytetrack:/workspace/modules/detection/detection_ws/install/tier4_perception_launch:/opt/autoware:/opt/ros/humble CMAKE_PREFIX_PATH=${CMAKE_PREFIX_PATH}:/workspace/modules/detection/detection_ws/install/autoware_traffic_light_classifier:/workspace/modules/detection/detection_ws/install/autoware_tensorrt_yolox:/workspace/modules/detection/detection_ws/install/autoware_detection_autoware_bridge:/workspace/modules/detection/detection_ws/install/autoware_bytetrack:/opt/ros/humble /usr/bin/cmake --install /workspace/modules/detection/detection_ws/build/tier4_perception_launch
[2.123s] Level 1:colcon.colcon_core.environment:checking '/workspace/modules/detection/detection_ws/install/tier4_perception_launch' for CMake config files
[2.123s] Level 1:colcon.colcon_core.shell:create_environment_hook('tier4_perception_launch', 'cmake_prefix_path')
[2.124s] INFO:colcon.colcon_core.shell:Creating environment hook '/workspace/modules/detection/detection_ws/install/tier4_perception_launch/share/tier4_perception_launch/hook/cmake_prefix_path.ps1'
[2.125s] INFO:colcon.colcon_core.shell:Creating environment descriptor '/workspace/modules/detection/detection_ws/install/tier4_perception_launch/share/tier4_perception_launch/hook/cmake_prefix_path.dsv'
[2.125s] INFO:colcon.colcon_core.shell:Creating environment hook '/workspace/modules/detection/detection_ws/install/tier4_perception_launch/share/tier4_perception_launch/hook/cmake_prefix_path.sh'
[2.126s] Level 1:colcon.colcon_core.environment:checking '/workspace/modules/detection/detection_ws/install/tier4_perception_launch/bin'
[2.126s] Level 1:colcon.colcon_core.environment:checking '/workspace/modules/detection/detection_ws/install/tier4_perception_launch/lib/pkgconfig/tier4_perception_launch.pc'
[2.127s] Level 1:colcon.colcon_core.environment:checking '/workspace/modules/detection/detection_ws/install/tier4_perception_launch/lib/python3.10/site-packages'
[2.127s] Level 1:colcon.colcon_core.environment:checking '/workspace/modules/detection/detection_ws/install/tier4_perception_launch/bin'
[2.128s] INFO:colcon.colcon_core.shell:Creating package script '/workspace/modules/detection/detection_ws/install/tier4_perception_launch/share/tier4_perception_launch/package.ps1'
[2.128s] INFO:colcon.colcon_core.shell:Creating package descriptor '/workspace/modules/detection/detection_ws/install/tier4_perception_launch/share/tier4_perception_launch/package.dsv'
[2.129s] INFO:colcon.colcon_core.shell:Creating package script '/workspace/modules/detection/detection_ws/install/tier4_perception_launch/share/tier4_perception_launch/package.sh'
[2.130s] INFO:colcon.colcon_core.shell:Creating package script '/workspace/modules/detection/detection_ws/install/tier4_perception_launch/share/tier4_perception_launch/package.bash'
[2.130s] INFO:colcon.colcon_core.shell:Creating package script '/workspace/modules/detection/detection_ws/install/tier4_perception_launch/share/tier4_perception_launch/package.zsh'
[2.131s] Level 1:colcon.colcon_core.environment:create_file_with_runtime_dependencies(/workspace/modules/detection/detection_ws/install/tier4_perception_launch/share/colcon-core/packages/tier4_perception_launch)
[2.132s] Level 1:colcon.colcon_core.environment:create_environment_scripts_only(tier4_perception_launch)
[2.132s] Level 1:colcon.colcon_core.environment:checking '/workspace/modules/detection/detection_ws/install/tier4_perception_launch' for CMake module files
[2.133s] Level 1:colcon.colcon_core.environment:checking '/workspace/modules/detection/detection_ws/install/tier4_perception_launch' for CMake config files
[2.133s] Level 1:colcon.colcon_core.shell:create_environment_hook('tier4_perception_launch', 'cmake_prefix_path')
[2.134s] INFO:colcon.colcon_core.shell:Creating environment hook '/workspace/modules/detection/detection_ws/install/tier4_perception_launch/share/tier4_perception_launch/hook/cmake_prefix_path.ps1'
[2.134s] INFO:colcon.colcon_core.shell:Creating environment descriptor '/workspace/modules/detection/detection_ws/install/tier4_perception_launch/share/tier4_perception_launch/hook/cmake_prefix_path.dsv'
[2.135s] INFO:colcon.colcon_core.shell:Creating environment hook '/workspace/modules/detection/detection_ws/install/tier4_perception_launch/share/tier4_perception_launch/hook/cmake_prefix_path.sh'
[2.136s] Level 1:colcon.colcon_core.environment:checking '/workspace/modules/detection/detection_ws/install/tier4_perception_launch/bin'
[2.136s] Level 1:colcon.colcon_core.environment:checking '/workspace/modules/detection/detection_ws/install/tier4_perception_launch/lib/pkgconfig/tier4_perception_launch.pc'
[2.136s] Level 1:colcon.colcon_core.environment:checking '/workspace/modules/detection/detection_ws/install/tier4_perception_launch/lib/python3.10/site-packages'
[2.138s] Level 1:colcon.colcon_core.environment:checking '/workspace/modules/detection/detection_ws/install/tier4_perception_launch/bin'
[2.139s] INFO:colcon.colcon_core.shell:Creating package script '/workspace/modules/detection/detection_ws/install/tier4_perception_launch/share/tier4_perception_launch/package.ps1'
[2.139s] INFO:colcon.colcon_core.shell:Creating package descriptor '/workspace/modules/detection/detection_ws/install/tier4_perception_launch/share/tier4_perception_launch/package.dsv'
[2.140s] INFO:colcon.colcon_core.shell:Creating package script '/workspace/modules/detection/detection_ws/install/tier4_perception_launch/share/tier4_perception_launch/package.sh'
[2.140s] INFO:colcon.colcon_core.shell:Creating package script '/workspace/modules/detection/detection_ws/install/tier4_perception_launch/share/tier4_perception_launch/package.bash'
[2.141s] INFO:colcon.colcon_core.shell:Creating package script '/workspace/modules/detection/detection_ws/install/tier4_perception_launch/share/tier4_perception_launch/package.zsh'
[2.141s] Level 1:colcon.colcon_core.environment:create_file_with_runtime_dependencies(/workspace/modules/detection/detection_ws/install/tier4_perception_launch/share/colcon-core/packages/tier4_perception_launch)
[2.142s] DEBUG:colcon.colcon_parallel_executor.executor.parallel:closing loop
[2.142s] DEBUG:colcon.colcon_parallel_executor.executor.parallel:loop closed
[2.142s] DEBUG:colcon.colcon_parallel_executor.executor.parallel:run_until_complete finished with '0'
[2.143s] DEBUG:colcon.colcon_core.event_reactor:joining thread
[2.152s] INFO:colcon.colcon_core.plugin_system:Skipping extension 'colcon_notification.desktop_notification.notify_send': Could not find 'notify-send'
[2.152s] INFO:colcon.colcon_core.plugin_system:Skipping extension 'colcon_notification.desktop_notification.terminal_notifier': Not used on non-Darwin systems
[2.152s] INFO:colcon.colcon_core.plugin_system:Skipping extension 'colcon_notification.desktop_notification.win32': Not used on non-Windows systems
[2.152s] INFO:colcon.colcon_notification.desktop_notification:Sending desktop notification using 'notify2'
[2.156s] DEBUG:colcon.colcon_notification.desktop_notification.notify2:Failed to initialize notify2: org.freedesktop.DBus.Error.Spawn.ExecFailed: /usr/bin/dbus-launch terminated abnormally without any error message
[2.156s] DEBUG:colcon.colcon_core.event_reactor:joined thread
[2.157s] INFO:colcon.colcon_core.shell:Creating prefix script '/workspace/modules/detection/detection_ws/install/local_setup.ps1'
[2.159s] INFO:colcon.colcon_core.shell:Creating prefix util module '/workspace/modules/detection/detection_ws/install/_local_setup_util_ps1.py'
[2.160s] INFO:colcon.colcon_core.shell:Creating prefix chain script '/workspace/modules/detection/detection_ws/install/setup.ps1'
[2.162s] INFO:colcon.colcon_core.shell:Creating prefix script '/workspace/modules/detection/detection_ws/install/local_setup.sh'
[2.163s] INFO:colcon.colcon_core.shell:Creating prefix util module '/workspace/modules/detection/detection_ws/install/_local_setup_util_sh.py'
[2.165s] INFO:colcon.colcon_core.shell:Creating prefix chain script '/workspace/modules/detection/detection_ws/install/setup.sh'
[2.167s] INFO:colcon.colcon_core.shell:Creating prefix script '/workspace/modules/detection/detection_ws/install/local_setup.bash'
[2.169s] INFO:colcon.colcon_core.shell:Creating prefix chain script '/workspace/modules/detection/detection_ws/install/setup.bash'
[2.171s] INFO:colcon.colcon_core.shell:Creating prefix script '/workspace/modules/detection/detection_ws/install/local_setup.zsh'
[2.172s] INFO:colcon.colcon_core.shell:Creating prefix chain script '/workspace/modules/detection/detection_ws/install/setup.zsh'
