[0.000000] (-) TimerEvent: {}
[0.000497] (-) JobUnselected: {'identifier': 'autoware_bytetrack'}
[0.000729] (-) JobUnselected: {'identifier': 'autoware_tensorrt_yolox'}
[0.000953] (-) JobUnselected: {'identifier': 'autoware_traffic_light_classifier'}
[0.001062] (-) JobUnselected: {'identifier': 'tier4_perception_launch'}
[0.001243] (autoware_detection_autoware_bridge) JobQueued: {'identifier': 'autoware_detection_autoware_bridge', 'dependencies': OrderedDict()}
[0.001329] (autoware_detection_autoware_bridge) JobStarted: {'identifier': 'autoware_detection_autoware_bridge'}
[0.113012] (-) TimerEvent: {}
[0.279290] (-) TimerEvent: {}
[0.380258] (-) TimerEvent: {}
[0.491264] (-) TimerEvent: {}
[0.592230] (-) TimerEvent: {}
[0.694976] (-) TimerEvent: {}
[0.795829] (-) TimerEvent: {}
[0.925048] (-) TimerEvent: {}
[1.030250] (-) TimerEvent: {}
[1.162438] (-) TimerEvent: {}
[1.268382] (-) TimerEvent: {}
[1.382257] (-) TimerEvent: {}
[1.484229] (-) TimerEvent: {}
[1.605584] (-) TimerEvent: {}
[1.707232] (-) TimerEvent: {}
[1.808229] (-) TimerEvent: {}
[1.933503] (-) TimerEvent: {}
[2.036621] (-) TimerEvent: {}
[2.141196] (-) TimerEvent: {}
[2.256715] (-) TimerEvent: {}
[2.360549] (-) TimerEvent: {}
[2.485155] (-) TimerEvent: {}
[2.594236] (-) TimerEvent: {}
[2.695225] (-) TimerEvent: {}
[2.820525] (-) TimerEvent: {}
[2.962250] (-) TimerEvent: {}
[3.083870] (-) TimerEvent: {}
[3.195503] (-) TimerEvent: {}
[3.296283] (-) TimerEvent: {}
[3.410239] (-) TimerEvent: {}
[3.527376] (-) TimerEvent: {}
[3.689649] (-) TimerEvent: {}
[3.810549] (-) TimerEvent: {}
[3.911832] (-) TimerEvent: {}
[4.027232] (-) TimerEvent: {}
[4.138182] (-) TimerEvent: {}
[4.239289] (-) TimerEvent: {}
[4.361964] (-) TimerEvent: {}
[4.466115] (-) TimerEvent: {}
[4.572671] (-) TimerEvent: {}
[4.673267] (-) TimerEvent: {}
[4.774289] (-) TimerEvent: {}
[4.879203] (-) TimerEvent: {}
[5.003324] (-) TimerEvent: {}
[5.130444] (-) TimerEvent: {}
[5.238235] (-) TimerEvent: {}
[5.363170] (-) TimerEvent: {}
[5.473289] (-) TimerEvent: {}
[5.575211] (-) TimerEvent: {}
[5.676291] (-) TimerEvent: {}
[5.783301] (-) TimerEvent: {}
[5.909908] (-) TimerEvent: {}
[6.012780] (-) TimerEvent: {}
[6.126301] (-) TimerEvent: {}
[6.230237] (-) TimerEvent: {}
[6.356245] (-) TimerEvent: {}
[6.457243] (-) TimerEvent: {}
[6.578229] (-) TimerEvent: {}
[6.661342] (autoware_detection_autoware_bridge) Command: {'cmd': ['/usr/bin/python3', '-W', 'ignore:setup.py install is deprecated', '-W', 'ignore:easy_install command is deprecated', 'setup.py', 'develop', '--editable', '--build-directory', '/workspace/modules/detection/detection_ws/build/autoware_detection_autoware_bridge/build', '--no-deps', 'symlink_data'], 'cwd': '/workspace/modules/detection/detection_ws/build/autoware_detection_autoware_bridge', 'env': {'CCACHE_DIR': '/root/.ccache', 'HOSTNAME': 'docker-desktop', 'LOCAL_GROUP': 'staff', 'LOCAL_USER': 'zuhalkoksal', 'SHLVL': '1', 'LD_LIBRARY_PATH': '/opt/ros/humble/opt/rviz_ogre_vendor/lib:/opt/ros/humble/lib/aarch64-linux-gnu:/opt/ros/humble/lib', 'HOME': '/root', 'OLDPWD': '/autoware', 'ROS_PYTHON_VERSION': '3', 'LOCAL_GID': '20', 'ROS_DISTRO': 'humble', '_': '/usr/bin/colcon', 'ROS_VERSION': '2', 'NVIDIA_DRIVER_CAPABILITIES': 'all', 'ROS_LOCALHOST_ONLY': '0', 'PATH': '/opt/ros/humble/bin:/usr/local/sbin:/usr/local/bin:/usr/sbin:/usr/bin:/sbin:/bin', 'XDG_RUNTIME_DIR': '', 'LANG': 'C.UTF-8', 'XAUTHORITY': '', 'AMENT_PREFIX_PATH': '/opt/ros/humble', 'LOCAL_UID': '501', 'PWD': '/workspace/modules/detection/detection_ws/build/autoware_detection_autoware_bridge', 'LC_ALL': 'C.UTF-8', 'PYTHONPATH': '/workspace/modules/detection/detection_ws/build/autoware_detection_autoware_bridge/prefix_override:/usr/lib/python3/dist-packages/colcon_core/task/python/colcon_distutils_commands:/workspace/modules/detection/detection_ws/install/autoware_detection_autoware_bridge/lib/python3.10/site-packages:/opt/ros/humble/lib/python3.10/site-packages:/opt/ros/humble/local/lib/python3.10/dist-packages', 'TZ': '', 'COLCON': '1'}, 'shell': False}
[6.862389] (-) TimerEvent: {}
[6.972283] (-) TimerEvent: {}
[7.079515] (-) TimerEvent: {}
[7.182226] (-) TimerEvent: {}
[7.298230] (-) TimerEvent: {}
[7.412294] (-) TimerEvent: {}
[7.522993] (-) TimerEvent: {}
[7.628962] (-) TimerEvent: {}
[7.761390] (-) TimerEvent: {}
[7.864228] (-) TimerEvent: {}
[7.965237] (-) TimerEvent: {}
[8.086686] (-) TimerEvent: {}
[8.201266] (-) TimerEvent: {}
[8.305279] (-) TimerEvent: {}
[8.441295] (-) TimerEvent: {}
[8.570198] (-) TimerEvent: {}
[8.677998] (-) TimerEvent: {}
[8.798011] (-) TimerEvent: {}
[8.912026] (-) TimerEvent: {}
[9.041197] (-) TimerEvent: {}
[9.065235] (autoware_detection_autoware_bridge) StdoutLine: {'line': b'running develop\n'}
[9.150368] (-) TimerEvent: {}
[9.251237] (-) TimerEvent: {}
[9.352279] (-) TimerEvent: {}
[9.468260] (-) TimerEvent: {}
[9.577752] (-) TimerEvent: {}
[9.683256] (-) TimerEvent: {}
[9.798345] (-) TimerEvent: {}
[9.931967] (-) TimerEvent: {}
[10.033290] (-) TimerEvent: {}
[10.162455] (-) TimerEvent: {}
[10.203365] (autoware_detection_autoware_bridge) StdoutLine: {'line': b'running egg_info\n'}
[10.210535] (autoware_detection_autoware_bridge) StdoutLine: {'line': b'creating autoware_detection_autoware_bridge.egg-info\n'}
[10.211929] (autoware_detection_autoware_bridge) StdoutLine: {'line': b'writing autoware_detection_autoware_bridge.egg-info/PKG-INFO\n'}
[10.273493] (-) TimerEvent: {}
[10.273968] (autoware_detection_autoware_bridge) StdoutLine: {'line': b'writing dependency_links to autoware_detection_autoware_bridge.egg-info/dependency_links.txt\n'}
[10.291415] (autoware_detection_autoware_bridge) StdoutLine: {'line': b'writing entry points to autoware_detection_autoware_bridge.egg-info/entry_points.txt\n'}
[10.292713] (autoware_detection_autoware_bridge) StdoutLine: {'line': b'writing requirements to autoware_detection_autoware_bridge.egg-info/requires.txt\n'}
[10.293453] (autoware_detection_autoware_bridge) StdoutLine: {'line': b'writing top-level names to autoware_detection_autoware_bridge.egg-info/top_level.txt\n'}
[10.295408] (autoware_detection_autoware_bridge) StdoutLine: {'line': b"writing manifest file 'autoware_detection_autoware_bridge.egg-info/SOURCES.txt'\n"}
[10.302028] (autoware_detection_autoware_bridge) StdoutLine: {'line': b"reading manifest file 'autoware_detection_autoware_bridge.egg-info/SOURCES.txt'\n"}
[10.376272] (-) TimerEvent: {}
[10.501240] (-) TimerEvent: {}
[10.594221] (autoware_detection_autoware_bridge) StdoutLine: {'line': b"writing manifest file 'autoware_detection_autoware_bridge.egg-info/SOURCES.txt'\n"}
[10.602278] (-) TimerEvent: {}
[10.671167] (autoware_detection_autoware_bridge) StdoutLine: {'line': b'running build_ext\n'}
[10.671886] (autoware_detection_autoware_bridge) StdoutLine: {'line': b'Creating /workspace/modules/detection/detection_ws/install/autoware_detection_autoware_bridge/lib/python3.10/site-packages/autoware-detection-autoware-bridge.egg-link (link to .)\n'}
[10.704111] (-) TimerEvent: {}
[10.718242] (autoware_detection_autoware_bridge) StdoutLine: {'line': b'Installing detection_autoware_bridge_node script to /workspace/modules/detection/detection_ws/install/autoware_detection_autoware_bridge/lib/autoware_detection_autoware_bridge\n'}
[10.804264] (-) TimerEvent: {}
[10.832378] (autoware_detection_autoware_bridge) StdoutLine: {'line': b'\n'}
[10.840700] (autoware_detection_autoware_bridge) StdoutLine: {'line': b'Installed /workspace/modules/detection/detection_ws/build/autoware_detection_autoware_bridge\n'}
[10.858206] (autoware_detection_autoware_bridge) StdoutLine: {'line': b'running symlink_data\n'}
[10.865740] (autoware_detection_autoware_bridge) StdoutLine: {'line': b'creating /workspace/modules/detection/detection_ws/install/autoware_detection_autoware_bridge/share/ament_index\n'}
[10.880545] (autoware_detection_autoware_bridge) StdoutLine: {'line': b'creating /workspace/modules/detection/detection_ws/install/autoware_detection_autoware_bridge/share/ament_index/resource_index\n'}
[10.885639] (autoware_detection_autoware_bridge) StdoutLine: {'line': b'creating /workspace/modules/detection/detection_ws/install/autoware_detection_autoware_bridge/share/ament_index/resource_index/packages\n'}
[10.891269] (autoware_detection_autoware_bridge) StdoutLine: {'line': b'symbolically linking /workspace/modules/detection/detection_ws/build/autoware_detection_autoware_bridge/resource/autoware_detection_autoware_bridge -> /workspace/modules/detection/detection_ws/install/autoware_detection_autoware_bridge/share/ament_index/resource_index/packages\n'}
[10.891726] (autoware_detection_autoware_bridge) StdoutLine: {'line': b'symbolically linking /workspace/modules/detection/detection_ws/build/autoware_detection_autoware_bridge/package.xml -> /workspace/modules/detection/detection_ws/install/autoware_detection_autoware_bridge/share/autoware_detection_autoware_bridge\n'}
[10.892187] (autoware_detection_autoware_bridge) StdoutLine: {'line': b'creating /workspace/modules/detection/detection_ws/install/autoware_detection_autoware_bridge/share/autoware_detection_autoware_bridge/launch\n'}
[10.988198] (-) TimerEvent: {}
[10.999653] (autoware_detection_autoware_bridge) StdoutLine: {'line': b'symbolically linking /workspace/modules/detection/detection_ws/build/autoware_detection_autoware_bridge/launch/detection_autoware_bridge.launch.xml -> /workspace/modules/detection/detection_ws/install/autoware_detection_autoware_bridge/share/autoware_detection_autoware_bridge/launch\n'}
[11.088247] (-) TimerEvent: {}
[11.193712] (-) TimerEvent: {}
[11.228946] (autoware_detection_autoware_bridge) CommandEnded: {'returncode': 0}
[11.301412] (-) TimerEvent: {}
[11.426287] (-) TimerEvent: {}
[11.535727] (-) TimerEvent: {}
[11.661529] (-) TimerEvent: {}
[11.779163] (-) TimerEvent: {}
[11.852974] (autoware_detection_autoware_bridge) JobEnded: {'identifier': 'autoware_detection_autoware_bridge', 'rc': 0}
[11.870623] (-) EventReactorShutdown: {}
