[1.335s] Invoking command in '/workspace/modules/perception/detection_ws/build/autoware_detection_autoware_bridge': PYTHONPATH=/workspace/modules/perception/detection_ws/build/autoware_detection_autoware_bridge/prefix_override:/usr/lib/python3/dist-packages/colcon_core/task/python/colcon_distutils_commands:/workspace/modules/perception/detection_ws/install/autoware_detection_autoware_bridge/lib/python3.10/site-packages:${PYTHONPATH} /usr/bin/python3 -W ignore:setup.py install is deprecated -W ignore:easy_install command is deprecated setup.py develop --editable --build-directory /workspace/modules/perception/detection_ws/build/autoware_detection_autoware_bridge/build --no-deps symlink_data
[1.664s] running develop
[1.878s] running egg_info
[1.886s] creating autoware_detection_autoware_bridge.egg-info
[1.887s] writing autoware_detection_autoware_bridge.egg-info/PKG-INFO
[1.890s] writing dependency_links to autoware_detection_autoware_bridge.egg-info/dependency_links.txt
[1.891s] writing entry points to autoware_detection_autoware_bridge.egg-info/entry_points.txt
[1.892s] writing requirements to autoware_detection_autoware_bridge.egg-info/requires.txt
[1.893s] writing top-level names to autoware_detection_autoware_bridge.egg-info/top_level.txt
[1.893s] writing manifest file 'autoware_detection_autoware_bridge.egg-info/SOURCES.txt'
[1.896s] reading manifest file 'autoware_detection_autoware_bridge.egg-info/SOURCES.txt'
[1.900s] writing manifest file 'autoware_detection_autoware_bridge.egg-info/SOURCES.txt'
[1.904s] running build_ext
[1.905s] Creating /workspace/modules/perception/detection_ws/install/autoware_detection_autoware_bridge/lib/python3.10/site-packages/autoware-detection-autoware-bridge.egg-link (link to .)
[1.908s] Installing detection_autoware_bridge_node script to /workspace/modules/perception/detection_ws/install/autoware_detection_autoware_bridge/lib/autoware_detection_autoware_bridge
[1.911s] 
[1.912s] Installed /workspace/modules/perception/detection_ws/build/autoware_detection_autoware_bridge
[1.913s] running symlink_data
[1.914s] creating /workspace/modules/perception/detection_ws/install/autoware_detection_autoware_bridge/share/ament_index
[1.915s] creating /workspace/modules/perception/detection_ws/install/autoware_detection_autoware_bridge/share/ament_index/resource_index
[1.916s] creating /workspace/modules/perception/detection_ws/install/autoware_detection_autoware_bridge/share/ament_index/resource_index/packages
[1.917s] symbolically linking /workspace/modules/perception/detection_ws/build/autoware_detection_autoware_bridge/resource/autoware_detection_autoware_bridge -> /workspace/modules/perception/detection_ws/install/autoware_detection_autoware_bridge/share/ament_index/resource_index/packages
[1.918s] symbolically linking /workspace/modules/perception/detection_ws/build/autoware_detection_autoware_bridge/package.xml -> /workspace/modules/perception/detection_ws/install/autoware_detection_autoware_bridge/share/autoware_detection_autoware_bridge
[1.921s] creating /workspace/modules/perception/detection_ws/install/autoware_detection_autoware_bridge/share/autoware_detection_autoware_bridge/launch
[1.922s] symbolically linking /workspace/modules/perception/detection_ws/build/autoware_detection_autoware_bridge/launch/detection_autoware_bridge.launch.xml -> /workspace/modules/perception/detection_ws/install/autoware_detection_autoware_bridge/share/autoware_detection_autoware_bridge/launch
[2.030s] Invoked command in '/workspace/modules/perception/detection_ws/build/autoware_detection_autoware_bridge' returned '0': PYTHONPATH=/workspace/modules/perception/detection_ws/build/autoware_detection_autoware_bridge/prefix_override:/usr/lib/python3/dist-packages/colcon_core/task/python/colcon_distutils_commands:/workspace/modules/perception/detection_ws/install/autoware_detection_autoware_bridge/lib/python3.10/site-packages:${PYTHONPATH} /usr/bin/python3 -W ignore:setup.py install is deprecated -W ignore:easy_install command is deprecated setup.py develop --editable --build-directory /workspace/modules/perception/detection_ws/build/autoware_detection_autoware_bridge/build --no-deps symlink_data
