[0.000000] (-) TimerEvent: {}
[0.006895] (-) JobUnselected: {'identifier': 'autoware_bytetrack'}
[0.007246] (-) JobUnselected: {'identifier': 'autoware_tensorrt_yolox'}
[0.007393] (-) JobUnselected: {'identifier': 'autoware_traffic_light_classifier'}
[0.007450] (-) JobUnselected: {'identifier': 'tier4_perception_launch'}
[0.007525] (autoware_detection_autoware_bridge) JobQueued: {'identifier': 'autoware_detection_autoware_bridge', 'dependencies': OrderedDict()}
[0.007582] (autoware_detection_autoware_bridge) JobStarted: {'identifier': 'autoware_detection_autoware_bridge'}
[0.100574] (-) TimerEvent: {}
[0.201840] (-) TimerEvent: {}
[0.302852] (-) TimerEvent: {}
[0.407982] (-) TimerEvent: {}
[0.508883] (-) TimerEvent: {}
[0.533435] (autoware_detection_autoware_bridge) Command: {'cmd': ['/usr/bin/python3', '-W', 'ignore:setup.py install is deprecated', '-W', 'ignore:easy_install command is deprecated', 'setup.py', 'develop', '--editable', '--build-directory', '/workspace/modules/detection/detection_ws/build/autoware_detection_autoware_bridge/build', '--no-deps', 'symlink_data'], 'cwd': '/workspace/modules/detection/detection_ws/build/autoware_detection_autoware_bridge', 'env': {'CCACHE_DIR': '/root/.ccache', 'HOSTNAME': 'docker-desktop', 'LOCAL_GROUP': 'staff', 'LOCAL_USER': 'zuhalkoksal', 'SHLVL': '0', 'LD_LIBRARY_PATH': '/opt/ros/humble/opt/rviz_ogre_vendor/lib:/opt/ros/humble/lib/aarch64-linux-gnu:/opt/ros/humble/lib', 'HOME': '/root', 'OLDPWD': '/autoware', 'ROS_PYTHON_VERSION': '3', 'LOCAL_GID': '20', 'ROS_DISTRO': 'humble', '_': '/usr/bin/colcon', 'ROS_VERSION': '2', 'NVIDIA_DRIVER_CAPABILITIES': 'all', 'ROS_LOCALHOST_ONLY': '0', 'PATH': '/opt/ros/humble/bin:/usr/local/sbin:/usr/local/bin:/usr/sbin:/usr/bin:/sbin:/bin', 'XDG_RUNTIME_DIR': '', 'LANG': 'C.UTF-8', 'XAUTHORITY': '', 'AMENT_PREFIX_PATH': '/opt/ros/humble', 'LOCAL_UID': '501', 'PWD': '/workspace/modules/detection/detection_ws/build/autoware_detection_autoware_bridge', 'LC_ALL': 'C.UTF-8', 'PYTHONPATH': '/workspace/modules/detection/detection_ws/build/autoware_detection_autoware_bridge/prefix_override:/usr/lib/python3/dist-packages/colcon_core/task/python/colcon_distutils_commands:/workspace/modules/detection/detection_ws/install/autoware_detection_autoware_bridge/lib/python3.10/site-packages:/opt/ros/humble/lib/python3.10/site-packages:/opt/ros/humble/local/lib/python3.10/dist-packages', 'TZ': '', 'COLCON': '1'}, 'shell': False}
[0.609864] (-) TimerEvent: {}
[0.714479] (autoware_detection_autoware_bridge) StdoutLine: {'line': b'running develop\n'}
[0.717124] (-) TimerEvent: {}
[0.817290] (autoware_detection_autoware_bridge) StdoutLine: {'line': b'running egg_info\n'}
[0.818813] (-) TimerEvent: {}
[0.818946] (autoware_detection_autoware_bridge) StdoutLine: {'line': b'writing autoware_detection_autoware_bridge.egg-info/PKG-INFO\n'}
[0.819526] (autoware_detection_autoware_bridge) StdoutLine: {'line': b'writing dependency_links to autoware_detection_autoware_bridge.egg-info/dependency_links.txt\n'}
[0.819991] (autoware_detection_autoware_bridge) StdoutLine: {'line': b'writing entry points to autoware_detection_autoware_bridge.egg-info/entry_points.txt\n'}
[0.820556] (autoware_detection_autoware_bridge) StdoutLine: {'line': b'writing requirements to autoware_detection_autoware_bridge.egg-info/requires.txt\n'}
[0.820987] (autoware_detection_autoware_bridge) StdoutLine: {'line': b'writing top-level names to autoware_detection_autoware_bridge.egg-info/top_level.txt\n'}
[0.823818] (autoware_detection_autoware_bridge) StdoutLine: {'line': b"reading manifest file 'autoware_detection_autoware_bridge.egg-info/SOURCES.txt'\n"}
[0.825522] (autoware_detection_autoware_bridge) StdoutLine: {'line': b"writing manifest file 'autoware_detection_autoware_bridge.egg-info/SOURCES.txt'\n"}
[0.826800] (autoware_detection_autoware_bridge) StdoutLine: {'line': b'running build_ext\n'}
[0.827166] (autoware_detection_autoware_bridge) StdoutLine: {'line': b'Creating /workspace/modules/detection/detection_ws/install/autoware_detection_autoware_bridge/lib/python3.10/site-packages/autoware-detection-autoware-bridge.egg-link (link to .)\n'}
[0.828296] (autoware_detection_autoware_bridge) StdoutLine: {'line': b'Installing detection_autoware_bridge_node script to /workspace/modules/detection/detection_ws/install/autoware_detection_autoware_bridge/lib/autoware_detection_autoware_bridge\n'}
[0.829476] (autoware_detection_autoware_bridge) StdoutLine: {'line': b'\n'}
[0.829872] (autoware_detection_autoware_bridge) StdoutLine: {'line': b'Installed /workspace/modules/detection/detection_ws/build/autoware_detection_autoware_bridge\n'}
[0.830399] (autoware_detection_autoware_bridge) StdoutLine: {'line': b'running symlink_data\n'}
[0.851886] (autoware_detection_autoware_bridge) CommandEnded: {'returncode': 0}
[0.873455] (autoware_detection_autoware_bridge) JobEnded: {'identifier': 'autoware_detection_autoware_bridge', 'rc': 0}
[0.874602] (-) EventReactorShutdown: {}
