[0.147s] DEBUG:colcon:Command line arguments: ['/usr/bin/colcon', 'build', '--symlink-install', '--packages-select', 'autoware_detection_autoware_bridge', '--cmake-args', '-DCMAKE_BUILD_TYPE=Release']
[0.147s] DEBUG:colcon:Parsed command line arguments: Namespace(log_base=None, log_level=None, verb_name='build', build_base='build', install_base='install', merge_install=False, symlink_install=True, test_result_base=None, continue_on_error=False, executor='parallel', parallel_workers=8, event_handlers=None, ignore_user_meta=False, metas=['./colcon.meta'], base_paths=['.'], packages_ignore=None, packages_ignore_regex=None, paths=None, packages_up_to=None, packages_up_to_regex=None, packages_above=None, packages_above_and_dependencies=None, packages_above_depth=None, packages_select_by_dep=None, packages_skip_by_dep=None, packages_skip_up_to=None, packages_select_build_failed=False, packages_skip_build_finished=False, packages_select_test_failures=False, packages_skip_test_passed=False, packages_select=['autoware_detection_autoware_bridge'], packages_skip=None, packages_select_regex=None, packages_skip_regex=None, packages_start=None, packages_end=None, cmake_args=['-DCMAKE_BUILD_TYPE=Release'], cmake_target=None, cmake_target_skip_unavailable=False, cmake_clean_cache=False, cmake_clean_first=False, cmake_force_configure=False, ament_cmake_args=None, catkin_cmake_args=None, catkin_skip_building_tests=False, mixin_files=None, mixin=None, verb_parser=<colcon_mixin.mixin.mixin_argument.MixinArgumentDecorator object at 0xffffa79b05b0>, verb_extension=<colcon_core.verb.build.BuildVerb object at 0xffffa7ae9510>, main=<bound method BuildVerb.main of <colcon_core.verb.build.BuildVerb object at 0xffffa7ae9510>>, mixin_verb=('build',))
[0.279s] Level 1:colcon.colcon_core.package_discovery:discover_packages(colcon_meta) check parameters
[0.280s] INFO:colcon.colcon_metadata.package_discovery.colcon_meta:Using configuration from '/root/.colcon/metadata/default/Gazebo.meta'
[0.281s] INFO:colcon.colcon_metadata.package_discovery.colcon_meta:Using configuration from '/root/.colcon/metadata/default/fastdds.meta'
[0.281s] INFO:colcon.colcon_metadata.package_discovery.colcon_meta:Using configuration from '/root/.colcon/metadata/default/fastrtps.meta'
[0.281s] Level 1:colcon.colcon_core.package_discovery:discover_packages(recursive) check parameters
[0.281s] Level 1:colcon.colcon_core.package_discovery:discover_packages(ignore) check parameters
[0.281s] Level 1:colcon.colcon_core.package_discovery:discover_packages(path) check parameters
[0.281s] Level 1:colcon.colcon_core.package_discovery:discover_packages(colcon_meta) discover
[0.281s] Level 1:colcon.colcon_core.package_discovery:discover_packages(recursive) discover
[0.281s] INFO:colcon.colcon_core.package_discovery:Crawling recursively for packages in '/workspace/modules/detection/detection_ws'
[0.282s] Level 1:colcon.colcon_core.package_identification:_identify(.) by extensions ['ignore', 'ignore_ament_install']
[0.282s] Level 1:colcon.colcon_core.package_identification:_identify(.) by extension 'ignore'
[0.282s] Level 1:colcon.colcon_core.package_identification:_identify(.) by extension 'ignore_ament_install'
[0.282s] Level 1:colcon.colcon_core.package_identification:_identify(.) by extensions ['colcon_pkg']
[0.282s] Level 1:colcon.colcon_core.package_identification:_identify(.) by extension 'colcon_pkg'
[0.282s] Level 1:colcon.colcon_core.package_identification:_identify(.) by extensions ['colcon_meta']
[0.282s] Level 1:colcon.colcon_core.package_identification:_identify(.) by extension 'colcon_meta'
[0.283s] Level 1:colcon.colcon_core.package_identification:_identify(.) by extensions ['ros']
[0.283s] Level 1:colcon.colcon_core.package_identification:_identify(.) by extension 'ros'
[0.296s] Level 1:colcon.colcon_core.package_identification:_identify(.) by extensions ['cmake', 'python']
[0.296s] Level 1:colcon.colcon_core.package_identification:_identify(.) by extension 'cmake'
[0.297s] Level 1:colcon.colcon_core.package_identification:_identify(.) by extension 'python'
[0.297s] Level 1:colcon.colcon_core.package_identification:_identify(.) by extensions ['python_setup_py']
[0.297s] Level 1:colcon.colcon_core.package_identification:_identify(.) by extension 'python_setup_py'
[0.297s] Level 1:colcon.colcon_core.package_identification:_identify(build) by extensions ['ignore', 'ignore_ament_install']
[0.297s] Level 1:colcon.colcon_core.package_identification:_identify(build) by extension 'ignore'
[0.297s] Level 1:colcon.colcon_core.package_identification:_identify(build) ignored
[0.298s] Level 1:colcon.colcon_core.package_identification:_identify(install) by extensions ['ignore', 'ignore_ament_install']
[0.298s] Level 1:colcon.colcon_core.package_identification:_identify(install) by extension 'ignore'
[0.298s] Level 1:colcon.colcon_core.package_identification:_identify(install) ignored
[0.298s] Level 1:colcon.colcon_core.package_identification:_identify(log) by extensions ['ignore', 'ignore_ament_install']
[0.298s] Level 1:colcon.colcon_core.package_identification:_identify(log) by extension 'ignore'
[0.299s] Level 1:colcon.colcon_core.package_identification:_identify(log) ignored
[0.299s] Level 1:colcon.colcon_core.package_identification:_identify(src) by extensions ['ignore', 'ignore_ament_install']
[0.299s] Level 1:colcon.colcon_core.package_identification:_identify(src) by extension 'ignore'
[0.299s] Level 1:colcon.colcon_core.package_identification:_identify(src) by extension 'ignore_ament_install'
[0.299s] Level 1:colcon.colcon_core.package_identification:_identify(src) by extensions ['colcon_pkg']
[0.299s] Level 1:colcon.colcon_core.package_identification:_identify(src) by extension 'colcon_pkg'
[0.299s] Level 1:colcon.colcon_core.package_identification:_identify(src) by extensions ['colcon_meta']
[0.299s] Level 1:colcon.colcon_core.package_identification:_identify(src) by extension 'colcon_meta'
[0.300s] Level 1:colcon.colcon_core.package_identification:_identify(src) by extensions ['ros']
[0.300s] Level 1:colcon.colcon_core.package_identification:_identify(src) by extension 'ros'
[0.300s] Level 1:colcon.colcon_core.package_identification:_identify(src) by extensions ['cmake', 'python']
[0.300s] Level 1:colcon.colcon_core.package_identification:_identify(src) by extension 'cmake'
[0.300s] Level 1:colcon.colcon_core.package_identification:_identify(src) by extension 'python'
[0.300s] Level 1:colcon.colcon_core.package_identification:_identify(src) by extensions ['python_setup_py']
[0.300s] Level 1:colcon.colcon_core.package_identification:_identify(src) by extension 'python_setup_py'
[0.301s] Level 1:colcon.colcon_core.package_identification:_identify(src/autoware_bytetrack) by extensions ['ignore', 'ignore_ament_install']
[0.301s] Level 1:colcon.colcon_core.package_identification:_identify(src/autoware_bytetrack) by extension 'ignore'
[0.301s] Level 1:colcon.colcon_core.package_identification:_identify(src/autoware_bytetrack) by extension 'ignore_ament_install'
[0.301s] Level 1:colcon.colcon_core.package_identification:_identify(src/autoware_bytetrack) by extensions ['colcon_pkg']
[0.301s] Level 1:colcon.colcon_core.package_identification:_identify(src/autoware_bytetrack) by extension 'colcon_pkg'
[0.301s] Level 1:colcon.colcon_core.package_identification:_identify(src/autoware_bytetrack) by extensions ['colcon_meta']
[0.301s] Level 1:colcon.colcon_core.package_identification:_identify(src/autoware_bytetrack) by extension 'colcon_meta'
[0.301s] Level 1:colcon.colcon_core.package_identification:_identify(src/autoware_bytetrack) by extensions ['ros']
[0.301s] Level 1:colcon.colcon_core.package_identification:_identify(src/autoware_bytetrack) by extension 'ros'
[0.304s] DEBUG:colcon.colcon_core.package_identification:Package 'src/autoware_bytetrack' with type 'ros.ament_python' and name 'autoware_bytetrack'
[0.304s] Level 1:colcon.colcon_core.package_identification:_identify(src/autoware_detection_autoware_bridge) by extensions ['ignore', 'ignore_ament_install']
[0.304s] Level 1:colcon.colcon_core.package_identification:_identify(src/autoware_detection_autoware_bridge) by extension 'ignore'
[0.304s] Level 1:colcon.colcon_core.package_identification:_identify(src/autoware_detection_autoware_bridge) by extension 'ignore_ament_install'
[0.305s] Level 1:colcon.colcon_core.package_identification:_identify(src/autoware_detection_autoware_bridge) by extensions ['colcon_pkg']
[0.305s] Level 1:colcon.colcon_core.package_identification:_identify(src/autoware_detection_autoware_bridge) by extension 'colcon_pkg'
[0.305s] Level 1:colcon.colcon_core.package_identification:_identify(src/autoware_detection_autoware_bridge) by extensions ['colcon_meta']
[0.305s] Level 1:colcon.colcon_core.package_identification:_identify(src/autoware_detection_autoware_bridge) by extension 'colcon_meta'
[0.305s] Level 1:colcon.colcon_core.package_identification:_identify(src/autoware_detection_autoware_bridge) by extensions ['ros']
[0.305s] Level 1:colcon.colcon_core.package_identification:_identify(src/autoware_detection_autoware_bridge) by extension 'ros'
[0.306s] DEBUG:colcon.colcon_core.package_identification:Package 'src/autoware_detection_autoware_bridge' with type 'ros.ament_python' and name 'autoware_detection_autoware_bridge'
[0.307s] Level 1:colcon.colcon_core.package_identification:_identify(src/autoware_tensorrt_yolox) by extensions ['ignore', 'ignore_ament_install']
[0.307s] Level 1:colcon.colcon_core.package_identification:_identify(src/autoware_tensorrt_yolox) by extension 'ignore'
[0.307s] Level 1:colcon.colcon_core.package_identification:_identify(src/autoware_tensorrt_yolox) by extension 'ignore_ament_install'
[0.307s] Level 1:colcon.colcon_core.package_identification:_identify(src/autoware_tensorrt_yolox) by extensions ['colcon_pkg']
[0.307s] Level 1:colcon.colcon_core.package_identification:_identify(src/autoware_tensorrt_yolox) by extension 'colcon_pkg'
[0.307s] Level 1:colcon.colcon_core.package_identification:_identify(src/autoware_tensorrt_yolox) by extensions ['colcon_meta']
[0.307s] Level 1:colcon.colcon_core.package_identification:_identify(src/autoware_tensorrt_yolox) by extension 'colcon_meta'
[0.307s] Level 1:colcon.colcon_core.package_identification:_identify(src/autoware_tensorrt_yolox) by extensions ['ros']
[0.307s] Level 1:colcon.colcon_core.package_identification:_identify(src/autoware_tensorrt_yolox) by extension 'ros'
[0.308s] DEBUG:colcon.colcon_core.package_identification:Package 'src/autoware_tensorrt_yolox' with type 'ros.ament_python' and name 'autoware_tensorrt_yolox'
[0.309s] Level 1:colcon.colcon_core.package_identification:_identify(src/autoware_traffic_light_classifier) by extensions ['ignore', 'ignore_ament_install']
[0.309s] Level 1:colcon.colcon_core.package_identification:_identify(src/autoware_traffic_light_classifier) by extension 'ignore'
[0.309s] Level 1:colcon.colcon_core.package_identification:_identify(src/autoware_traffic_light_classifier) by extension 'ignore_ament_install'
[0.309s] Level 1:colcon.colcon_core.package_identification:_identify(src/autoware_traffic_light_classifier) by extensions ['colcon_pkg']
[0.309s] Level 1:colcon.colcon_core.package_identification:_identify(src/autoware_traffic_light_classifier) by extension 'colcon_pkg'
[0.309s] Level 1:colcon.colcon_core.package_identification:_identify(src/autoware_traffic_light_classifier) by extensions ['colcon_meta']
[0.309s] Level 1:colcon.colcon_core.package_identification:_identify(src/autoware_traffic_light_classifier) by extension 'colcon_meta'
[0.309s] Level 1:colcon.colcon_core.package_identification:_identify(src/autoware_traffic_light_classifier) by extensions ['ros']
[0.309s] Level 1:colcon.colcon_core.package_identification:_identify(src/autoware_traffic_light_classifier) by extension 'ros'
[0.310s] DEBUG:colcon.colcon_core.package_identification:Package 'src/autoware_traffic_light_classifier' with type 'ros.ament_python' and name 'autoware_traffic_light_classifier'
[0.311s] Level 1:colcon.colcon_core.package_identification:_identify(src/tier4_perception_launch) by extensions ['ignore', 'ignore_ament_install']
[0.311s] Level 1:colcon.colcon_core.package_identification:_identify(src/tier4_perception_launch) by extension 'ignore'
[0.311s] Level 1:colcon.colcon_core.package_identification:_identify(src/tier4_perception_launch) by extension 'ignore_ament_install'
[0.311s] Level 1:colcon.colcon_core.package_identification:_identify(src/tier4_perception_launch) by extensions ['colcon_pkg']
[0.311s] Level 1:colcon.colcon_core.package_identification:_identify(src/tier4_perception_launch) by extension 'colcon_pkg'
[0.311s] Level 1:colcon.colcon_core.package_identification:_identify(src/tier4_perception_launch) by extensions ['colcon_meta']
[0.311s] Level 1:colcon.colcon_core.package_identification:_identify(src/tier4_perception_launch) by extension 'colcon_meta'
[0.311s] Level 1:colcon.colcon_core.package_identification:_identify(src/tier4_perception_launch) by extensions ['ros']
[0.311s] Level 1:colcon.colcon_core.package_identification:_identify(src/tier4_perception_launch) by extension 'ros'
[0.312s] DEBUG:colcon.colcon_core.package_identification:Package 'src/tier4_perception_launch' with type 'ros.ament_cmake' and name 'tier4_perception_launch'
[0.312s] Level 1:colcon.colcon_core.package_discovery:discover_packages(recursive) using defaults
[0.312s] Level 1:colcon.colcon_core.package_discovery:discover_packages(ignore) discover
[0.312s] Level 1:colcon.colcon_core.package_discovery:discover_packages(ignore) using defaults
[0.312s] Level 1:colcon.colcon_core.package_discovery:discover_packages(path) discover
[0.312s] Level 1:colcon.colcon_core.package_discovery:discover_packages(path) using defaults
[0.335s] INFO:colcon.colcon_core.package_selection:Skipping not selected package 'autoware_bytetrack' in 'src/autoware_bytetrack'
[0.336s] INFO:colcon.colcon_core.package_selection:Skipping not selected package 'autoware_tensorrt_yolox' in 'src/autoware_tensorrt_yolox'
[0.336s] INFO:colcon.colcon_core.package_selection:Skipping not selected package 'autoware_traffic_light_classifier' in 'src/autoware_traffic_light_classifier'
[0.336s] INFO:colcon.colcon_core.package_selection:Skipping not selected package 'tier4_perception_launch' in 'src/tier4_perception_launch'
[0.336s] Level 5:colcon.colcon_core.verb:set package 'autoware_detection_autoware_bridge' build argument 'cmake_args' from command line to '['-DCMAKE_BUILD_TYPE=Release']'
[0.336s] Level 5:colcon.colcon_core.verb:set package 'autoware_detection_autoware_bridge' build argument 'cmake_target' from command line to 'None'
[0.336s] Level 5:colcon.colcon_core.verb:set package 'autoware_detection_autoware_bridge' build argument 'cmake_target_skip_unavailable' from command line to 'False'
[0.336s] Level 5:colcon.colcon_core.verb:set package 'autoware_detection_autoware_bridge' build argument 'cmake_clean_cache' from command line to 'False'
[0.336s] Level 5:colcon.colcon_core.verb:set package 'autoware_detection_autoware_bridge' build argument 'cmake_clean_first' from command line to 'False'
[0.336s] Level 5:colcon.colcon_core.verb:set package 'autoware_detection_autoware_bridge' build argument 'cmake_force_configure' from command line to 'False'
[0.336s] Level 5:colcon.colcon_core.verb:set package 'autoware_detection_autoware_bridge' build argument 'ament_cmake_args' from command line to 'None'
[0.336s] Level 5:colcon.colcon_core.verb:set package 'autoware_detection_autoware_bridge' build argument 'catkin_cmake_args' from command line to 'None'
[0.336s] Level 5:colcon.colcon_core.verb:set package 'autoware_detection_autoware_bridge' build argument 'catkin_skip_building_tests' from command line to 'False'
[0.336s] DEBUG:colcon.colcon_core.verb:Building package 'autoware_detection_autoware_bridge' with the following arguments: {'ament_cmake_args': None, 'build_base': '/workspace/modules/detection/detection_ws/build/autoware_detection_autoware_bridge', 'catkin_cmake_args': None, 'catkin_skip_building_tests': False, 'cmake_args': ['-DCMAKE_BUILD_TYPE=Release'], 'cmake_clean_cache': False, 'cmake_clean_first': False, 'cmake_force_configure': False, 'cmake_target': None, 'cmake_target_skip_unavailable': False, 'install_base': '/workspace/modules/detection/detection_ws/install/autoware_detection_autoware_bridge', 'merge_install': False, 'path': '/workspace/modules/detection/detection_ws/src/autoware_detection_autoware_bridge', 'symlink_install': True, 'test_result_base': None}
[0.337s] INFO:colcon.colcon_core.executor:Executing jobs using 'parallel' executor
[0.337s] DEBUG:colcon.colcon_parallel_executor.executor.parallel:run_until_complete
[0.337s] INFO:colcon.colcon_ros.task.ament_python.build:Building ROS package in '/workspace/modules/detection/detection_ws/src/autoware_detection_autoware_bridge' with build type 'ament_python'
[0.338s] Level 1:colcon.colcon_core.shell:create_environment_hook('autoware_detection_autoware_bridge', 'ament_prefix_path')
[0.348s] INFO:colcon.colcon_core.plugin_system:Skipping extension 'colcon_core.shell.bat': Not used on non-Windows systems
[0.348s] INFO:colcon.colcon_core.shell:Creating environment hook '/workspace/modules/detection/detection_ws/install/autoware_detection_autoware_bridge/share/autoware_detection_autoware_bridge/hook/ament_prefix_path.ps1'
[0.350s] INFO:colcon.colcon_core.shell:Creating environment descriptor '/workspace/modules/detection/detection_ws/install/autoware_detection_autoware_bridge/share/autoware_detection_autoware_bridge/hook/ament_prefix_path.dsv'
[0.351s] INFO:colcon.colcon_core.shell:Creating environment hook '/workspace/modules/detection/detection_ws/install/autoware_detection_autoware_bridge/share/autoware_detection_autoware_bridge/hook/ament_prefix_path.sh'
[0.352s] INFO:colcon.colcon_core.shell:Skip shell extension 'powershell' for command environment: Not usable outside of PowerShell
[0.353s] DEBUG:colcon.colcon_core.shell:Skip shell extension 'dsv' for command environment
[0.538s] INFO:colcon.colcon_core.task.python.build:Building Python package in '/workspace/modules/detection/detection_ws/src/autoware_detection_autoware_bridge'
[0.538s] INFO:colcon.colcon_core.shell:Skip shell extension 'powershell' for command environment: Not usable outside of PowerShell
[0.538s] DEBUG:colcon.colcon_core.shell:Skip shell extension 'dsv' for command environment
[0.874s] DEBUG:colcon.colcon_core.event_handler.log_command:Invoking command in '/workspace/modules/detection/detection_ws/build/autoware_detection_autoware_bridge': PYTHONPATH=/workspace/modules/detection/detection_ws/build/autoware_detection_autoware_bridge/prefix_override:/usr/lib/python3/dist-packages/colcon_core/task/python/colcon_distutils_commands:/workspace/modules/detection/detection_ws/install/autoware_detection_autoware_bridge/lib/python3.10/site-packages:${PYTHONPATH} /usr/bin/python3 -W ignore:setup.py install is deprecated -W ignore:easy_install command is deprecated setup.py develop --editable --build-directory /workspace/modules/detection/detection_ws/build/autoware_detection_autoware_bridge/build --no-deps symlink_data
[1.190s] Level 1:colcon.colcon_core.shell:create_environment_hook('autoware_detection_autoware_bridge', 'pythonpath_develop')
[1.190s] INFO:colcon.colcon_core.shell:Creating environment hook '/workspace/modules/detection/detection_ws/build/autoware_detection_autoware_bridge/share/autoware_detection_autoware_bridge/hook/pythonpath_develop.ps1'
[1.191s] DEBUG:colcon.colcon_core.event_handler.log_command:Invoked command in '/workspace/modules/detection/detection_ws/build/autoware_detection_autoware_bridge' returned '0': PYTHONPATH=/workspace/modules/detection/detection_ws/build/autoware_detection_autoware_bridge/prefix_override:/usr/lib/python3/dist-packages/colcon_core/task/python/colcon_distutils_commands:/workspace/modules/detection/detection_ws/install/autoware_detection_autoware_bridge/lib/python3.10/site-packages:${PYTHONPATH} /usr/bin/python3 -W ignore:setup.py install is deprecated -W ignore:easy_install command is deprecated setup.py develop --editable --build-directory /workspace/modules/detection/detection_ws/build/autoware_detection_autoware_bridge/build --no-deps symlink_data
[1.192s] INFO:colcon.colcon_core.shell:Creating environment descriptor '/workspace/modules/detection/detection_ws/build/autoware_detection_autoware_bridge/share/autoware_detection_autoware_bridge/hook/pythonpath_develop.dsv'
[1.192s] INFO:colcon.colcon_core.shell:Creating environment hook '/workspace/modules/detection/detection_ws/build/autoware_detection_autoware_bridge/share/autoware_detection_autoware_bridge/hook/pythonpath_develop.sh'
[1.197s] Level 1:colcon.colcon_core.environment:checking '/workspace/modules/detection/detection_ws/install/autoware_detection_autoware_bridge' for CMake module files
[1.199s] Level 1:colcon.colcon_core.environment:checking '/workspace/modules/detection/detection_ws/install/autoware_detection_autoware_bridge' for CMake config files
[1.202s] Level 1:colcon.colcon_core.environment:checking '/workspace/modules/detection/detection_ws/install/autoware_detection_autoware_bridge/lib'
[1.202s] Level 1:colcon.colcon_core.environment:checking '/workspace/modules/detection/detection_ws/install/autoware_detection_autoware_bridge/bin'
[1.203s] Level 1:colcon.colcon_core.environment:checking '/workspace/modules/detection/detection_ws/install/autoware_detection_autoware_bridge/lib/pkgconfig/autoware_detection_autoware_bridge.pc'
[1.203s] Level 1:colcon.colcon_core.environment:checking '/workspace/modules/detection/detection_ws/install/autoware_detection_autoware_bridge/lib/python3.10/site-packages'
[1.203s] Level 1:colcon.colcon_core.shell:create_environment_hook('autoware_detection_autoware_bridge', 'pythonpath')
[1.203s] INFO:colcon.colcon_core.shell:Creating environment hook '/workspace/modules/detection/detection_ws/install/autoware_detection_autoware_bridge/share/autoware_detection_autoware_bridge/hook/pythonpath.ps1'
[1.204s] INFO:colcon.colcon_core.shell:Creating environment descriptor '/workspace/modules/detection/detection_ws/install/autoware_detection_autoware_bridge/share/autoware_detection_autoware_bridge/hook/pythonpath.dsv'
[1.204s] INFO:colcon.colcon_core.shell:Creating environment hook '/workspace/modules/detection/detection_ws/install/autoware_detection_autoware_bridge/share/autoware_detection_autoware_bridge/hook/pythonpath.sh'
[1.205s] Level 1:colcon.colcon_core.environment:checking '/workspace/modules/detection/detection_ws/install/autoware_detection_autoware_bridge/bin'
[1.205s] Level 1:colcon.colcon_core.environment:create_environment_scripts_only(autoware_detection_autoware_bridge)
[1.206s] INFO:colcon.colcon_core.shell:Creating package script '/workspace/modules/detection/detection_ws/install/autoware_detection_autoware_bridge/share/autoware_detection_autoware_bridge/package.ps1'
[1.207s] INFO:colcon.colcon_core.shell:Creating package descriptor '/workspace/modules/detection/detection_ws/install/autoware_detection_autoware_bridge/share/autoware_detection_autoware_bridge/package.dsv'
[1.208s] INFO:colcon.colcon_core.shell:Creating package script '/workspace/modules/detection/detection_ws/install/autoware_detection_autoware_bridge/share/autoware_detection_autoware_bridge/package.sh'
[1.209s] INFO:colcon.colcon_core.shell:Creating package script '/workspace/modules/detection/detection_ws/install/autoware_detection_autoware_bridge/share/autoware_detection_autoware_bridge/package.bash'
[1.210s] INFO:colcon.colcon_core.shell:Creating package script '/workspace/modules/detection/detection_ws/install/autoware_detection_autoware_bridge/share/autoware_detection_autoware_bridge/package.zsh'
[1.211s] Level 1:colcon.colcon_core.environment:create_file_with_runtime_dependencies(/workspace/modules/detection/detection_ws/install/autoware_detection_autoware_bridge/share/colcon-core/packages/autoware_detection_autoware_bridge)
[1.211s] DEBUG:colcon.colcon_parallel_executor.executor.parallel:closing loop
[1.211s] DEBUG:colcon.colcon_parallel_executor.executor.parallel:loop closed
[1.211s] DEBUG:colcon.colcon_parallel_executor.executor.parallel:run_until_complete finished with '0'
[1.212s] DEBUG:colcon.colcon_core.event_reactor:joining thread
[1.224s] INFO:colcon.colcon_core.plugin_system:Skipping extension 'colcon_notification.desktop_notification.notify_send': Could not find 'notify-send'
[1.224s] INFO:colcon.colcon_core.plugin_system:Skipping extension 'colcon_notification.desktop_notification.terminal_notifier': Not used on non-Darwin systems
[1.224s] INFO:colcon.colcon_core.plugin_system:Skipping extension 'colcon_notification.desktop_notification.win32': Not used on non-Windows systems
[1.224s] INFO:colcon.colcon_notification.desktop_notification:Sending desktop notification using 'notify2'
[1.225s] DEBUG:colcon.colcon_notification.desktop_notification.notify2:Failed to initialize notify2: org.freedesktop.DBus.Error.NotSupported: Unable to autolaunch a dbus-daemon without a $DISPLAY for X11
[1.225s] DEBUG:colcon.colcon_core.event_reactor:joined thread
[1.225s] INFO:colcon.colcon_core.shell:Creating prefix script '/workspace/modules/detection/detection_ws/install/local_setup.ps1'
[1.226s] INFO:colcon.colcon_core.shell:Creating prefix util module '/workspace/modules/detection/detection_ws/install/_local_setup_util_ps1.py'
[1.228s] INFO:colcon.colcon_core.shell:Creating prefix chain script '/workspace/modules/detection/detection_ws/install/setup.ps1'
[1.229s] INFO:colcon.colcon_core.shell:Creating prefix script '/workspace/modules/detection/detection_ws/install/local_setup.sh'
[1.230s] INFO:colcon.colcon_core.shell:Creating prefix util module '/workspace/modules/detection/detection_ws/install/_local_setup_util_sh.py'
[1.231s] INFO:colcon.colcon_core.shell:Creating prefix chain script '/workspace/modules/detection/detection_ws/install/setup.sh'
[1.232s] INFO:colcon.colcon_core.shell:Creating prefix script '/workspace/modules/detection/detection_ws/install/local_setup.bash'
[1.233s] INFO:colcon.colcon_core.shell:Creating prefix chain script '/workspace/modules/detection/detection_ws/install/setup.bash'
[1.233s] INFO:colcon.colcon_core.shell:Creating prefix script '/workspace/modules/detection/detection_ws/install/local_setup.zsh'
[1.234s] INFO:colcon.colcon_core.shell:Creating prefix chain script '/workspace/modules/detection/detection_ws/install/setup.zsh'
