[1.071s] Invoking command in '/workspace/modules/detection/detection_ws/build/autoware_detection_autoware_bridge': PYTHONPATH=/workspace/modules/detection/detection_ws/build/autoware_detection_autoware_bridge/prefix_override:/usr/lib/python3/dist-packages/colcon_core/task/python/colcon_distutils_commands:/workspace/modules/detection/detection_ws/install/autoware_detection_autoware_bridge/lib/python3.10/site-packages:${PYTHONPATH} /usr/bin/python3 -W ignore:setup.py install is deprecated -W ignore:easy_install command is deprecated setup.py develop --editable --build-directory /workspace/modules/detection/detection_ws/build/autoware_detection_autoware_bridge/build --no-deps symlink_data
[1.420s] running develop
[1.569s] running egg_info
[1.574s] creating autoware_detection_autoware_bridge.egg-info
[1.576s] writing autoware_detection_autoware_bridge.egg-info/PKG-INFO
[1.580s] writing dependency_links to autoware_detection_autoware_bridge.egg-info/dependency_links.txt
[1.587s] writing entry points to autoware_detection_autoware_bridge.egg-info/entry_points.txt
[1.588s] writing requirements to autoware_detection_autoware_bridge.egg-info/requires.txt
[1.589s] writing top-level names to autoware_detection_autoware_bridge.egg-info/top_level.txt
[1.594s] writing manifest file 'autoware_detection_autoware_bridge.egg-info/SOURCES.txt'
[1.597s] reading manifest file 'autoware_detection_autoware_bridge.egg-info/SOURCES.txt'
[1.601s] writing manifest file 'autoware_detection_autoware_bridge.egg-info/SOURCES.txt'
[1.603s] running build_ext
[1.605s] Creating /workspace/modules/detection/detection_ws/install/autoware_detection_autoware_bridge/lib/python3.10/site-packages/autoware-detection-autoware-bridge.egg-link (link to .)
[1.608s] Installing detection_autoware_bridge_node script to /workspace/modules/detection/detection_ws/install/autoware_detection_autoware_bridge/lib/autoware_detection_autoware_bridge
[1.614s] 
[1.615s] Installed /workspace/modules/detection/detection_ws/build/autoware_detection_autoware_bridge
[1.616s] running symlink_data
[1.617s] creating /workspace/modules/detection/detection_ws/install/autoware_detection_autoware_bridge/share/ament_index
[1.621s] creating /workspace/modules/detection/detection_ws/install/autoware_detection_autoware_bridge/share/ament_index/resource_index
[1.624s] creating /workspace/modules/detection/detection_ws/install/autoware_detection_autoware_bridge/share/ament_index/resource_index/packages
[1.627s] symbolically linking /workspace/modules/detection/detection_ws/build/autoware_detection_autoware_bridge/resource/autoware_detection_autoware_bridge -> /workspace/modules/detection/detection_ws/install/autoware_detection_autoware_bridge/share/ament_index/resource_index/packages
[1.629s] symbolically linking /workspace/modules/detection/detection_ws/build/autoware_detection_autoware_bridge/package.xml -> /workspace/modules/detection/detection_ws/install/autoware_detection_autoware_bridge/share/autoware_detection_autoware_bridge
[1.631s] creating /workspace/modules/detection/detection_ws/install/autoware_detection_autoware_bridge/share/autoware_detection_autoware_bridge/launch
[1.634s] symbolically linking /workspace/modules/detection/detection_ws/build/autoware_detection_autoware_bridge/launch/detection_autoware_bridge.launch.xml -> /workspace/modules/detection/detection_ws/install/autoware_detection_autoware_bridge/share/autoware_detection_autoware_bridge/launch
[1.664s] Invoked command in '/workspace/modules/detection/detection_ws/build/autoware_detection_autoware_bridge' returned '0': PYTHONPATH=/workspace/modules/detection/detection_ws/build/autoware_detection_autoware_bridge/prefix_override:/usr/lib/python3/dist-packages/colcon_core/task/python/colcon_distutils_commands:/workspace/modules/detection/detection_ws/install/autoware_detection_autoware_bridge/lib/python3.10/site-packages:${PYTHONPATH} /usr/bin/python3 -W ignore:setup.py install is deprecated -W ignore:easy_install command is deprecated setup.py develop --editable --build-directory /workspace/modules/detection/detection_ws/build/autoware_detection_autoware_bridge/build --no-deps symlink_data
