[0.060s] DEBUG:colcon:Command line arguments: ['/usr/bin/colcon', 'build', '--packages-select', 'my_vehicle_interface', '--symlink-install']
[0.060s] DEBUG:colcon:Parsed command line arguments: Namespace(log_base=None, log_level=None, verb_name='build', build_base='build', install_base='install', merge_install=False, symlink_install=True, test_result_base=None, continue_on_error=False, executor='parallel', parallel_workers=8, event_handlers=None, ignore_user_meta=False, metas=['./colcon.meta'], base_paths=['.'], packages_ignore=None, packages_ignore_regex=None, paths=None, packages_up_to=None, packages_up_to_regex=None, packages_above=None, packages_above_and_dependencies=None, packages_above_depth=None, packages_select_by_dep=None, packages_skip_by_dep=None, packages_skip_up_to=None, packages_select_build_failed=False, packages_skip_build_finished=False, packages_select_test_failures=False, packages_skip_test_passed=False, packages_select=['my_vehicle_interface'], packages_skip=None, packages_select_regex=None, packages_skip_regex=None, packages_start=None, packages_end=None, cmake_args=None, cmake_target=None, cmake_target_skip_unavailable=False, cmake_clean_cache=False, cmake_clean_first=False, cmake_force_configure=False, ament_cmake_args=None, catkin_cmake_args=None, catkin_skip_building_tests=False, mixin_files=None, mixin=None, verb_parser=<colcon_mixin.mixin.mixin_argument.MixinArgumentDecorator object at 0xffff9ef88d60>, verb_extension=<colcon_core.verb.build.BuildVerb object at 0xffff9f0b1d50>, main=<bound method BuildVerb.main of <colcon_core.verb.build.BuildVerb object at 0xffff9f0b1d50>>, mixin_verb=('build',))
[0.134s] Level 1:colcon.colcon_core.package_discovery:discover_packages(colcon_meta) check parameters
[0.134s] Level 1:colcon.colcon_core.package_discovery:discover_packages(recursive) check parameters
[0.134s] Level 1:colcon.colcon_core.package_discovery:discover_packages(ignore) check parameters
[0.134s] Level 1:colcon.colcon_core.package_discovery:discover_packages(path) check parameters
[0.134s] Level 1:colcon.colcon_core.package_discovery:discover_packages(colcon_meta) discover
[0.135s] Level 1:colcon.colcon_core.package_discovery:discover_packages(recursive) discover
[0.135s] INFO:colcon.colcon_core.package_discovery:Crawling recursively for packages in '/workspace'
[0.137s] Level 1:colcon.colcon_core.package_identification:_identify(.) by extensions ['ignore', 'ignore_ament_install']
[0.137s] Level 1:colcon.colcon_core.package_identification:_identify(.) by extension 'ignore'
[0.137s] Level 1:colcon.colcon_core.package_identification:_identify(.) by extension 'ignore_ament_install'
[0.137s] Level 1:colcon.colcon_core.package_identification:_identify(.) by extensions ['colcon_pkg']
[0.137s] Level 1:colcon.colcon_core.package_identification:_identify(.) by extension 'colcon_pkg'
[0.137s] Level 1:colcon.colcon_core.package_identification:_identify(.) by extensions ['colcon_meta']
[0.137s] Level 1:colcon.colcon_core.package_identification:_identify(.) by extension 'colcon_meta'
[0.137s] Level 1:colcon.colcon_core.package_identification:_identify(.) by extensions ['ros']
[0.137s] Level 1:colcon.colcon_core.package_identification:_identify(.) by extension 'ros'
[0.143s] Level 1:colcon.colcon_core.package_identification:_identify(.) by extensions ['cmake', 'python']
[0.143s] Level 1:colcon.colcon_core.package_identification:_identify(.) by extension 'cmake'
[0.143s] Level 1:colcon.colcon_core.package_identification:_identify(.) by extension 'python'
[0.143s] Level 1:colcon.colcon_core.package_identification:_identify(.) by extensions ['python_setup_py']
[0.143s] Level 1:colcon.colcon_core.package_identification:_identify(.) by extension 'python_setup_py'
[0.144s] Level 1:colcon.colcon_core.package_identification:_identify(build) by extensions ['ignore', 'ignore_ament_install']
[0.144s] Level 1:colcon.colcon_core.package_identification:_identify(build) by extension 'ignore'
[0.144s] Level 1:colcon.colcon_core.package_identification:_identify(build) ignored
[0.144s] Level 1:colcon.colcon_core.package_identification:_identify(install) by extensions ['ignore', 'ignore_ament_install']
[0.144s] Level 1:colcon.colcon_core.package_identification:_identify(install) by extension 'ignore'
[0.145s] Level 1:colcon.colcon_core.package_identification:_identify(install) ignored
[0.145s] Level 1:colcon.colcon_core.package_identification:_identify(log) by extensions ['ignore', 'ignore_ament_install']
[0.145s] Level 1:colcon.colcon_core.package_identification:_identify(log) by extension 'ignore'
[0.145s] Level 1:colcon.colcon_core.package_identification:_identify(log) ignored
[0.145s] Level 1:colcon.colcon_core.package_identification:_identify(maps) by extensions ['ignore', 'ignore_ament_install']
[0.145s] Level 1:colcon.colcon_core.package_identification:_identify(maps) by extension 'ignore'
[0.145s] Level 1:colcon.colcon_core.package_identification:_identify(maps) by extension 'ignore_ament_install'
[0.146s] Level 1:colcon.colcon_core.package_identification:_identify(maps) by extensions ['colcon_pkg']
[0.146s] Level 1:colcon.colcon_core.package_identification:_identify(maps) by extension 'colcon_pkg'
[0.146s] Level 1:colcon.colcon_core.package_identification:_identify(maps) by extensions ['colcon_meta']
[0.146s] Level 1:colcon.colcon_core.package_identification:_identify(maps) by extension 'colcon_meta'
[0.146s] Level 1:colcon.colcon_core.package_identification:_identify(maps) by extensions ['ros']
[0.146s] Level 1:colcon.colcon_core.package_identification:_identify(maps) by extension 'ros'
[0.146s] Level 1:colcon.colcon_core.package_identification:_identify(maps) by extensions ['cmake', 'python']
[0.146s] Level 1:colcon.colcon_core.package_identification:_identify(maps) by extension 'cmake'
[0.146s] Level 1:colcon.colcon_core.package_identification:_identify(maps) by extension 'python'
[0.146s] Level 1:colcon.colcon_core.package_identification:_identify(maps) by extensions ['python_setup_py']
[0.146s] Level 1:colcon.colcon_core.package_identification:_identify(maps) by extension 'python_setup_py'
[0.146s] Level 1:colcon.colcon_core.package_identification:_identify(modules) by extensions ['ignore', 'ignore_ament_install']
[0.147s] Level 1:colcon.colcon_core.package_identification:_identify(modules) by extension 'ignore'
[0.147s] Level 1:colcon.colcon_core.package_identification:_identify(modules) by extension 'ignore_ament_install'
[0.147s] Level 1:colcon.colcon_core.package_identification:_identify(modules) by extensions ['colcon_pkg']
[0.147s] Level 1:colcon.colcon_core.package_identification:_identify(modules) by extension 'colcon_pkg'
[0.147s] Level 1:colcon.colcon_core.package_identification:_identify(modules) by extensions ['colcon_meta']
[0.147s] Level 1:colcon.colcon_core.package_identification:_identify(modules) by extension 'colcon_meta'
[0.147s] Level 1:colcon.colcon_core.package_identification:_identify(modules) by extensions ['ros']
[0.147s] Level 1:colcon.colcon_core.package_identification:_identify(modules) by extension 'ros'
[0.147s] Level 1:colcon.colcon_core.package_identification:_identify(modules) by extensions ['cmake', 'python']
[0.147s] Level 1:colcon.colcon_core.package_identification:_identify(modules) by extension 'cmake'
[0.147s] Level 1:colcon.colcon_core.package_identification:_identify(modules) by extension 'python'
[0.147s] Level 1:colcon.colcon_core.package_identification:_identify(modules) by extensions ['python_setup_py']
[0.147s] Level 1:colcon.colcon_core.package_identification:_identify(modules) by extension 'python_setup_py'
[0.147s] Level 1:colcon.colcon_core.package_identification:_identify(src) by extensions ['ignore', 'ignore_ament_install']
[0.147s] Level 1:colcon.colcon_core.package_identification:_identify(src) by extension 'ignore'
[0.148s] Level 1:colcon.colcon_core.package_identification:_identify(src) by extension 'ignore_ament_install'
[0.148s] Level 1:colcon.colcon_core.package_identification:_identify(src) by extensions ['colcon_pkg']
[0.148s] Level 1:colcon.colcon_core.package_identification:_identify(src) by extension 'colcon_pkg'
[0.148s] Level 1:colcon.colcon_core.package_identification:_identify(src) by extensions ['colcon_meta']
[0.148s] Level 1:colcon.colcon_core.package_identification:_identify(src) by extension 'colcon_meta'
[0.148s] Level 1:colcon.colcon_core.package_identification:_identify(src) by extensions ['ros']
[0.148s] Level 1:colcon.colcon_core.package_identification:_identify(src) by extension 'ros'
[0.148s] Level 1:colcon.colcon_core.package_identification:_identify(src) by extensions ['cmake', 'python']
[0.148s] Level 1:colcon.colcon_core.package_identification:_identify(src) by extension 'cmake'
[0.148s] Level 1:colcon.colcon_core.package_identification:_identify(src) by extension 'python'
[0.148s] Level 1:colcon.colcon_core.package_identification:_identify(src) by extensions ['python_setup_py']
[0.148s] Level 1:colcon.colcon_core.package_identification:_identify(src) by extension 'python_setup_py'
[0.148s] Level 1:colcon.colcon_core.package_identification:_identify(src/vehicle) by extensions ['ignore', 'ignore_ament_install']
[0.148s] Level 1:colcon.colcon_core.package_identification:_identify(src/vehicle) by extension 'ignore'
[0.149s] Level 1:colcon.colcon_core.package_identification:_identify(src/vehicle) by extension 'ignore_ament_install'
[0.149s] Level 1:colcon.colcon_core.package_identification:_identify(src/vehicle) by extensions ['colcon_pkg']
[0.149s] Level 1:colcon.colcon_core.package_identification:_identify(src/vehicle) by extension 'colcon_pkg'
[0.149s] Level 1:colcon.colcon_core.package_identification:_identify(src/vehicle) by extensions ['colcon_meta']
[0.149s] Level 1:colcon.colcon_core.package_identification:_identify(src/vehicle) by extension 'colcon_meta'
[0.149s] Level 1:colcon.colcon_core.package_identification:_identify(src/vehicle) by extensions ['ros']
[0.149s] Level 1:colcon.colcon_core.package_identification:_identify(src/vehicle) by extension 'ros'
[0.149s] Level 1:colcon.colcon_core.package_identification:_identify(src/vehicle) by extensions ['cmake', 'python']
[0.149s] Level 1:colcon.colcon_core.package_identification:_identify(src/vehicle) by extension 'cmake'
[0.149s] Level 1:colcon.colcon_core.package_identification:_identify(src/vehicle) by extension 'python'
[0.149s] Level 1:colcon.colcon_core.package_identification:_identify(src/vehicle) by extensions ['python_setup_py']
[0.149s] Level 1:colcon.colcon_core.package_identification:_identify(src/vehicle) by extension 'python_setup_py'
[0.149s] Level 1:colcon.colcon_core.package_identification:_identify(src/vehicle/external) by extensions ['ignore', 'ignore_ament_install']
[0.149s] Level 1:colcon.colcon_core.package_identification:_identify(src/vehicle/external) by extension 'ignore'
[0.150s] Level 1:colcon.colcon_core.package_identification:_identify(src/vehicle/external) by extension 'ignore_ament_install'
[0.150s] Level 1:colcon.colcon_core.package_identification:_identify(src/vehicle/external) by extensions ['colcon_pkg']
[0.150s] Level 1:colcon.colcon_core.package_identification:_identify(src/vehicle/external) by extension 'colcon_pkg'
[0.150s] Level 1:colcon.colcon_core.package_identification:_identify(src/vehicle/external) by extensions ['colcon_meta']
[0.150s] Level 1:colcon.colcon_core.package_identification:_identify(src/vehicle/external) by extension 'colcon_meta'
[0.150s] Level 1:colcon.colcon_core.package_identification:_identify(src/vehicle/external) by extensions ['ros']
[0.150s] Level 1:colcon.colcon_core.package_identification:_identify(src/vehicle/external) by extension 'ros'
[0.150s] Level 1:colcon.colcon_core.package_identification:_identify(src/vehicle/external) by extensions ['cmake', 'python']
[0.150s] Level 1:colcon.colcon_core.package_identification:_identify(src/vehicle/external) by extension 'cmake'
[0.150s] Level 1:colcon.colcon_core.package_identification:_identify(src/vehicle/external) by extension 'python'
[0.150s] Level 1:colcon.colcon_core.package_identification:_identify(src/vehicle/external) by extensions ['python_setup_py']
[0.150s] Level 1:colcon.colcon_core.package_identification:_identify(src/vehicle/external) by extension 'python_setup_py'
[0.150s] Level 1:colcon.colcon_core.package_identification:_identify(src/vehicle/external/my_vehicle_interface) by extensions ['ignore', 'ignore_ament_install']
[0.150s] Level 1:colcon.colcon_core.package_identification:_identify(src/vehicle/external/my_vehicle_interface) by extension 'ignore'
[0.150s] Level 1:colcon.colcon_core.package_identification:_identify(src/vehicle/external/my_vehicle_interface) by extension 'ignore_ament_install'
[0.151s] Level 1:colcon.colcon_core.package_identification:_identify(src/vehicle/external/my_vehicle_interface) by extensions ['colcon_pkg']
[0.151s] Level 1:colcon.colcon_core.package_identification:_identify(src/vehicle/external/my_vehicle_interface) by extension 'colcon_pkg'
[0.151s] Level 1:colcon.colcon_core.package_identification:_identify(src/vehicle/external/my_vehicle_interface) by extensions ['colcon_meta']
[0.151s] Level 1:colcon.colcon_core.package_identification:_identify(src/vehicle/external/my_vehicle_interface) by extension 'colcon_meta'
[0.151s] Level 1:colcon.colcon_core.package_identification:_identify(src/vehicle/external/my_vehicle_interface) by extensions ['ros']
[0.151s] Level 1:colcon.colcon_core.package_identification:_identify(src/vehicle/external/my_vehicle_interface) by extension 'ros'
[0.152s] DEBUG:colcon.colcon_core.package_identification:Package 'src/vehicle/external/my_vehicle_interface' with type 'ros.ament_cmake' and name 'my_vehicle_interface'
[0.153s] Level 1:colcon.colcon_core.package_identification:_identify(testing) by extensions ['ignore', 'ignore_ament_install']
[0.153s] Level 1:colcon.colcon_core.package_identification:_identify(testing) by extension 'ignore'
[0.153s] Level 1:colcon.colcon_core.package_identification:_identify(testing) by extension 'ignore_ament_install'
[0.153s] Level 1:colcon.colcon_core.package_identification:_identify(testing) by extensions ['colcon_pkg']
[0.153s] Level 1:colcon.colcon_core.package_identification:_identify(testing) by extension 'colcon_pkg'
[0.153s] Level 1:colcon.colcon_core.package_identification:_identify(testing) by extensions ['colcon_meta']
[0.153s] Level 1:colcon.colcon_core.package_identification:_identify(testing) by extension 'colcon_meta'
[0.153s] Level 1:colcon.colcon_core.package_identification:_identify(testing) by extensions ['ros']
[0.153s] Level 1:colcon.colcon_core.package_identification:_identify(testing) by extension 'ros'
[0.153s] Level 1:colcon.colcon_core.package_identification:_identify(testing) by extensions ['cmake', 'python']
[0.153s] Level 1:colcon.colcon_core.package_identification:_identify(testing) by extension 'cmake'
[0.153s] Level 1:colcon.colcon_core.package_identification:_identify(testing) by extension 'python'
[0.153s] Level 1:colcon.colcon_core.package_identification:_identify(testing) by extensions ['python_setup_py']
[0.153s] Level 1:colcon.colcon_core.package_identification:_identify(testing) by extension 'python_setup_py'
[0.153s] Level 1:colcon.colcon_core.package_discovery:discover_packages(recursive) using defaults
[0.153s] Level 1:colcon.colcon_core.package_discovery:discover_packages(ignore) discover
[0.153s] Level 1:colcon.colcon_core.package_discovery:discover_packages(ignore) using defaults
[0.154s] Level 1:colcon.colcon_core.package_discovery:discover_packages(path) discover
[0.154s] Level 1:colcon.colcon_core.package_discovery:discover_packages(path) using defaults
[0.168s] Level 5:colcon.colcon_core.verb:set package 'my_vehicle_interface' build argument 'cmake_args' from command line to 'None'
[0.168s] Level 5:colcon.colcon_core.verb:set package 'my_vehicle_interface' build argument 'cmake_target' from command line to 'None'
[0.168s] Level 5:colcon.colcon_core.verb:set package 'my_vehicle_interface' build argument 'cmake_target_skip_unavailable' from command line to 'False'
[0.168s] Level 5:colcon.colcon_core.verb:set package 'my_vehicle_interface' build argument 'cmake_clean_cache' from command line to 'False'
[0.168s] Level 5:colcon.colcon_core.verb:set package 'my_vehicle_interface' build argument 'cmake_clean_first' from command line to 'False'
[0.168s] Level 5:colcon.colcon_core.verb:set package 'my_vehicle_interface' build argument 'cmake_force_configure' from command line to 'False'
[0.168s] Level 5:colcon.colcon_core.verb:set package 'my_vehicle_interface' build argument 'ament_cmake_args' from command line to 'None'
[0.168s] Level 5:colcon.colcon_core.verb:set package 'my_vehicle_interface' build argument 'catkin_cmake_args' from command line to 'None'
[0.168s] Level 5:colcon.colcon_core.verb:set package 'my_vehicle_interface' build argument 'catkin_skip_building_tests' from command line to 'False'
[0.168s] DEBUG:colcon.colcon_core.verb:Building package 'my_vehicle_interface' with the following arguments: {'ament_cmake_args': None, 'build_base': '/workspace/build/my_vehicle_interface', 'catkin_cmake_args': None, 'catkin_skip_building_tests': False, 'cmake_args': None, 'cmake_clean_cache': False, 'cmake_clean_first': False, 'cmake_force_configure': False, 'cmake_target': None, 'cmake_target_skip_unavailable': False, 'install_base': '/workspace/install/my_vehicle_interface', 'merge_install': False, 'path': '/workspace/src/vehicle/external/my_vehicle_interface', 'symlink_install': True, 'test_result_base': None}
[0.168s] INFO:colcon.colcon_core.executor:Executing jobs using 'parallel' executor
[0.169s] DEBUG:colcon.colcon_parallel_executor.executor.parallel:run_until_complete
[0.169s] INFO:colcon.colcon_ros.task.ament_cmake.build:Building ROS package in '/workspace/src/vehicle/external/my_vehicle_interface' with build type 'ament_cmake'
[0.169s] INFO:colcon.colcon_cmake.task.cmake.build:Building CMake package in '/workspace/src/vehicle/external/my_vehicle_interface'
[0.170s] INFO:colcon.colcon_core.plugin_system:Skipping extension 'colcon_core.shell.bat': Not used on non-Windows systems
[0.170s] INFO:colcon.colcon_core.shell:Skip shell extension 'powershell' for command environment: Not usable outside of PowerShell
[0.171s] DEBUG:colcon.colcon_core.shell:Skip shell extension 'dsv' for command environment
[0.184s] DEBUG:colcon.colcon_core.event_handler.log_command:Invoking command in '/workspace/build/my_vehicle_interface': CMAKE_PREFIX_PATH=${CMAKE_PREFIX_PATH}:/opt/ros/humble /usr/bin/cmake /workspace/src/vehicle/external/my_vehicle_interface -DAMENT_CMAKE_SYMLINK_INSTALL=1 -DCMAKE_INSTALL_PREFIX=/workspace/install/my_vehicle_interface
[0.608s] DEBUG:colcon.colcon_core.event_handler.log_command:Invoked command in '/workspace/build/my_vehicle_interface' returned '0': CMAKE_PREFIX_PATH=${CMAKE_PREFIX_PATH}:/opt/ros/humble /usr/bin/cmake /workspace/src/vehicle/external/my_vehicle_interface -DAMENT_CMAKE_SYMLINK_INSTALL=1 -DCMAKE_INSTALL_PREFIX=/workspace/install/my_vehicle_interface
[0.609s] DEBUG:colcon.colcon_core.event_handler.log_command:Invoking command in '/workspace/build/my_vehicle_interface': CMAKE_PREFIX_PATH=${CMAKE_PREFIX_PATH}:/opt/ros/humble /usr/bin/cmake --build /workspace/build/my_vehicle_interface -- -j8 -l8
[12.890s] DEBUG:colcon.colcon_core.event_handler.log_command:Invoked command in '/workspace/build/my_vehicle_interface' returned '0': CMAKE_PREFIX_PATH=${CMAKE_PREFIX_PATH}:/opt/ros/humble /usr/bin/cmake --build /workspace/build/my_vehicle_interface -- -j8 -l8
[12.898s] DEBUG:colcon.colcon_core.event_handler.log_command:Invoking command in '/workspace/build/my_vehicle_interface': CMAKE_PREFIX_PATH=${CMAKE_PREFIX_PATH}:/opt/ros/humble /usr/bin/cmake --install /workspace/build/my_vehicle_interface
[13.004s] Level 1:colcon.colcon_core.environment:create_environment_scripts_only(my_vehicle_interface)
[13.006s] Level 1:colcon.colcon_core.environment:checking '/workspace/install/my_vehicle_interface' for CMake module files
[13.007s] DEBUG:colcon.colcon_core.event_handler.log_command:Invoked command in '/workspace/build/my_vehicle_interface' returned '0': CMAKE_PREFIX_PATH=${CMAKE_PREFIX_PATH}:/opt/ros/humble /usr/bin/cmake --install /workspace/build/my_vehicle_interface
[13.008s] Level 1:colcon.colcon_core.environment:checking '/workspace/install/my_vehicle_interface' for CMake config files
[13.010s] Level 1:colcon.colcon_core.shell:create_environment_hook('my_vehicle_interface', 'cmake_prefix_path')
[13.011s] INFO:colcon.colcon_core.shell:Creating environment hook '/workspace/install/my_vehicle_interface/share/my_vehicle_interface/hook/cmake_prefix_path.ps1'
[13.012s] INFO:colcon.colcon_core.shell:Creating environment descriptor '/workspace/install/my_vehicle_interface/share/my_vehicle_interface/hook/cmake_prefix_path.dsv'
[13.012s] INFO:colcon.colcon_core.shell:Creating environment hook '/workspace/install/my_vehicle_interface/share/my_vehicle_interface/hook/cmake_prefix_path.sh'
[13.014s] Level 1:colcon.colcon_core.environment:checking '/workspace/install/my_vehicle_interface/lib'
[13.014s] Level 1:colcon.colcon_core.shell:create_environment_hook('my_vehicle_interface', 'ld_library_path_lib')
[13.014s] INFO:colcon.colcon_core.shell:Creating environment hook '/workspace/install/my_vehicle_interface/share/my_vehicle_interface/hook/ld_library_path_lib.ps1'
[13.015s] INFO:colcon.colcon_core.shell:Creating environment descriptor '/workspace/install/my_vehicle_interface/share/my_vehicle_interface/hook/ld_library_path_lib.dsv'
[13.015s] INFO:colcon.colcon_core.shell:Creating environment hook '/workspace/install/my_vehicle_interface/share/my_vehicle_interface/hook/ld_library_path_lib.sh'
[13.015s] Level 1:colcon.colcon_core.environment:checking '/workspace/install/my_vehicle_interface/bin'
[13.016s] Level 1:colcon.colcon_core.environment:checking '/workspace/install/my_vehicle_interface/lib/pkgconfig/my_vehicle_interface.pc'
[13.021s] Level 1:colcon.colcon_core.environment:checking '/workspace/install/my_vehicle_interface/lib/python3.10/site-packages'
[13.021s] Level 1:colcon.colcon_core.environment:checking '/workspace/install/my_vehicle_interface/bin'
[13.022s] INFO:colcon.colcon_core.shell:Creating package script '/workspace/install/my_vehicle_interface/share/my_vehicle_interface/package.ps1'
[13.022s] INFO:colcon.colcon_core.shell:Creating package descriptor '/workspace/install/my_vehicle_interface/share/my_vehicle_interface/package.dsv'
[13.023s] INFO:colcon.colcon_core.shell:Creating package script '/workspace/install/my_vehicle_interface/share/my_vehicle_interface/package.sh'
[13.023s] INFO:colcon.colcon_core.shell:Creating package script '/workspace/install/my_vehicle_interface/share/my_vehicle_interface/package.bash'
[13.024s] INFO:colcon.colcon_core.shell:Creating package script '/workspace/install/my_vehicle_interface/share/my_vehicle_interface/package.zsh'
[13.024s] Level 1:colcon.colcon_core.environment:create_file_with_runtime_dependencies(/workspace/install/my_vehicle_interface/share/colcon-core/packages/my_vehicle_interface)
[13.025s] Level 1:colcon.colcon_core.environment:create_environment_scripts_only(my_vehicle_interface)
[13.026s] Level 1:colcon.colcon_core.environment:checking '/workspace/install/my_vehicle_interface' for CMake module files
[13.027s] Level 1:colcon.colcon_core.environment:checking '/workspace/install/my_vehicle_interface' for CMake config files
[13.029s] Level 1:colcon.colcon_core.shell:create_environment_hook('my_vehicle_interface', 'cmake_prefix_path')
[13.029s] INFO:colcon.colcon_core.shell:Creating environment hook '/workspace/install/my_vehicle_interface/share/my_vehicle_interface/hook/cmake_prefix_path.ps1'
[13.029s] INFO:colcon.colcon_core.shell:Creating environment descriptor '/workspace/install/my_vehicle_interface/share/my_vehicle_interface/hook/cmake_prefix_path.dsv'
[13.030s] INFO:colcon.colcon_core.shell:Creating environment hook '/workspace/install/my_vehicle_interface/share/my_vehicle_interface/hook/cmake_prefix_path.sh'
[13.030s] Level 1:colcon.colcon_core.environment:checking '/workspace/install/my_vehicle_interface/lib'
[13.030s] Level 1:colcon.colcon_core.shell:create_environment_hook('my_vehicle_interface', 'ld_library_path_lib')
[13.031s] INFO:colcon.colcon_core.shell:Creating environment hook '/workspace/install/my_vehicle_interface/share/my_vehicle_interface/hook/ld_library_path_lib.ps1'
[13.031s] INFO:colcon.colcon_core.shell:Creating environment descriptor '/workspace/install/my_vehicle_interface/share/my_vehicle_interface/hook/ld_library_path_lib.dsv'
[13.031s] INFO:colcon.colcon_core.shell:Creating environment hook '/workspace/install/my_vehicle_interface/share/my_vehicle_interface/hook/ld_library_path_lib.sh'
[13.031s] Level 1:colcon.colcon_core.environment:checking '/workspace/install/my_vehicle_interface/bin'
[13.032s] Level 1:colcon.colcon_core.environment:checking '/workspace/install/my_vehicle_interface/lib/pkgconfig/my_vehicle_interface.pc'
[13.032s] Level 1:colcon.colcon_core.environment:checking '/workspace/install/my_vehicle_interface/lib/python3.10/site-packages'
[13.032s] Level 1:colcon.colcon_core.environment:checking '/workspace/install/my_vehicle_interface/bin'
[13.032s] INFO:colcon.colcon_core.shell:Creating package script '/workspace/install/my_vehicle_interface/share/my_vehicle_interface/package.ps1'
[13.032s] INFO:colcon.colcon_core.shell:Creating package descriptor '/workspace/install/my_vehicle_interface/share/my_vehicle_interface/package.dsv'
[13.033s] INFO:colcon.colcon_core.shell:Creating package script '/workspace/install/my_vehicle_interface/share/my_vehicle_interface/package.sh'
[13.033s] INFO:colcon.colcon_core.shell:Creating package script '/workspace/install/my_vehicle_interface/share/my_vehicle_interface/package.bash'
[13.033s] INFO:colcon.colcon_core.shell:Creating package script '/workspace/install/my_vehicle_interface/share/my_vehicle_interface/package.zsh'
[13.034s] Level 1:colcon.colcon_core.environment:create_file_with_runtime_dependencies(/workspace/install/my_vehicle_interface/share/colcon-core/packages/my_vehicle_interface)
[13.034s] DEBUG:colcon.colcon_parallel_executor.executor.parallel:closing loop
[13.035s] DEBUG:colcon.colcon_parallel_executor.executor.parallel:loop closed
[13.035s] DEBUG:colcon.colcon_parallel_executor.executor.parallel:run_until_complete finished with '0'
[13.035s] DEBUG:colcon.colcon_core.event_reactor:joining thread
[13.039s] INFO:colcon.colcon_core.plugin_system:Skipping extension 'colcon_notification.desktop_notification.notify_send': Could not find 'notify-send'
[13.040s] INFO:colcon.colcon_core.plugin_system:Skipping extension 'colcon_notification.desktop_notification.terminal_notifier': Not used on non-Darwin systems
[13.040s] INFO:colcon.colcon_core.plugin_system:Skipping extension 'colcon_notification.desktop_notification.win32': Not used on non-Windows systems
[13.040s] INFO:colcon.colcon_notification.desktop_notification:Sending desktop notification using 'notify2'
[13.040s] DEBUG:colcon.colcon_notification.desktop_notification.notify2:Failed to initialize notify2: org.freedesktop.DBus.Error.NotSupported: Unable to autolaunch a dbus-daemon without a $DISPLAY for X11
[13.040s] DEBUG:colcon.colcon_core.event_reactor:joined thread
[13.040s] INFO:colcon.colcon_core.shell:Creating prefix script '/workspace/install/local_setup.ps1'
[13.041s] INFO:colcon.colcon_core.shell:Creating prefix util module '/workspace/install/_local_setup_util_ps1.py'
[13.041s] INFO:colcon.colcon_core.shell:Creating prefix chain script '/workspace/install/setup.ps1'
[13.042s] INFO:colcon.colcon_core.shell:Creating prefix script '/workspace/install/local_setup.sh'
[13.043s] INFO:colcon.colcon_core.shell:Creating prefix util module '/workspace/install/_local_setup_util_sh.py'
[13.043s] INFO:colcon.colcon_core.shell:Creating prefix chain script '/workspace/install/setup.sh'
[13.044s] INFO:colcon.colcon_core.shell:Creating prefix script '/workspace/install/local_setup.bash'
[13.044s] INFO:colcon.colcon_core.shell:Creating prefix chain script '/workspace/install/setup.bash'
[13.045s] INFO:colcon.colcon_core.shell:Creating prefix script '/workspace/install/local_setup.zsh'
[13.046s] INFO:colcon.colcon_core.shell:Creating prefix chain script '/workspace/install/setup.zsh'
